[0.021s][info][gc] Using Parallel
[0.021s][info][gc,heap,coops] Heap address: 0x0000000740000000, size: 3072 MB, Compressed Oops mode: Zero based, Oop shift amount: 3
[0.085s][info][safepoint    ] Entering safepoint region: EnableBiasedLocking
[0.085s][info][safepoint    ] Leaving safepoint region
[0.085s][info][safepoint    ] Total time for which application threads were stopped: 0.0001625 seconds, Stopping threads took: 0.0000850 seconds
[0.089s][info][safepoint    ] Application time: 0.0038857 seconds
[0.089s][info][safepoint    ] Entering safepoint region: RevokeBias
[0.089s][info][safepoint    ] Leaving safepoint region
[0.089s][info][safepoint    ] Total time for which application threads were stopped: 0.0000916 seconds, Stopping threads took: 0.0000548 seconds
[0.201s][info][safepoint    ] Application time: 0.1122606 seconds
[0.201s][info][safepoint    ] Entering safepoint region: Deoptimize
[0.201s][info][safepoint    ] Leaving safepoint region
[0.201s][info][safepoint    ] Total time for which application threads were stopped: 0.0000682 seconds, Stopping threads took: 0.0000085 seconds
[0.443s][info][safepoint    ] Application time: 0.2412568 seconds
[0.443s][info][safepoint    ] Entering safepoint region: Deoptimize
[0.443s][info][safepoint    ] Leaving safepoint region
[0.443s][info][safepoint    ] Total time for which application threads were stopped: 0.0001692 seconds, Stopping threads took: 0.0000084 seconds
[0.483s][info][safepoint    ] Application time: 0.0402674 seconds
[0.483s][info][safepoint    ] Entering safepoint region: Deoptimize
[0.483s][info][safepoint    ] Leaving safepoint region
[0.483s][info][safepoint    ] Total time for which application threads were stopped: 0.0001238 seconds, Stopping threads took: 0.0000082 seconds
[1.485s][info][safepoint    ] Application time: 1.0016718 seconds
[1.485s][info][safepoint    ] Entering safepoint region: Cleanup
[1.485s][info][safepoint    ] Leaving safepoint region
[1.485s][info][safepoint    ] Total time for which application threads were stopped: 0.0000757 seconds, Stopping threads took: 0.0000119 seconds
[1.522s][info][safepoint    ] Application time: 0.0368967 seconds
[1.522s][info][safepoint    ] Entering safepoint region: Deoptimize
[1.522s][info][safepoint    ] Leaving safepoint region
[1.522s][info][safepoint    ] Total time for which application threads were stopped: 0.0001647 seconds, Stopping threads took: 0.0000076 seconds
[1.696s][info][safepoint    ] Application time: 0.1737436 seconds
[1.696s][info][safepoint    ] Entering safepoint region: Deoptimize
[1.696s][info][safepoint    ] Leaving safepoint region
[1.696s][info][safepoint    ] Total time for which application threads were stopped: 0.0002462 seconds, Stopping threads took: 0.0000088 seconds
[1.850s][info][safepoint    ] Application time: 0.1543100 seconds
[1.850s][info][safepoint    ] Entering safepoint region: CollectForMetadataAllocation
[1.850s][info][gc,start     ] GC(0) Pause Young (Metadata GC Threshold)
[1.856s][debug][gc,phases    ] GC(0) Scavenge 5.765ms
[1.856s][debug][gc,ref       ] GC(0) Skipped phase1 of Reference Processing due to unavailable references
[1.856s][debug][gc,ref       ] GC(0) Skipped phase3 of Reference Processing due to unavailable references
[1.856s][debug][gc,phases    ] GC(0) Reference Processing 0.100ms
[1.856s][debug][gc,phases    ] GC(0) Weak Processing 0.027ms
[1.857s][debug][gc,phases    ] GC(0) Scrub String Table 0.151ms
[1.857s][debug][gc,age       ] GC(0) Desired survivor size 536870912 bytes, new threshold 7 (max threshold 15)
[1.857s][info ][gc,heap      ] GC(0) PSYoungGen: 83886K->7124K(1572864K)
[1.857s][info ][gc,heap      ] GC(0) ParOldGen: 0K->88K(6144K)
[1.857s][info ][gc,metaspace ] GC(0) Metaspace: 20659K->20659K(1069056K)
[1.857s][info ][gc           ] GC(0) Pause Young (Metadata GC Threshold) 81M->7M(1542M) 6.173ms
[1.857s][info ][gc,cpu       ] GC(0) User=0.01s Sys=0.02s Real=0.01s
[1.857s][debug][gc,phases    ] GC(1) Pre Compact 0.011ms
[1.857s][info ][gc,start     ] GC(1) Pause Full (Metadata GC Threshold)
[1.857s][info ][gc,phases,start] GC(1) Marking Phase
[1.861s][debug][gc,phases      ] GC(1) Par Mark 4.530ms
[1.861s][debug][gc,ref         ] GC(1) Skipped phase1 of Reference Processing due to unavailable references
[1.861s][debug][gc,ref         ] GC(1) Skipped phase3 of Reference Processing due to unavailable references
[1.861s][debug][gc,phases      ] GC(1) Reference Processing 0.041ms
[1.861s][debug][gc,phases      ] GC(1) Weak Processing 0.010ms
[1.862s][debug][gc,phases      ] GC(1) ClassLoaderData 0.201ms
[1.862s][debug][gc,phases      ] GC(1) ProtectionDomainCacheTable 0.002ms
[1.862s][debug][gc,phases      ] GC(1) ResolvedMethodTable 0.053ms
[1.862s][debug][gc,phases      ] GC(1) Class Unloading 0.922ms
[1.862s][debug][gc,phases      ] GC(1) Scrub String Table 0.061ms
[1.864s][debug][gc,phases      ] GC(1) Scrub Symbol Table 2.101ms
[1.865s][info ][gc,phases      ] GC(1) Marking Phase 7.774ms
[1.865s][info ][gc,phases,start] GC(1) Summary Phase
[1.865s][info ][gc,phases      ] GC(1) Summary Phase 0.006ms
[1.865s][info ][gc,phases,start] GC(1) Adjust Roots
[1.869s][info ][gc,phases      ] GC(1) Adjust Roots 4.346ms
[1.869s][info ][gc,phases,start] GC(1) Compaction Phase
[1.876s][info ][gc,phases      ] GC(1) Compaction Phase 7.272ms
[1.876s][info ][gc,phases,start] GC(1) Post Compact
[1.876s][info ][gc,phases      ] GC(1) Post Compact 0.210ms
[1.876s][info ][gc,heap        ] GC(1) PSYoungGen: 7124K->1422K(1572864K)
[1.876s][info ][gc,heap        ] GC(1) ParOldGen: 88K->5690K(6144K)
[1.876s][info ][gc,metaspace   ] GC(1) Metaspace: 20659K->20659K(1069056K)
[1.876s][info ][gc             ] GC(1) Pause Full (Metadata GC Threshold) 7M->6M(1542M) 19.726ms
[1.876s][info ][gc,cpu         ] GC(1) User=0.04s Sys=0.00s Real=0.02s
[1.877s][info ][safepoint      ] Leaving safepoint region
[1.877s][info ][safepoint      ] Total time for which application threads were stopped: 0.0261207 seconds, Stopping threads took: 0.0000086 seconds
[1.877s][info ][safepoint      ] Application time: 0.0003218 seconds
[1.877s][info ][safepoint      ] Entering safepoint region: RevokeBias
[1.877s][info ][safepoint      ] Leaving safepoint region
[1.877s][info ][safepoint      ] Total time for which application threads were stopped: 0.0001405 seconds, Stopping threads took: 0.0000646 seconds
[1.877s][info ][safepoint      ] Application time: 0.0000451 seconds
[1.877s][info ][safepoint      ] Entering safepoint region: RevokeBias
[1.877s][info ][safepoint      ] Leaving safepoint region
[1.877s][info ][safepoint      ] Total time for which application threads were stopped: 0.0000795 seconds, Stopping threads took: 0.0000440 seconds
[1.877s][info ][safepoint      ] Application time: 0.0000447 seconds
[1.877s][info ][safepoint      ] Entering safepoint region: RevokeBias
[1.877s][info ][safepoint      ] Leaving safepoint region
[1.877s][info ][safepoint      ] Total time for which application threads were stopped: 0.0000880 seconds, Stopping threads took: 0.0000565 seconds
[2.139s][info ][safepoint      ] Application time: 0.2621499 seconds
[2.139s][info ][safepoint      ] Entering safepoint region: ICBufferFull
[2.140s][info ][safepoint      ] Leaving safepoint region
[2.140s][info ][safepoint      ] Total time for which application threads were stopped: 0.0001507 seconds, Stopping threads took: 0.0000081 seconds
[2.252s][info ][safepoint      ] Application time: 0.1126893 seconds
[2.252s][info ][safepoint      ] Entering safepoint region: ICBufferFull
[2.253s][info ][safepoint      ] Leaving safepoint region
[2.253s][info ][safepoint      ] Total time for which application threads were stopped: 0.0001611 seconds, Stopping threads took: 0.0000426 seconds
[2.394s][info ][safepoint      ] Application time: 0.1410139 seconds
[2.394s][info ][safepoint      ] Entering safepoint region: ICBufferFull
[2.394s][info ][safepoint      ] Leaving safepoint region
[2.394s][info ][safepoint      ] Total time for which application threads were stopped: 0.0002084 seconds, Stopping threads took: 0.0000477 seconds
[2.994s][info ][safepoint      ] Application time: 0.5998259 seconds
[2.994s][info ][safepoint      ] Entering safepoint region: ICBufferFull
[2.994s][info ][safepoint      ] Leaving safepoint region
[2.994s][info ][safepoint      ] Total time for which application threads were stopped: 0.0001699 seconds, Stopping threads took: 0.0000185 seconds
[3.219s][info ][safepoint      ] Application time: 0.2256289 seconds
[3.219s][info ][safepoint      ] Entering safepoint region: Deoptimize
[3.220s][info ][safepoint      ] Leaving safepoint region
[3.220s][info ][safepoint      ] Total time for which application threads were stopped: 0.0003651 seconds, Stopping threads took: 0.0000076 seconds
[3.578s][info ][safepoint      ] Application time: 0.3576620 seconds
[3.578s][info ][safepoint      ] Entering safepoint region: RevokeBias
[3.578s][info ][safepoint      ] Leaving safepoint region
[3.578s][info ][safepoint      ] Total time for which application threads were stopped: 0.0002460 seconds, Stopping threads took: 0.0000861 seconds
[3.578s][info ][safepoint      ] Application time: 0.0000867 seconds
[3.578s][info ][safepoint      ] Entering safepoint region: RevokeBias
[3.578s][info ][safepoint      ] Leaving safepoint region
[3.578s][info ][safepoint      ] Total time for which application threads were stopped: 0.0006337 seconds, Stopping threads took: 0.0005978 seconds
[3.579s][info ][safepoint      ] Application time: 0.0001649 seconds
[3.579s][info ][safepoint      ] Entering safepoint region: RevokeBias
[3.579s][info ][safepoint      ] Leaving safepoint region
[3.579s][info ][safepoint      ] Total time for which application threads were stopped: 0.0000997 seconds, Stopping threads took: 0.0000513 seconds
[3.580s][info ][safepoint      ] Application time: 0.0012122 seconds
[3.581s][info ][safepoint      ] Entering safepoint region: RevokeBias
[3.581s][info ][safepoint      ] Leaving safepoint region
[3.581s][info ][safepoint      ] Total time for which application threads were stopped: 0.0007433 seconds, Stopping threads took: 0.0006689 seconds
[3.581s][info ][safepoint      ] Application time: 0.0000546 seconds
[3.581s][info ][safepoint      ] Entering safepoint region: RevokeBias
[3.581s][info ][safepoint      ] Leaving safepoint region
[3.581s][info ][safepoint      ] Total time for which application threads were stopped: 0.0001016 seconds, Stopping threads took: 0.0000437 seconds
[3.586s][info ][safepoint      ] Application time: 0.0046624 seconds
[3.586s][info ][safepoint      ] Entering safepoint region: RevokeBias
[3.586s][info ][safepoint      ] Leaving safepoint region
[3.586s][info ][safepoint      ] Total time for which application threads were stopped: 0.0001471 seconds, Stopping threads took: 0.0000882 seconds
[3.586s][info ][safepoint      ] Application time: 0.0001032 seconds
[3.586s][info ][safepoint      ] Entering safepoint region: RevokeBias
[3.587s][info ][safepoint      ] Leaving safepoint region
[3.587s][info ][safepoint      ] Total time for which application threads were stopped: 0.0007228 seconds, Stopping threads took: 0.0006462 seconds
[3.587s][info ][safepoint      ] Application time: 0.0000936 seconds
[3.587s][info ][safepoint      ] Entering safepoint region: RevokeBias
[3.587s][info ][safepoint      ] Leaving safepoint region
[3.587s][info ][safepoint      ] Total time for which application threads were stopped: 0.0000744 seconds, Stopping threads took: 0.0000316 seconds
[3.587s][info ][safepoint      ] Application time: 0.0001173 seconds
[3.587s][info ][safepoint      ] Entering safepoint region: RevokeBias
[3.587s][info ][safepoint      ] Leaving safepoint region
[3.587s][info ][safepoint      ] Total time for which application threads were stopped: 0.0001208 seconds, Stopping threads took: 0.0000745 seconds
[3.587s][info ][safepoint      ] Application time: 0.0000917 seconds
[3.588s][info ][safepoint      ] Entering safepoint region: RevokeBias
[3.588s][info ][safepoint      ] Leaving safepoint region
[3.588s][info ][safepoint      ] Total time for which application threads were stopped: 0.0004674 seconds, Stopping threads took: 0.0004129 seconds
[3.588s][info ][safepoint      ] Application time: 0.0000977 seconds
[3.588s][info ][safepoint      ] Entering safepoint region: RevokeBias
[3.588s][info ][safepoint      ] Leaving safepoint region
[3.588s][info ][safepoint      ] Total time for which application threads were stopped: 0.0002235 seconds, Stopping threads took: 0.0001799 seconds
[3.588s][info ][safepoint      ] Application time: 0.0001477 seconds
[3.588s][info ][safepoint      ] Entering safepoint region: RevokeBias
[3.588s][info ][safepoint      ] Leaving safepoint region
[3.588s][info ][safepoint      ] Total time for which application threads were stopped: 0.0001891 seconds, Stopping threads took: 0.0001246 seconds
[3.593s][info ][safepoint      ] Application time: 0.0049277 seconds
[3.593s][info ][safepoint      ] Entering safepoint region: RevokeBias
[3.593s][info ][safepoint      ] Leaving safepoint region
[3.593s][info ][safepoint      ] Total time for which application threads were stopped: 0.0001206 seconds, Stopping threads took: 0.0000268 seconds
[3.593s][info ][safepoint      ] Application time: 0.0001309 seconds
[3.594s][info ][safepoint      ] Entering safepoint region: RevokeBias
[3.594s][info ][safepoint      ] Leaving safepoint region
[3.594s][info ][safepoint      ] Total time for which application threads were stopped: 0.0001588 seconds, Stopping threads took: 0.0000991 seconds
[3.594s][info ][safepoint      ] Application time: 0.0002625 seconds
[3.594s][info ][safepoint      ] Entering safepoint region: RevokeBias
[3.594s][info ][safepoint      ] Leaving safepoint region
[3.594s][info ][safepoint      ] Total time for which application threads were stopped: 0.0001863 seconds, Stopping threads took: 0.0001246 seconds
[3.594s][info ][safepoint      ] Application time: 0.0002566 seconds
[3.594s][info ][safepoint      ] Entering safepoint region: RevokeBias
[3.595s][info ][safepoint      ] Leaving safepoint region
[3.595s][info ][safepoint      ] Total time for which application threads were stopped: 0.0003309 seconds, Stopping threads took: 0.0000819 seconds
[3.595s][info ][safepoint      ] Application time: 0.0003899 seconds
[3.595s][info ][safepoint      ] Entering safepoint region: RevokeBias
[3.595s][info ][safepoint      ] Leaving safepoint region
[3.595s][info ][safepoint      ] Total time for which application threads were stopped: 0.0002391 seconds, Stopping threads took: 0.0001511 seconds
[3.596s][info ][safepoint      ] Application time: 0.0002477 seconds
[3.596s][info ][safepoint      ] Entering safepoint region: RevokeBias
[3.596s][info ][safepoint      ] Leaving safepoint region
[3.596s][info ][safepoint      ] Total time for which application threads were stopped: 0.0001555 seconds, Stopping threads took: 0.0001056 seconds
[3.596s][info ][safepoint      ] Application time: 0.0002770 seconds
[3.596s][info ][safepoint      ] Entering safepoint region: RevokeBias
[3.596s][info ][safepoint      ] Leaving safepoint region
[3.596s][info ][safepoint      ] Total time for which application threads were stopped: 0.0001422 seconds, Stopping threads took: 0.0000573 seconds
[3.597s][info ][safepoint      ] Application time: 0.0004662 seconds
[3.597s][info ][safepoint      ] Entering safepoint region: RevokeBias
[3.597s][info ][safepoint      ] Leaving safepoint region
[3.597s][info ][safepoint      ] Total time for which application threads were stopped: 0.0000807 seconds, Stopping threads took: 0.0000338 seconds
[3.597s][info ][safepoint      ] Application time: 0.0002270 seconds
[3.597s][info ][safepoint      ] Entering safepoint region: RevokeBias
[3.597s][info ][safepoint      ] Leaving safepoint region
[3.597s][info ][safepoint      ] Total time for which application threads were stopped: 0.0001221 seconds, Stopping threads took: 0.0000538 seconds
[3.601s][info ][safepoint      ] Application time: 0.0040536 seconds
[3.602s][info ][safepoint      ] Entering safepoint region: RevokeBias
[3.602s][info ][safepoint      ] Leaving safepoint region
[3.602s][info ][safepoint      ] Total time for which application threads were stopped: 0.0009469 seconds, Stopping threads took: 0.0008979 seconds
[3.609s][info ][safepoint      ] Application time: 0.0068181 seconds
[3.609s][info ][safepoint      ] Entering safepoint region: RevokeBias
[3.609s][info ][safepoint      ] Leaving safepoint region
[3.609s][info ][safepoint      ] Total time for which application threads were stopped: 0.0003891 seconds, Stopping threads took: 0.0003009 seconds
[3.612s][info ][safepoint      ] Application time: 0.0024653 seconds
[3.612s][info ][safepoint      ] Entering safepoint region: RevokeBias
[3.612s][info ][safepoint      ] Leaving safepoint region
[3.612s][info ][safepoint      ] Total time for which application threads were stopped: 0.0001296 seconds, Stopping threads took: 0.0000584 seconds
[3.612s][info ][safepoint      ] Application time: 0.0002479 seconds
[3.612s][info ][safepoint      ] Entering safepoint region: RevokeBias
[3.612s][info ][safepoint      ] Leaving safepoint region
[3.612s][info ][safepoint      ] Total time for which application threads were stopped: 0.0000520 seconds, Stopping threads took: 0.0000063 seconds
[3.614s][info ][safepoint      ] Application time: 0.0020600 seconds
[3.615s][info ][safepoint      ] Entering safepoint region: RevokeBias
[3.615s][info ][safepoint      ] Leaving safepoint region
[3.615s][info ][safepoint      ] Total time for which application threads were stopped: 0.0002616 seconds, Stopping threads took: 0.0002136 seconds
[3.616s][info ][safepoint      ] Application time: 0.0008661 seconds
[3.616s][info ][safepoint      ] Entering safepoint region: RevokeBias
[3.616s][info ][safepoint      ] Leaving safepoint region
[3.616s][info ][safepoint      ] Total time for which application threads were stopped: 0.0001052 seconds, Stopping threads took: 0.0000545 seconds
[3.617s][info ][safepoint      ] Application time: 0.0016831 seconds
[3.618s][info ][safepoint      ] Entering safepoint region: RevokeBias
[3.618s][info ][safepoint      ] Leaving safepoint region
[3.618s][info ][safepoint      ] Total time for which application threads were stopped: 0.0005707 seconds, Stopping threads took: 0.0005236 seconds
[3.619s][info ][safepoint      ] Application time: 0.0014255 seconds
[3.619s][info ][safepoint      ] Entering safepoint region: RevokeBias
[3.620s][info ][safepoint      ] Leaving safepoint region
[3.620s][info ][safepoint      ] Total time for which application threads were stopped: 0.0001268 seconds, Stopping threads took: 0.0000580 seconds
[3.622s][info ][safepoint      ] Application time: 0.0022112 seconds
[3.622s][info ][safepoint      ] Entering safepoint region: RevokeBias
[3.622s][info ][safepoint      ] Leaving safepoint region
[3.622s][info ][safepoint      ] Total time for which application threads were stopped: 0.0001307 seconds, Stopping threads took: 0.0000568 seconds
[3.624s][info ][safepoint      ] Application time: 0.0017935 seconds
[3.624s][info ][safepoint      ] Entering safepoint region: RevokeBias
[3.624s][info ][safepoint      ] Leaving safepoint region
[3.624s][info ][safepoint      ] Total time for which application threads were stopped: 0.0000858 seconds, Stopping threads took: 0.0000318 seconds
[3.625s][info ][safepoint      ] Application time: 0.0014599 seconds
[3.625s][info ][safepoint      ] Entering safepoint region: RevokeBias
[3.625s][info ][safepoint      ] Leaving safepoint region
[3.625s][info ][safepoint      ] Total time for which application threads were stopped: 0.0000839 seconds, Stopping threads took: 0.0000237 seconds
[3.626s][info ][safepoint      ] Application time: 0.0009647 seconds
[3.626s][info ][safepoint      ] Entering safepoint region: RevokeBias
[3.626s][info ][safepoint      ] Leaving safepoint region
[3.626s][info ][safepoint      ] Total time for which application threads were stopped: 0.0001055 seconds, Stopping threads took: 0.0000401 seconds
[3.627s][info ][safepoint      ] Application time: 0.0007484 seconds
[3.627s][info ][safepoint      ] Entering safepoint region: RevokeBias
[3.627s][info ][safepoint      ] Leaving safepoint region
[3.627s][info ][safepoint      ] Total time for which application threads were stopped: 0.0001536 seconds, Stopping threads took: 0.0001039 seconds
[3.630s][info ][safepoint      ] Application time: 0.0029883 seconds
[3.631s][info ][safepoint      ] Entering safepoint region: RevokeBias
[3.631s][info ][safepoint      ] Leaving safepoint region
[3.631s][info ][safepoint      ] Total time for which application threads were stopped: 0.0001857 seconds, Stopping threads took: 0.0001431 seconds
[3.633s][info ][safepoint      ] Application time: 0.0020557 seconds
[3.633s][info ][safepoint      ] Entering safepoint region: RevokeBias
[3.633s][info ][safepoint      ] Leaving safepoint region
[3.633s][info ][safepoint      ] Total time for which application threads were stopped: 0.0000741 seconds, Stopping threads took: 0.0000081 seconds
[3.633s][info ][safepoint      ] Application time: 0.0007121 seconds
[3.634s][info ][safepoint      ] Entering safepoint region: RevokeBias
[3.634s][info ][safepoint      ] Leaving safepoint region
[3.634s][info ][safepoint      ] Total time for which application threads were stopped: 0.0001637 seconds, Stopping threads took: 0.0000977 seconds
[3.635s][info ][safepoint      ] Application time: 0.0016921 seconds
[3.635s][info ][safepoint      ] Entering safepoint region: RevokeBias
[3.635s][info ][safepoint      ] Leaving safepoint region
[3.635s][info ][safepoint      ] Total time for which application threads were stopped: 0.0000658 seconds, Stopping threads took: 0.0000076 seconds
[3.637s][info ][safepoint      ] Application time: 0.0015300 seconds
[3.637s][info ][safepoint      ] Entering safepoint region: RevokeBias
[3.637s][info ][safepoint      ] Leaving safepoint region
[3.637s][info ][safepoint      ] Total time for which application threads were stopped: 0.0004453 seconds, Stopping threads took: 0.0003856 seconds
[3.638s][info ][safepoint      ] Application time: 0.0006386 seconds
[3.638s][info ][safepoint      ] Entering safepoint region: BulkRevokeBias
[3.638s][info ][safepoint      ] Leaving safepoint region
[3.638s][info ][safepoint      ] Total time for which application threads were stopped: 0.0002076 seconds, Stopping threads took: 0.0000420 seconds
[3.672s][info ][safepoint      ] Application time: 0.0339401 seconds
[3.672s][info ][safepoint      ] Entering safepoint region: CollectForMetadataAllocation
[3.672s][info ][gc,start       ] GC(2) Pause Young (Metadata GC Threshold)
[3.714s][debug][gc,phases      ] GC(2) Scavenge 41.972ms
[3.714s][debug][gc,ref         ] GC(2) Skipped phase1 of Reference Processing due to unavailable references
[3.715s][debug][gc,ref         ] GC(2) Skipped phase3 of Reference Processing due to unavailable references
[3.715s][debug][gc,phases      ] GC(2) Reference Processing 0.140ms
[3.715s][debug][gc,phases      ] GC(2) Weak Processing 0.089ms
[3.715s][debug][gc,phases      ] GC(2) Scrub String Table 0.557ms
[3.715s][debug][gc,age         ] GC(2) Desired survivor size 536870912 bytes, new threshold 7 (max threshold 15)
[3.715s][info ][gc,heap        ] GC(2) PSYoungGen: 453187K->47005K(1572864K)
[3.715s][info ][gc,heap        ] GC(2) ParOldGen: 5690K->5698K(6144K)
[3.715s][info ][gc,metaspace   ] GC(2) Metaspace: 33980K->33980K(1079296K)
[3.715s][info ][gc             ] GC(2) Pause Young (Metadata GC Threshold) 448M->51M(1542M) 42.908ms
[3.715s][info ][gc,cpu         ] GC(2) User=0.17s Sys=0.01s Real=0.05s
[3.715s][debug][gc,phases      ] GC(3) Pre Compact 0.012ms
[3.715s][info ][gc,start       ] GC(3) Pause Full (Metadata GC Threshold)
[3.715s][info ][gc,phases,start] GC(3) Marking Phase
[3.752s][debug][gc,phases      ] GC(3) Par Mark 36.072ms
[3.752s][debug][gc,ref         ] GC(3) Skipped phase1 of Reference Processing due to unavailable references
[3.752s][debug][gc,ref         ] GC(3) Skipped phase3 of Reference Processing due to unavailable references
[3.752s][debug][gc,phases      ] GC(3) Reference Processing 0.120ms
[3.752s][debug][gc,phases      ] GC(3) Weak Processing 0.072ms
[3.752s][debug][gc,phases      ] GC(3) ClassLoaderData 0.614ms
[3.752s][debug][gc,phases      ] GC(3) Dictionary 0.009ms
[3.753s][debug][gc,phases      ] GC(3) ProtectionDomainCacheTable 0.004ms
[3.753s][debug][gc,phases      ] GC(3) ResolvedMethodTable 0.086ms
[3.760s][debug][gc,phases      ] GC(3) Class Unloading 7.790ms
[3.760s][debug][gc,phases      ] GC(3) Scrub String Table 0.276ms
[3.764s][debug][gc,phases      ] GC(3) Scrub Symbol Table 4.069ms
[3.764s][info ][gc,phases      ] GC(3) Marking Phase 48.640ms
[3.764s][info ][gc,phases,start] GC(3) Summary Phase
[3.764s][info ][gc,phases      ] GC(3) Summary Phase 0.009ms
[3.764s][info ][gc,phases,start] GC(3) Adjust Roots
[3.781s][info ][gc,phases      ] GC(3) Adjust Roots 16.455ms
[3.781s][info ][gc,phases,start] GC(3) Compaction Phase
[4.198s][info ][gc,phases      ] GC(3) Compaction Phase 417.890ms
[4.198s][info ][gc,phases,start] GC(3) Post Compact
[4.199s][info ][gc,phases      ] GC(3) Post Compact 0.395ms
[4.199s][info ][gc,heap        ] GC(3) PSYoungGen: 47005K->46853K(1572864K)
[4.199s][info ][gc,heap        ] GC(3) ParOldGen: 5698K->5612K(6144K)
[4.199s][info ][gc,metaspace   ] GC(3) Metaspace: 33980K->33965K(1079296K)
[4.199s][info ][gc             ] GC(3) Pause Full (Metadata GC Threshold) 51M->51M(1542M) 483.519ms
[4.199s][info ][gc,cpu         ] GC(3) User=1.76s Sys=0.05s Real=0.48s
[4.199s][info ][safepoint      ] Leaving safepoint region
[4.199s][info ][safepoint      ] Total time for which application threads were stopped: 0.5266809 seconds, Stopping threads took: 0.0000536 seconds
[4.200s][info ][safepoint      ] Application time: 0.0013050 seconds
[4.200s][info ][safepoint      ] Entering safepoint region: RevokeBias
[4.201s][info ][safepoint      ] Leaving safepoint region
[4.201s][info ][safepoint      ] Total time for which application threads were stopped: 0.0002396 seconds, Stopping threads took: 0.0000731 seconds
[4.201s][info ][safepoint      ] Application time: 0.0001040 seconds
[4.201s][info ][safepoint      ] Entering safepoint region: RevokeBias
[4.201s][info ][safepoint      ] Leaving safepoint region
[4.201s][info ][safepoint      ] Total time for which application threads were stopped: 0.0001376 seconds, Stopping threads took: 0.0000516 seconds
[4.201s][info ][safepoint      ] Application time: 0.0000472 seconds
[4.201s][info ][safepoint      ] Entering safepoint region: RevokeBias
[4.201s][info ][safepoint      ] Leaving safepoint region
[4.201s][info ][safepoint      ] Total time for which application threads were stopped: 0.0001139 seconds, Stopping threads took: 0.0000383 seconds
[4.201s][info ][safepoint      ] Application time: 0.0000450 seconds
[4.201s][info ][safepoint      ] Entering safepoint region: RevokeBias
[4.201s][info ][safepoint      ] Leaving safepoint region
[4.201s][info ][safepoint      ] Total time for which application threads were stopped: 0.0001011 seconds, Stopping threads took: 0.0000291 seconds
[4.201s][info ][safepoint      ] Application time: 0.0000469 seconds
[4.201s][info ][safepoint      ] Entering safepoint region: RevokeBias
[4.201s][info ][safepoint      ] Leaving safepoint region
[4.201s][info ][safepoint      ] Total time for which application threads were stopped: 0.0001393 seconds, Stopping threads took: 0.0000542 seconds
[4.201s][info ][safepoint      ] Application time: 0.0000452 seconds
[4.201s][info ][safepoint      ] Entering safepoint region: RevokeBias
[4.201s][info ][safepoint      ] Leaving safepoint region
[4.201s][info ][safepoint      ] Total time for which application threads were stopped: 0.0001292 seconds, Stopping threads took: 0.0000447 seconds
[4.202s][info ][safepoint      ] Application time: 0.0000451 seconds
[4.202s][info ][safepoint      ] Entering safepoint region: RevokeBias
[4.202s][info ][safepoint      ] Leaving safepoint region
[4.202s][info ][safepoint      ] Total time for which application threads were stopped: 0.0001268 seconds, Stopping threads took: 0.0000539 seconds
[4.202s][info ][safepoint      ] Application time: 0.0000494 seconds
[4.202s][info ][safepoint      ] Entering safepoint region: RevokeBias
[4.202s][info ][safepoint      ] Leaving safepoint region
[4.202s][info ][safepoint      ] Total time for which application threads were stopped: 0.0000758 seconds, Stopping threads took: 0.0000050 seconds
[4.202s][info ][safepoint      ] Application time: 0.0000519 seconds
[4.202s][info ][safepoint      ] Entering safepoint region: RevokeBias
[4.202s][info ][safepoint      ] Leaving safepoint region
[4.202s][info ][safepoint      ] Total time for which application threads were stopped: 0.0001203 seconds, Stopping threads took: 0.0000451 seconds
[4.202s][info ][safepoint      ] Application time: 0.0000444 seconds
[4.202s][info ][safepoint      ] Entering safepoint region: RevokeBias
[4.202s][info ][safepoint      ] Leaving safepoint region
[4.202s][info ][safepoint      ] Total time for which application threads were stopped: 0.0000921 seconds, Stopping threads took: 0.0000255 seconds
[4.202s][info ][safepoint      ] Application time: 0.0000538 seconds
[4.202s][info ][safepoint      ] Entering safepoint region: RevokeBias
[4.202s][info ][safepoint      ] Leaving safepoint region
[4.202s][info ][safepoint      ] Total time for which application threads were stopped: 0.0000948 seconds, Stopping threads took: 0.0000232 seconds
[4.202s][info ][safepoint      ] Application time: 0.0000438 seconds
[4.202s][info ][safepoint      ] Entering safepoint region: RevokeBias
[4.202s][info ][safepoint      ] Leaving safepoint region
[4.202s][info ][safepoint      ] Total time for which application threads were stopped: 0.0001194 seconds, Stopping threads took: 0.0000469 seconds
[4.203s][info ][safepoint      ] Application time: 0.0000553 seconds
[4.203s][info ][safepoint      ] Entering safepoint region: BulkRevokeBias
[4.203s][info ][safepoint      ] Leaving safepoint region
[4.203s][info ][safepoint      ] Total time for which application threads were stopped: 0.0002001 seconds, Stopping threads took: 0.0000561 seconds
[4.278s][info ][safepoint      ] Application time: 0.0749770 seconds
[4.278s][info ][safepoint      ] Entering safepoint region: RevokeBias
[4.278s][info ][safepoint      ] Leaving safepoint region
[4.278s][info ][safepoint      ] Total time for which application threads were stopped: 0.0002608 seconds, Stopping threads took: 0.0001284 seconds
[4.278s][info ][safepoint      ] Application time: 0.0003576 seconds
[4.278s][info ][safepoint      ] Entering safepoint region: RevokeBias
[4.278s][info ][safepoint      ] Leaving safepoint region
[4.278s][info ][safepoint      ] Total time for which application threads were stopped: 0.0000813 seconds, Stopping threads took: 0.0000340 seconds
[4.327s][info ][safepoint      ] Application time: 0.0481710 seconds
[4.327s][info ][safepoint      ] Entering safepoint region: RevokeBias
[4.327s][info ][safepoint      ] Leaving safepoint region
[4.327s][info ][safepoint      ] Total time for which application threads were stopped: 0.0001909 seconds, Stopping threads took: 0.0000898 seconds
[4.327s][info ][safepoint      ] Application time: 0.0000624 seconds
[4.327s][info ][safepoint      ] Entering safepoint region: RevokeBias
[4.327s][info ][safepoint      ] Leaving safepoint region
[4.327s][info ][safepoint      ] Total time for which application threads were stopped: 0.0001754 seconds, Stopping threads took: 0.0000852 seconds
[4.328s][info ][safepoint      ] Application time: 0.0008503 seconds
[4.328s][info ][safepoint      ] Entering safepoint region: RevokeBias
[4.328s][info ][safepoint      ] Leaving safepoint region
[4.328s][info ][safepoint      ] Total time for which application threads were stopped: 0.0001669 seconds, Stopping threads took: 0.0001006 seconds
[4.328s][info ][safepoint      ] Application time: 0.0002862 seconds
[4.328s][info ][safepoint      ] Entering safepoint region: RevokeBias
[4.329s][info ][safepoint      ] Leaving safepoint region
[4.329s][info ][safepoint      ] Total time for which application threads were stopped: 0.0000861 seconds, Stopping threads took: 0.0000294 seconds
[4.329s][info ][safepoint      ] Application time: 0.0002988 seconds
[4.329s][info ][safepoint      ] Entering safepoint region: RevokeBias
[4.329s][info ][safepoint      ] Leaving safepoint region
[4.329s][info ][safepoint      ] Total time for which application threads were stopped: 0.0001702 seconds, Stopping threads took: 0.0001206 seconds
[4.330s][info ][safepoint      ] Application time: 0.0014624 seconds
[4.331s][info ][safepoint      ] Entering safepoint region: RevokeBias
[4.331s][info ][safepoint      ] Leaving safepoint region
[4.331s][info ][safepoint      ] Total time for which application threads were stopped: 0.0001683 seconds, Stopping threads took: 0.0000681 seconds
[4.333s][info ][safepoint      ] Application time: 0.0025527 seconds
[4.333s][info ][safepoint      ] Entering safepoint region: RevokeBias
[4.333s][info ][safepoint      ] Leaving safepoint region
[4.333s][info ][safepoint      ] Total time for which application threads were stopped: 0.0001501 seconds, Stopping threads took: 0.0000840 seconds
[4.334s][info ][safepoint      ] Application time: 0.0002120 seconds
[4.334s][info ][safepoint      ] Entering safepoint region: RevokeBias
[4.334s][info ][safepoint      ] Leaving safepoint region
[4.334s][info ][safepoint      ] Total time for which application threads were stopped: 0.0004575 seconds, Stopping threads took: 0.0003832 seconds
[4.335s][info ][safepoint      ] Application time: 0.0012411 seconds
[4.335s][info ][safepoint      ] Entering safepoint region: RevokeBias
[4.335s][info ][safepoint      ] Leaving safepoint region
[4.335s][info ][safepoint      ] Total time for which application threads were stopped: 0.0001609 seconds, Stopping threads took: 0.0000849 seconds
[4.336s][info ][safepoint      ] Application time: 0.0003171 seconds
[4.336s][info ][safepoint      ] Entering safepoint region: RevokeBias
[4.336s][info ][safepoint      ] Leaving safepoint region
[4.336s][info ][safepoint      ] Total time for which application threads were stopped: 0.0001554 seconds, Stopping threads took: 0.0000919 seconds
[4.340s][info ][safepoint      ] Application time: 0.0038241 seconds
[4.340s][info ][safepoint      ] Entering safepoint region: RevokeBias
[4.340s][info ][safepoint      ] Leaving safepoint region
[4.340s][info ][safepoint      ] Total time for which application threads were stopped: 0.0001637 seconds, Stopping threads took: 0.0000985 seconds
[4.340s][info ][safepoint      ] Application time: 0.0004100 seconds
[4.340s][info ][safepoint      ] Entering safepoint region: RevokeBias
[4.341s][info ][safepoint      ] Leaving safepoint region
[4.341s][info ][safepoint      ] Total time for which application threads were stopped: 0.0001646 seconds, Stopping threads took: 0.0001107 seconds
[4.342s][info ][safepoint      ] Application time: 0.0010870 seconds
[4.342s][info ][safepoint      ] Entering safepoint region: RevokeBias
[4.342s][info ][safepoint      ] Leaving safepoint region
[4.342s][info ][safepoint      ] Total time for which application threads were stopped: 0.0001827 seconds, Stopping threads took: 0.0001245 seconds
[4.342s][info ][safepoint      ] Application time: 0.0002516 seconds
[4.342s][info ][safepoint      ] Entering safepoint region: RevokeBias
[4.342s][info ][safepoint      ] Leaving safepoint region
[4.342s][info ][safepoint      ] Total time for which application threads were stopped: 0.0001771 seconds, Stopping threads took: 0.0001132 seconds
[4.344s][info ][safepoint      ] Application time: 0.0014109 seconds
[4.344s][info ][safepoint      ] Entering safepoint region: RevokeBias
[4.344s][info ][safepoint      ] Leaving safepoint region
[4.344s][info ][safepoint      ] Total time for which application threads were stopped: 0.0001257 seconds, Stopping threads took: 0.0000691 seconds
[4.344s][info ][safepoint      ] Application time: 0.0005007 seconds
[4.344s][info ][safepoint      ] Entering safepoint region: RevokeBias
[4.344s][info ][safepoint      ] Leaving safepoint region
[4.344s][info ][safepoint      ] Total time for which application threads were stopped: 0.0001739 seconds, Stopping threads took: 0.0001170 seconds
[4.346s][info ][safepoint      ] Application time: 0.0010160 seconds
[4.346s][info ][safepoint      ] Entering safepoint region: RevokeBias
[4.346s][info ][safepoint      ] Leaving safepoint region
[4.346s][info ][safepoint      ] Total time for which application threads were stopped: 0.0001788 seconds, Stopping threads took: 0.0001235 seconds
[4.347s][info ][safepoint      ] Application time: 0.0008004 seconds
[4.347s][info ][safepoint      ] Entering safepoint region: RevokeBias
[4.347s][info ][safepoint      ] Leaving safepoint region
[4.347s][info ][safepoint      ] Total time for which application threads were stopped: 0.0002371 seconds, Stopping threads took: 0.0000947 seconds
[4.354s][info ][safepoint      ] Application time: 0.0069447 seconds
[4.354s][info ][safepoint      ] Entering safepoint region: RevokeBias
[4.354s][info ][safepoint      ] Leaving safepoint region
[4.354s][info ][safepoint      ] Total time for which application threads were stopped: 0.0002937 seconds, Stopping threads took: 0.0001483 seconds
[4.355s][info ][safepoint      ] Application time: 0.0008447 seconds
[4.355s][info ][safepoint      ] Entering safepoint region: RevokeBias
[4.355s][info ][safepoint      ] Leaving safepoint region
[4.355s][info ][safepoint      ] Total time for which application threads were stopped: 0.0001796 seconds, Stopping threads took: 0.0001204 seconds
[4.356s][info ][safepoint      ] Application time: 0.0007798 seconds
[4.356s][info ][safepoint      ] Entering safepoint region: RevokeBias
[4.356s][info ][safepoint      ] Leaving safepoint region
[4.356s][info ][safepoint      ] Total time for which application threads were stopped: 0.0002442 seconds, Stopping threads took: 0.0001169 seconds
[4.358s][info ][safepoint      ] Application time: 0.0015101 seconds
[4.358s][info ][safepoint      ] Entering safepoint region: RevokeBias
[4.358s][info ][safepoint      ] Leaving safepoint region
[4.358s][info ][safepoint      ] Total time for which application threads were stopped: 0.0004992 seconds, Stopping threads took: 0.0004315 seconds
[4.359s][info ][safepoint      ] Application time: 0.0013608 seconds
[4.360s][info ][safepoint      ] Entering safepoint region: BulkRevokeBias
[4.360s][info ][safepoint      ] Leaving safepoint region
[4.360s][info ][safepoint      ] Total time for which application threads were stopped: 0.0007340 seconds, Stopping threads took: 0.0001026 seconds
[4.362s][info ][safepoint      ] Application time: 0.0020596 seconds
[4.362s][info ][safepoint      ] Entering safepoint region: RevokeBias
[4.363s][info ][safepoint      ] Leaving safepoint region
[4.363s][info ][safepoint      ] Total time for which application threads were stopped: 0.0002546 seconds, Stopping threads took: 0.0001518 seconds
[4.364s][info ][safepoint      ] Application time: 0.0017416 seconds
[4.364s][info ][safepoint      ] Entering safepoint region: RevokeBias
[4.365s][info ][safepoint      ] Leaving safepoint region
[4.365s][info ][safepoint      ] Total time for which application threads were stopped: 0.0003217 seconds, Stopping threads took: 0.0001319 seconds
[4.370s][info ][safepoint      ] Application time: 0.0054392 seconds
[4.370s][info ][safepoint      ] Entering safepoint region: RevokeBias
[4.370s][info ][safepoint      ] Leaving safepoint region
[4.370s][info ][safepoint      ] Total time for which application threads were stopped: 0.0002822 seconds, Stopping threads took: 0.0001552 seconds
[4.376s][info ][safepoint      ] Application time: 0.0060434 seconds
[4.379s][info ][safepoint      ] Entering safepoint region: RevokeBias
[4.379s][info ][safepoint      ] Leaving safepoint region
[4.379s][info ][safepoint      ] Total time for which application threads were stopped: 0.0029511 seconds, Stopping threads took: 0.0028104 seconds
[4.382s][info ][safepoint      ] Application time: 0.0025947 seconds
[4.382s][info ][safepoint      ] Entering safepoint region: RevokeBias
[4.383s][info ][safepoint      ] Leaving safepoint region
[4.383s][info ][safepoint      ] Total time for which application threads were stopped: 0.0011074 seconds, Stopping threads took: 0.0001010 seconds
[4.383s][info ][safepoint      ] Application time: 0.0001286 seconds
[4.383s][info ][safepoint      ] Entering safepoint region: RevokeBias
[4.384s][info ][safepoint      ] Leaving safepoint region
[4.384s][info ][safepoint      ] Total time for which application threads were stopped: 0.0002388 seconds, Stopping threads took: 0.0001080 seconds
[4.385s][info ][safepoint      ] Application time: 0.0013056 seconds
[4.385s][info ][safepoint      ] Entering safepoint region: RevokeBias
[4.385s][info ][safepoint      ] Leaving safepoint region
[4.385s][info ][safepoint      ] Total time for which application threads were stopped: 0.0002888 seconds, Stopping threads took: 0.0001072 seconds
[4.388s][info ][safepoint      ] Application time: 0.0028867 seconds
[4.388s][info ][safepoint      ] Entering safepoint region: RevokeBias
[4.388s][info ][safepoint      ] Leaving safepoint region
[4.388s][info ][safepoint      ] Total time for which application threads were stopped: 0.0003277 seconds, Stopping threads took: 0.0001542 seconds
[4.389s][info ][safepoint      ] Application time: 0.0006415 seconds
[4.389s][info ][safepoint      ] Entering safepoint region: RevokeBias
[4.389s][info ][safepoint      ] Leaving safepoint region
[4.389s][info ][safepoint      ] Total time for which application threads were stopped: 0.0003153 seconds, Stopping threads took: 0.0001794 seconds
[4.390s][info ][safepoint      ] Application time: 0.0002388 seconds
[4.390s][info ][safepoint      ] Entering safepoint region: RevokeBias
[4.390s][info ][safepoint      ] Leaving safepoint region
[4.390s][info ][safepoint      ] Total time for which application threads were stopped: 0.0003315 seconds, Stopping threads took: 0.0001653 seconds
[4.391s][info ][safepoint      ] Application time: 0.0012579 seconds
[4.391s][info ][safepoint      ] Entering safepoint region: RevokeBias
[4.391s][info ][safepoint      ] Leaving safepoint region
[4.391s][info ][safepoint      ] Total time for which application threads were stopped: 0.0002689 seconds, Stopping threads took: 0.0001280 seconds
[4.404s][info ][safepoint      ] Application time: 0.0123397 seconds
[4.404s][info ][safepoint      ] Entering safepoint region: RevokeBias
[4.404s][info ][safepoint      ] Leaving safepoint region
[4.404s][info ][safepoint      ] Total time for which application threads were stopped: 0.0003683 seconds, Stopping threads took: 0.0001573 seconds
[4.411s][info ][safepoint      ] Application time: 0.0071355 seconds
[4.411s][info ][safepoint      ] Entering safepoint region: RevokeBias
[4.412s][info ][safepoint      ] Leaving safepoint region
[4.412s][info ][safepoint      ] Total time for which application threads were stopped: 0.0002601 seconds, Stopping threads took: 0.0000898 seconds
[4.413s][info ][safepoint      ] Application time: 0.0016789 seconds
[4.414s][info ][safepoint      ] Entering safepoint region: RevokeBias
[4.414s][info ][safepoint      ] Leaving safepoint region
[4.414s][info ][safepoint      ] Total time for which application threads were stopped: 0.0003885 seconds, Stopping threads took: 0.0001950 seconds
[4.414s][info ][safepoint      ] Application time: 0.0002107 seconds
[4.414s][info ][safepoint      ] Entering safepoint region: RevokeBias
[4.415s][info ][safepoint      ] Leaving safepoint region
[4.415s][info ][safepoint      ] Total time for which application threads were stopped: 0.0009672 seconds, Stopping threads took: 0.0001170 seconds
[4.513s][info ][safepoint      ] Application time: 0.0976734 seconds
[4.514s][info ][safepoint      ] Entering safepoint region: Deoptimize
[4.514s][info ][safepoint      ] Leaving safepoint region
[4.514s][info ][safepoint      ] Total time for which application threads were stopped: 0.0016563 seconds, Stopping threads took: 0.0010035 seconds
[4.555s][info ][safepoint      ] Application time: 0.0408306 seconds
[4.555s][info ][safepoint      ] Entering safepoint region: RevokeBias
[4.556s][info ][safepoint      ] Leaving safepoint region
[4.556s][info ][safepoint      ] Total time for which application threads were stopped: 0.0004141 seconds, Stopping threads took: 0.0001577 seconds
[4.556s][info ][safepoint      ] Application time: 0.0005202 seconds
[4.556s][info ][safepoint      ] Entering safepoint region: RevokeBias
[4.556s][info ][safepoint      ] Leaving safepoint region
[4.556s][info ][safepoint      ] Total time for which application threads were stopped: 0.0003474 seconds, Stopping threads took: 0.0001412 seconds
[4.568s][info ][safepoint      ] Application time: 0.0118519 seconds
[4.568s][info ][safepoint      ] Entering safepoint region: Deoptimize
[4.569s][info ][safepoint      ] Leaving safepoint region
[4.569s][info ][safepoint      ] Total time for which application threads were stopped: 0.0006868 seconds, Stopping threads took: 0.0000991 seconds
[4.571s][info ][safepoint      ] Application time: 0.0023756 seconds
[4.572s][info ][safepoint      ] Entering safepoint region: Deoptimize
[4.572s][info ][safepoint      ] Leaving safepoint region
[4.572s][info ][safepoint      ] Total time for which application threads were stopped: 0.0004131 seconds, Stopping threads took: 0.0001180 seconds
[4.600s][info ][safepoint      ] Application time: 0.0280305 seconds
[4.600s][info ][safepoint      ] Entering safepoint region: RevokeBias
[4.600s][info ][safepoint      ] Leaving safepoint region
[4.600s][info ][safepoint      ] Total time for which application threads were stopped: 0.0003914 seconds, Stopping threads took: 0.0001465 seconds
[4.601s][info ][safepoint      ] Application time: 0.0004671 seconds
[4.601s][info ][safepoint      ] Entering safepoint region: RevokeBias
[4.601s][info ][safepoint      ] Leaving safepoint region
[4.601s][info ][safepoint      ] Total time for which application threads were stopped: 0.0003466 seconds, Stopping threads took: 0.0001777 seconds
[4.662s][info ][safepoint      ] Application time: 0.0611796 seconds
[4.662s][info ][safepoint      ] Entering safepoint region: RevokeBias
[4.663s][info ][safepoint      ] Leaving safepoint region
[4.663s][info ][safepoint      ] Total time for which application threads were stopped: 0.0003260 seconds, Stopping threads took: 0.0000935 seconds
[4.670s][info ][safepoint      ] Application time: 0.0073189 seconds
[4.670s][info ][safepoint      ] Entering safepoint region: RevokeBias
[4.670s][info ][safepoint      ] Leaving safepoint region
[4.670s][info ][safepoint      ] Total time for which application threads were stopped: 0.0004482 seconds, Stopping threads took: 0.0001634 seconds
[4.671s][info ][safepoint      ] Application time: 0.0002864 seconds
[4.671s][info ][safepoint      ] Entering safepoint region: RevokeBias
[4.671s][info ][safepoint      ] Leaving safepoint region
[4.671s][info ][safepoint      ] Total time for which application threads were stopped: 0.0002644 seconds, Stopping threads took: 0.0001188 seconds
[4.680s][info ][safepoint      ] Application time: 0.0093818 seconds
[4.681s][info ][safepoint      ] Entering safepoint region: RevokeBias
[4.681s][info ][safepoint      ] Leaving safepoint region
[4.681s][info ][safepoint      ] Total time for which application threads were stopped: 0.0003791 seconds, Stopping threads took: 0.0001394 seconds
[4.683s][info ][safepoint      ] Application time: 0.0024352 seconds
[4.683s][info ][safepoint      ] Entering safepoint region: RevokeBias
[4.684s][info ][safepoint      ] Leaving safepoint region
[4.684s][info ][safepoint      ] Total time for which application threads were stopped: 0.0002862 seconds, Stopping threads took: 0.0001163 seconds
[4.684s][info ][safepoint      ] Application time: 0.0006632 seconds
[4.684s][info ][safepoint      ] Entering safepoint region: RevokeBias
[4.685s][info ][safepoint      ] Leaving safepoint region
[4.685s][info ][safepoint      ] Total time for which application threads were stopped: 0.0003406 seconds, Stopping threads took: 0.0000788 seconds
[4.693s][info ][safepoint      ] Application time: 0.0083460 seconds
[4.693s][info ][safepoint      ] Entering safepoint region: RevokeBias
[4.693s][info ][safepoint      ] Leaving safepoint region
[4.693s][info ][safepoint      ] Total time for which application threads were stopped: 0.0003103 seconds, Stopping threads took: 0.0001062 seconds
[4.694s][info ][safepoint      ] Application time: 0.0011026 seconds
[4.695s][info ][safepoint      ] Entering safepoint region: RevokeBias
[4.695s][info ][safepoint      ] Leaving safepoint region
[4.695s][info ][safepoint      ] Total time for which application threads were stopped: 0.0002795 seconds, Stopping threads took: 0.0001378 seconds
[4.698s][info ][safepoint      ] Application time: 0.0033174 seconds
[4.698s][info ][safepoint      ] Entering safepoint region: RevokeBias
[4.698s][info ][safepoint      ] Leaving safepoint region
[4.698s][info ][safepoint      ] Total time for which application threads were stopped: 0.0003128 seconds, Stopping threads took: 0.0001069 seconds
[4.700s][info ][safepoint      ] Application time: 0.0014407 seconds
[4.700s][info ][safepoint      ] Entering safepoint region: RevokeBias
[4.700s][info ][safepoint      ] Leaving safepoint region
[4.700s][info ][safepoint      ] Total time for which application threads were stopped: 0.0002289 seconds, Stopping threads took: 0.0001170 seconds
[4.701s][info ][safepoint      ] Application time: 0.0009513 seconds
[4.701s][info ][safepoint      ] Entering safepoint region: RevokeBias
[4.701s][info ][safepoint      ] Leaving safepoint region
[4.701s][info ][safepoint      ] Total time for which application threads were stopped: 0.0002232 seconds, Stopping threads took: 0.0000731 seconds
[4.711s][info ][safepoint      ] Application time: 0.0097018 seconds
[4.711s][info ][safepoint      ] Entering safepoint region: RevokeBias
[4.711s][info ][safepoint      ] Leaving safepoint region
[4.711s][info ][safepoint      ] Total time for which application threads were stopped: 0.0003475 seconds, Stopping threads took: 0.0001614 seconds
[4.714s][info ][safepoint      ] Application time: 0.0031037 seconds
[4.715s][info ][safepoint      ] Entering safepoint region: RevokeBias
[4.715s][info ][safepoint      ] Leaving safepoint region
[4.715s][info ][safepoint      ] Total time for which application threads were stopped: 0.0003480 seconds, Stopping threads took: 0.0001471 seconds
[4.716s][info ][safepoint      ] Application time: 0.0009971 seconds
[4.716s][info ][safepoint      ] Entering safepoint region: RevokeBias
[4.716s][info ][safepoint      ] Leaving safepoint region
[4.716s][info ][safepoint      ] Total time for which application threads were stopped: 0.0002902 seconds, Stopping threads took: 0.0001146 seconds
[4.726s][info ][safepoint      ] Application time: 0.0095140 seconds
[4.726s][info ][safepoint      ] Entering safepoint region: RevokeBias
[4.726s][info ][safepoint      ] Leaving safepoint region
[4.726s][info ][safepoint      ] Total time for which application threads were stopped: 0.0002644 seconds, Stopping threads took: 0.0000766 seconds
[4.730s][info ][safepoint      ] Application time: 0.0042031 seconds
[4.730s][info ][safepoint      ] Entering safepoint region: BulkRevokeBias
[4.731s][info ][safepoint      ] Leaving safepoint region
[4.731s][info ][safepoint      ] Total time for which application threads were stopped: 0.0010068 seconds, Stopping threads took: 0.0001337 seconds
[4.802s][info ][safepoint      ] Application time: 0.0706228 seconds
[4.802s][info ][safepoint      ] Entering safepoint region: ICBufferFull
[4.802s][info ][safepoint      ] Leaving safepoint region
[4.802s][info ][safepoint      ] Total time for which application threads were stopped: 0.0002431 seconds, Stopping threads took: 0.0000568 seconds
[4.832s][info ][safepoint      ] Application time: 0.0301743 seconds
[4.832s][info ][safepoint      ] Entering safepoint region: Deoptimize
[4.833s][info ][safepoint      ] Leaving safepoint region
[4.833s][info ][safepoint      ] Total time for which application threads were stopped: 0.0008287 seconds, Stopping threads took: 0.0000733 seconds
[4.894s][info ][safepoint      ] Application time: 0.0613113 seconds
[4.895s][info ][safepoint      ] Entering safepoint region: ICBufferFull
[4.895s][info ][safepoint      ] Leaving safepoint region
[4.895s][info ][safepoint      ] Total time for which application threads were stopped: 0.0003384 seconds, Stopping threads took: 0.0001535 seconds
[4.924s][info ][safepoint      ] Application time: 0.0287953 seconds
[4.924s][info ][safepoint      ] Entering safepoint region: Deoptimize
[4.924s][info ][safepoint      ] Leaving safepoint region
[4.924s][info ][safepoint      ] Total time for which application threads were stopped: 0.0007222 seconds, Stopping threads took: 0.0000760 seconds
[5.043s][info ][safepoint      ] Application time: 0.1182013 seconds
[5.043s][info ][safepoint      ] Entering safepoint region: ICBufferFull
[5.043s][info ][safepoint      ] Leaving safepoint region
[5.043s][info ][safepoint      ] Total time for which application threads were stopped: 0.0007519 seconds, Stopping threads took: 0.0005002 seconds
[5.071s][info ][safepoint      ] Application time: 0.0272056 seconds
[5.071s][info ][safepoint      ] Entering safepoint region: Deoptimize
[5.072s][info ][safepoint      ] Leaving safepoint region
[5.072s][info ][safepoint      ] Total time for which application threads were stopped: 0.0011580 seconds, Stopping threads took: 0.0004485 seconds
[5.171s][info ][safepoint      ] Application time: 0.0989643 seconds
[5.171s][info ][safepoint      ] Entering safepoint region: Deoptimize
[5.172s][info ][safepoint      ] Leaving safepoint region
[5.172s][info ][safepoint      ] Total time for which application threads were stopped: 0.0008580 seconds, Stopping threads took: 0.0001128 seconds
[5.235s][info ][safepoint      ] Application time: 0.0637290 seconds
[5.235s][info ][safepoint      ] Entering safepoint region: Deoptimize
[5.236s][info ][safepoint      ] Leaving safepoint region
[5.236s][info ][safepoint      ] Total time for which application threads were stopped: 0.0009179 seconds, Stopping threads took: 0.0000959 seconds
[5.513s][info ][safepoint      ] Application time: 0.2764873 seconds
[5.513s][info ][safepoint      ] Entering safepoint region: ICBufferFull
[5.513s][info ][safepoint      ] Leaving safepoint region
[5.513s][info ][safepoint      ] Total time for which application threads were stopped: 0.0004154 seconds, Stopping threads took: 0.0001896 seconds
[5.532s][info ][safepoint      ] Application time: 0.0185888 seconds
[5.532s][info ][safepoint      ] Entering safepoint region: ParallelGCFailedAllocation
[5.533s][info ][gc,start       ] GC(4) Pause Young (Allocation Failure)
[5.663s][debug][gc,phases      ] GC(4) Scavenge 130.117ms
[5.663s][debug][gc,ref         ] GC(4) Skipped phase1 of Reference Processing due to unavailable references
[5.663s][debug][gc,ref         ] GC(4) Skipped phase3 of Reference Processing due to unavailable references
[5.663s][debug][gc,phases      ] GC(4) Reference Processing 0.457ms
[5.664s][debug][gc,phases      ] GC(4) Weak Processing 0.318ms
[5.665s][debug][gc,phases      ] GC(4) Scrub String Table 1.244ms
[5.665s][debug][gc,age         ] GC(4) Desired survivor size 536870912 bytes, new threshold 7 (max threshold 15)
[5.665s][info ][gc,heap        ] GC(4) PSYoungGen: 1095429K->131509K(1572864K)
[5.665s][info ][gc,heap        ] GC(4) ParOldGen: 5612K->5628K(6144K)
[5.665s][info ][gc,metaspace   ] GC(4) Metaspace: 48915K->48915K(1093632K)
[5.665s][info ][gc             ] GC(4) Pause Young (Allocation Failure) 1075M->133M(1542M) 132.309ms
[5.665s][info ][gc,cpu         ] GC(4) User=0.43s Sys=0.10s Real=0.13s
[5.665s][info ][safepoint      ] Leaving safepoint region
[5.665s][info ][safepoint      ] Total time for which application threads were stopped: 0.1331881 seconds, Stopping threads took: 0.0003055 seconds
[5.666s][info ][safepoint      ] Application time: 0.0007601 seconds
[5.666s][info ][safepoint      ] Entering safepoint region: RevokeBias
[5.666s][info ][safepoint      ] Leaving safepoint region
[5.666s][info ][safepoint      ] Total time for which application threads were stopped: 0.0003359 seconds, Stopping threads took: 0.0001757 seconds
[5.666s][info ][safepoint      ] Application time: 0.0001007 seconds
[5.666s][info ][safepoint      ] Entering safepoint region: RevokeBias
[5.666s][info ][safepoint      ] Leaving safepoint region
[5.666s][info ][safepoint      ] Total time for which application threads were stopped: 0.0002007 seconds, Stopping threads took: 0.0000817 seconds
[5.678s][info ][safepoint      ] Application time: 0.0120061 seconds
[5.685s][info ][safepoint      ] Entering safepoint region: Deoptimize
[5.686s][info ][safepoint      ] Leaving safepoint region
[5.686s][info ][safepoint      ] Total time for which application threads were stopped: 0.0078450 seconds, Stopping threads took: 0.0070401 seconds
[5.698s][info ][safepoint      ] Application time: 0.0114862 seconds
[5.698s][info ][safepoint      ] Entering safepoint region: RevokeBias
[5.698s][info ][safepoint      ] Leaving safepoint region
[5.698s][info ][safepoint      ] Total time for which application threads were stopped: 0.0004102 seconds, Stopping threads took: 0.0002355 seconds
[5.729s][info ][safepoint      ] Application time: 0.0304553 seconds
[5.729s][info ][safepoint      ] Entering safepoint region: RevokeBias
[5.729s][info ][safepoint      ] Leaving safepoint region
[5.729s][info ][safepoint      ] Total time for which application threads were stopped: 0.0004007 seconds, Stopping threads took: 0.0002283 seconds
[5.729s][info ][safepoint      ] Application time: 0.0001136 seconds
[5.729s][info ][safepoint      ] Entering safepoint region: RevokeBias
[5.729s][info ][safepoint      ] Leaving safepoint region
[5.729s][info ][safepoint      ] Total time for which application threads were stopped: 0.0001561 seconds, Stopping threads took: 0.0000743 seconds
[5.730s][info ][safepoint      ] Application time: 0.0003809 seconds
[5.730s][info ][safepoint      ] Entering safepoint region: RevokeBias
[5.730s][info ][safepoint      ] Leaving safepoint region
[5.730s][info ][safepoint      ] Total time for which application threads were stopped: 0.0002464 seconds, Stopping threads took: 0.0001386 seconds
[5.730s][info ][safepoint      ] Application time: 0.0000715 seconds
[5.730s][info ][safepoint      ] Entering safepoint region: RevokeBias
[5.730s][info ][safepoint      ] Leaving safepoint region
[5.730s][info ][safepoint      ] Total time for which application threads were stopped: 0.0001641 seconds, Stopping threads took: 0.0000827 seconds
[5.731s][info ][safepoint      ] Application time: 0.0008083 seconds
[5.731s][info ][safepoint      ] Entering safepoint region: RevokeBias
[5.731s][info ][safepoint      ] Leaving safepoint region
[5.731s][info ][safepoint      ] Total time for which application threads were stopped: 0.0003180 seconds, Stopping threads took: 0.0001694 seconds
[5.732s][info ][safepoint      ] Application time: 0.0004222 seconds
[5.732s][info ][safepoint      ] Entering safepoint region: RevokeBias
[5.732s][info ][safepoint      ] Leaving safepoint region
[5.732s][info ][safepoint      ] Total time for which application threads were stopped: 0.0002555 seconds, Stopping threads took: 0.0001379 seconds
[5.733s][info ][safepoint      ] Application time: 0.0008567 seconds
[5.733s][info ][safepoint      ] Entering safepoint region: RevokeBias
[5.733s][info ][safepoint      ] Leaving safepoint region
[5.733s][info ][safepoint      ] Total time for which application threads were stopped: 0.0003059 seconds, Stopping threads took: 0.0001883 seconds
[5.749s][info ][safepoint      ] Application time: 0.0153224 seconds
[5.752s][info ][safepoint      ] Entering safepoint region: RevokeBias
[5.752s][info ][safepoint      ] Leaving safepoint region
[5.752s][info ][safepoint      ] Total time for which application threads were stopped: 0.0037722 seconds, Stopping threads took: 0.0035163 seconds
[5.753s][info ][safepoint      ] Application time: 0.0002606 seconds
[5.753s][info ][safepoint      ] Entering safepoint region: RevokeBias
[5.753s][info ][safepoint      ] Leaving safepoint region
[5.753s][info ][safepoint      ] Total time for which application threads were stopped: 0.0002614 seconds, Stopping threads took: 0.0001067 seconds
[5.753s][info ][safepoint      ] Application time: 0.0002718 seconds
[5.753s][info ][safepoint      ] Entering safepoint region: RevokeBias
[5.754s][info ][safepoint      ] Leaving safepoint region
[5.754s][info ][safepoint      ] Total time for which application threads were stopped: 0.0002674 seconds, Stopping threads took: 0.0001546 seconds
[5.755s][info ][safepoint      ] Application time: 0.0016438 seconds
[5.759s][info ][safepoint      ] Entering safepoint region: RevokeBias
[5.759s][info ][safepoint      ] Leaving safepoint region
[5.759s][info ][safepoint      ] Total time for which application threads were stopped: 0.0037202 seconds, Stopping threads took: 0.0035647 seconds
[5.767s][info ][safepoint      ] Application time: 0.0079806 seconds
[5.767s][info ][safepoint      ] Entering safepoint region: RevokeBias
[5.768s][info ][safepoint      ] Leaving safepoint region
[5.768s][info ][safepoint      ] Total time for which application threads were stopped: 0.0005281 seconds, Stopping threads took: 0.0003301 seconds
[5.768s][info ][safepoint      ] Application time: 0.0004993 seconds
[5.768s][info ][safepoint      ] Entering safepoint region: RevokeBias
[5.768s][info ][safepoint      ] Leaving safepoint region
[5.768s][info ][safepoint      ] Total time for which application threads were stopped: 0.0003335 seconds, Stopping threads took: 0.0001514 seconds
[5.905s][info ][safepoint      ] Application time: 0.1371119 seconds
[5.906s][info ][safepoint      ] Entering safepoint region: ParallelGCFailedAllocation
[5.906s][info ][gc,start       ] GC(5) Pause Young (Allocation Failure)
[6.004s][debug][gc,phases      ] GC(5) Scavenge 98.052ms
[6.004s][debug][gc,ref         ] GC(5) Skipped phase1 of Reference Processing due to unavailable references
[6.004s][debug][gc,ref         ] GC(5) Skipped phase3 of Reference Processing due to unavailable references
[6.004s][debug][gc,phases      ] GC(5) Reference Processing 0.280ms
[6.005s][debug][gc,phases      ] GC(5) Weak Processing 0.311ms
[6.006s][debug][gc,phases      ] GC(5) Scrub String Table 1.091ms
[6.006s][debug][gc,age         ] GC(5) Desired survivor size 536870912 bytes, new threshold 7 (max threshold 15)
[6.006s][info ][gc,heap        ] GC(5) PSYoungGen: 1180085K->134875K(1572864K)
[6.006s][info ][gc,heap        ] GC(5) ParOldGen: 5628K->5636K(6144K)
[6.006s][info ][gc,metaspace   ] GC(5) Metaspace: 49597K->49597K(1093632K)
[6.006s][info ][gc             ] GC(5) Pause Young (Allocation Failure) 1157M->137M(1542M) 99.885ms
[6.006s][info ][gc,cpu         ] GC(5) User=0.39s Sys=0.07s Real=0.10s
[6.006s][info ][safepoint      ] Leaving safepoint region
[6.006s][info ][safepoint      ] Total time for which application threads were stopped: 0.1002890 seconds, Stopping threads took: 0.0001639 seconds
[6.316s][info ][safepoint      ] Application time: 0.3100691 seconds
[6.316s][info ][safepoint      ] Entering safepoint region: ParallelGCFailedAllocation
[6.316s][info ][gc,start       ] GC(6) Pause Young (Allocation Failure)
[6.403s][debug][gc,phases      ] GC(6) Scavenge 87.039ms
[6.403s][debug][gc,ref         ] GC(6) Skipped phase1 of Reference Processing due to unavailable references
[6.404s][debug][gc,ref         ] GC(6) Skipped phase3 of Reference Processing due to unavailable references
[6.404s][debug][gc,phases      ] GC(6) Reference Processing 0.277ms
[6.404s][debug][gc,phases      ] GC(6) Weak Processing 0.373ms
[6.406s][debug][gc,phases      ] GC(6) Scrub String Table 1.393ms
[6.406s][debug][gc,age         ] GC(6) Desired survivor size 212336640 bytes, new threshold 6 (max threshold 15)
[6.406s][info ][gc,heap        ] GC(6) PSYoungGen: 1183451K->139887K(1572864K)
[6.406s][info ][gc,heap        ] GC(6) ParOldGen: 5636K->5644K(6144K)
[6.406s][info ][gc,metaspace   ] GC(6) Metaspace: 49651K->49651K(1093632K)
[6.406s][info ][gc             ] GC(6) Pause Young (Allocation Failure) 1161M->142M(1542M) 89.239ms
[6.406s][info ][gc,cpu         ] GC(6) User=0.37s Sys=0.02s Real=0.09s
[6.406s][info ][safepoint      ] Leaving safepoint region
[6.406s][info ][safepoint      ] Total time for which application threads were stopped: 0.0897495 seconds, Stopping threads took: 0.0002684 seconds
[6.622s][info ][safepoint      ] Application time: 0.2161976 seconds
[6.622s][info ][safepoint      ] Entering safepoint region: RevokeBias
[6.622s][info ][safepoint      ] Leaving safepoint region
[6.622s][info ][safepoint      ] Total time for which application threads were stopped: 0.0004028 seconds, Stopping threads took: 0.0001797 seconds
[6.623s][info ][safepoint      ] Application time: 0.0003168 seconds
[6.623s][info ][safepoint      ] Entering safepoint region: RevokeBias
[6.623s][info ][safepoint      ] Leaving safepoint region
[6.623s][info ][safepoint      ] Total time for which application threads were stopped: 0.0002913 seconds, Stopping threads took: 0.0001945 seconds
[6.628s][info ][safepoint      ] Application time: 0.0049674 seconds
[6.628s][info ][safepoint      ] Entering safepoint region: RevokeBias
[6.628s][info ][safepoint      ] Leaving safepoint region
[6.628s][info ][safepoint      ] Total time for which application threads were stopped: 0.0002960 seconds, Stopping threads took: 0.0001591 seconds
[6.638s][info ][safepoint      ] Application time: 0.0099867 seconds
[6.638s][info ][safepoint      ] Entering safepoint region: RevokeBias
[6.639s][info ][safepoint      ] Leaving safepoint region
[6.639s][info ][safepoint      ] Total time for which application threads were stopped: 0.0003141 seconds, Stopping threads took: 0.0001834 seconds
[6.642s][info ][safepoint      ] Application time: 0.0035307 seconds
[6.642s][info ][safepoint      ] Entering safepoint region: ParallelGCFailedAllocation
[6.642s][info ][gc,start       ] GC(7) Pause Young (Allocation Failure)
[6.756s][debug][gc,phases      ] GC(7) Scavenge 113.032ms
[6.756s][debug][gc,ref         ] GC(7) Skipped phase1 of Reference Processing due to unavailable references
[6.756s][debug][gc,ref         ] GC(7) Skipped phase3 of Reference Processing due to unavailable references
[6.756s][debug][gc,phases      ] GC(7) Reference Processing 0.284ms
[6.756s][debug][gc,phases      ] GC(7) Weak Processing 0.298ms
[6.757s][debug][gc,phases      ] GC(7) Scrub String Table 1.086ms
[6.757s][debug][gc,age         ] GC(7) Desired survivor size 223346688 bytes, new threshold 5 (max threshold 15)
[6.757s][info ][gc,heap        ] GC(7) PSYoungGen: 1188463K->143103K(1868288K)
[6.757s][info ][gc,heap        ] GC(7) ParOldGen: 5644K->5652K(6144K)
[6.757s][info ][gc,metaspace   ] GC(7) Metaspace: 50094K->50094K(1095680K)
[6.757s][info ][gc             ] GC(7) Pause Young (Allocation Failure) 1166M->145M(1830M) 114.853ms
[6.757s][info ][gc,cpu         ] GC(7) User=0.45s Sys=0.11s Real=0.11s
[6.757s][info ][safepoint      ] Leaving safepoint region
[6.757s][info ][safepoint      ] Total time for which application threads were stopped: 0.1152169 seconds, Stopping threads took: 0.0001980 seconds
[6.761s][info ][safepoint      ] Application time: 0.0036605 seconds
[6.762s][info ][safepoint      ] Entering safepoint region: RevokeBias
[6.762s][info ][safepoint      ] Leaving safepoint region
[6.762s][info ][safepoint      ] Total time for which application threads were stopped: 0.0006888 seconds, Stopping threads took: 0.0005695 seconds
[6.770s][info ][safepoint      ] Application time: 0.0086556 seconds
[6.771s][info ][safepoint      ] Entering safepoint region: RevokeBias
[6.771s][info ][safepoint      ] Leaving safepoint region
[6.771s][info ][safepoint      ] Total time for which application threads were stopped: 0.0002914 seconds, Stopping threads took: 0.0001786 seconds
[6.776s][info ][safepoint      ] Application time: 0.0049764 seconds
[6.776s][info ][safepoint      ] Entering safepoint region: RevokeBias
[6.776s][info ][safepoint      ] Leaving safepoint region
[6.776s][info ][safepoint      ] Total time for which application threads were stopped: 0.0003208 seconds, Stopping threads took: 0.0001633 seconds
[6.795s][info ][safepoint      ] Application time: 0.0185127 seconds
[6.795s][info ][safepoint      ] Entering safepoint region: RevokeBias
[6.795s][info ][safepoint      ] Leaving safepoint region
[6.795s][info ][safepoint      ] Total time for which application threads were stopped: 0.0003384 seconds, Stopping threads took: 0.0001679 seconds
[6.827s][info ][safepoint      ] Application time: 0.0319690 seconds
[6.827s][info ][safepoint      ] Entering safepoint region: RevokeBias
[6.827s][info ][safepoint      ] Leaving safepoint region
[6.827s][info ][safepoint      ] Total time for which application threads were stopped: 0.0003712 seconds, Stopping threads took: 0.0002045 seconds
[7.098s][info ][safepoint      ] Application time: 0.2703614 seconds
[7.098s][info ][safepoint      ] Entering safepoint region: Deoptimize
[7.099s][info ][safepoint      ] Leaving safepoint region
[7.099s][info ][safepoint      ] Total time for which application threads were stopped: 0.0014583 seconds, Stopping threads took: 0.0005152 seconds
[7.175s][info ][safepoint      ] Application time: 0.0757640 seconds
[7.175s][info ][safepoint      ] Entering safepoint region: ParallelGCFailedAllocation
[7.175s][info ][gc,start       ] GC(8) Pause Young (Allocation Failure)
[7.293s][debug][gc,phases      ] GC(8) Scavenge 117.483ms
[7.293s][debug][gc,ref         ] GC(8) Skipped phase1 of Reference Processing due to unavailable references
[7.293s][debug][gc,ref         ] GC(8) Skipped phase3 of Reference Processing due to unavailable references
[7.293s][debug][gc,phases      ] GC(8) Reference Processing 0.269ms
[7.293s][debug][gc,phases      ] GC(8) Weak Processing 0.302ms
[7.295s][debug][gc,phases      ] GC(8) Scrub String Table 1.088ms
[7.295s][debug][gc,age         ] GC(8) Desired survivor size 208142336 bytes, new threshold 4 (max threshold 15)
[7.295s][info ][gc,heap        ] GC(8) PSYoungGen: 1804031K->92340K(1879040K)
[7.295s][info ][gc,heap        ] GC(8) ParOldGen: 5652K->52438K(52736K)
[7.295s][info ][gc,metaspace   ] GC(8) Metaspace: 51596K->51596K(1095680K)
[7.295s][info ][gc             ] GC(8) Pause Young (Allocation Failure) 1767M->141M(1886M) 119.297ms
[7.295s][info ][gc,cpu         ] GC(8) User=0.36s Sys=0.10s Real=0.12s
[7.295s][debug][gc,phases      ] GC(9) Pre Compact 0.013ms
[7.295s][info ][gc,start       ] GC(9) Pause Full (Ergonomics)
[7.295s][info ][gc,phases,start] GC(9) Marking Phase
[7.416s][debug][gc,phases      ] GC(9) Par Mark 120.780ms
[7.416s][debug][gc,ref         ] GC(9) Skipped phase1 of Reference Processing due to unavailable references
[7.416s][debug][gc,ref         ] GC(9) Skipped phase3 of Reference Processing due to unavailable references
[7.416s][debug][gc,phases      ] GC(9) Reference Processing 0.262ms
[7.416s][debug][gc,phases      ] GC(9) Weak Processing 0.123ms
[7.418s][debug][gc,phases      ] GC(9) ClassLoaderData 1.159ms
[7.418s][debug][gc,phases      ] GC(9) Dictionary 0.017ms
[7.418s][debug][gc,phases      ] GC(9) ProtectionDomainCacheTable 0.002ms
[7.418s][debug][gc,phases      ] GC(9) ResolvedMethodTable 0.170ms
[7.431s][debug][gc,phases      ] GC(9) Class Unloading 14.469ms
[7.431s][debug][gc,phases      ] GC(9) Scrub String Table 0.428ms
[7.437s][debug][gc,phases      ] GC(9) Scrub Symbol Table 5.157ms
[7.437s][info ][gc,phases      ] GC(9) Marking Phase 141.912ms
[7.437s][info ][gc,phases,start] GC(9) Summary Phase
[7.437s][info ][gc,phases      ] GC(9) Summary Phase 0.012ms
[7.437s][info ][gc,phases,start] GC(9) Adjust Roots
[7.471s][info ][gc,phases      ] GC(9) Adjust Roots 34.706ms
[7.471s][info ][gc,phases,start] GC(9) Compaction Phase
[8.497s][info ][gc,phases      ] GC(9) Compaction Phase 1025.745ms
[8.497s][info ][gc,phases,start] GC(9) Post Compact
[8.498s][info ][gc,phases      ] GC(9) Post Compact 1.255ms
[8.499s][info ][gc,heap        ] GC(9) PSYoungGen: 92340K->91524K(1879040K)
[8.499s][info ][gc,heap        ] GC(9) ParOldGen: 52438K->52629K(86528K)
[8.499s][info ][gc,metaspace   ] GC(9) Metaspace: 51596K->51478K(1095680K)
[8.499s][info ][gc             ] GC(9) Pause Full (Ergonomics) 141M->140M(1919M) 1203.975ms
[8.499s][info ][gc,cpu         ] GC(9) User=4.48s Sys=0.03s Real=1.20s
[8.499s][info ][safepoint      ] Leaving safepoint region
[8.499s][info ][safepoint      ] Total time for which application threads were stopped: 1.3237717 seconds, Stopping threads took: 0.0001601 seconds
[8.542s][info ][safepoint      ] Application time: 0.0428694 seconds
[8.542s][info ][safepoint      ] Entering safepoint region: ICBufferFull
[8.542s][info ][safepoint      ] Leaving safepoint region
[8.542s][info ][safepoint      ] Total time for which application threads were stopped: 0.0003259 seconds, Stopping threads took: 0.0000857 seconds
[8.716s][info ][safepoint      ] Application time: 0.1738798 seconds
[8.716s][info ][safepoint      ] Entering safepoint region: ICBufferFull
[8.716s][info ][safepoint      ] Leaving safepoint region
[8.716s][info ][safepoint      ] Total time for which application threads were stopped: 0.0004554 seconds, Stopping threads took: 0.0001712 seconds
[8.941s][info ][safepoint      ] Application time: 0.2242088 seconds
[8.941s][info ][safepoint      ] Entering safepoint region: ICBufferFull
[8.941s][info ][safepoint      ] Leaving safepoint region
[8.941s][info ][safepoint      ] Total time for which application threads were stopped: 0.0003962 seconds, Stopping threads took: 0.0001504 seconds
[8.951s][info ][safepoint      ] Application time: 0.0101692 seconds
[8.951s][info ][safepoint      ] Entering safepoint region: ParallelGCFailedAllocation
[8.952s][info ][gc,start       ] GC(10) Pause Young (Allocation Failure)
[9.082s][debug][gc,phases      ] GC(10) Scavenge 130.327ms
[9.082s][debug][gc,ref         ] GC(10) Skipped phase1 of Reference Processing due to unavailable references
[9.082s][debug][gc,ref         ] GC(10) Skipped phase3 of Reference Processing due to unavailable references
[9.082s][debug][gc,phases      ] GC(10) Reference Processing 0.087ms
[9.082s][debug][gc,phases      ] GC(10) Weak Processing 0.239ms
[9.083s][debug][gc,phases      ] GC(10) Scrub String Table 0.623ms
[9.083s][debug][gc,age         ] GC(10) Desired survivor size 213385216 bytes, new threshold 5 (max threshold 15)
[9.083s][info ][gc,heap        ] GC(10) PSYoungGen: 1752452K->8352K(1883648K)
[9.083s][info ][gc,heap        ] GC(10) ParOldGen: 52629K->138930K(139264K)
[9.083s][info ][gc,metaspace   ] GC(10) Metaspace: 51669K->51669K(1095680K)
[9.083s][info ][gc             ] GC(10) Pause Young (Allocation Failure) 1762M->143M(1975M) 131.431ms
[9.083s][info ][gc,cpu         ] GC(10) User=0.45s Sys=0.08s Real=0.14s
[9.083s][debug][gc,phases      ] GC(11) Pre Compact 0.015ms
[9.083s][info ][gc,start       ] GC(11) Pause Full (Ergonomics)
[9.083s][info ][gc,phases,start] GC(11) Marking Phase
[9.211s][debug][gc,phases      ] GC(11) Par Mark 127.599ms
[9.211s][debug][gc,ref         ] GC(11) Skipped phase1 of Reference Processing due to unavailable references
[9.211s][debug][gc,ref         ] GC(11) Skipped phase3 of Reference Processing due to unavailable references
[9.211s][debug][gc,phases      ] GC(11) Reference Processing 0.235ms
[9.212s][debug][gc,phases      ] GC(11) Weak Processing 0.193ms
[9.212s][debug][gc,phases      ] GC(11) ClassLoaderData 0.466ms
[9.212s][debug][gc,phases      ] GC(11) ProtectionDomainCacheTable 0.004ms
[9.212s][debug][gc,phases      ] GC(11) ResolvedMethodTable 0.184ms
[9.215s][debug][gc,phases      ] GC(11) Class Unloading 3.641ms
[9.216s][debug][gc,phases      ] GC(11) Scrub String Table 0.469ms
[9.220s][debug][gc,phases      ] GC(11) Scrub Symbol Table 4.642ms
[9.220s][info ][gc,phases      ] GC(11) Marking Phase 137.291ms
[9.220s][info ][gc,phases,start] GC(11) Summary Phase
[9.220s][info ][gc,phases      ] GC(11) Summary Phase 0.010ms
[9.220s][info ][gc,phases,start] GC(11) Adjust Roots
[9.242s][info ][gc,phases      ] GC(11) Adjust Roots 21.334ms
[9.242s][info ][gc,phases,start] GC(11) Compaction Phase
[9.919s][info ][gc,phases      ] GC(11) Compaction Phase 677.369ms
[9.919s][info ][gc,phases,start] GC(11) Post Compact
[9.920s][info ][gc,phases      ] GC(11) Post Compact 0.863ms
[9.920s][info ][gc,heap        ] GC(11) PSYoungGen: 8352K->7737K(1883648K)
[9.920s][info ][gc,heap        ] GC(11) ParOldGen: 138930K->139126K(213504K)
[9.920s][info ][gc,metaspace   ] GC(11) Metaspace: 51669K->51669K(1095680K)
[9.920s][info ][gc             ] GC(11) Pause Full (Ergonomics) 143M->143M(2048M) 837.279ms
[9.920s][info ][gc,cpu         ] GC(11) User=3.10s Sys=0.03s Real=0.83s
[9.920s][info ][safepoint      ] Leaving safepoint region
[9.920s][info ][safepoint      ] Total time for which application threads were stopped: 0.9691696 seconds, Stopping threads took: 0.0001765 seconds
[10.178s][info ][safepoint      ] Application time: 0.2573348 seconds
[10.178s][info ][safepoint      ] Entering safepoint region: ICBufferFull
[10.178s][info ][safepoint      ] Leaving safepoint region
[10.178s][info ][safepoint      ] Total time for which application threads were stopped: 0.0005234 seconds, Stopping threads took: 0.0002613 seconds
[10.245s][info ][safepoint      ] Application time: 0.0665220 seconds
[10.245s][info ][safepoint      ] Entering safepoint region: ParallelGCFailedAllocation
[10.245s][info ][gc,start       ] GC(12) Pause Young (Allocation Failure)
[10.273s][debug][gc,phases      ] GC(12) Scavenge 27.770ms
[10.273s][debug][gc,ref         ] GC(12) Skipped phase1 of Reference Processing due to unavailable references
[10.273s][debug][gc,ref         ] GC(12) Skipped phase3 of Reference Processing due to unavailable references
[10.273s][debug][gc,ref         ] GC(12) Skipped phase4 of Reference Processing due to unavailable references
[10.273s][debug][gc,phases      ] GC(12) Reference Processing 0.079ms
[10.273s][debug][gc,phases      ] GC(12) Weak Processing 0.101ms
[10.274s][debug][gc,phases      ] GC(12) Scrub String Table 0.359ms
[10.274s][debug][gc,age         ] GC(12) Desired survivor size 214433792 bytes, new threshold 6 (max threshold 15)
[10.274s][info ][gc,heap        ] GC(12) PSYoungGen: 1688121K->11648K(1692160K)
[10.274s][info ][gc,heap        ] GC(12) ParOldGen: 139126K->139126K(213504K)
[10.274s][info ][gc,metaspace   ] GC(12) Metaspace: 51673K->51673K(1095680K)
[10.274s][info ][gc             ] GC(12) Pause Young (Allocation Failure) 1784M->147M(1861M) 28.460ms
[10.274s][info ][gc,cpu         ] GC(12) User=0.12s Sys=0.00s Real=0.03s
[10.274s][info ][safepoint      ] Leaving safepoint region
[10.274s][info ][safepoint      ] Total time for which application threads were stopped: 0.0289250 seconds, Stopping threads took: 0.0001995 seconds
[10.353s][info ][safepoint      ] Application time: 0.0796278 seconds
[10.354s][info ][safepoint      ] Entering safepoint region: Deoptimize
[10.355s][info ][safepoint      ] Leaving safepoint region
[10.355s][info ][safepoint      ] Total time for which application threads were stopped: 0.0011325 seconds, Stopping threads took: 0.0002151 seconds
[10.410s][info ][safepoint      ] Application time: 0.0555682 seconds
[10.410s][info ][safepoint      ] Entering safepoint region: RevokeBias
[10.411s][info ][safepoint      ] Leaving safepoint region
[10.411s][info ][safepoint      ] Total time for which application threads were stopped: 0.0004574 seconds, Stopping threads took: 0.0001752 seconds
[10.411s][info ][safepoint      ] Application time: 0.0000997 seconds
[10.411s][info ][safepoint      ] Entering safepoint region: RevokeBias
[10.411s][info ][safepoint      ] Leaving safepoint region
[10.411s][info ][safepoint      ] Total time for which application threads were stopped: 0.0000827 seconds, Stopping threads took: 0.0000070 seconds
[10.411s][info ][safepoint      ] Application time: 0.0000478 seconds
[10.411s][info ][safepoint      ] Entering safepoint region: RevokeBias
[10.411s][info ][safepoint      ] Leaving safepoint region
[10.411s][info ][safepoint      ] Total time for which application threads were stopped: 0.0001352 seconds, Stopping threads took: 0.0000662 seconds
[10.412s][info ][safepoint      ] Application time: 0.0010807 seconds
[10.412s][info ][safepoint      ] Entering safepoint region: RevokeBias
[10.412s][info ][safepoint      ] Leaving safepoint region
[10.412s][info ][safepoint      ] Total time for which application threads were stopped: 0.0002348 seconds, Stopping threads took: 0.0001410 seconds
[10.413s][info ][safepoint      ] Application time: 0.0001535 seconds
[10.413s][info ][safepoint      ] Entering safepoint region: RevokeBias
[10.413s][info ][safepoint      ] Leaving safepoint region
[10.413s][info ][safepoint      ] Total time for which application threads were stopped: 0.0002029 seconds, Stopping threads took: 0.0001374 seconds
[10.577s][info ][safepoint      ] Application time: 0.1644447 seconds
[10.577s][info ][safepoint      ] Entering safepoint region: ParallelGCFailedAllocation
[10.578s][info ][gc,start       ] GC(13) Pause Young (Allocation Failure)
[10.588s][debug][gc,phases      ] GC(13) Scavenge 10.548ms
[10.588s][debug][gc,ref         ] GC(13) Skipped phase1 of Reference Processing due to unavailable references
[10.588s][debug][gc,ref         ] GC(13) Skipped phase3 of Reference Processing due to unavailable references
[10.588s][debug][gc,phases      ] GC(13) Reference Processing 0.065ms
[10.588s][debug][gc,phases      ] GC(13) Weak Processing 0.097ms
[10.589s][debug][gc,phases      ] GC(13) Scrub String Table 0.365ms
[10.589s][debug][gc,age         ] GC(13) Desired survivor size 212860928 bytes, new threshold 7 (max threshold 15)
[10.589s][info ][gc,heap        ] GC(13) PSYoungGen: 1692032K->13136K(1889280K)
[10.589s][info ][gc,heap        ] GC(13) ParOldGen: 139126K->139134K(213504K)
[10.589s][info ][gc,metaspace   ] GC(13) Metaspace: 52475K->52475K(1097728K)
[10.589s][info ][gc             ] GC(13) Pause Young (Allocation Failure) 1788M->148M(2053M) 11.217ms
[10.589s][info ][gc,cpu         ] GC(13) User=0.05s Sys=0.01s Real=0.01s
[10.589s][info ][safepoint      ] Leaving safepoint region
[10.589s][info ][safepoint      ] Total time for which application threads were stopped: 0.0115995 seconds, Stopping threads took: 0.0001674 seconds
[10.647s][info ][safepoint      ] Application time: 0.0584111 seconds
[10.648s][info ][safepoint      ] Entering safepoint region: Deoptimize
[10.649s][info ][safepoint      ] Leaving safepoint region
[10.649s][info ][safepoint      ] Total time for which application threads were stopped: 0.0012366 seconds, Stopping threads took: 0.0002007 seconds
[10.651s][info ][safepoint      ] Application time: 0.0026632 seconds
[10.651s][info ][safepoint      ] Entering safepoint region: Deoptimize
[10.652s][info ][safepoint      ] Leaving safepoint region
[10.652s][info ][safepoint      ] Total time for which application threads were stopped: 0.0006932 seconds, Stopping threads took: 0.0001517 seconds
[10.655s][info ][safepoint      ] Application time: 0.0029822 seconds
[10.655s][info ][safepoint      ] Entering safepoint region: RevokeBias
[10.655s][info ][safepoint      ] Leaving safepoint region
[10.655s][info ][safepoint      ] Total time for which application threads were stopped: 0.0003386 seconds, Stopping threads took: 0.0001874 seconds
[10.656s][info ][safepoint      ] Application time: 0.0001667 seconds
[10.656s][info ][safepoint      ] Entering safepoint region: RevokeBias
[10.656s][info ][safepoint      ] Leaving safepoint region
[10.656s][info ][safepoint      ] Total time for which application threads were stopped: 0.0002458 seconds, Stopping threads took: 0.0001524 seconds
[10.673s][info ][safepoint      ] Application time: 0.0168575 seconds
[10.673s][info ][safepoint      ] Entering safepoint region: RevokeBias
[10.673s][info ][safepoint      ] Leaving safepoint region
[10.673s][info ][safepoint      ] Total time for which application threads were stopped: 0.0002988 seconds, Stopping threads took: 0.0001702 seconds
[10.688s][info ][safepoint      ] Application time: 0.0148751 seconds
[10.688s][info ][safepoint      ] Entering safepoint region: Deoptimize
[10.689s][info ][safepoint      ] Leaving safepoint region
[10.689s][info ][safepoint      ] Total time for which application threads were stopped: 0.0011714 seconds, Stopping threads took: 0.0001606 seconds
[10.739s][info ][safepoint      ] Application time: 0.0498689 seconds
[10.739s][info ][safepoint      ] Entering safepoint region: RevokeBias
[10.739s][info ][safepoint      ] Leaving safepoint region
[10.739s][info ][safepoint      ] Total time for which application threads were stopped: 0.0003399 seconds, Stopping threads took: 0.0001884 seconds
[10.786s][info ][safepoint      ] Application time: 0.0463471 seconds
[10.786s][info ][safepoint      ] Entering safepoint region: RevokeBias
[10.787s][info ][safepoint      ] Leaving safepoint region
[10.787s][info ][safepoint      ] Total time for which application threads were stopped: 0.0014463 seconds, Stopping threads took: 0.0001785 seconds
[10.788s][info ][safepoint      ] Application time: 0.0004442 seconds
[10.788s][info ][safepoint      ] Entering safepoint region: RevokeBias
[10.788s][info ][safepoint      ] Leaving safepoint region
[10.788s][info ][safepoint      ] Total time for which application threads were stopped: 0.0002661 seconds, Stopping threads took: 0.0001439 seconds
[10.794s][info ][safepoint      ] Application time: 0.0065390 seconds
[10.795s][info ][safepoint      ] Entering safepoint region: RevokeBias
[10.795s][info ][safepoint      ] Leaving safepoint region
[10.795s][info ][safepoint      ] Total time for which application threads were stopped: 0.0002923 seconds, Stopping threads took: 0.0001937 seconds
[10.798s][info ][safepoint      ] Application time: 0.0028878 seconds
[10.798s][info ][safepoint      ] Entering safepoint region: BulkRevokeBias
[10.799s][info ][safepoint      ] Leaving safepoint region
[10.799s][info ][safepoint      ] Total time for which application threads were stopped: 0.0013666 seconds, Stopping threads took: 0.0001666 seconds
[10.835s][info ][safepoint      ] Application time: 0.0360999 seconds
[10.835s][info ][safepoint      ] Entering safepoint region: RevokeBias
[10.835s][info ][safepoint      ] Leaving safepoint region
[10.835s][info ][safepoint      ] Total time for which application threads were stopped: 0.0003199 seconds, Stopping threads took: 0.0001684 seconds
[10.836s][info ][safepoint      ] Application time: 0.0000579 seconds
[10.836s][info ][safepoint      ] Entering safepoint region: RevokeBias
[10.836s][info ][safepoint      ] Leaving safepoint region
[10.836s][info ][safepoint      ] Total time for which application threads were stopped: 0.0001437 seconds, Stopping threads took: 0.0000573 seconds
[10.869s][info ][safepoint      ] Application time: 0.0332840 seconds
[10.869s][info ][safepoint      ] Entering safepoint region: RevokeBias
[10.869s][info ][safepoint      ] Leaving safepoint region
[10.869s][info ][safepoint      ] Total time for which application threads were stopped: 0.0003025 seconds, Stopping threads took: 0.0001598 seconds
[10.892s][info ][safepoint      ] Application time: 0.0231332 seconds
[10.893s][info ][safepoint      ] Entering safepoint region: RevokeBias
[10.893s][info ][safepoint      ] Leaving safepoint region
[10.893s][info ][safepoint      ] Total time for which application threads were stopped: 0.0003753 seconds, Stopping threads took: 0.0002019 seconds
[10.893s][info ][safepoint      ] Application time: 0.0003830 seconds
[10.893s][info ][safepoint      ] Entering safepoint region: RevokeBias
[10.893s][info ][safepoint      ] Leaving safepoint region
[10.893s][info ][safepoint      ] Total time for which application threads were stopped: 0.0002559 seconds, Stopping threads took: 0.0001612 seconds
[10.910s][info ][safepoint      ] Application time: 0.0168231 seconds
[10.914s][info ][safepoint      ] Entering safepoint region: ParallelGCFailedAllocation
[10.914s][info ][gc,start       ] GC(14) Pause Young (Allocation Failure)
[10.926s][debug][gc,phases      ] GC(14) Scavenge 12.076ms
[10.926s][debug][gc,ref         ] GC(14) Skipped phase1 of Reference Processing due to unavailable references
[10.926s][debug][gc,ref         ] GC(14) Skipped phase3 of Reference Processing due to unavailable references
[10.926s][debug][gc,phases      ] GC(14) Reference Processing 0.089ms
[10.926s][debug][gc,phases      ] GC(14) Weak Processing 0.107ms
[10.927s][debug][gc,phases      ] GC(14) Scrub String Table 0.382ms
[10.927s][debug][gc,age         ] GC(14) Desired survivor size 208142336 bytes, new threshold 8 (max threshold 15)
[10.927s][info ][gc,heap        ] GC(14) PSYoungGen: 1693008K->19648K(1887744K)
[10.927s][info ][gc,heap        ] GC(14) ParOldGen: 139134K->139142K(213504K)
[10.927s][info ][gc,metaspace   ] GC(14) Metaspace: 56663K->56663K(1099776K)
[10.927s][info ][gc             ] GC(14) Pause Young (Allocation Failure) 1789M->155M(2052M) 12.815ms
[10.927s][info ][gc,cpu         ] GC(14) User=0.05s Sys=0.00s Real=0.01s
[10.927s][info ][safepoint      ] Leaving safepoint region
[10.927s][info ][safepoint      ] Total time for which application threads were stopped: 0.0164601 seconds, Stopping threads took: 0.0034377 seconds
[10.951s][info ][safepoint      ] Application time: 0.0240387 seconds
[10.951s][info ][safepoint      ] Entering safepoint region: Deoptimize
[10.952s][info ][safepoint      ] Leaving safepoint region
[10.952s][info ][safepoint      ] Total time for which application threads were stopped: 0.0013674 seconds, Stopping threads took: 0.0001851 seconds
[10.957s][info ][safepoint      ] Application time: 0.0045028 seconds
[10.957s][info ][safepoint      ] Entering safepoint region: RevokeBias
[10.958s][info ][safepoint      ] Leaving safepoint region
[10.958s][info ][safepoint      ] Total time for which application threads were stopped: 0.0007716 seconds, Stopping threads took: 0.0006466 seconds
[10.967s][info ][safepoint      ] Application time: 0.0090398 seconds
[10.967s][info ][safepoint      ] Entering safepoint region: RevokeBias
[10.967s][info ][safepoint      ] Leaving safepoint region
[10.967s][info ][safepoint      ] Total time for which application threads were stopped: 0.0002962 seconds, Stopping threads took: 0.0001453 seconds
[10.967s][info ][safepoint      ] Application time: 0.0005592 seconds
[10.968s][info ][safepoint      ] Entering safepoint region: RevokeBias
[10.968s][info ][safepoint      ] Leaving safepoint region
[10.968s][info ][safepoint      ] Total time for which application threads were stopped: 0.0003216 seconds, Stopping threads took: 0.0002290 seconds
[10.968s][info ][safepoint      ] Application time: 0.0003175 seconds
[10.968s][info ][safepoint      ] Entering safepoint region: RevokeBias
[10.968s][info ][safepoint      ] Leaving safepoint region
[10.968s][info ][safepoint      ] Total time for which application threads were stopped: 0.0002474 seconds, Stopping threads took: 0.0001585 seconds
[11.000s][info ][safepoint      ] Application time: 0.0314012 seconds
[11.000s][info ][safepoint      ] Entering safepoint region: RevokeBias
[11.000s][info ][safepoint      ] Leaving safepoint region
[11.000s][info ][safepoint      ] Total time for which application threads were stopped: 0.0003628 seconds, Stopping threads took: 0.0001766 seconds
[11.000s][info ][safepoint      ] Application time: 0.0000758 seconds
[11.000s][info ][safepoint      ] Entering safepoint region: RevokeBias
[11.001s][info ][safepoint      ] Leaving safepoint region
[11.001s][info ][safepoint      ] Total time for which application threads were stopped: 0.0001925 seconds, Stopping threads took: 0.0000964 seconds
[11.001s][info ][safepoint      ] Application time: 0.0002710 seconds
[11.001s][info ][safepoint      ] Entering safepoint region: RevokeBias
[11.001s][info ][safepoint      ] Leaving safepoint region
[11.001s][info ][safepoint      ] Total time for which application threads were stopped: 0.0002568 seconds, Stopping threads took: 0.0001664 seconds
[11.003s][info ][safepoint      ] Application time: 0.0015249 seconds
[11.003s][info ][safepoint      ] Entering safepoint region: RevokeBias
[11.003s][info ][safepoint      ] Leaving safepoint region
[11.003s][info ][safepoint      ] Total time for which application threads were stopped: 0.0002719 seconds, Stopping threads took: 0.0001512 seconds
[11.190s][info ][safepoint      ] Application time: 0.1874876 seconds
[11.191s][info ][safepoint      ] Entering safepoint region: RevokeBias
[11.191s][info ][safepoint      ] Leaving safepoint region
[11.191s][info ][safepoint      ] Total time for which application threads were stopped: 0.0004371 seconds, Stopping threads took: 0.0002247 seconds
[11.206s][info ][safepoint      ] Application time: 0.0152369 seconds
[11.206s][info ][safepoint      ] Entering safepoint region: RevokeBias
[11.207s][info ][safepoint      ] Leaving safepoint region
[11.207s][info ][safepoint      ] Total time for which application threads were stopped: 0.0004390 seconds, Stopping threads took: 0.0002441 seconds
[11.207s][info ][safepoint      ] Application time: 0.0000646 seconds
[11.207s][info ][safepoint      ] Entering safepoint region: RevokeBias
[11.207s][info ][safepoint      ] Leaving safepoint region
[11.207s][info ][safepoint      ] Total time for which application threads were stopped: 0.0001383 seconds, Stopping threads took: 0.0000615 seconds
[11.255s][info ][safepoint      ] Application time: 0.0478033 seconds
[11.255s][info ][safepoint      ] Entering safepoint region: ParallelGCFailedAllocation
[11.255s][info ][gc,start       ] GC(15) Pause Young (Allocation Failure)
[11.273s][debug][gc,phases      ] GC(15) Scavenge 17.967ms
[11.273s][debug][gc,ref         ] GC(15) Skipped phase1 of Reference Processing due to unavailable references
[11.273s][debug][gc,ref         ] GC(15) Skipped phase3 of Reference Processing due to unavailable references
[11.273s][debug][gc,phases      ] GC(15) Reference Processing 0.118ms
[11.273s][debug][gc,phases      ] GC(15) Weak Processing 0.122ms
[11.274s][debug][gc,phases      ] GC(15) Scrub String Table 0.423ms
[11.274s][debug][gc,age         ] GC(15) Desired survivor size 200802304 bytes, new threshold 9 (max threshold 15)
[11.274s][info ][gc,heap        ] GC(15) PSYoungGen: 1699520K->31377K(1901056K)
[11.274s][info ][gc,heap        ] GC(15) ParOldGen: 139142K->139150K(213504K)
[11.274s][info ][gc,metaspace   ] GC(15) Metaspace: 57786K->57786K(1101824K)
[11.274s][info ][gc             ] GC(15) Pause Young (Allocation Failure) 1795M->166M(2065M) 18.785ms
[11.274s][info ][gc,cpu         ] GC(15) User=0.09s Sys=0.00s Real=0.02s
[11.274s][info ][safepoint      ] Leaving safepoint region
[11.274s][info ][safepoint      ] Total time for which application threads were stopped: 0.0192342 seconds, Stopping threads took: 0.0002194 seconds
[11.280s][info ][safepoint      ] Application time: 0.0062710 seconds
[11.280s][info ][safepoint      ] Entering safepoint region: RevokeBias
[11.281s][info ][safepoint      ] Leaving safepoint region
[11.281s][info ][safepoint      ] Total time for which application threads were stopped: 0.0003388 seconds, Stopping threads took: 0.0001994 seconds
[11.283s][info ][safepoint      ] Application time: 0.0027148 seconds
[11.283s][info ][safepoint      ] Entering safepoint region: RevokeBias
[11.284s][info ][safepoint      ] Leaving safepoint region
[11.284s][info ][safepoint      ] Total time for which application threads were stopped: 0.0003134 seconds, Stopping threads took: 0.0001927 seconds
[11.284s][info ][safepoint      ] Application time: 0.0001236 seconds
[11.284s][info ][safepoint      ] Entering safepoint region: RevokeBias
[11.284s][info ][safepoint      ] Leaving safepoint region
[11.284s][info ][safepoint      ] Total time for which application threads were stopped: 0.0002388 seconds, Stopping threads took: 0.0001452 seconds
[11.382s][info ][safepoint      ] Application time: 0.0983874 seconds
[11.383s][info ][safepoint      ] Entering safepoint region: RevokeBias
[11.383s][info ][safepoint      ] Leaving safepoint region
[11.383s][info ][safepoint      ] Total time for which application threads were stopped: 0.0003257 seconds, Stopping threads took: 0.0001658 seconds
[11.383s][info ][safepoint      ] Application time: 0.0000578 seconds
[11.383s][info ][safepoint      ] Entering safepoint region: RevokeBias
[11.383s][info ][safepoint      ] Leaving safepoint region
[11.383s][info ][safepoint      ] Total time for which application threads were stopped: 0.0001579 seconds, Stopping threads took: 0.0000794 seconds
[11.389s][info ][safepoint      ] Application time: 0.0059181 seconds
[11.389s][info ][safepoint      ] Entering safepoint region: RevokeBias
[11.389s][info ][safepoint      ] Leaving safepoint region
[11.389s][info ][safepoint      ] Total time for which application threads were stopped: 0.0002825 seconds, Stopping threads took: 0.0001350 seconds
[11.492s][info ][safepoint      ] Application time: 0.1024284 seconds
[11.492s][info ][safepoint      ] Entering safepoint region: RevokeBias
[11.492s][info ][safepoint      ] Leaving safepoint region
[11.492s][info ][safepoint      ] Total time for which application threads were stopped: 0.0005978 seconds, Stopping threads took: 0.0004474 seconds
[11.581s][info ][safepoint      ] Application time: 0.0885629 seconds
[11.581s][info ][safepoint      ] Entering safepoint region: RevokeBias
[11.581s][info ][safepoint      ] Leaving safepoint region
[11.581s][info ][safepoint      ] Total time for which application threads were stopped: 0.0003931 seconds, Stopping threads took: 0.0001857 seconds
[11.597s][info ][safepoint      ] Application time: 0.0154435 seconds
[11.597s][info ][safepoint      ] Entering safepoint region: ParallelGCFailedAllocation
[11.597s][info ][gc,start       ] GC(16) Pause Young (Allocation Failure)
[11.621s][debug][gc,phases      ] GC(16) Scavenge 23.734ms
[11.621s][debug][gc,ref         ] GC(16) Skipped phase1 of Reference Processing due to unavailable references
[11.621s][debug][gc,ref         ] GC(16) Skipped phase3 of Reference Processing due to unavailable references
[11.621s][debug][gc,phases      ] GC(16) Reference Processing 0.138ms
[11.621s][debug][gc,phases      ] GC(16) Weak Processing 0.140ms
[11.622s][debug][gc,phases      ] GC(16) Scrub String Table 0.439ms
[11.622s][debug][gc,age         ] GC(16) Desired survivor size 190316544 bytes, new threshold 10 (max threshold 15)
[11.622s][info ][gc,heap        ] GC(16) PSYoungGen: 1729169K->45681K(1893888K)
[11.622s][info ][gc,heap        ] GC(16) ParOldGen: 139150K->139158K(213504K)
[11.622s][info ][gc,metaspace   ] GC(16) Metaspace: 57956K->57956K(1101824K)
[11.622s][info ][gc             ] GC(16) Pause Young (Allocation Failure) 1824M->180M(2058M) 24.602ms
[11.622s][info ][gc,cpu         ] GC(16) User=0.09s Sys=0.01s Real=0.03s
[11.622s][info ][safepoint      ] Leaving safepoint region
[11.622s][info ][safepoint      ] Total time for which application threads were stopped: 0.0249604 seconds, Stopping threads took: 0.0001546 seconds
[11.712s][info ][safepoint      ] Application time: 0.0898877 seconds
[11.712s][info ][safepoint      ] Entering safepoint region: RevokeBias
[11.712s][info ][safepoint      ] Leaving safepoint region
[11.712s][info ][safepoint      ] Total time for which application threads were stopped: 0.0004215 seconds, Stopping threads took: 0.0002120 seconds
[11.881s][info ][safepoint      ] Application time: 0.1686357 seconds
[11.881s][info ][safepoint      ] Entering safepoint region: ICBufferFull
[11.881s][info ][safepoint      ] Leaving safepoint region
[11.881s][info ][safepoint      ] Total time for which application threads were stopped: 0.0004458 seconds, Stopping threads took: 0.0002107 seconds
[11.919s][info ][safepoint      ] Application time: 0.0380039 seconds
[11.919s][info ][safepoint      ] Entering safepoint region: ParallelGCFailedAllocation
[11.920s][info ][gc,start       ] GC(17) Pause Young (Allocation Failure)
[11.945s][debug][gc,phases      ] GC(17) Scavenge 25.270ms
[11.945s][debug][gc,ref         ] GC(17) Skipped phase1 of Reference Processing due to unavailable references
[11.945s][debug][gc,ref         ] GC(17) Skipped phase3 of Reference Processing due to unavailable references
[11.945s][debug][gc,phases      ] GC(17) Reference Processing 0.132ms
[11.945s][debug][gc,phases      ] GC(17) Weak Processing 0.227ms
[11.946s][debug][gc,phases      ] GC(17) Scrub String Table 0.779ms
[11.946s][debug][gc,age         ] GC(17) Desired survivor size 178782208 bytes, new threshold 11 (max threshold 15)
[11.946s][info ][gc,heap        ] GC(17) PSYoungGen: 1743473K->64449K(1922560K)
[11.946s][info ][gc,heap        ] GC(17) ParOldGen: 139158K->139166K(213504K)
[11.946s][info ][gc,metaspace   ] GC(17) Metaspace: 58116K->58116K(1101824K)
[11.946s][info ][gc             ] GC(17) Pause Young (Allocation Failure) 1838M->198M(2086M) 26.577ms
[11.946s][info ][gc,cpu         ] GC(17) User=0.11s Sys=0.00s Real=0.03s
[11.946s][info ][safepoint      ] Leaving safepoint region
[11.946s][info ][safepoint      ] Total time for which application threads were stopped: 0.0270527 seconds, Stopping threads took: 0.0002030 seconds
[12.049s][info ][safepoint      ] Application time: 0.1025903 seconds
[12.049s][info ][safepoint      ] Entering safepoint region: Deoptimize
[12.050s][info ][safepoint      ] Leaving safepoint region
[12.050s][info ][safepoint      ] Total time for which application threads were stopped: 0.0014306 seconds, Stopping threads took: 0.0002102 seconds
[12.064s][info ][safepoint      ] Application time: 0.0140914 seconds
[12.065s][info ][safepoint      ] Entering safepoint region: RevokeBias
[12.065s][info ][safepoint      ] Leaving safepoint region
[12.065s][info ][safepoint      ] Total time for which application threads were stopped: 0.0004601 seconds, Stopping threads took: 0.0002723 seconds
[12.220s][info ][safepoint      ] Application time: 0.1549976 seconds
[12.220s][info ][safepoint      ] Entering safepoint region: ICBufferFull
[12.220s][info ][safepoint      ] Leaving safepoint region
[12.220s][info ][safepoint      ] Total time for which application threads were stopped: 0.0004810 seconds, Stopping threads took: 0.0002420 seconds
[12.270s][info ][safepoint      ] Application time: 0.0496255 seconds
[12.270s][info ][safepoint      ] Entering safepoint region: ParallelGCFailedAllocation
[12.270s][info ][gc,start       ] GC(18) Pause Young (Allocation Failure)
[12.309s][debug][gc,phases      ] GC(18) Scavenge 38.100ms
[12.309s][debug][gc,ref         ] GC(18) Skipped phase1 of Reference Processing due to unavailable references
[12.309s][debug][gc,ref         ] GC(18) Skipped phase3 of Reference Processing due to unavailable references
[12.309s][debug][gc,phases      ] GC(18) Reference Processing 0.145ms
[12.309s][debug][gc,phases      ] GC(18) Weak Processing 0.232ms
[12.310s][debug][gc,phases      ] GC(18) Scrub String Table 0.738ms
[12.310s][debug][gc,age         ] GC(18) Desired survivor size 170917888 bytes, new threshold 12 (max threshold 15)
[12.310s][info ][gc,heap        ] GC(18) PSYoungGen: 1801153K->72609K(1911296K)
[12.310s][info ][gc,heap        ] GC(18) ParOldGen: 139166K->139174K(213504K)
[12.310s][info ][gc,metaspace   ] GC(18) Metaspace: 58836K->58836K(1101824K)
[12.310s][info ][gc             ] GC(18) Pause Young (Allocation Failure) 1894M->206M(2075M) 39.392ms
[12.310s][info ][gc,cpu         ] GC(18) User=0.10s Sys=0.06s Real=0.04s
[12.310s][info ][safepoint      ] Leaving safepoint region
[12.310s][info ][safepoint      ] Total time for which application threads were stopped: 0.0398118 seconds, Stopping threads took: 0.0001779 seconds
[12.635s][info ][safepoint      ] Application time: 0.3253300 seconds
[12.636s][info ][safepoint      ] Entering safepoint region: ParallelGCFailedAllocation
[12.636s][info ][gc,start       ] GC(19) Pause Young (Allocation Failure)
[12.656s][debug][gc,phases      ] GC(19) Scavenge 19.916ms
[12.656s][debug][gc,ref         ] GC(19) Skipped phase1 of Reference Processing due to unavailable references
[12.656s][debug][gc,ref         ] GC(19) Skipped phase3 of Reference Processing due to unavailable references
[12.656s][debug][gc,phases      ] GC(19) Reference Processing 0.159ms
[12.656s][debug][gc,phases      ] GC(19) Weak Processing 0.153ms
[12.657s][debug][gc,phases      ] GC(19) Scrub String Table 0.458ms
[12.657s][debug][gc,age         ] GC(19) Desired survivor size 163053568 bytes, new threshold 13 (max threshold 15)
[12.657s][info ][gc,heap        ] GC(19) PSYoungGen: 1809313K->49953K(1937920K)
[12.657s][info ][gc,heap        ] GC(19) ParOldGen: 139174K->139182K(213504K)
[12.657s][info ][gc,metaspace   ] GC(19) Metaspace: 59654K->59654K(1103872K)
[12.657s][info ][gc             ] GC(19) Pause Young (Allocation Failure) 1902M->184M(2101M) 20.844ms
[12.657s][info ][gc,cpu         ] GC(19) User=0.09s Sys=0.00s Real=0.02s
[12.657s][info ][safepoint      ] Leaving safepoint region
[12.657s][info ][safepoint      ] Total time for which application threads were stopped: 0.0214152 seconds, Stopping threads took: 0.0001956 seconds
[12.659s][info ][safepoint      ] Application time: 0.0021703 seconds
[12.659s][info ][safepoint      ] Entering safepoint region: RevokeBias
[12.659s][info ][safepoint      ] Leaving safepoint region
[12.659s][info ][safepoint      ] Total time for which application threads were stopped: 0.0003089 seconds, Stopping threads took: 0.0001738 seconds
[12.662s][info ][safepoint      ] Application time: 0.0028725 seconds
[12.662s][info ][safepoint      ] Entering safepoint region: Deoptimize
[12.664s][info ][safepoint      ] Leaving safepoint region
[12.664s][info ][safepoint      ] Total time for which application threads were stopped: 0.0014033 seconds, Stopping threads took: 0.0002085 seconds
[12.674s][info ][safepoint      ] Application time: 0.0106127 seconds
[12.674s][info ][safepoint      ] Entering safepoint region: RevokeBias
[12.675s][info ][safepoint      ] Leaving safepoint region
[12.675s][info ][safepoint      ] Total time for which application threads were stopped: 0.0003716 seconds, Stopping threads took: 0.0002025 seconds
[12.798s][info ][safepoint      ] Application time: 0.1232028 seconds
[12.798s][info ][safepoint      ] Entering safepoint region: ICBufferFull
[12.798s][info ][safepoint      ] Leaving safepoint region
[12.798s][info ][safepoint      ] Total time for which application threads were stopped: 0.0004527 seconds, Stopping threads took: 0.0001946 seconds
[12.992s][info ][safepoint      ] Application time: 0.1941888 seconds
[12.993s][info ][safepoint      ] Entering safepoint region: ParallelGCFailedAllocation
[12.993s][info ][gc,start       ] GC(20) Pause Young (Allocation Failure)
[13.014s][debug][gc,phases      ] GC(20) Scavenge 21.263ms
[13.014s][debug][gc,ref         ] GC(20) Skipped phase1 of Reference Processing due to unavailable references
[13.014s][debug][gc,ref         ] GC(20) Skipped phase3 of Reference Processing due to unavailable references
[13.014s][debug][gc,phases      ] GC(20) Reference Processing 0.160ms
[13.015s][debug][gc,phases      ] GC(20) Weak Processing 0.162ms
[13.015s][debug][gc,phases      ] GC(20) Scrub String Table 0.493ms
[13.015s][debug][gc,age         ] GC(20) Desired survivor size 155189248 bytes, new threshold 14 (max threshold 15)
[13.015s][info ][gc,heap        ] GC(20) PSYoungGen: 1820961K->50385K(1930240K)
[13.015s][info ][gc,heap        ] GC(20) ParOldGen: 139182K->139190K(213504K)
[13.015s][info ][gc,metaspace   ] GC(20) Metaspace: 60266K->60266K(1103872K)
[13.015s][info ][gc             ] GC(20) Pause Young (Allocation Failure) 1914M->185M(2093M) 22.228ms
[13.015s][info ][gc,cpu         ] GC(20) User=0.07s Sys=0.02s Real=0.02s
[13.015s][info ][safepoint      ] Leaving safepoint region
[13.015s][info ][safepoint      ] Total time for which application threads were stopped: 0.0227636 seconds, Stopping threads took: 0.0002248 seconds
[13.054s][info ][safepoint      ] Application time: 0.0386923 seconds
[13.054s][info ][safepoint      ] Entering safepoint region: ICBufferFull
[13.054s][info ][safepoint      ] Leaving safepoint region
[13.054s][info ][safepoint      ] Total time for which application threads were stopped: 0.0004488 seconds, Stopping threads took: 0.0001940 seconds
[13.157s][info ][safepoint      ] Application time: 0.1026391 seconds
[13.157s][info ][safepoint      ] Entering safepoint region: ICBufferFull
[13.158s][info ][safepoint      ] Leaving safepoint region
[13.158s][info ][safepoint      ] Total time for which application threads were stopped: 0.0004539 seconds, Stopping threads took: 0.0002037 seconds
[13.342s][info ][safepoint      ] Application time: 0.1847482 seconds
[13.343s][info ][safepoint      ] Entering safepoint region: ParallelGCFailedAllocation
[13.343s][info ][gc,start       ] GC(21) Pause Young (Allocation Failure)
[13.362s][debug][gc,phases      ] GC(21) Scavenge 19.342ms
[13.362s][debug][gc,ref         ] GC(21) Skipped phase1 of Reference Processing due to unavailable references
[13.362s][debug][gc,ref         ] GC(21) Skipped phase3 of Reference Processing due to unavailable references
[13.362s][debug][gc,phases      ] GC(21) Reference Processing 0.189ms
[13.363s][debug][gc,phases      ] GC(21) Weak Processing 0.159ms
[13.363s][debug][gc,phases      ] GC(21) Scrub String Table 0.449ms
[13.363s][debug][gc,age         ] GC(21) Desired survivor size 147324928 bytes, new threshold 15 (max threshold 15)
[13.363s][info ][gc,heap        ] GC(21) PSYoungGen: 1821393K->50577K(1953280K)
[13.363s][info ][gc,heap        ] GC(21) ParOldGen: 139190K->139190K(213504K)
[13.363s][info ][gc,metaspace   ] GC(21) Metaspace: 60349K->60349K(1103872K)
[13.363s][info ][gc             ] GC(21) Pause Young (Allocation Failure) 1914M->185M(2116M) 20.286ms
[13.363s][info ][gc,cpu         ] GC(21) User=0.07s Sys=0.00s Real=0.02s
[13.363s][info ][safepoint      ] Leaving safepoint region
[13.363s][info ][safepoint      ] Total time for which application threads were stopped: 0.0207514 seconds, Stopping threads took: 0.0001753 seconds
[13.711s][info ][safepoint      ] Application time: 0.3479849 seconds
[13.711s][info ][safepoint      ] Entering safepoint region: ParallelGCFailedAllocation
[13.712s][info ][gc,start       ] GC(22) Pause Young (Allocation Failure)
[13.736s][debug][gc,phases      ] GC(22) Scavenge 24.614ms
[13.736s][debug][gc,ref         ] GC(22) Skipped phase1 of Reference Processing due to unavailable references
[13.736s][debug][gc,ref         ] GC(22) Skipped phase3 of Reference Processing due to unavailable references
[13.737s][debug][gc,phases      ] GC(22) Reference Processing 0.158ms
[13.737s][debug][gc,phases      ] GC(22) Weak Processing 0.259ms
[13.738s][debug][gc,phases      ] GC(22) Scrub String Table 0.752ms
[13.738s][debug][gc,age         ] GC(22) Desired survivor size 140509184 bytes, new threshold 15 (max threshold 15)
[13.738s][info ][gc,heap        ] GC(22) PSYoungGen: 1852305K->50937K(1945600K)
[13.738s][info ][gc,heap        ] GC(22) ParOldGen: 139190K->139198K(213504K)
[13.738s][info ][gc,metaspace   ] GC(22) Metaspace: 60395K->60395K(1103872K)
[13.738s][info ][gc             ] GC(22) Pause Young (Allocation Failure) 1944M->185M(2108M) 26.034ms
[13.738s][info ][gc,cpu         ] GC(22) User=0.08s Sys=0.01s Real=0.03s
[13.738s][info ][safepoint      ] Leaving safepoint region
[13.738s][info ][safepoint      ] Total time for which application threads were stopped: 0.0266033 seconds, Stopping threads took: 0.0002258 seconds
[14.074s][info ][safepoint      ] Application time: 0.3358674 seconds
[14.074s][info ][safepoint      ] Entering safepoint region: ParallelGCFailedAllocation
[14.074s][info ][gc,start       ] GC(23) Pause Young (Allocation Failure)
[14.095s][debug][gc,phases      ] GC(23) Scavenge 20.395ms
[14.095s][debug][gc,ref         ] GC(23) Skipped phase1 of Reference Processing due to unavailable references
[14.095s][debug][gc,ref         ] GC(23) Skipped phase3 of Reference Processing due to unavailable references
[14.095s][debug][gc,phases      ] GC(23) Reference Processing 0.143ms
[14.095s][debug][gc,phases      ] GC(23) Weak Processing 0.156ms
[14.095s][debug][gc,phases      ] GC(23) Scrub String Table 0.460ms
[14.095s][debug][gc,age         ] GC(23) Desired survivor size 134217728 bytes, new threshold 15 (max threshold 15)
[14.095s][info ][gc,heap        ] GC(23) PSYoungGen: 1852665K->49673K(1966080K)
[14.095s][info ][gc,heap        ] GC(23) ParOldGen: 139198K->140702K(213504K)
[14.095s][info ][gc,metaspace   ] GC(23) Metaspace: 60422K->60422K(1103872K)
[14.095s][info ][gc             ] GC(23) Pause Young (Allocation Failure) 1945M->185M(2128M) 21.308ms
[14.095s][info ][gc,cpu         ] GC(23) User=0.09s Sys=0.00s Real=0.02s
[14.095s][info ][safepoint      ] Leaving safepoint region
[14.095s][info ][safepoint      ] Total time for which application threads were stopped: 0.0217813 seconds, Stopping threads took: 0.0002143 seconds
[14.404s][info ][safepoint      ] Application time: 0.3085506 seconds
[14.404s][info ][safepoint      ] Entering safepoint region: ICBufferFull
[14.404s][info ][safepoint      ] Leaving safepoint region
[14.404s][info ][safepoint      ] Total time for which application threads were stopped: 0.0004521 seconds, Stopping threads took: 0.0001614 seconds
[14.421s][info ][safepoint      ] Application time: 0.0162136 seconds
[14.421s][info ][safepoint      ] Entering safepoint region: ParallelGCFailedAllocation
[14.421s][info ][gc,start       ] GC(24) Pause Young (Allocation Failure)
[14.444s][debug][gc,phases      ] GC(24) Scavenge 22.870ms
[14.444s][debug][gc,ref         ] GC(24) Skipped phase1 of Reference Processing due to unavailable references
[14.444s][debug][gc,ref         ] GC(24) Skipped phase3 of Reference Processing due to unavailable references
[14.444s][debug][gc,phases      ] GC(24) Reference Processing 0.147ms
[14.444s][debug][gc,phases      ] GC(24) Weak Processing 0.158ms
[14.445s][debug][gc,phases      ] GC(24) Scrub String Table 0.468ms
[14.445s][debug][gc,age         ] GC(24) Desired survivor size 128450560 bytes, new threshold 15 (max threshold 15)
[14.445s][info ][gc,heap        ] GC(24) PSYoungGen: 1878537K->48841K(1959936K)
[14.445s][info ][gc,heap        ] GC(24) ParOldGen: 140702K->141814K(213504K)
[14.445s][info ][gc,metaspace   ] GC(24) Metaspace: 60433K->60433K(1103872K)
[14.445s][info ][gc             ] GC(24) Pause Young (Allocation Failure) 1971M->186M(2122M) 23.805ms
[14.445s][info ][gc,cpu         ] GC(24) User=0.05s Sys=0.04s Real=0.02s
[14.445s][info ][safepoint      ] Leaving safepoint region
[14.445s][info ][safepoint      ] Total time for which application threads were stopped: 0.0242236 seconds, Stopping threads took: 0.0001762 seconds
[14.791s][info ][safepoint      ] Application time: 0.3455267 seconds
[14.791s][info ][safepoint      ] Entering safepoint region: ParallelGCFailedAllocation
[14.791s][info ][gc,start       ] GC(25) Pause Young (Allocation Failure)
[14.810s][debug][gc,phases      ] GC(25) Scavenge 18.530ms
[14.810s][debug][gc,ref         ] GC(25) Skipped phase1 of Reference Processing due to unavailable references
[14.810s][debug][gc,ref         ] GC(25) Skipped phase3 of Reference Processing due to unavailable references
[14.810s][debug][gc,phases      ] GC(25) Reference Processing 0.140ms
[14.810s][debug][gc,phases      ] GC(25) Weak Processing 0.179ms
[14.810s][debug][gc,phases      ] GC(25) Scrub String Table 0.450ms
[14.810s][debug][gc,age         ] GC(25) Desired survivor size 123207680 bytes, new threshold 15 (max threshold 15)
[14.810s][info ][gc,heap        ] GC(25) PSYoungGen: 1877705K->46825K(1976832K)
[14.810s][info ][gc,heap        ] GC(25) ParOldGen: 141814K->144186K(213504K)
[14.810s][info ][gc,metaspace   ] GC(25) Metaspace: 60467K->60467K(1103872K)
[14.810s][info ][gc             ] GC(25) Pause Young (Allocation Failure) 1972M->186M(2139M) 19.470ms
[14.810s][info ][gc,cpu         ] GC(25) User=0.10s Sys=0.00s Real=0.02s
[14.810s][info ][safepoint      ] Leaving safepoint region
[14.810s][info ][safepoint      ] Total time for which application threads were stopped: 0.0199363 seconds, Stopping threads took: 0.0001534 seconds
[15.014s][info ][safepoint      ] Application time: 0.2037149 seconds
[15.014s][info ][safepoint      ] Entering safepoint region: ICBufferFull
[15.015s][info ][safepoint      ] Leaving safepoint region
[15.015s][info ][safepoint      ] Total time for which application threads were stopped: 0.0004497 seconds, Stopping threads took: 0.0001697 seconds
[15.018s][info ][safepoint      ] Application time: 0.0033647 seconds
[15.018s][info ][safepoint      ] Entering safepoint region: ICBufferFull
[15.018s][info ][safepoint      ] Leaving safepoint region
[15.018s][info ][safepoint      ] Total time for which application threads were stopped: 0.0004161 seconds, Stopping threads took: 0.0001868 seconds
[15.024s][info ][safepoint      ] Application time: 0.0051608 seconds
[15.024s][info ][safepoint      ] Entering safepoint region: ICBufferFull
[15.024s][info ][safepoint      ] Leaving safepoint region
[15.024s][info ][safepoint      ] Total time for which application threads were stopped: 0.0004090 seconds, Stopping threads took: 0.0001731 seconds
[15.192s][info ][safepoint      ] Application time: 0.1674815 seconds
[15.192s][info ][safepoint      ] Entering safepoint region: ParallelGCFailedAllocation
[15.192s][info ][gc,start       ] GC(26) Pause Young (Allocation Failure)
[15.210s][debug][gc,phases      ] GC(26) Scavenge 18.070ms
[15.210s][debug][gc,ref         ] GC(26) Skipped phase1 of Reference Processing due to unavailable references
[15.210s][debug][gc,ref         ] GC(26) Skipped phase3 of Reference Processing due to unavailable references
[15.210s][debug][gc,phases      ] GC(26) Reference Processing 0.135ms
[15.210s][debug][gc,phases      ] GC(26) Weak Processing 0.150ms
[15.211s][debug][gc,phases      ] GC(26) Scrub String Table 0.439ms
[15.211s][debug][gc,age         ] GC(26) Desired survivor size 118489088 bytes, new threshold 15 (max threshold 15)
[15.211s][info ][gc,heap        ] GC(26) PSYoungGen: 1898217K->44393K(1971712K)
[15.211s][info ][gc,heap        ] GC(26) ParOldGen: 144186K->146890K(213504K)
[15.211s][info ][gc,metaspace   ] GC(26) Metaspace: 60514K->60514K(1103872K)
[15.211s][info ][gc             ] GC(26) Pause Young (Allocation Failure) 1994M->186M(2134M) 18.943ms
[15.211s][info ][gc,cpu         ] GC(26) User=0.07s Sys=0.01s Real=0.02s
[15.211s][info ][safepoint      ] Leaving safepoint region
[15.211s][info ][safepoint      ] Total time for which application threads were stopped: 0.0193744 seconds, Stopping threads took: 0.0001539 seconds
[15.590s][info ][safepoint      ] Application time: 0.3785173 seconds
[15.590s][info ][safepoint      ] Entering safepoint region: ParallelGCFailedAllocation
[15.590s][info ][gc,start       ] GC(27) Pause Young (Allocation Failure)
[15.607s][debug][gc,phases      ] GC(27) Scavenge 16.562ms
[15.607s][debug][gc,ref         ] GC(27) Skipped phase1 of Reference Processing due to unavailable references
[15.607s][debug][gc,ref         ] GC(27) Skipped phase3 of Reference Processing due to unavailable references
[15.607s][debug][gc,phases      ] GC(27) Reference Processing 0.143ms
[15.607s][debug][gc,phases      ] GC(27) Weak Processing 0.237ms
[15.608s][debug][gc,phases      ] GC(27) Scrub String Table 0.764ms
[15.608s][debug][gc,age         ] GC(27) Desired survivor size 114819072 bytes, new threshold 15 (max threshold 15)
[15.608s][info ][gc,heap        ] GC(27) PSYoungGen: 1895785K->40809K(1985024K)
[15.608s][info ][gc,heap        ] GC(27) ParOldGen: 146890K->150754K(213504K)
[15.608s][info ][gc,metaspace   ] GC(27) Metaspace: 60528K->60528K(1103872K)
[15.608s][info ][gc             ] GC(27) Pause Young (Allocation Failure) 1994M->187M(2147M) 17.872ms
[15.608s][info ][gc,cpu         ] GC(27) User=0.07s Sys=0.00s Real=0.02s
[15.608s][info ][safepoint      ] Leaving safepoint region
[15.608s][info ][safepoint      ] Total time for which application threads were stopped: 0.0183127 seconds, Stopping threads took: 0.0001304 seconds
[15.935s][info ][safepoint      ] Application time: 0.3273937 seconds
[15.935s][info ][safepoint      ] Entering safepoint region: ParallelGCFailedAllocation
[15.936s][info ][gc,start       ] GC(28) Pause Young (Allocation Failure)
[15.951s][debug][gc,phases      ] GC(28) Scavenge 15.229ms
[15.951s][debug][gc,ref         ] GC(28) Skipped phase1 of Reference Processing due to unavailable references
[15.951s][debug][gc,ref         ] GC(28) Skipped phase3 of Reference Processing due to unavailable references
[15.951s][debug][gc,phases      ] GC(28) Reference Processing 0.101ms
[15.951s][debug][gc,phases      ] GC(28) Weak Processing 0.233ms
[15.952s][debug][gc,phases      ] GC(28) Scrub String Table 0.741ms
[15.952s][debug][gc,age         ] GC(28) Desired survivor size 111149056 bytes, new threshold 15 (max threshold 15)
[15.952s][info ][gc,heap        ] GC(28) PSYoungGen: 1910121K->41049K(1981440K)
[15.952s][info ][gc,heap        ] GC(28) ParOldGen: 150754K->152262K(213504K)
[15.952s][info ][gc,metaspace   ] GC(28) Metaspace: 60558K->60558K(1103872K)
[15.952s][info ][gc             ] GC(28) Pause Young (Allocation Failure) 2012M->188M(2143M) 16.480ms
[15.952s][info ][gc,cpu         ] GC(28) User=0.06s Sys=0.00s Real=0.01s
[15.952s][info ][safepoint      ] Leaving safepoint region
[15.952s][info ][safepoint      ] Total time for which application threads were stopped: 0.0168788 seconds, Stopping threads took: 0.0001310 seconds
[16.304s][info ][safepoint      ] Application time: 0.3513085 seconds
[16.304s][info ][safepoint      ] Entering safepoint region: ParallelGCFailedAllocation
[16.304s][info ][gc,start       ] GC(29) Pause Young (Allocation Failure)
[16.320s][debug][gc,phases      ] GC(29) Scavenge 15.572ms
[16.320s][debug][gc,ref         ] GC(29) Skipped phase1 of Reference Processing due to unavailable references
[16.320s][debug][gc,ref         ] GC(29) Skipped phase3 of Reference Processing due to unavailable references
[16.320s][debug][gc,phases      ] GC(29) Reference Processing 0.078ms
[16.320s][debug][gc,phases      ] GC(29) Weak Processing 0.144ms
[16.320s][debug][gc,phases      ] GC(29) Scrub String Table 0.431ms
[16.320s][debug][gc,age         ] GC(29) Desired survivor size 108003328 bytes, new threshold 15 (max threshold 15)
[16.320s][info ][gc,heap        ] GC(29) PSYoungGen: 1910361K->36392K(1991680K)
[16.320s][info ][gc,heap        ] GC(29) ParOldGen: 152262K->157288K(213504K)
[16.320s][info ][gc,metaspace   ] GC(29) Metaspace: 60569K->60569K(1103872K)
[16.320s][info ][gc             ] GC(29) Pause Young (Allocation Failure) 2014M->189M(2153M) 16.375ms
[16.320s][info ][gc,cpu         ] GC(29) User=0.06s Sys=0.00s Real=0.01s
[16.320s][info ][safepoint      ] Leaving safepoint region
[16.320s][info ][safepoint      ] Total time for which application threads were stopped: 0.0168187 seconds, Stopping threads took: 0.0001771 seconds
[16.714s][info ][safepoint      ] Application time: 0.3937651 seconds
[16.714s][info ][safepoint      ] Entering safepoint region: ParallelGCFailedAllocation
[16.715s][info ][gc,start       ] GC(30) Pause Young (Allocation Failure)
[16.729s][debug][gc,phases      ] GC(30) Scavenge 14.398ms
[16.729s][debug][gc,ref         ] GC(30) Skipped phase1 of Reference Processing due to unavailable references
[16.729s][debug][gc,ref         ] GC(30) Skipped phase3 of Reference Processing due to unavailable references
[16.729s][debug][gc,ref         ] GC(30) Skipped phase4 of Reference Processing due to unavailable references
[16.729s][debug][gc,phases      ] GC(30) Reference Processing 0.058ms
[16.729s][debug][gc,phases      ] GC(30) Weak Processing 0.123ms
[16.730s][debug][gc,phases      ] GC(30) Scrub String Table 0.454ms
[16.730s][debug][gc,age         ] GC(30) Desired survivor size 105906176 bytes, new threshold 15 (max threshold 15)
[16.730s][info ][gc,heap        ] GC(30) PSYoungGen: 1919528K->32616K(1988608K)
[16.730s][info ][gc,heap        ] GC(30) ParOldGen: 157288K->161745K(213504K)
[16.730s][info ][gc,metaspace   ] GC(30) Metaspace: 60578K->60578K(1103872K)
[16.730s][info ][gc             ] GC(30) Pause Young (Allocation Failure) 2028M->189M(2150M) 15.204ms
[16.730s][info ][gc,cpu         ] GC(30) User=0.07s Sys=0.00s Real=0.01s
[16.730s][info ][safepoint      ] Leaving safepoint region
[16.730s][info ][safepoint      ] Total time for which application threads were stopped: 0.0158281 seconds, Stopping threads took: 0.0002156 seconds
[16.777s][info ][safepoint      ] Application time: 0.0471293 seconds
[16.781s][info ][safepoint      ] Entering safepoint region: RevokeBias
[16.781s][info ][safepoint      ] Leaving safepoint region
[16.781s][info ][safepoint      ] Total time for which application threads were stopped: 0.0037828 seconds, Stopping threads took: 0.0036190 seconds
[16.790s][info ][safepoint      ] Application time: 0.0085700 seconds
[16.790s][info ][safepoint      ] Entering safepoint region: RevokeBias
[16.790s][info ][safepoint      ] Leaving safepoint region
[16.790s][info ][safepoint      ] Total time for which application threads were stopped: 0.0002900 seconds, Stopping threads took: 0.0001332 seconds
[16.790s][info ][safepoint      ] Application time: 0.0005559 seconds
[16.791s][info ][safepoint      ] Entering safepoint region: RevokeBias
[16.791s][info ][safepoint      ] Leaving safepoint region
[16.791s][info ][safepoint      ] Total time for which application threads were stopped: 0.0002868 seconds, Stopping threads took: 0.0001928 seconds
[16.856s][info ][safepoint      ] Application time: 0.0653492 seconds
[16.856s][info ][safepoint      ] Entering safepoint region: RevokeBias
[16.856s][info ][safepoint      ] Leaving safepoint region
[16.856s][info ][safepoint      ] Total time for which application threads were stopped: 0.0003141 seconds, Stopping threads took: 0.0001703 seconds
[16.861s][info ][safepoint      ] Application time: 0.0044644 seconds
[16.865s][info ][safepoint      ] Entering safepoint region: RevokeBias
[16.865s][info ][safepoint      ] Leaving safepoint region
[16.865s][info ][safepoint      ] Total time for which application threads were stopped: 0.0038721 seconds, Stopping threads took: 0.0037354 seconds
[16.900s][info ][safepoint      ] Application time: 0.0348200 seconds
[16.900s][info ][safepoint      ] Entering safepoint region: RevokeBias
[16.901s][info ][safepoint      ] Leaving safepoint region
[16.901s][info ][safepoint      ] Total time for which application threads were stopped: 0.0008972 seconds, Stopping threads took: 0.0007523 seconds
[17.121s][info ][safepoint      ] Application time: 0.2200726 seconds
[17.121s][info ][safepoint      ] Entering safepoint region: ParallelGCFailedAllocation
[17.121s][info ][gc,start       ] GC(31) Pause Young (Allocation Failure)
[17.143s][debug][gc,phases      ] GC(31) Scavenge 21.579ms
[17.143s][debug][gc,ref         ] GC(31) Skipped phase1 of Reference Processing due to unavailable references
[17.143s][debug][gc,ref         ] GC(31) Skipped phase3 of Reference Processing due to unavailable references
[17.143s][debug][gc,phases      ] GC(31) Reference Processing 0.081ms
[17.143s][debug][gc,phases      ] GC(31) Weak Processing 0.130ms
[17.143s][debug][gc,phases      ] GC(31) Scrub String Table 0.404ms
[17.143s][debug][gc,age         ] GC(31) Desired survivor size 103809024 bytes, new threshold 15 (max threshold 15)
[17.143s][info ][gc,heap        ] GC(31) PSYoungGen: 1915752K->28712K(1995776K)
[17.143s][info ][gc,heap        ] GC(31) ParOldGen: 161745K->168010K(213504K)
[17.143s][info ][gc,metaspace   ] GC(31) Metaspace: 62366K->62366K(1105920K)
[17.143s][info ][gc             ] GC(31) Pause Young (Allocation Failure) 2028M->192M(2157M) 22.337ms
[17.143s][info ][gc,cpu         ] GC(31) User=0.06s Sys=0.01s Real=0.02s
[17.143s][info ][safepoint      ] Leaving safepoint region
[17.143s][info ][safepoint      ] Total time for which application threads were stopped: 0.0228370 seconds, Stopping threads took: 0.0002275 seconds
[17.583s][info ][safepoint      ] Application time: 0.4394054 seconds
[17.583s][info ][safepoint      ] Entering safepoint region: ParallelGCFailedAllocation
[17.583s][info ][gc,start       ] GC(32) Pause Young (Allocation Failure)
[17.600s][debug][gc,phases      ] GC(32) Scavenge 16.232ms
[17.600s][debug][gc,ref         ] GC(32) Skipped phase1 of Reference Processing due to unavailable references
[17.600s][debug][gc,ref         ] GC(32) Skipped phase3 of Reference Processing due to unavailable references
[17.600s][debug][gc,phases      ] GC(32) Reference Processing 0.080ms
[17.600s][debug][gc,phases      ] GC(32) Weak Processing 0.122ms
[17.600s][debug][gc,phases      ] GC(32) Scrub String Table 0.399ms
[17.600s][debug][gc,age         ] GC(32) Desired survivor size 102236160 bytes, new threshold 15 (max threshold 15)
[17.600s][info ][gc,heap        ] GC(32) PSYoungGen: 1921064K->22824K(1993728K)
[17.600s][info ][gc,heap        ] GC(32) ParOldGen: 168010K->176480K(213504K)
[17.600s][info ][gc,metaspace   ] GC(32) Metaspace: 62380K->62380K(1105920K)
[17.600s][info ][gc             ] GC(32) Pause Young (Allocation Failure) 2040M->194M(2155M) 16.980ms
[17.600s][info ][gc,cpu         ] GC(32) User=0.07s Sys=0.00s Real=0.01s
[17.600s][info ][safepoint      ] Leaving safepoint region
[17.600s][info ][safepoint      ] Total time for which application threads were stopped: 0.0173855 seconds, Stopping threads took: 0.0001135 seconds
[17.678s][info ][safepoint      ] Application time: 0.0775403 seconds
[17.679s][info ][safepoint      ] Entering safepoint region: RevokeBias
[17.679s][info ][safepoint      ] Leaving safepoint region
[17.679s][info ][safepoint      ] Total time for which application threads were stopped: 0.0009099 seconds, Stopping threads took: 0.0007595 seconds
[17.721s][info ][safepoint      ] Application time: 0.0418770 seconds
[17.725s][info ][safepoint      ] Entering safepoint region: RevokeBias
[17.725s][info ][safepoint      ] Leaving safepoint region
[17.725s][info ][safepoint      ] Total time for which application threads were stopped: 0.0041850 seconds, Stopping threads took: 0.0039341 seconds
[17.727s][info ][safepoint      ] Application time: 0.0018975 seconds
[17.727s][info ][safepoint      ] Entering safepoint region: RevokeBias
[17.727s][info ][safepoint      ] Leaving safepoint region
[17.727s][info ][safepoint      ] Total time for which application threads were stopped: 0.0002466 seconds, Stopping threads took: 0.0000809 seconds
[17.770s][info ][safepoint      ] Application time: 0.0432435 seconds
[17.774s][info ][safepoint      ] Entering safepoint region: RevokeBias
[17.774s][info ][safepoint      ] Leaving safepoint region
[17.774s][info ][safepoint      ] Total time for which application threads were stopped: 0.0038175 seconds, Stopping threads took: 0.0036498 seconds
[17.777s][info ][safepoint      ] Application time: 0.0024567 seconds
[17.777s][info ][safepoint      ] Entering safepoint region: RevokeBias
[17.777s][info ][safepoint      ] Leaving safepoint region
[17.777s][info ][safepoint      ] Total time for which application threads were stopped: 0.0004796 seconds, Stopping threads took: 0.0003701 seconds
[17.777s][info ][safepoint      ] Application time: 0.0001352 seconds
[17.777s][info ][safepoint      ] Entering safepoint region: RevokeBias
[17.777s][info ][safepoint      ] Leaving safepoint region
[17.777s][info ][safepoint      ] Total time for which application threads were stopped: 0.0001078 seconds, Stopping threads took: 0.0000266 seconds
[17.785s][info ][safepoint      ] Application time: 0.0073827 seconds
[17.788s][info ][safepoint      ] Entering safepoint region: RevokeBias
[17.788s][info ][safepoint      ] Leaving safepoint region
[17.788s][info ][safepoint      ] Total time for which application threads were stopped: 0.0034155 seconds, Stopping threads took: 0.0032322 seconds
[17.788s][info ][safepoint      ] Application time: 0.0000447 seconds
[17.788s][info ][safepoint      ] Entering safepoint region: RevokeBias
[17.788s][info ][safepoint      ] Leaving safepoint region
[17.788s][info ][safepoint      ] Total time for which application threads were stopped: 0.0000873 seconds, Stopping threads took: 0.0000079 seconds
[17.811s][info ][safepoint      ] Application time: 0.0230088 seconds
[17.817s][info ][safepoint      ] Entering safepoint region: RevokeBias
[17.817s][info ][safepoint      ] Leaving safepoint region
[17.817s][info ][safepoint      ] Total time for which application threads were stopped: 0.0055407 seconds, Stopping threads took: 0.0053369 seconds
[17.854s][info ][safepoint      ] Application time: 0.0374298 seconds
[17.857s][info ][safepoint      ] Entering safepoint region: RevokeBias
[17.857s][info ][safepoint      ] Leaving safepoint region
[17.857s][info ][safepoint      ] Total time for which application threads were stopped: 0.0024026 seconds, Stopping threads took: 0.0022328 seconds
[17.975s][info ][safepoint      ] Application time: 0.1183444 seconds
[17.978s][info ][safepoint      ] Entering safepoint region: Deoptimize
[17.980s][info ][safepoint      ] Leaving safepoint region
[17.980s][info ][safepoint      ] Total time for which application threads were stopped: 0.0048214 seconds, Stopping threads took: 0.0033373 seconds
[18.006s][info ][safepoint      ] Application time: 0.0261220 seconds
[18.009s][info ][safepoint      ] Entering safepoint region: RevokeBias
[18.010s][info ][safepoint      ] Leaving safepoint region
[18.010s][info ][safepoint      ] Total time for which application threads were stopped: 0.0032649 seconds, Stopping threads took: 0.0030685 seconds
[18.016s][info ][safepoint      ] Application time: 0.0063827 seconds
[18.016s][info ][safepoint      ] Entering safepoint region: RevokeBias
[18.016s][info ][safepoint      ] Leaving safepoint region
[18.016s][info ][safepoint      ] Total time for which application threads were stopped: 0.0004619 seconds, Stopping threads took: 0.0002200 seconds
[18.089s][info ][safepoint      ] Application time: 0.0721705 seconds
[18.092s][info ][safepoint      ] Entering safepoint region: ParallelGCFailedAllocation
[18.092s][info ][gc,start       ] GC(33) Pause Young (Allocation Failure)
[18.120s][debug][gc,phases      ] GC(33) Scavenge 27.658ms
[18.120s][debug][gc,ref         ] GC(33) Skipped phase1 of Reference Processing due to unavailable references
[18.120s][debug][gc,ref         ] GC(33) Skipped phase3 of Reference Processing due to unavailable references
[18.120s][debug][gc,phases      ] GC(33) Reference Processing 0.070ms
[18.120s][debug][gc,phases      ] GC(33) Weak Processing 0.135ms
[18.121s][debug][gc,phases      ] GC(33) Scrub String Table 0.512ms
[18.121s][debug][gc,age         ] GC(33) Desired survivor size 100663296 bytes, new threshold 15 (max threshold 15)
[18.121s][info ][gc,heap        ] GC(33) PSYoungGen: 1915176K->21416K(1998848K)
[18.121s][info ][gc,heap        ] GC(33) ParOldGen: 176480K->188799K(213504K)
[18.121s][info ][gc,metaspace   ] GC(33) Metaspace: 66699K->66699K(1110016K)
[18.121s][info ][gc             ] GC(33) Pause Young (Allocation Failure) 2042M->205M(2160M) 28.538ms
[18.121s][info ][gc,cpu         ] GC(33) User=0.13s Sys=0.00s Real=0.04s
[18.121s][info ][safepoint      ] Leaving safepoint region
[18.121s][info ][safepoint      ] Total time for which application threads were stopped: 0.0321046 seconds, Stopping threads took: 0.0033085 seconds
[18.203s][info ][safepoint      ] Application time: 0.0819765 seconds
[18.203s][info ][safepoint      ] Entering safepoint region: RevokeBias
[18.203s][info ][safepoint      ] Leaving safepoint region
[18.203s][info ][safepoint      ] Total time for which application threads were stopped: 0.0003861 seconds, Stopping threads took: 0.0001874 seconds
[18.328s][info ][safepoint      ] Application time: 0.1249909 seconds
[18.328s][info ][safepoint      ] Entering safepoint region: Deoptimize
[18.330s][info ][safepoint      ] Leaving safepoint region
[18.330s][info ][safepoint      ] Total time for which application threads were stopped: 0.0021524 seconds, Stopping threads took: 0.0002573 seconds
[18.332s][info ][safepoint      ] Application time: 0.0012538 seconds
[18.332s][info ][safepoint      ] Entering safepoint region: RevokeBias
[18.332s][info ][safepoint      ] Leaving safepoint region
[18.332s][info ][safepoint      ] Total time for which application threads were stopped: 0.0002527 seconds, Stopping threads took: 0.0001604 seconds
[18.353s][info ][safepoint      ] Application time: 0.0212075 seconds
[18.358s][info ][safepoint      ] Entering safepoint region: Deoptimize
[18.360s][info ][safepoint      ] Leaving safepoint region
[18.360s][info ][safepoint      ] Total time for which application threads were stopped: 0.0064577 seconds, Stopping threads took: 0.0045908 seconds
[18.364s][info ][safepoint      ] Application time: 0.0049056 seconds
[18.365s][info ][safepoint      ] Entering safepoint region: RevokeBias
[18.365s][info ][safepoint      ] Leaving safepoint region
[18.365s][info ][safepoint      ] Total time for which application threads were stopped: 0.0004099 seconds, Stopping threads took: 0.0002409 seconds
[18.370s][info ][safepoint      ] Application time: 0.0052610 seconds
[18.370s][info ][safepoint      ] Entering safepoint region: RevokeBias
[18.371s][info ][safepoint      ] Leaving safepoint region
[18.371s][info ][safepoint      ] Total time for which application threads were stopped: 0.0003521 seconds, Stopping threads took: 0.0002044 seconds
[18.598s][info ][safepoint      ] Application time: 0.2272527 seconds
[18.599s][info ][safepoint      ] Entering safepoint region: ParallelGCFailedAllocation
[18.599s][info ][gc,start       ] GC(34) Pause Young (Allocation Failure)
[18.619s][debug][gc,phases      ] GC(34) Scavenge 19.507ms
[18.619s][debug][gc,ref         ] GC(34) Skipped phase1 of Reference Processing due to unavailable references
[18.619s][debug][gc,ref         ] GC(34) Skipped phase3 of Reference Processing due to unavailable references
[18.619s][debug][gc,phases      ] GC(34) Reference Processing 0.064ms
[18.619s][debug][gc,phases      ] GC(34) Weak Processing 0.132ms
[18.619s][debug][gc,phases      ] GC(34) Scrub String Table 0.487ms
[18.619s][debug][gc,age         ] GC(34) Desired survivor size 98566144 bytes, new threshold 15 (max threshold 15)
[18.619s][info ][gc,heap        ] GC(34) PSYoungGen: 1920424K->20185K(1997312K)
[18.619s][info ][gc,heap        ] GC(34) ParOldGen: 188799K->191311K(213504K)
[18.619s][info ][gc,metaspace   ] GC(34) Metaspace: 67991K->67991K(1110016K)
[18.619s][info ][gc             ] GC(34) Pause Young (Allocation Failure) 2059M->206M(2159M) 20.338ms
[18.619s][info ][gc,cpu         ] GC(34) User=0.09s Sys=0.00s Real=0.02s
[18.619s][info ][safepoint      ] Leaving safepoint region
[18.620s][info ][safepoint      ] Total time for which application threads were stopped: 0.0216924 seconds, Stopping threads took: 0.0010331 seconds
[18.629s][info ][safepoint      ] Application time: 0.0092450 seconds
[18.629s][info ][safepoint      ] Entering safepoint region: RevokeBias
[18.629s][info ][safepoint      ] Leaving safepoint region
[18.629s][info ][safepoint      ] Total time for which application threads were stopped: 0.0004175 seconds, Stopping threads took: 0.0002345 seconds
[18.700s][info ][safepoint      ] Application time: 0.0703189 seconds
[18.700s][info ][safepoint      ] Entering safepoint region: RevokeBias
[18.700s][info ][safepoint      ] Leaving safepoint region
[18.700s][info ][safepoint      ] Total time for which application threads were stopped: 0.0004740 seconds, Stopping threads took: 0.0002466 seconds
[18.702s][info ][safepoint      ] Application time: 0.0019874 seconds
[18.702s][info ][safepoint      ] Entering safepoint region: BulkRevokeBias
[18.709s][info ][safepoint      ] Leaving safepoint region
[18.709s][info ][safepoint      ] Total time for which application threads were stopped: 0.0071660 seconds, Stopping threads took: 0.0003282 seconds
[18.780s][info ][safepoint      ] Application time: 0.0711502 seconds
[18.781s][info ][safepoint      ] Entering safepoint region: RevokeBias
[18.781s][info ][safepoint      ] Leaving safepoint region
[18.781s][info ][safepoint      ] Total time for which application threads were stopped: 0.0006388 seconds, Stopping threads took: 0.0003676 seconds
[19.050s][info ][safepoint      ] Application time: 0.2690096 seconds
[19.053s][info ][safepoint      ] Entering safepoint region: ICBufferFull
[19.053s][info ][safepoint      ] Leaving safepoint region
[19.053s][info ][safepoint      ] Total time for which application threads were stopped: 0.0033501 seconds, Stopping threads took: 0.0028602 seconds
[19.137s][info ][safepoint      ] Application time: 0.0833340 seconds
[19.139s][info ][safepoint      ] Entering safepoint region: ParallelGCFailedAllocation
[19.140s][info ][gc,start       ] GC(35) Pause Young (Allocation Failure)
[19.168s][debug][gc,phases      ] GC(35) Scavenge 28.629ms
[19.168s][debug][gc,ref         ] GC(35) Skipped phase1 of Reference Processing due to unavailable references
[19.169s][debug][gc,ref         ] GC(35) Skipped phase3 of Reference Processing due to unavailable references
[19.169s][debug][gc,phases      ] GC(35) Reference Processing 0.080ms
[19.169s][debug][gc,phases      ] GC(35) Weak Processing 0.162ms
[19.169s][debug][gc,phases      ] GC(35) Scrub String Table 0.592ms
[19.169s][debug][gc,age         ] GC(35) Desired survivor size 94896128 bytes, new threshold 15 (max threshold 15)
[19.169s][info ][gc,heap        ] GC(35) PSYoungGen: 1919193K->45065K(2004480K)
[19.169s][info ][gc,heap        ] GC(35) ParOldGen: 191311K->191803K(213504K)
[19.169s][info ][gc,metaspace   ] GC(35) Metaspace: 68700K->68700K(1112064K)
[19.169s][info ][gc             ] GC(35) Pause Young (Allocation Failure) 2061M->231M(2166M) 29.639ms
[19.169s][info ][gc,cpu         ] GC(35) User=0.13s Sys=0.02s Real=0.03s
[19.169s][info ][safepoint      ] Leaving safepoint region
[19.169s][info ][safepoint      ] Total time for which application threads were stopped: 0.0326273 seconds, Stopping threads took: 0.0027136 seconds
[19.703s][info ][safepoint      ] Application time: 0.5336888 seconds
[19.703s][info ][safepoint      ] Entering safepoint region: ParallelGCFailedAllocation
[19.704s][info ][gc,start       ] GC(36) Pause Young (Allocation Failure)
[19.728s][debug][gc,phases      ] GC(36) Scavenge 24.103ms
[19.728s][debug][gc,ref         ] GC(36) Skipped phase1 of Reference Processing due to unavailable references
[19.728s][debug][gc,ref         ] GC(36) Skipped phase3 of Reference Processing due to unavailable references
[19.728s][debug][gc,phases      ] GC(36) Reference Processing 0.075ms
[19.728s][debug][gc,phases      ] GC(36) Weak Processing 0.135ms
[19.729s][debug][gc,phases      ] GC(36) Scrub String Table 0.491ms
[19.729s][debug][gc,age         ] GC(36) Desired survivor size 93323264 bytes, new threshold 15 (max threshold 15)
[19.729s][info ][gc,heap        ] GC(36) PSYoungGen: 1953289K->50007K(2000896K)
[19.729s][info ][gc,heap        ] GC(36) ParOldGen: 191803K->192043K(213504K)
[19.729s][info ][gc,metaspace   ] GC(36) Metaspace: 69167K->69167K(1112064K)
[19.729s][info ][gc             ] GC(36) Pause Young (Allocation Failure) 2094M->236M(2162M) 24.963ms
[19.729s][info ][gc,cpu         ] GC(36) User=0.12s Sys=0.00s Real=0.02s
[19.729s][info ][safepoint      ] Leaving safepoint region
[19.729s][info ][safepoint      ] Total time for which application threads were stopped: 0.0256085 seconds, Stopping threads took: 0.0002755 seconds
[20.140s][info ][safepoint      ] Application time: 0.4114226 seconds
[20.141s][info ][safepoint      ] Entering safepoint region: ICBufferFull
[20.141s][info ][safepoint      ] Leaving safepoint region
[20.141s][info ][safepoint      ] Total time for which application threads were stopped: 0.0007385 seconds, Stopping threads took: 0.0004491 seconds
[20.205s][info ][safepoint      ] Application time: 0.0637485 seconds
[20.205s][info ][safepoint      ] Entering safepoint region: ParallelGCFailedAllocation
[20.206s][info ][gc,start       ] GC(37) Pause Young (Allocation Failure)
[20.235s][debug][gc,phases      ] GC(37) Scavenge 29.362ms
[20.235s][debug][gc,ref         ] GC(37) Skipped phase1 of Reference Processing due to unavailable references
[20.235s][debug][gc,ref         ] GC(37) Skipped phase3 of Reference Processing due to unavailable references
[20.235s][debug][gc,phases      ] GC(37) Reference Processing 0.083ms
[20.235s][debug][gc,phases      ] GC(37) Weak Processing 0.156ms
[20.236s][debug][gc,phases      ] GC(37) Scrub String Table 0.518ms
[20.236s][debug][gc,age         ] GC(37) Desired survivor size 93323264 bytes, new threshold 15 (max threshold 15)
[20.236s][info ][gc,heap        ] GC(37) PSYoungGen: 1958231K->55180K(2006016K)
[20.236s][info ][gc,heap        ] GC(37) ParOldGen: 192043K->192379K(213504K)
[20.236s][info ][gc,metaspace   ] GC(37) Metaspace: 69423K->69423K(1112064K)
[20.236s][info ][gc             ] GC(37) Pause Young (Allocation Failure) 2099M->241M(2167M) 30.296ms
[20.236s][info ][gc,cpu         ] GC(37) User=0.13s Sys=0.02s Real=0.03s
[20.236s][info ][safepoint      ] Leaving safepoint region
[20.236s][info ][safepoint      ] Total time for which application threads were stopped: 0.0311168 seconds, Stopping threads took: 0.0004390 seconds
[20.560s][info ][safepoint      ] Application time: 0.3239613 seconds
[20.560s][info ][safepoint      ] Entering safepoint region: ICBufferFull
[20.560s][info ][safepoint      ] Leaving safepoint region
[20.561s][info ][safepoint      ] Total time for which application threads were stopped: 0.0005912 seconds, Stopping threads took: 0.0002171 seconds
[20.740s][info ][safepoint      ] Application time: 0.1794127 seconds
[20.740s][info ][safepoint      ] Entering safepoint region: ParallelGCFailedAllocation
[20.740s][info ][gc,start       ] GC(38) Pause Young (Allocation Failure)
[20.766s][debug][gc,phases      ] GC(38) Scavenge 25.520ms
[20.766s][debug][gc,ref         ] GC(38) Skipped phase1 of Reference Processing due to unavailable references
[20.766s][debug][gc,ref         ] GC(38) Skipped phase3 of Reference Processing due to unavailable references
[20.766s][debug][gc,phases      ] GC(38) Reference Processing 0.063ms
[20.766s][debug][gc,phases      ] GC(38) Weak Processing 0.126ms
[20.767s][debug][gc,phases      ] GC(38) Scrub String Table 0.474ms
[20.767s][debug][gc,age         ] GC(38) Desired survivor size 94371840 bytes, new threshold 15 (max threshold 15)
[20.767s][info ][gc,heap        ] GC(38) PSYoungGen: 1970060K->58626K(1973760K)
[20.767s][info ][gc,heap        ] GC(38) ParOldGen: 192379K->192659K(213504K)
[20.767s][info ][gc,metaspace   ] GC(38) Metaspace: 69546K->69546K(1112064K)
[20.767s][info ][gc             ] GC(38) Pause Young (Allocation Failure) 2111M->245M(2136M) 26.367ms
[20.767s][info ][gc,cpu         ] GC(38) User=0.10s Sys=0.01s Real=0.03s
[20.767s][info ][safepoint      ] Leaving safepoint region
[20.767s][info ][safepoint      ] Total time for which application threads were stopped: 0.0268202 seconds, Stopping threads took: 0.0001535 seconds
[21.558s][info ][safepoint      ] Application time: 0.7914666 seconds
[21.558s][info ][safepoint      ] Entering safepoint region: ICBufferFull
[21.559s][info ][safepoint      ] Leaving safepoint region
[21.559s][info ][safepoint      ] Total time for which application threads were stopped: 0.0002565 seconds, Stopping threads took: 0.0000182 seconds
[22.276s][info ][safepoint      ] Application time: 0.7178421 seconds
[22.276s][info ][safepoint      ] Entering safepoint region: ICBufferFull
[22.277s][info ][safepoint      ] Leaving safepoint region
[22.277s][info ][safepoint      ] Total time for which application threads were stopped: 0.0003272 seconds, Stopping threads took: 0.0000195 seconds
[22.575s][info ][safepoint      ] Application time: 0.2984434 seconds
[22.575s][info ][safepoint      ] Entering safepoint region: RevokeBias
[22.575s][info ][safepoint      ] Leaving safepoint region
[22.575s][info ][safepoint      ] Total time for which application threads were stopped: 0.0002074 seconds, Stopping threads took: 0.0000394 seconds
[23.353s][info ][safepoint      ] Application time: 0.7777489 seconds
[23.353s][info ][safepoint      ] Entering safepoint region: RevokeBias
[23.354s][info ][safepoint      ] Leaving safepoint region
[23.354s][info ][safepoint      ] Total time for which application threads were stopped: 0.0002868 seconds, Stopping threads took: 0.0000579 seconds
[23.354s][info ][safepoint      ] Application time: 0.0001362 seconds
[23.354s][info ][safepoint      ] Entering safepoint region: RevokeBias
[23.354s][info ][safepoint      ] Leaving safepoint region
[23.354s][info ][safepoint      ] Total time for which application threads were stopped: 0.0000833 seconds, Stopping threads took: 0.0000509 seconds
[24.111s][info ][safepoint      ] Application time: 0.7567966 seconds
[24.111s][info ][safepoint      ] Entering safepoint region: ICBufferFull
[24.111s][info ][safepoint      ] Leaving safepoint region
[24.111s][info ][safepoint      ] Total time for which application threads were stopped: 0.0002749 seconds, Stopping threads took: 0.0000282 seconds
[24.223s][info ][safepoint      ] Application time: 0.1124334 seconds
[24.223s][info ][safepoint      ] Entering safepoint region: ICBufferFull
[24.224s][info ][safepoint      ] Leaving safepoint region
[24.224s][info ][safepoint      ] Total time for which application threads were stopped: 0.0002862 seconds, Stopping threads took: 0.0000545 seconds
[24.255s][info ][safepoint      ] Application time: 0.0309774 seconds
[24.255s][info ][safepoint      ] Entering safepoint region: ICBufferFull
[24.255s][info ][safepoint      ] Leaving safepoint region
[24.255s][info ][safepoint      ] Total time for which application threads were stopped: 0.0002993 seconds, Stopping threads took: 0.0000706 seconds
[25.255s][info ][safepoint      ] Application time: 1.0000919 seconds
[25.255s][info ][safepoint      ] Entering safepoint region: Cleanup
[25.255s][info ][safepoint      ] Leaving safepoint region
[25.255s][info ][safepoint      ] Total time for which application threads were stopped: 0.0002940 seconds, Stopping threads took: 0.0000791 seconds
[25.504s][info ][safepoint      ] Application time: 0.2484146 seconds
[25.504s][info ][safepoint      ] Entering safepoint region: ICBufferFull
[25.504s][info ][safepoint      ] Leaving safepoint region
[25.504s][info ][safepoint      ] Total time for which application threads were stopped: 0.0002211 seconds, Stopping threads took: 0.0000206 seconds
[26.014s][info ][safepoint      ] Application time: 0.5103752 seconds
[26.015s][info ][safepoint      ] Entering safepoint region: ICBufferFull
[26.015s][info ][safepoint      ] Leaving safepoint region
[26.015s][info ][safepoint      ] Total time for which application threads were stopped: 0.0002371 seconds, Stopping threads took: 0.0000180 seconds
[26.754s][info ][safepoint      ] Application time: 0.7390238 seconds
[26.754s][info ][safepoint      ] Entering safepoint region: ICBufferFull
[26.754s][info ][safepoint      ] Leaving safepoint region
[26.754s][info ][safepoint      ] Total time for which application threads were stopped: 0.0002435 seconds, Stopping threads took: 0.0000191 seconds
[27.329s][info ][safepoint      ] Application time: 0.5747649 seconds
[27.329s][info ][safepoint      ] Entering safepoint region: ICBufferFull
[27.329s][info ][safepoint      ] Leaving safepoint region
[27.329s][info ][safepoint      ] Total time for which application threads were stopped: 0.0002282 seconds, Stopping threads took: 0.0000160 seconds
[28.059s][info ][safepoint      ] Application time: 0.7297660 seconds
[28.059s][info ][safepoint      ] Entering safepoint region: ICBufferFull
[28.059s][info ][safepoint      ] Leaving safepoint region
[28.059s][info ][safepoint      ] Total time for which application threads were stopped: 0.0002602 seconds, Stopping threads took: 0.0000649 seconds
[28.354s][info ][safepoint      ] Application time: 0.2948525 seconds
[28.354s][info ][safepoint      ] Entering safepoint region: RevokeBias
[28.354s][info ][safepoint      ] Leaving safepoint region
[28.354s][info ][safepoint      ] Total time for which application threads were stopped: 0.0001895 seconds, Stopping threads took: 0.0000686 seconds
[28.355s][info ][safepoint      ] Application time: 0.0012049 seconds
[28.355s][info ][safepoint      ] Entering safepoint region: RevokeBias
[28.356s][info ][safepoint      ] Leaving safepoint region
[28.356s][info ][safepoint      ] Total time for which application threads were stopped: 0.0001056 seconds, Stopping threads took: 0.0000416 seconds
[28.356s][info ][safepoint      ] Application time: 0.0000645 seconds
[28.356s][info ][safepoint      ] Entering safepoint region: RevokeBias
[28.356s][info ][safepoint      ] Leaving safepoint region
[28.356s][info ][safepoint      ] Total time for which application threads were stopped: 0.0000815 seconds, Stopping threads took: 0.0000460 seconds
[28.356s][info ][safepoint      ] Application time: 0.0000947 seconds
[28.356s][info ][safepoint      ] Entering safepoint region: RevokeBias
[28.356s][info ][safepoint      ] Leaving safepoint region
[28.356s][info ][safepoint      ] Total time for which application threads were stopped: 0.0000664 seconds, Stopping threads took: 0.0000300 seconds
[28.356s][info ][safepoint      ] Application time: 0.0001392 seconds
[28.356s][info ][safepoint      ] Entering safepoint region: RevokeBias
[28.356s][info ][safepoint      ] Leaving safepoint region
[28.356s][info ][safepoint      ] Total time for which application threads were stopped: 0.0000946 seconds, Stopping threads took: 0.0000598 seconds
[29.356s][info ][safepoint      ] Application time: 1.0001225 seconds
[29.356s][info ][safepoint      ] Entering safepoint region: Cleanup
[29.357s][info ][safepoint      ] Leaving safepoint region
[29.357s][info ][safepoint      ] Total time for which application threads were stopped: 0.0002302 seconds, Stopping threads took: 0.0000598 seconds
[30.357s][info ][safepoint      ] Application time: 1.0001257 seconds
[30.357s][info ][safepoint      ] Entering safepoint region: Cleanup
[30.357s][info ][safepoint      ] Leaving safepoint region
[30.357s][info ][safepoint      ] Total time for which application threads were stopped: 0.0002738 seconds, Stopping threads took: 0.0000854 seconds
[31.357s][info ][safepoint      ] Application time: 1.0001279 seconds
[31.357s][info ][safepoint      ] Entering safepoint region: Cleanup
[31.357s][info ][safepoint      ] Leaving safepoint region
[31.357s][info ][safepoint      ] Total time for which application threads were stopped: 0.0002170 seconds, Stopping threads took: 0.0000441 seconds
[31.505s][info ][safepoint      ] Application time: 0.1478080 seconds
[31.505s][info ][safepoint      ] Entering safepoint region: ParallelGCFailedAllocation
[31.505s][info ][gc,start       ] GC(39) Pause Young (Allocation Failure)
[31.536s][debug][gc,phases      ] GC(39) Scavenge 31.075ms
[31.537s][debug][gc,ref         ] GC(39) Skipped phase1 of Reference Processing due to unavailable references
[31.537s][debug][gc,phases      ] GC(39) Reference Processing 0.132ms
[31.537s][debug][gc,phases      ] GC(39) Weak Processing 0.215ms
[31.538s][debug][gc,phases      ] GC(39) Scrub String Table 0.670ms
[31.538s][debug][gc,age         ] GC(39) Desired survivor size 98566144 bytes, new threshold 15 (max threshold 15)
[31.538s][info ][gc,heap        ] GC(39) PSYoungGen: 1973506K->68289K(1996800K)
[31.538s][info ][gc,heap        ] GC(39) ParOldGen: 192659K->192915K(213504K)
[31.538s][info ][gc,metaspace   ] GC(39) Metaspace: 70419K->70419K(1114112K)
[31.538s][info ][gc             ] GC(39) Pause Young (Allocation Failure) 2115M->255M(2158M) 32.258ms
[31.538s][info ][gc,cpu         ] GC(39) User=0.11s Sys=0.02s Real=0.03s
[31.538s][info ][safepoint      ] Leaving safepoint region
[31.538s][info ][safepoint      ] Total time for which application threads were stopped: 0.0324746 seconds, Stopping threads took: 0.0000175 seconds
[31.775s][info ][safepoint      ] Application time: 0.2368286 seconds
[31.775s][info ][safepoint      ] Entering safepoint region: ICBufferFull
[31.775s][info ][safepoint      ] Leaving safepoint region
[31.775s][info ][safepoint      ] Total time for which application threads were stopped: 0.0002534 seconds, Stopping threads took: 0.0000184 seconds
[32.775s][info ][safepoint      ] Application time: 1.0000888 seconds
[32.775s][info ][safepoint      ] Entering safepoint region: Cleanup
[32.775s][info ][safepoint      ] Leaving safepoint region
[32.775s][info ][safepoint      ] Total time for which application threads were stopped: 0.0002508 seconds, Stopping threads took: 0.0000209 seconds
[33.775s][info ][safepoint      ] Application time: 1.0001499 seconds
[33.775s][info ][safepoint      ] Entering safepoint region: Cleanup
[33.776s][info ][safepoint      ] Leaving safepoint region
[33.776s][info ][safepoint      ] Total time for which application threads were stopped: 0.0002328 seconds, Stopping threads took: 0.0000183 seconds
[34.776s][info ][safepoint      ] Application time: 1.0003559 seconds
[34.776s][info ][safepoint      ] Entering safepoint region: Cleanup
[34.776s][info ][safepoint      ] Leaving safepoint region
[34.776s][info ][safepoint      ] Total time for which application threads were stopped: 0.0001939 seconds, Stopping threads took: 0.0000444 seconds
[35.776s][info ][safepoint      ] Application time: 1.0001229 seconds
[35.776s][info ][safepoint      ] Entering safepoint region: Cleanup
[35.776s][info ][safepoint      ] Leaving safepoint region
[35.777s][info ][safepoint      ] Total time for which application threads were stopped: 0.0001718 seconds, Stopping threads took: 0.0000179 seconds
[36.777s][info ][safepoint      ] Application time: 1.0000625 seconds
[36.777s][info ][safepoint      ] Entering safepoint region: Cleanup
[36.777s][info ][safepoint      ] Leaving safepoint region
[36.777s][info ][safepoint      ] Total time for which application threads were stopped: 0.0001674 seconds, Stopping threads took: 0.0000359 seconds
[37.777s][info ][safepoint      ] Application time: 1.0000819 seconds
[37.777s][info ][safepoint      ] Entering safepoint region: Cleanup
[37.777s][info ][safepoint      ] Leaving safepoint region
[37.777s][info ][safepoint      ] Total time for which application threads were stopped: 0.0001722 seconds, Stopping threads took: 0.0000197 seconds
[38.145s][info ][safepoint      ] Application time: 0.3679286 seconds
[38.145s][info ][safepoint      ] Entering safepoint region: RevokeBias
[38.145s][info ][safepoint      ] Leaving safepoint region
[38.145s][info ][safepoint      ] Total time for which application threads were stopped: 0.0003009 seconds, Stopping threads took: 0.0001740 seconds
[38.146s][info ][safepoint      ] Application time: 0.0006179 seconds
[38.146s][info ][safepoint      ] Entering safepoint region: RevokeBias
[38.146s][info ][safepoint      ] Leaving safepoint region
[38.146s][info ][safepoint      ] Total time for which application threads were stopped: 0.0000602 seconds, Stopping threads took: 0.0000119 seconds
[38.146s][info ][safepoint      ] Application time: 0.0000460 seconds
[38.146s][info ][safepoint      ] Entering safepoint region: RevokeBias
[38.146s][info ][safepoint      ] Leaving safepoint region
[38.146s][info ][safepoint      ] Total time for which application threads were stopped: 0.0003678 seconds, Stopping threads took: 0.0000073 seconds
[38.148s][info ][safepoint      ] Application time: 0.0013816 seconds
[38.148s][info ][safepoint      ] Entering safepoint region: RevokeBias
[38.148s][info ][safepoint      ] Leaving safepoint region
[38.148s][info ][safepoint      ] Total time for which application threads were stopped: 0.0001554 seconds, Stopping threads took: 0.0000111 seconds
[38.148s][info ][safepoint      ] Application time: 0.0000505 seconds
[38.148s][info ][safepoint      ] Entering safepoint region: RevokeBias
[38.148s][info ][safepoint      ] Leaving safepoint region
[38.148s][info ][safepoint      ] Total time for which application threads were stopped: 0.0000477 seconds, Stopping threads took: 0.0000072 seconds
[38.149s][info ][safepoint      ] Application time: 0.0004442 seconds
[38.149s][info ][safepoint      ] Entering safepoint region: RevokeBias
[38.149s][info ][safepoint      ] Leaving safepoint region
[38.149s][info ][safepoint      ] Total time for which application threads were stopped: 0.0000569 seconds, Stopping threads took: 0.0000086 seconds
[39.149s][info ][safepoint      ] Application time: 1.0001304 seconds
[39.149s][info ][safepoint      ] Entering safepoint region: Cleanup
[39.149s][info ][safepoint      ] Leaving safepoint region
[39.149s][info ][safepoint      ] Total time for which application threads were stopped: 0.0001418 seconds, Stopping threads took: 0.0000194 seconds
[40.149s][info ][safepoint      ] Application time: 1.0000776 seconds
[40.149s][info ][safepoint      ] Entering safepoint region: Cleanup
[40.149s][info ][safepoint      ] Leaving safepoint region
[40.149s][info ][safepoint      ] Total time for which application threads were stopped: 0.0001275 seconds, Stopping threads took: 0.0000193 seconds
[41.149s][info ][safepoint      ] Application time: 1.0001307 seconds
[41.149s][info ][safepoint      ] Entering safepoint region: Cleanup
[41.150s][info ][safepoint      ] Leaving safepoint region
[41.150s][info ][safepoint      ] Total time for which application threads were stopped: 0.0001616 seconds, Stopping threads took: 0.0000192 seconds
[42.150s][info ][safepoint      ] Application time: 1.0001210 seconds
[42.150s][info ][safepoint      ] Entering safepoint region: Cleanup
[42.150s][info ][safepoint      ] Leaving safepoint region
[42.150s][info ][safepoint      ] Total time for which application threads were stopped: 0.0001260 seconds, Stopping threads took: 0.0000183 seconds
[43.150s][info ][safepoint      ] Application time: 1.0001478 seconds
[43.150s][info ][safepoint      ] Entering safepoint region: Cleanup
[43.150s][info ][safepoint      ] Leaving safepoint region
[43.150s][info ][safepoint      ] Total time for which application threads were stopped: 0.0001193 seconds, Stopping threads took: 0.0000197 seconds
[44.150s][info ][safepoint      ] Application time: 1.0000879 seconds
[44.150s][info ][safepoint      ] Entering safepoint region: Cleanup
[44.150s][info ][safepoint      ] Leaving safepoint region
[44.150s][info ][safepoint      ] Total time for which application threads were stopped: 0.0001159 seconds, Stopping threads took: 0.0000209 seconds
[45.151s][info ][safepoint      ] Application time: 1.0001268 seconds
[45.151s][info ][safepoint      ] Entering safepoint region: Cleanup
[45.151s][info ][safepoint      ] Leaving safepoint region
[45.151s][info ][safepoint      ] Total time for which application threads were stopped: 0.0001300 seconds, Stopping threads took: 0.0000172 seconds
[46.151s][info ][safepoint      ] Application time: 1.0000692 seconds
[46.151s][info ][safepoint      ] Entering safepoint region: Cleanup
[46.151s][info ][safepoint      ] Leaving safepoint region
[46.151s][info ][safepoint      ] Total time for which application threads were stopped: 0.0001406 seconds, Stopping threads took: 0.0000205 seconds
[47.151s][info ][safepoint      ] Application time: 1.0001186 seconds
[47.151s][info ][safepoint      ] Entering safepoint region: Cleanup
[47.151s][info ][safepoint      ] Leaving safepoint region
[47.151s][info ][safepoint      ] Total time for which application threads were stopped: 0.0001359 seconds, Stopping threads took: 0.0000188 seconds
[48.151s][info ][safepoint      ] Application time: 1.0000727 seconds
[48.151s][info ][safepoint      ] Entering safepoint region: Cleanup
[48.152s][info ][safepoint      ] Leaving safepoint region
[48.152s][info ][safepoint      ] Total time for which application threads were stopped: 0.0001065 seconds, Stopping threads took: 0.0000191 seconds
[49.152s][info ][safepoint      ] Application time: 1.0001010 seconds
[49.152s][info ][safepoint      ] Entering safepoint region: Cleanup
[49.152s][info ][safepoint      ] Leaving safepoint region
[49.152s][info ][safepoint      ] Total time for which application threads were stopped: 0.0001191 seconds, Stopping threads took: 0.0000194 seconds
[50.152s][info ][safepoint      ] Application time: 1.0000731 seconds
[50.152s][info ][safepoint      ] Entering safepoint region: Cleanup
[50.152s][info ][safepoint      ] Leaving safepoint region
[50.152s][info ][safepoint      ] Total time for which application threads were stopped: 0.0001748 seconds, Stopping threads took: 0.0000761 seconds
[51.152s][info ][safepoint      ] Application time: 1.0001253 seconds
[51.152s][info ][safepoint      ] Entering safepoint region: Cleanup
[51.152s][info ][safepoint      ] Leaving safepoint region
[51.152s][info ][safepoint      ] Total time for which application threads were stopped: 0.0001809 seconds, Stopping threads took: 0.0000868 seconds
[52.153s][info ][safepoint      ] Application time: 1.0002294 seconds
[52.153s][info ][safepoint      ] Entering safepoint region: Cleanup
[52.153s][info ][safepoint      ] Leaving safepoint region
[52.153s][info ][safepoint      ] Total time for which application threads were stopped: 0.0001863 seconds, Stopping threads took: 0.0000435 seconds
[53.153s][info ][safepoint      ] Application time: 1.0000871 seconds
[53.153s][info ][safepoint      ] Entering safepoint region: Cleanup
[53.153s][info ][safepoint      ] Leaving safepoint region
[53.153s][info ][safepoint      ] Total time for which application threads were stopped: 0.0001607 seconds, Stopping threads took: 0.0000643 seconds
[54.153s][info ][safepoint      ] Application time: 1.0001376 seconds
[54.153s][info ][safepoint      ] Entering safepoint region: Cleanup
[54.154s][info ][safepoint      ] Leaving safepoint region
[54.154s][info ][safepoint      ] Total time for which application threads were stopped: 0.0001322 seconds, Stopping threads took: 0.0000313 seconds
[55.154s][info ][safepoint      ] Application time: 1.0001344 seconds
[55.154s][info ][safepoint      ] Entering safepoint region: Cleanup
[55.154s][info ][safepoint      ] Leaving safepoint region
[55.154s][info ][safepoint      ] Total time for which application threads were stopped: 0.0002237 seconds, Stopping threads took: 0.0001286 seconds
[56.154s][info ][safepoint      ] Application time: 1.0001179 seconds
[56.154s][info ][safepoint      ] Entering safepoint region: Cleanup
[56.154s][info ][safepoint      ] Leaving safepoint region
[56.154s][info ][safepoint      ] Total time for which application threads were stopped: 0.0002045 seconds, Stopping threads took: 0.0000784 seconds
[57.154s][info ][safepoint      ] Application time: 1.0000808 seconds
[57.154s][info ][safepoint      ] Entering safepoint region: Cleanup
[57.155s][info ][safepoint      ] Leaving safepoint region
[57.155s][info ][safepoint      ] Total time for which application threads were stopped: 0.0002226 seconds, Stopping threads took: 0.0000753 seconds
[57.810s][info ][safepoint      ] Application time: 0.6557386 seconds
[57.810s][info ][safepoint      ] Entering safepoint region: ParallelGCFailedAllocation
[57.811s][info ][gc,start       ] GC(40) Pause Young (Allocation Failure)
[57.840s][debug][gc,phases      ] GC(40) Scavenge 29.183ms
[57.840s][debug][gc,ref         ] GC(40) Skipped phase1 of Reference Processing due to unavailable references
[57.840s][debug][gc,ref         ] GC(40) Skipped phase3 of Reference Processing due to unavailable references
[57.840s][debug][gc,phases      ] GC(40) Reference Processing 0.099ms
[57.840s][debug][gc,phases      ] GC(40) Weak Processing 0.147ms
[57.841s][debug][gc,phases      ] GC(40) Scrub String Table 0.514ms
[57.841s][debug][gc,age         ] GC(40) Desired survivor size 102760448 bytes, new threshold 15 (max threshold 15)
[57.841s][info ][gc,heap        ] GC(40) PSYoungGen: 1972929K->71329K(1976320K)
[57.841s][info ][gc,heap        ] GC(40) ParOldGen: 192915K->193211K(213504K)
[57.841s][info ][gc,metaspace   ] GC(40) Metaspace: 70788K->70788K(1114112K)
[57.841s][info ][gc             ] GC(40) Pause Young (Allocation Failure) 2115M->258M(2138M) 30.143ms
[57.841s][info ][gc,cpu         ] GC(40) User=0.12s Sys=0.00s Real=0.04s
[57.841s][info ][safepoint      ] Leaving safepoint region
[57.841s][info ][safepoint      ] Total time for which application threads were stopped: 0.0303422 seconds, Stopping threads took: 0.0000191 seconds
[58.841s][info ][safepoint      ] Application time: 1.0000927 seconds
[58.841s][info ][safepoint      ] Entering safepoint region: Cleanup
[58.841s][info ][safepoint      ] Leaving safepoint region
[58.841s][info ][safepoint      ] Total time for which application threads were stopped: 0.0001316 seconds, Stopping threads took: 0.0000201 seconds
[59.841s][info ][safepoint      ] Application time: 1.0001270 seconds
[59.841s][info ][safepoint      ] Entering safepoint region: Cleanup
[59.841s][info ][safepoint      ] Leaving safepoint region
[59.841s][info ][safepoint      ] Total time for which application threads were stopped: 0.0002289 seconds, Stopping threads took: 0.0001039 seconds
[60.842s][info ][safepoint      ] Application time: 1.0001475 seconds
[60.842s][info ][safepoint      ] Entering safepoint region: Cleanup
[60.842s][info ][safepoint      ] Leaving safepoint region
[60.842s][info ][safepoint      ] Total time for which application threads were stopped: 0.0001454 seconds, Stopping threads took: 0.0000204 seconds
[61.842s][info ][safepoint      ] Application time: 1.0000513 seconds
[61.842s][info ][safepoint      ] Entering safepoint region: Cleanup
[61.842s][info ][safepoint      ] Leaving safepoint region
[61.842s][info ][safepoint      ] Total time for which application threads were stopped: 0.0001015 seconds, Stopping threads took: 0.0000192 seconds
[62.842s][info ][safepoint      ] Application time: 1.0000807 seconds
[62.842s][info ][safepoint      ] Entering safepoint region: Cleanup
[62.842s][info ][safepoint      ] Leaving safepoint region
[62.842s][info ][safepoint      ] Total time for which application threads were stopped: 0.0001365 seconds, Stopping threads took: 0.0000211 seconds
[63.842s][info ][safepoint      ] Application time: 1.0001294 seconds
[63.842s][info ][safepoint      ] Entering safepoint region: Cleanup
[63.842s][info ][safepoint      ] Leaving safepoint region
[63.842s][info ][safepoint      ] Total time for which application threads were stopped: 0.0001201 seconds, Stopping threads took: 0.0000189 seconds
[64.843s][info ][safepoint      ] Application time: 1.0001123 seconds
[64.843s][info ][safepoint      ] Entering safepoint region: Cleanup
[64.843s][info ][safepoint      ] Leaving safepoint region
[64.843s][info ][safepoint      ] Total time for which application threads were stopped: 0.0001189 seconds, Stopping threads took: 0.0000187 seconds
[65.843s][info ][safepoint      ] Application time: 1.0001285 seconds
[65.843s][info ][safepoint      ] Entering safepoint region: Cleanup
[65.843s][info ][safepoint      ] Leaving safepoint region
[65.843s][info ][safepoint      ] Total time for which application threads were stopped: 0.0001256 seconds, Stopping threads took: 0.0000197 seconds
[66.843s][info ][safepoint      ] Application time: 1.0000870 seconds
[66.843s][info ][safepoint      ] Entering safepoint region: Cleanup
[66.843s][info ][safepoint      ] Leaving safepoint region
[66.843s][info ][safepoint      ] Total time for which application threads were stopped: 0.0001150 seconds, Stopping threads took: 0.0000196 seconds
[67.843s][info ][safepoint      ] Application time: 1.0000769 seconds
[67.843s][info ][safepoint      ] Entering safepoint region: Cleanup
[67.844s][info ][safepoint      ] Leaving safepoint region
[67.844s][info ][safepoint      ] Total time for which application threads were stopped: 0.0001093 seconds, Stopping threads took: 0.0000201 seconds
[68.844s][info ][safepoint      ] Application time: 1.0000839 seconds
[68.844s][info ][safepoint      ] Entering safepoint region: Cleanup
[68.844s][info ][safepoint      ] Leaving safepoint region
[68.844s][info ][safepoint      ] Total time for which application threads were stopped: 0.0001095 seconds, Stopping threads took: 0.0000197 seconds
[69.844s][info ][safepoint      ] Application time: 1.0001090 seconds
[69.844s][info ][safepoint      ] Entering safepoint region: Cleanup
[69.844s][info ][safepoint      ] Leaving safepoint region
[69.844s][info ][safepoint      ] Total time for which application threads were stopped: 0.0001234 seconds, Stopping threads took: 0.0000185 seconds
[70.691s][info ][safepoint      ] Application time: 0.8470988 seconds
[70.691s][info ][safepoint      ] Entering safepoint region: ICBufferFull
[70.691s][info ][safepoint      ] Leaving safepoint region
[70.691s][info ][safepoint      ] Total time for which application threads were stopped: 0.0002781 seconds, Stopping threads took: 0.0000169 seconds
[71.058s][info ][safepoint      ] Application time: 0.3664925 seconds
[71.058s][info ][safepoint      ] Entering safepoint region: RevokeBias
[71.058s][info ][safepoint      ] Leaving safepoint region
[71.058s][info ][safepoint      ] Total time for which application threads were stopped: 0.0001948 seconds, Stopping threads took: 0.0000621 seconds
[71.065s][info ][safepoint      ] Application time: 0.0070379 seconds
[71.065s][info ][safepoint      ] Entering safepoint region: RevokeBias
[71.065s][info ][safepoint      ] Leaving safepoint region
[71.065s][info ][safepoint      ] Total time for which application threads were stopped: 0.0001202 seconds, Stopping threads took: 0.0000440 seconds
[72.066s][info ][safepoint      ] Application time: 1.0001394 seconds
[72.066s][info ][safepoint      ] Entering safepoint region: Cleanup
[72.066s][info ][safepoint      ] Leaving safepoint region
[72.066s][info ][safepoint      ] Total time for which application threads were stopped: 0.0001239 seconds, Stopping threads took: 0.0000181 seconds
[73.018s][info ][safepoint      ] Application time: 0.9520088 seconds
[73.018s][info ][safepoint      ] Entering safepoint region: ICBufferFull
[73.018s][info ][safepoint      ] Leaving safepoint region
[73.018s][info ][safepoint      ] Total time for which application threads were stopped: 0.0002340 seconds, Stopping threads took: 0.0000170 seconds
[74.018s][info ][safepoint      ] Application time: 1.0001342 seconds
[74.018s][info ][safepoint      ] Entering safepoint region: Cleanup
[74.018s][info ][safepoint      ] Leaving safepoint region
[74.018s][info ][safepoint      ] Total time for which application threads were stopped: 0.0002217 seconds, Stopping threads took: 0.0000177 seconds
[75.018s][info ][safepoint      ] Application time: 1.0000862 seconds
[75.018s][info ][safepoint      ] Entering safepoint region: Cleanup
[75.019s][info ][safepoint      ] Leaving safepoint region
[75.019s][info ][safepoint      ] Total time for which application threads were stopped: 0.0004421 seconds, Stopping threads took: 0.0000476 seconds
[76.019s][info ][safepoint      ] Application time: 1.0001037 seconds
[76.019s][info ][safepoint      ] Entering safepoint region: Cleanup
[76.019s][info ][safepoint      ] Leaving safepoint region
[76.019s][info ][safepoint      ] Total time for which application threads were stopped: 0.0001844 seconds, Stopping threads took: 0.0000670 seconds
[77.019s][info ][safepoint      ] Application time: 1.0000793 seconds
[77.019s][info ][safepoint      ] Entering safepoint region: Cleanup
[77.019s][info ][safepoint      ] Leaving safepoint region
[77.019s][info ][safepoint      ] Total time for which application threads were stopped: 0.0001075 seconds, Stopping threads took: 0.0000196 seconds
[78.020s][info ][safepoint      ] Application time: 1.0001231 seconds
[78.020s][info ][safepoint      ] Entering safepoint region: Cleanup
[78.020s][info ][safepoint      ] Leaving safepoint region
[78.020s][info ][safepoint      ] Total time for which application threads were stopped: 0.0002040 seconds, Stopping threads took: 0.0000422 seconds
[79.020s][info ][safepoint      ] Application time: 1.0001148 seconds
[79.020s][info ][safepoint      ] Entering safepoint region: Cleanup
[79.020s][info ][safepoint      ] Leaving safepoint region
[79.020s][info ][safepoint      ] Total time for which application threads were stopped: 0.0001807 seconds, Stopping threads took: 0.0000197 seconds
[80.020s][info ][safepoint      ] Application time: 1.0001213 seconds
[80.020s][info ][safepoint      ] Entering safepoint region: Cleanup
[80.021s][info ][safepoint      ] Leaving safepoint region
[80.021s][info ][safepoint      ] Total time for which application threads were stopped: 0.0001653 seconds, Stopping threads took: 0.0000177 seconds
[81.021s][info ][safepoint      ] Application time: 1.0001254 seconds
[81.021s][info ][safepoint      ] Entering safepoint region: Cleanup
[81.021s][info ][safepoint      ] Leaving safepoint region
[81.021s][info ][safepoint      ] Total time for which application threads were stopped: 0.0001444 seconds, Stopping threads took: 0.0000324 seconds
[81.073s][info ][safepoint      ] Application time: 0.0516606 seconds
[81.073s][info ][safepoint      ] Entering safepoint region: RevokeBias
[81.073s][info ][safepoint      ] Leaving safepoint region
[81.073s][info ][safepoint      ] Total time for which application threads were stopped: 0.0001292 seconds, Stopping threads took: 0.0000171 seconds
[82.073s][info ][safepoint      ] Application time: 1.0001582 seconds
[82.073s][info ][safepoint      ] Entering safepoint region: Cleanup
[82.073s][info ][safepoint      ] Leaving safepoint region
[82.073s][info ][safepoint      ] Total time for which application threads were stopped: 0.0001267 seconds, Stopping threads took: 0.0000474 seconds
[82.353s][info ][safepoint      ] Application time: 0.2796533 seconds
[82.353s][info ][safepoint      ] Entering safepoint region: ParallelGCFailedAllocation
[82.353s][info ][gc,start       ] GC(41) Pause Young (Allocation Failure)
[82.384s][debug][gc,phases      ] GC(41) Scavenge 30.912ms
[82.384s][debug][gc,ref         ] GC(41) Skipped phase1 of Reference Processing due to unavailable references
[82.384s][debug][gc,ref         ] GC(41) Skipped phase3 of Reference Processing due to unavailable references
[82.384s][debug][gc,phases      ] GC(41) Reference Processing 0.133ms
[82.384s][debug][gc,phases      ] GC(41) Weak Processing 0.135ms
[82.385s][debug][gc,phases      ] GC(41) Scrub String Table 0.577ms
[82.385s][debug][gc,age         ] GC(41) Desired survivor size 106430464 bytes, new threshold 15 (max threshold 15)
[82.385s][info ][gc,heap        ] GC(41) PSYoungGen: 1975969K->72318K(1989632K)
[82.385s][info ][gc,heap        ] GC(41) ParOldGen: 193211K->193523K(213504K)
[82.385s][info ][gc,metaspace   ] GC(41) Metaspace: 71297K->71297K(1114112K)
[82.385s][info ][gc             ] GC(41) Pause Young (Allocation Failure) 2118M->259M(2151M) 31.933ms
[82.385s][info ][gc,cpu         ] GC(41) User=0.13s Sys=0.01s Real=0.03s
[82.385s][info ][safepoint      ] Leaving safepoint region
[82.385s][info ][safepoint      ] Total time for which application threads were stopped: 0.0321446 seconds, Stopping threads took: 0.0000313 seconds
[83.385s][info ][safepoint      ] Application time: 1.0000792 seconds
[83.385s][info ][safepoint      ] Entering safepoint region: Cleanup
[83.385s][info ][safepoint      ] Leaving safepoint region
[83.385s][info ][safepoint      ] Total time for which application threads were stopped: 0.0001237 seconds, Stopping threads took: 0.0000340 seconds
[84.385s][info ][safepoint      ] Application time: 1.0000786 seconds
[84.385s][info ][safepoint      ] Entering safepoint region: Cleanup
[84.385s][info ][safepoint      ] Leaving safepoint region
[84.385s][info ][safepoint      ] Total time for which application threads were stopped: 0.0001017 seconds, Stopping threads took: 0.0000187 seconds
[85.385s][info ][safepoint      ] Application time: 1.0001124 seconds
[85.385s][info ][safepoint      ] Entering safepoint region: Cleanup
[85.386s][info ][safepoint      ] Leaving safepoint region
[85.386s][info ][safepoint      ] Total time for which application threads were stopped: 0.0000999 seconds, Stopping threads took: 0.0000177 seconds
[86.386s][info ][safepoint      ] Application time: 1.0000681 seconds
[86.386s][info ][safepoint      ] Entering safepoint region: Cleanup
[86.386s][info ][safepoint      ] Leaving safepoint region
[86.386s][info ][safepoint      ] Total time for which application threads were stopped: 0.0001003 seconds, Stopping threads took: 0.0000197 seconds
[87.386s][info ][safepoint      ] Application time: 1.0000799 seconds
[87.386s][info ][safepoint      ] Entering safepoint region: Cleanup
[87.386s][info ][safepoint      ] Leaving safepoint region
[87.386s][info ][safepoint      ] Total time for which application threads were stopped: 0.0001134 seconds, Stopping threads took: 0.0000189 seconds
[88.386s][info ][safepoint      ] Application time: 1.0000739 seconds
[88.386s][info ][safepoint      ] Entering safepoint region: Cleanup
[88.386s][info ][safepoint      ] Leaving safepoint region
[88.386s][info ][safepoint      ] Total time for which application threads were stopped: 0.0001580 seconds, Stopping threads took: 0.0000184 seconds
[89.386s][info ][safepoint      ] Application time: 1.0001122 seconds
[89.386s][info ][safepoint      ] Entering safepoint region: Cleanup
[89.387s][info ][safepoint      ] Leaving safepoint region
[89.387s][info ][safepoint      ] Total time for which application threads were stopped: 0.0001380 seconds, Stopping threads took: 0.0000197 seconds
[90.387s][info ][safepoint      ] Application time: 1.0001000 seconds
[90.387s][info ][safepoint      ] Entering safepoint region: Cleanup
[90.387s][info ][safepoint      ] Leaving safepoint region
[90.387s][info ][safepoint      ] Total time for which application threads were stopped: 0.0001156 seconds, Stopping threads took: 0.0000186 seconds
[91.387s][info ][safepoint      ] Application time: 1.0001012 seconds
[91.387s][info ][safepoint      ] Entering safepoint region: Cleanup
[91.387s][info ][safepoint      ] Leaving safepoint region
[91.387s][info ][safepoint      ] Total time for which application threads were stopped: 0.0001098 seconds, Stopping threads took: 0.0000197 seconds
[92.387s][info ][safepoint      ] Application time: 1.0001490 seconds
[92.387s][info ][safepoint      ] Entering safepoint region: Cleanup
[92.387s][info ][safepoint      ] Leaving safepoint region
[92.387s][info ][safepoint      ] Total time for which application threads were stopped: 0.0001133 seconds, Stopping threads took: 0.0000191 seconds
[93.388s][info ][safepoint      ] Application time: 1.0001234 seconds
[93.388s][info ][safepoint      ] Entering safepoint region: Cleanup
[93.388s][info ][safepoint      ] Leaving safepoint region
[93.388s][info ][safepoint      ] Total time for which application threads were stopped: 0.0000895 seconds, Stopping threads took: 0.0000168 seconds
[94.388s][info ][safepoint      ] Application time: 1.0000866 seconds
[94.388s][info ][safepoint      ] Entering safepoint region: Cleanup
[94.388s][info ][safepoint      ] Leaving safepoint region
[94.388s][info ][safepoint      ] Total time for which application threads were stopped: 0.0001546 seconds, Stopping threads took: 0.0000188 seconds
[95.388s][info ][safepoint      ] Application time: 1.0001357 seconds
[95.388s][info ][safepoint      ] Entering safepoint region: Cleanup
[95.388s][info ][safepoint      ] Leaving safepoint region
[95.388s][info ][safepoint      ] Total time for which application threads were stopped: 0.0000991 seconds, Stopping threads took: 0.0000200 seconds
[96.388s][info ][safepoint      ] Application time: 1.0001045 seconds
[96.388s][info ][safepoint      ] Entering safepoint region: Cleanup
[96.389s][info ][safepoint      ] Leaving safepoint region
[96.389s][info ][safepoint      ] Total time for which application threads were stopped: 0.0001322 seconds, Stopping threads took: 0.0000182 seconds
[97.389s][info ][safepoint      ] Application time: 1.0000567 seconds
[97.389s][info ][safepoint      ] Entering safepoint region: Cleanup
[97.389s][info ][safepoint      ] Leaving safepoint region
[97.389s][info ][safepoint      ] Total time for which application threads were stopped: 0.0001206 seconds, Stopping threads took: 0.0000208 seconds
[98.389s][info ][safepoint      ] Application time: 1.0001261 seconds
[98.389s][info ][safepoint      ] Entering safepoint region: Cleanup
[98.389s][info ][safepoint      ] Leaving safepoint region
[98.389s][info ][safepoint      ] Total time for which application threads were stopped: 0.0001671 seconds, Stopping threads took: 0.0000193 seconds
[99.389s][info ][safepoint      ] Application time: 1.0001381 seconds
[99.389s][info ][safepoint      ] Entering safepoint region: Cleanup
[99.389s][info ][safepoint      ] Leaving safepoint region
[99.389s][info ][safepoint      ] Total time for which application threads were stopped: 0.0001762 seconds, Stopping threads took: 0.0000201 seconds
[100.390s][info ][safepoint      ] Application time: 1.0001004 seconds
[100.390s][info ][safepoint      ] Entering safepoint region: Cleanup
[100.390s][info ][safepoint      ] Leaving safepoint region
[100.390s][info ][safepoint      ] Total time for which application threads were stopped: 0.0000992 seconds, Stopping threads took: 0.0000180 seconds
[101.390s][info ][safepoint      ] Application time: 1.0000319 seconds
[101.390s][info ][safepoint      ] Entering safepoint region: Cleanup
[101.390s][info ][safepoint      ] Leaving safepoint region
[101.390s][info ][safepoint      ] Total time for which application threads were stopped: 0.0001213 seconds, Stopping threads took: 0.0000342 seconds
[102.390s][info ][safepoint      ] Application time: 1.0000786 seconds
[102.390s][info ][safepoint      ] Entering safepoint region: Cleanup
[102.390s][info ][safepoint      ] Leaving safepoint region
[102.390s][info ][safepoint      ] Total time for which application threads were stopped: 0.0002077 seconds, Stopping threads took: 0.0000199 seconds
[103.390s][info ][safepoint      ] Application time: 1.0000966 seconds
[103.390s][info ][safepoint      ] Entering safepoint region: Cleanup
[103.391s][info ][safepoint      ] Leaving safepoint region
[103.391s][info ][safepoint      ] Total time for which application threads were stopped: 0.0001115 seconds, Stopping threads took: 0.0000193 seconds
[104.391s][info ][safepoint      ] Application time: 1.0001262 seconds
[104.391s][info ][safepoint      ] Entering safepoint region: Cleanup
[104.391s][info ][safepoint      ] Leaving safepoint region
[104.391s][info ][safepoint      ] Total time for which application threads were stopped: 0.0001099 seconds, Stopping threads took: 0.0000184 seconds
[105.391s][info ][safepoint      ] Application time: 1.0001030 seconds
[105.391s][info ][safepoint      ] Entering safepoint region: Cleanup
[105.391s][info ][safepoint      ] Leaving safepoint region
[105.391s][info ][safepoint      ] Total time for which application threads were stopped: 0.0004047 seconds, Stopping threads took: 0.0001170 seconds
[106.391s][info ][safepoint      ] Application time: 1.0000779 seconds
[106.391s][info ][safepoint      ] Entering safepoint region: Cleanup
[106.392s][info ][safepoint      ] Leaving safepoint region
[106.392s][info ][safepoint      ] Total time for which application threads were stopped: 0.0001205 seconds, Stopping threads took: 0.0000345 seconds
[107.392s][info ][safepoint      ] Application time: 1.0000911 seconds
[107.392s][info ][safepoint      ] Entering safepoint region: Cleanup
[107.392s][info ][safepoint      ] Leaving safepoint region
[107.392s][info ][safepoint      ] Total time for which application threads were stopped: 0.0001791 seconds, Stopping threads took: 0.0000182 seconds
[107.910s][info ][safepoint      ] Application time: 0.5179795 seconds
[107.910s][info ][safepoint      ] Entering safepoint region: ParallelGCFailedAllocation
[107.910s][info ][gc,start       ] GC(42) Pause Young (Allocation Failure)
[107.938s][debug][gc,phases      ] GC(42) Scavenge 27.948ms
[107.938s][debug][gc,ref         ] GC(42) Skipped phase1 of Reference Processing due to unavailable references
[107.938s][debug][gc,ref         ] GC(42) Skipped phase3 of Reference Processing due to unavailable references
[107.938s][debug][gc,phases      ] GC(42) Reference Processing 0.077ms
[107.938s][debug][gc,phases      ] GC(42) Weak Processing 0.161ms
[107.939s][debug][gc,phases      ] GC(42) Scrub String Table 0.550ms
[107.939s][debug][gc,age         ] GC(42) Desired survivor size 109051904 bytes, new threshold 15 (max threshold 15)
[107.939s][info ][gc,heap        ] GC(42) PSYoungGen: 1961598K->72368K(1961984K)
[107.939s][info ][gc,heap        ] GC(42) ParOldGen: 193523K->193867K(213504K)
[107.939s][info ][gc,metaspace   ] GC(42) Metaspace: 71424K->71424K(1114112K)
[107.939s][info ][gc             ] GC(42) Pause Young (Allocation Failure) 2104M->259M(2124M) 28.897ms
[107.939s][info ][gc,cpu         ] GC(42) User=0.10s Sys=0.00s Real=0.03s
[107.939s][info ][safepoint      ] Leaving safepoint region
[107.939s][info ][safepoint      ] Total time for which application threads were stopped: 0.0290903 seconds, Stopping threads took: 0.0000185 seconds
[108.939s][info ][safepoint      ] Application time: 1.0001079 seconds
[108.939s][info ][safepoint      ] Entering safepoint region: Cleanup
[108.939s][info ][safepoint      ] Leaving safepoint region
[108.939s][info ][safepoint      ] Total time for which application threads were stopped: 0.0001356 seconds, Stopping threads took: 0.0000192 seconds
[109.939s][info ][safepoint      ] Application time: 1.0000746 seconds
[109.939s][info ][safepoint      ] Entering safepoint region: Cleanup
[109.940s][info ][safepoint      ] Leaving safepoint region
[109.940s][info ][safepoint      ] Total time for which application threads were stopped: 0.0000970 seconds, Stopping threads took: 0.0000172 seconds
[110.940s][info ][safepoint      ] Application time: 1.0000854 seconds
[110.940s][info ][safepoint      ] Entering safepoint region: Cleanup
[110.940s][info ][safepoint      ] Leaving safepoint region
[110.940s][info ][safepoint      ] Total time for which application threads were stopped: 0.0001237 seconds, Stopping threads took: 0.0000318 seconds
[111.940s][info ][safepoint      ] Application time: 1.0001157 seconds
[111.940s][info ][safepoint      ] Entering safepoint region: Cleanup
[111.940s][info ][safepoint      ] Leaving safepoint region
[111.940s][info ][safepoint      ] Total time for which application threads were stopped: 0.0001425 seconds, Stopping threads took: 0.0000192 seconds
[112.940s][info ][safepoint      ] Application time: 1.0000884 seconds
[112.940s][info ][safepoint      ] Entering safepoint region: Cleanup
[112.940s][info ][safepoint      ] Leaving safepoint region
[112.940s][info ][safepoint      ] Total time for which application threads were stopped: 0.0001454 seconds, Stopping threads took: 0.0000347 seconds
[113.941s][info ][safepoint      ] Application time: 1.0001356 seconds
[113.941s][info ][safepoint      ] Entering safepoint region: Cleanup
[113.941s][info ][safepoint      ] Leaving safepoint region
[113.941s][info ][safepoint      ] Total time for which application threads were stopped: 0.0001161 seconds, Stopping threads took: 0.0000236 seconds
[114.941s][info ][safepoint      ] Application time: 1.0001256 seconds
[114.941s][info ][safepoint      ] Entering safepoint region: Cleanup
[114.941s][info ][safepoint      ] Leaving safepoint region
[114.941s][info ][safepoint      ] Total time for which application threads were stopped: 0.0001040 seconds, Stopping threads took: 0.0000192 seconds
[115.941s][info ][safepoint      ] Application time: 1.0000864 seconds
[115.941s][info ][safepoint      ] Entering safepoint region: Cleanup
[115.941s][info ][safepoint      ] Leaving safepoint region
[115.941s][info ][safepoint      ] Total time for which application threads were stopped: 0.0001080 seconds, Stopping threads took: 0.0000189 seconds
[116.941s][info ][safepoint      ] Application time: 1.0000761 seconds
[116.941s][info ][safepoint      ] Entering safepoint region: Cleanup
[116.942s][info ][safepoint      ] Leaving safepoint region
[116.942s][info ][safepoint      ] Total time for which application threads were stopped: 0.0001221 seconds, Stopping threads took: 0.0000205 seconds
[117.942s][info ][safepoint      ] Application time: 1.0001292 seconds
[117.942s][info ][safepoint      ] Entering safepoint region: Cleanup
[117.942s][info ][safepoint      ] Leaving safepoint region
[117.942s][info ][safepoint      ] Total time for which application threads were stopped: 0.0001114 seconds, Stopping threads took: 0.0000186 seconds
[118.942s][info ][safepoint      ] Application time: 1.0001154 seconds
[118.942s][info ][safepoint      ] Entering safepoint region: Cleanup
[118.942s][info ][safepoint      ] Leaving safepoint region
[118.942s][info ][safepoint      ] Total time for which application threads were stopped: 0.0001007 seconds, Stopping threads took: 0.0000191 seconds
[120.942s][info ][safepoint      ] Application time: 2.0002326 seconds
[120.942s][info ][safepoint      ] Entering safepoint region: Cleanup
[120.942s][info ][safepoint      ] Leaving safepoint region
[120.942s][info ][safepoint      ] Total time for which application threads were stopped: 0.0001110 seconds, Stopping threads took: 0.0000192 seconds
[121.943s][info ][safepoint      ] Application time: 1.0000812 seconds
[121.943s][info ][safepoint      ] Entering safepoint region: Cleanup
[121.943s][info ][safepoint      ] Leaving safepoint region
[121.943s][info ][safepoint      ] Total time for which application threads were stopped: 0.0001344 seconds, Stopping threads took: 0.0000202 seconds
[122.943s][info ][safepoint      ] Application time: 1.0000786 seconds
[122.943s][info ][safepoint      ] Entering safepoint region: Cleanup
[122.943s][info ][safepoint      ] Leaving safepoint region
[122.943s][info ][safepoint      ] Total time for which application threads were stopped: 0.0001302 seconds, Stopping threads took: 0.0000188 seconds
[123.943s][info ][safepoint      ] Application time: 1.0001239 seconds
[123.943s][info ][safepoint      ] Entering safepoint region: Cleanup
[123.943s][info ][safepoint      ] Leaving safepoint region
[123.943s][info ][safepoint      ] Total time for which application threads were stopped: 0.0000983 seconds, Stopping threads took: 0.0000196 seconds
[124.943s][info ][safepoint      ] Application time: 1.0001069 seconds
[124.943s][info ][safepoint      ] Entering safepoint region: Cleanup
[124.944s][info ][safepoint      ] Leaving safepoint region
[124.944s][info ][safepoint      ] Total time for which application threads were stopped: 0.0001101 seconds, Stopping threads took: 0.0000200 seconds
[125.944s][info ][safepoint      ] Application time: 1.0000809 seconds
[125.944s][info ][safepoint      ] Entering safepoint region: Cleanup
[125.944s][info ][safepoint      ] Leaving safepoint region
[125.944s][info ][safepoint      ] Total time for which application threads were stopped: 0.0001537 seconds, Stopping threads took: 0.0000183 seconds
[126.944s][info ][safepoint      ] Application time: 1.0001362 seconds
[126.944s][info ][safepoint      ] Entering safepoint region: Cleanup
[126.944s][info ][safepoint      ] Leaving safepoint region
[126.944s][info ][safepoint      ] Total time for which application threads were stopped: 0.0001117 seconds, Stopping threads took: 0.0000188 seconds
[127.944s][info ][safepoint      ] Application time: 1.0001352 seconds
[127.944s][info ][safepoint      ] Entering safepoint region: Cleanup
[127.944s][info ][safepoint      ] Leaving safepoint region
[127.944s][info ][safepoint      ] Total time for which application threads were stopped: 0.0001417 seconds, Stopping threads took: 0.0000186 seconds
[128.945s][info ][safepoint      ] Application time: 1.0000859 seconds
[128.945s][info ][safepoint      ] Entering safepoint region: Cleanup
[128.945s][info ][safepoint      ] Leaving safepoint region
[128.945s][info ][safepoint      ] Total time for which application threads were stopped: 0.0001540 seconds, Stopping threads took: 0.0000354 seconds
[129.945s][info ][safepoint      ] Application time: 1.0000800 seconds
[129.945s][info ][safepoint      ] Entering safepoint region: Cleanup
[129.945s][info ][safepoint      ] Leaving safepoint region
[129.945s][info ][safepoint      ] Total time for which application threads were stopped: 0.0001154 seconds, Stopping threads took: 0.0000183 seconds
[130.945s][info ][safepoint      ] Application time: 1.0001157 seconds
[130.945s][info ][safepoint      ] Entering safepoint region: Cleanup
[130.945s][info ][safepoint      ] Leaving safepoint region
[130.945s][info ][safepoint      ] Total time for which application threads were stopped: 0.0001148 seconds, Stopping threads took: 0.0000208 seconds
[131.566s][info ][safepoint      ] Application time: 0.6206260 seconds
[131.566s][info ][safepoint      ] Entering safepoint region: ParallelGCFailedAllocation
[131.566s][info ][gc,start       ] GC(43) Pause Young (Allocation Failure)
[131.596s][debug][gc,phases      ] GC(43) Scavenge 29.513ms
[131.596s][debug][gc,ref         ] GC(43) Skipped phase1 of Reference Processing due to unavailable references
[131.596s][debug][gc,ref         ] GC(43) Skipped phase3 of Reference Processing due to unavailable references
[131.596s][debug][gc,phases      ] GC(43) Reference Processing 0.075ms
[131.596s][debug][gc,phases      ] GC(43) Weak Processing 0.125ms
[131.596s][debug][gc,phases      ] GC(43) Scrub String Table 0.457ms
[131.596s][debug][gc,age         ] GC(43) Desired survivor size 110624768 bytes, new threshold 15 (max threshold 15)
[131.596s][info ][gc,heap        ] GC(43) PSYoungGen: 1961648K->71687K(1987584K)
[131.596s][info ][gc,heap        ] GC(43) ParOldGen: 193867K->195571K(213504K)
[131.596s][info ][gc,metaspace   ] GC(43) Metaspace: 71567K->71567K(1114112K)
[131.596s][info ][gc             ] GC(43) Pause Young (Allocation Failure) 2104M->260M(2149M) 30.357ms
[131.596s][info ][gc,cpu         ] GC(43) User=0.12s Sys=0.00s Real=0.03s
[131.597s][info ][safepoint      ] Leaving safepoint region
[131.597s][info ][safepoint      ] Total time for which application threads were stopped: 0.0306180 seconds, Stopping threads took: 0.0000182 seconds
[132.597s][info ][safepoint      ] Application time: 1.0001127 seconds
[132.597s][info ][safepoint      ] Entering safepoint region: Cleanup
[132.597s][info ][safepoint      ] Leaving safepoint region
[132.597s][info ][safepoint      ] Total time for which application threads were stopped: 0.0001027 seconds, Stopping threads took: 0.0000174 seconds
[133.597s][info ][safepoint      ] Application time: 1.0001071 seconds
[133.597s][info ][safepoint      ] Entering safepoint region: Cleanup
[133.597s][info ][safepoint      ] Leaving safepoint region
[133.597s][info ][safepoint      ] Total time for which application threads were stopped: 0.0001586 seconds, Stopping threads took: 0.0000413 seconds
[134.372s][info ][safepoint      ] Application time: 0.7746544 seconds
[134.372s][info ][safepoint      ] Entering safepoint region: RevokeBias
[134.372s][info ][safepoint      ] Leaving safepoint region
[134.372s][info ][safepoint      ] Total time for which application threads were stopped: 0.0001781 seconds, Stopping threads took: 0.0000817 seconds
[134.372s][info ][safepoint      ] Application time: 0.0001599 seconds
[134.372s][info ][safepoint      ] Entering safepoint region: RevokeBias
[134.372s][info ][safepoint      ] Leaving safepoint region
[134.372s][info ][safepoint      ] Total time for which application threads were stopped: 0.0000852 seconds, Stopping threads took: 0.0000408 seconds
[135.372s][info ][safepoint      ] Application time: 1.0000888 seconds
[135.372s][info ][safepoint      ] Entering safepoint region: Cleanup
[135.372s][info ][safepoint      ] Leaving safepoint region
[135.373s][info ][safepoint      ] Total time for which application threads were stopped: 0.0001384 seconds, Stopping threads took: 0.0000182 seconds
[136.373s][info ][safepoint      ] Application time: 1.0001066 seconds
[136.373s][info ][safepoint      ] Entering safepoint region: Cleanup
[136.373s][info ][safepoint      ] Leaving safepoint region
[136.373s][info ][safepoint      ] Total time for which application threads were stopped: 0.0001611 seconds, Stopping threads took: 0.0000723 seconds
[137.373s][info ][safepoint      ] Application time: 1.0001229 seconds
[137.373s][info ][safepoint      ] Entering safepoint region: Cleanup
[137.373s][info ][safepoint      ] Leaving safepoint region
[137.373s][info ][safepoint      ] Total time for which application threads were stopped: 0.0001367 seconds, Stopping threads took: 0.0000183 seconds
[138.373s][info ][safepoint      ] Application time: 1.0001222 seconds
[138.373s][info ][safepoint      ] Entering safepoint region: Cleanup
[138.373s][info ][safepoint      ] Leaving safepoint region
[138.373s][info ][safepoint      ] Total time for which application threads were stopped: 0.0001114 seconds, Stopping threads took: 0.0000172 seconds
[139.373s][info ][safepoint      ] Application time: 1.0000763 seconds
[139.374s][info ][safepoint      ] Entering safepoint region: Cleanup
[139.374s][info ][safepoint      ] Leaving safepoint region
[139.374s][info ][safepoint      ] Total time for which application threads were stopped: 0.0000922 seconds, Stopping threads took: 0.0000176 seconds
[140.374s][info ][safepoint      ] Application time: 1.0000730 seconds
[140.374s][info ][safepoint      ] Entering safepoint region: Cleanup
[140.374s][info ][safepoint      ] Leaving safepoint region
[140.374s][info ][safepoint      ] Total time for which application threads were stopped: 0.0000974 seconds, Stopping threads took: 0.0000180 seconds
[141.073s][info ][safepoint      ] Application time: 0.6987127 seconds
[141.073s][info ][safepoint      ] Entering safepoint region: RevokeBias
[141.073s][info ][safepoint      ] Leaving safepoint region
[141.073s][info ][safepoint      ] Total time for which application threads were stopped: 0.0002234 seconds, Stopping threads took: 0.0000918 seconds
[142.073s][info ][safepoint      ] Application time: 1.0000989 seconds
[142.073s][info ][safepoint      ] Entering safepoint region: Cleanup
[142.073s][info ][safepoint      ] Leaving safepoint region
[142.073s][info ][safepoint      ] Total time for which application threads were stopped: 0.0001613 seconds, Stopping threads took: 0.0000718 seconds
[143.073s][info ][safepoint      ] Application time: 1.0001307 seconds
[143.073s][info ][safepoint      ] Entering safepoint region: Cleanup
[143.073s][info ][safepoint      ] Leaving safepoint region
[143.073s][info ][safepoint      ] Total time for which application threads were stopped: 0.0001025 seconds, Stopping threads took: 0.0000168 seconds
[144.073s][info ][safepoint      ] Application time: 1.0001259 seconds
[144.074s][info ][safepoint      ] Entering safepoint region: Cleanup
[144.074s][info ][safepoint      ] Leaving safepoint region
[144.074s][info ][safepoint      ] Total time for which application threads were stopped: 0.0000967 seconds, Stopping threads took: 0.0000172 seconds
[146.074s][info ][safepoint      ] Application time: 2.0001766 seconds
[146.074s][info ][safepoint      ] Entering safepoint region: Cleanup
[146.074s][info ][safepoint      ] Leaving safepoint region
[146.074s][info ][safepoint      ] Total time for which application threads were stopped: 0.0001179 seconds, Stopping threads took: 0.0000188 seconds
[147.074s][info ][safepoint      ] Application time: 1.0001232 seconds
[147.074s][info ][safepoint      ] Entering safepoint region: Cleanup
[147.074s][info ][safepoint      ] Leaving safepoint region
[147.074s][info ][safepoint      ] Total time for which application threads were stopped: 0.0000995 seconds, Stopping threads took: 0.0000168 seconds
[148.074s][info ][safepoint      ] Application time: 1.0001214 seconds
[148.074s][info ][safepoint      ] Entering safepoint region: Cleanup
[148.074s][info ][safepoint      ] Leaving safepoint region
[148.074s][info ][safepoint      ] Total time for which application threads were stopped: 0.0000923 seconds, Stopping threads took: 0.0000176 seconds
[149.075s][info ][safepoint      ] Application time: 1.0000918 seconds
[149.075s][info ][safepoint      ] Entering safepoint region: Cleanup
[149.075s][info ][safepoint      ] Leaving safepoint region
[149.075s][info ][safepoint      ] Total time for which application threads were stopped: 0.0000930 seconds, Stopping threads took: 0.0000179 seconds
[151.075s][info ][safepoint      ] Application time: 2.0002983 seconds
[151.075s][info ][safepoint      ] Entering safepoint region: Cleanup
[151.075s][info ][safepoint      ] Leaving safepoint region
[151.075s][info ][safepoint      ] Total time for which application threads were stopped: 0.0000894 seconds, Stopping threads took: 0.0000176 seconds
[152.075s][info ][safepoint      ] Application time: 1.0001236 seconds
[152.075s][info ][safepoint      ] Entering safepoint region: Cleanup
[152.075s][info ][safepoint      ] Leaving safepoint region
[152.075s][info ][safepoint      ] Total time for which application threads were stopped: 0.0000914 seconds, Stopping threads took: 0.0000166 seconds
[153.076s][info ][safepoint      ] Application time: 1.0001583 seconds
[153.076s][info ][safepoint      ] Entering safepoint region: Cleanup
[153.076s][info ][safepoint      ] Leaving safepoint region
[153.076s][info ][safepoint      ] Total time for which application threads were stopped: 0.0003713 seconds, Stopping threads took: 0.0000886 seconds
[154.076s][info ][safepoint      ] Application time: 1.0001368 seconds
[154.076s][info ][safepoint      ] Entering safepoint region: Cleanup
[154.076s][info ][safepoint      ] Leaving safepoint region
[154.076s][info ][safepoint      ] Total time for which application threads were stopped: 0.0001647 seconds, Stopping threads took: 0.0000892 seconds
[156.076s][info ][safepoint      ] Application time: 2.0001717 seconds
[156.103s][info ][safepoint      ] Entering safepoint region: Cleanup
[156.103s][info ][safepoint      ] Leaving safepoint region
[156.103s][info ][safepoint      ] Total time for which application threads were stopped: 0.0268812 seconds, Stopping threads took: 0.0267906 seconds
[157.104s][info ][safepoint      ] Application time: 1.0001540 seconds
[157.104s][info ][safepoint      ] Entering safepoint region: Cleanup
[157.104s][info ][safepoint      ] Leaving safepoint region
[157.104s][info ][safepoint      ] Total time for which application threads were stopped: 0.0001544 seconds, Stopping threads took: 0.0000593 seconds
[158.104s][info ][safepoint      ] Application time: 1.0000486 seconds
[158.104s][info ][safepoint      ] Entering safepoint region: Cleanup
[158.104s][info ][safepoint      ] Leaving safepoint region
[158.104s][info ][safepoint      ] Total time for which application threads were stopped: 0.0001504 seconds, Stopping threads took: 0.0000452 seconds
[159.110s][info ][safepoint      ] Application time: 1.0064546 seconds
[159.111s][info ][safepoint      ] Entering safepoint region: Cleanup
[159.111s][info ][safepoint      ] Leaving safepoint region
[159.111s][info ][safepoint      ] Total time for which application threads were stopped: 0.0001311 seconds, Stopping threads took: 0.0000434 seconds
[160.111s][info ][safepoint      ] Application time: 1.0001317 seconds
[160.111s][info ][safepoint      ] Entering safepoint region: Cleanup
[160.111s][info ][safepoint      ] Leaving safepoint region
[160.111s][info ][safepoint      ] Total time for which application threads were stopped: 0.0001972 seconds, Stopping threads took: 0.0000904 seconds
[160.264s][info ][safepoint      ] Application time: 0.1527350 seconds
[160.264s][info ][safepoint      ] Entering safepoint region: ParallelGCFailedAllocation
[160.264s][info ][gc,start       ] GC(44) Pause Young (Allocation Failure)
[160.291s][debug][gc,phases      ] GC(44) Scavenge 27.179ms
[160.291s][debug][gc,ref         ] GC(44) Skipped phase1 of Reference Processing due to unavailable references
[160.291s][debug][gc,ref         ] GC(44) Skipped phase3 of Reference Processing due to unavailable references
[160.291s][debug][gc,phases      ] GC(44) Reference Processing 0.076ms
[160.291s][debug][gc,phases      ] GC(44) Weak Processing 0.249ms
[160.292s][debug][gc,phases      ] GC(44) Scrub String Table 0.765ms
[160.292s][debug][gc,age         ] GC(44) Desired survivor size 110624768 bytes, new threshold 15 (max threshold 15)
[160.292s][info ][gc,heap        ] GC(44) PSYoungGen: 1952775K->70578K(1989120K)
[160.292s][info ][gc,heap        ] GC(44) ParOldGen: 195571K->196007K(213504K)
[160.292s][info ][gc,metaspace   ] GC(44) Metaspace: 71672K->71672K(1114112K)
[160.292s][info ][gc             ] GC(44) Pause Young (Allocation Failure) 2097M->260M(2151M) 28.418ms
[160.292s][info ][gc,cpu         ] GC(44) User=0.11s Sys=0.00s Real=0.02s
[160.292s][info ][safepoint      ] Leaving safepoint region
[160.292s][info ][safepoint      ] Total time for which application threads were stopped: 0.0286499 seconds, Stopping threads took: 0.0000173 seconds
[162.293s][info ][safepoint      ] Application time: 2.0001978 seconds
[162.293s][info ][safepoint      ] Entering safepoint region: Cleanup
[162.293s][info ][safepoint      ] Leaving safepoint region
[162.293s][info ][safepoint      ] Total time for which application threads were stopped: 0.0000978 seconds, Stopping threads took: 0.0000196 seconds
[163.293s][info ][safepoint      ] Application time: 1.0001276 seconds
[163.293s][info ][safepoint      ] Entering safepoint region: Cleanup
[163.293s][info ][safepoint      ] Leaving safepoint region
[163.293s][info ][safepoint      ] Total time for which application threads were stopped: 0.0000885 seconds, Stopping threads took: 0.0000183 seconds
[165.293s][info ][safepoint      ] Application time: 2.0002049 seconds
[165.293s][info ][safepoint      ] Entering safepoint region: Cleanup
[165.293s][info ][safepoint      ] Leaving safepoint region
[165.293s][info ][safepoint      ] Total time for which application threads were stopped: 0.0001353 seconds, Stopping threads took: 0.0000201 seconds
[166.297s][info ][safepoint      ] Application time: 1.0036666 seconds
[166.297s][info ][safepoint      ] Entering safepoint region: Cleanup
[166.297s][info ][safepoint      ] Leaving safepoint region
[166.297s][info ][safepoint      ] Total time for which application threads were stopped: 0.0001133 seconds, Stopping threads took: 0.0000315 seconds
[167.297s][info ][safepoint      ] Application time: 1.0001033 seconds
[167.297s][info ][safepoint      ] Entering safepoint region: Cleanup
[167.297s][info ][safepoint      ] Leaving safepoint region
[167.297s][info ][safepoint      ] Total time for which application threads were stopped: 0.0000961 seconds, Stopping threads took: 0.0000181 seconds
[168.298s][info ][safepoint      ] Application time: 1.0001205 seconds
[168.298s][info ][safepoint      ] Entering safepoint region: Cleanup
[168.298s][info ][safepoint      ] Leaving safepoint region
[168.298s][info ][safepoint      ] Total time for which application threads were stopped: 0.0000924 seconds, Stopping threads took: 0.0000189 seconds
[169.298s][info ][safepoint      ] Application time: 1.0001239 seconds
[169.298s][info ][safepoint      ] Entering safepoint region: Cleanup
[169.298s][info ][safepoint      ] Leaving safepoint region
[169.298s][info ][safepoint      ] Total time for which application threads were stopped: 0.0000933 seconds, Stopping threads took: 0.0000190 seconds
[170.298s][info ][safepoint      ] Application time: 1.0000760 seconds
[170.298s][info ][safepoint      ] Entering safepoint region: Cleanup
[170.298s][info ][safepoint      ] Leaving safepoint region
[170.298s][info ][safepoint      ] Total time for which application threads were stopped: 0.0000970 seconds, Stopping threads took: 0.0000188 seconds
[171.298s][info ][safepoint      ] Application time: 1.0001144 seconds
[171.298s][info ][safepoint      ] Entering safepoint region: Cleanup
[171.298s][info ][safepoint      ] Leaving safepoint region
[171.298s][info ][safepoint      ] Total time for which application threads were stopped: 0.0000970 seconds, Stopping threads took: 0.0000191 seconds
[172.299s][info ][safepoint      ] Application time: 1.0001400 seconds
[172.299s][info ][safepoint      ] Entering safepoint region: Cleanup
[172.299s][info ][safepoint      ] Leaving safepoint region
[172.299s][info ][safepoint      ] Total time for which application threads were stopped: 0.0000856 seconds, Stopping threads took: 0.0000169 seconds
[174.299s][info ][safepoint      ] Application time: 2.0002706 seconds
[174.299s][info ][safepoint      ] Entering safepoint region: Cleanup
[174.299s][info ][safepoint      ] Leaving safepoint region
[174.299s][info ][safepoint      ] Total time for which application threads were stopped: 0.0000931 seconds, Stopping threads took: 0.0000187 seconds
[179.300s][info ][safepoint      ] Application time: 5.0005538 seconds
[179.300s][info ][safepoint      ] Entering safepoint region: Cleanup
[179.300s][info ][safepoint      ] Leaving safepoint region
[179.300s][info ][safepoint      ] Total time for which application threads were stopped: 0.0001274 seconds, Stopping threads took: 0.0000187 seconds
[181.300s][info ][safepoint      ] Application time: 2.0002401 seconds
[181.300s][info ][safepoint      ] Entering safepoint region: Cleanup
[181.300s][info ][safepoint      ] Leaving safepoint region
[181.300s][info ][safepoint      ] Total time for which application threads were stopped: 0.0000882 seconds, Stopping threads took: 0.0000174 seconds
[183.300s][info ][safepoint      ] Application time: 2.0002289 seconds
[183.300s][info ][safepoint      ] Entering safepoint region: Cleanup
[183.301s][info ][safepoint      ] Leaving safepoint region
[183.301s][info ][safepoint      ] Total time for which application threads were stopped: 0.0001341 seconds, Stopping threads took: 0.0000176 seconds
[184.301s][info ][safepoint      ] Application time: 1.0001467 seconds
[184.301s][info ][safepoint      ] Entering safepoint region: Cleanup
[184.301s][info ][safepoint      ] Leaving safepoint region
[184.301s][info ][safepoint      ] Total time for which application threads were stopped: 0.0001036 seconds, Stopping threads took: 0.0000185 seconds
[185.301s][info ][safepoint      ] Application time: 1.0001530 seconds
[185.301s][info ][safepoint      ] Entering safepoint region: Cleanup
[185.301s][info ][safepoint      ] Leaving safepoint region
[185.301s][info ][safepoint      ] Total time for which application threads were stopped: 0.0001170 seconds, Stopping threads took: 0.0000172 seconds
[186.301s][info ][safepoint      ] Application time: 1.0001364 seconds
[186.301s][info ][safepoint      ] Entering safepoint region: Cleanup
[186.302s][info ][safepoint      ] Leaving safepoint region
[186.302s][info ][safepoint      ] Total time for which application threads were stopped: 0.0001032 seconds, Stopping threads took: 0.0000179 seconds
[187.302s][info ][safepoint      ] Application time: 1.0000344 seconds
[187.302s][info ][safepoint      ] Entering safepoint region: Cleanup
[187.302s][info ][safepoint      ] Leaving safepoint region
[187.302s][info ][safepoint      ] Total time for which application threads were stopped: 0.0001072 seconds, Stopping threads took: 0.0000274 seconds
[187.767s][info ][safepoint      ] Application time: 0.4650618 seconds
[187.767s][info ][safepoint      ] Entering safepoint region: ParallelGCFailedAllocation
[187.767s][info ][gc,start       ] GC(45) Pause Young (Allocation Failure)
[187.794s][debug][gc,phases      ] GC(45) Scavenge 26.778ms
[187.794s][debug][gc,ref         ] GC(45) Skipped phase1 of Reference Processing due to unavailable references
[187.794s][debug][gc,ref         ] GC(45) Skipped phase3 of Reference Processing due to unavailable references
[187.794s][debug][gc,phases      ] GC(45) Reference Processing 0.092ms
[187.794s][debug][gc,phases      ] GC(45) Weak Processing 0.144ms
[187.795s][debug][gc,phases      ] GC(45) Scrub String Table 0.465ms
[187.795s][debug][gc,age         ] GC(45) Desired survivor size 110624768 bytes, new threshold 15 (max threshold 15)
[187.795s][info ][gc,heap        ] GC(45) PSYoungGen: 1951666K->70147K(1989120K)
[187.795s][info ][gc,heap        ] GC(45) ParOldGen: 196007K->196463K(213504K)
[187.795s][info ][gc,metaspace   ] GC(45) Metaspace: 71687K->71687K(1114112K)
[187.795s][info ][gc             ] GC(45) Pause Young (Allocation Failure) 2097M->260M(2151M) 27.643ms
[187.795s][info ][gc,cpu         ] GC(45) User=0.11s Sys=0.00s Real=0.03s
[187.795s][info ][safepoint      ] Leaving safepoint region
[187.795s][info ][safepoint      ] Total time for which application threads were stopped: 0.0279044 seconds, Stopping threads took: 0.0000463 seconds
[188.795s][info ][safepoint      ] Application time: 1.0001529 seconds
[188.795s][info ][safepoint      ] Entering safepoint region: Cleanup
[188.795s][info ][safepoint      ] Leaving safepoint region
[188.795s][info ][safepoint      ] Total time for which application threads were stopped: 0.0001128 seconds, Stopping threads took: 0.0000175 seconds
[189.795s][info ][safepoint      ] Application time: 1.0000816 seconds
[189.795s][info ][safepoint      ] Entering safepoint region: Cleanup
[189.795s][info ][safepoint      ] Leaving safepoint region
[189.795s][info ][safepoint      ] Total time for which application threads were stopped: 0.0001044 seconds, Stopping threads took: 0.0000183 seconds
[190.795s][info ][safepoint      ] Application time: 1.0000898 seconds
[190.795s][info ][safepoint      ] Entering safepoint region: Cleanup
[190.796s][info ][safepoint      ] Leaving safepoint region
[190.796s][info ][safepoint      ] Total time for which application threads were stopped: 0.0003267 seconds, Stopping threads took: 0.0000189 seconds
[191.796s][info ][safepoint      ] Application time: 1.0000591 seconds
[191.796s][info ][safepoint      ] Entering safepoint region: Cleanup
[191.796s][info ][safepoint      ] Leaving safepoint region
[191.796s][info ][safepoint      ] Total time for which application threads were stopped: 0.0001080 seconds, Stopping threads took: 0.0000191 seconds
[192.796s][info ][safepoint      ] Application time: 1.0000990 seconds
[192.796s][info ][safepoint      ] Entering safepoint region: Cleanup
[192.796s][info ][safepoint      ] Leaving safepoint region
[192.796s][info ][safepoint      ] Total time for which application threads were stopped: 0.0001211 seconds, Stopping threads took: 0.0000190 seconds
[193.796s][info ][safepoint      ] Application time: 1.0000851 seconds
[193.796s][info ][safepoint      ] Entering safepoint region: Cleanup
[193.796s][info ][safepoint      ] Leaving safepoint region
[193.796s][info ][safepoint      ] Total time for which application threads were stopped: 0.0000909 seconds, Stopping threads took: 0.0000184 seconds
[195.797s][info ][safepoint      ] Application time: 2.0002597 seconds
[195.797s][info ][safepoint      ] Entering safepoint region: Cleanup
[195.797s][info ][safepoint      ] Leaving safepoint region
[195.797s][info ][safepoint      ] Total time for which application threads were stopped: 0.0001321 seconds, Stopping threads took: 0.0000383 seconds
[196.797s][info ][safepoint      ] Application time: 1.0000984 seconds
[196.797s][info ][safepoint      ] Entering safepoint region: Cleanup
[196.797s][info ][safepoint      ] Leaving safepoint region
[196.797s][info ][safepoint      ] Total time for which application threads were stopped: 0.0000947 seconds, Stopping threads took: 0.0000180 seconds
[197.798s][info ][safepoint      ] Application time: 1.0007625 seconds
[197.798s][info ][safepoint      ] Entering safepoint region: Cleanup
[197.798s][info ][safepoint      ] Leaving safepoint region
[197.798s][info ][safepoint      ] Total time for which application threads were stopped: 0.0000942 seconds, Stopping threads took: 0.0000195 seconds
[200.438s][info ][safepoint      ] Application time: 2.6396554 seconds
[200.438s][info ][safepoint      ] Entering safepoint region: RevokeBias
[200.438s][info ][safepoint      ] Leaving safepoint region
[200.438s][info ][safepoint      ] Total time for which application threads were stopped: 0.0001468 seconds, Stopping threads took: 0.0000189 seconds
[201.073s][info ][safepoint      ] Application time: 0.6355782 seconds
[201.074s][info ][safepoint      ] Entering safepoint region: RevokeBias
[201.074s][info ][safepoint      ] Leaving safepoint region
[201.074s][info ][safepoint      ] Total time for which application threads were stopped: 0.0001727 seconds, Stopping threads took: 0.0001014 seconds
[206.074s][info ][safepoint      ] Application time: 5.0004523 seconds
[206.074s][info ][safepoint      ] Entering safepoint region: Cleanup
[206.074s][info ][safepoint      ] Leaving safepoint region
[206.074s][info ][safepoint      ] Total time for which application threads were stopped: 0.0000959 seconds, Stopping threads took: 0.0000199 seconds
[208.222s][info ][safepoint      ] Application time: 2.1481926 seconds
[208.223s][info ][safepoint      ] Entering safepoint region: RevokeBias
[208.223s][info ][safepoint      ] Leaving safepoint region
[208.223s][info ][safepoint      ] Total time for which application threads were stopped: 0.0001122 seconds, Stopping threads took: 0.0000473 seconds
[209.223s][info ][safepoint      ] Application time: 1.0001050 seconds
[209.223s][info ][safepoint      ] Entering safepoint region: Cleanup
[209.223s][info ][safepoint      ] Leaving safepoint region
[209.223s][info ][safepoint      ] Total time for which application threads were stopped: 0.0000957 seconds, Stopping threads took: 0.0000178 seconds
[211.223s][info ][safepoint      ] Application time: 2.0001637 seconds
[211.223s][info ][safepoint      ] Entering safepoint region: Cleanup
[211.223s][info ][safepoint      ] Leaving safepoint region
[211.223s][info ][safepoint      ] Total time for which application threads were stopped: 0.0001024 seconds, Stopping threads took: 0.0000185 seconds
[212.962s][info ][safepoint      ] Application time: 1.7392412 seconds
[212.962s][info ][safepoint      ] Entering safepoint region: ParallelGCFailedAllocation
[212.963s][info ][gc,start       ] GC(46) Pause Young (Allocation Failure)
[212.989s][debug][gc,phases      ] GC(46) Scavenge 26.846ms
[212.989s][debug][gc,ref         ] GC(46) Skipped phase1 of Reference Processing due to unavailable references
[212.990s][debug][gc,ref         ] GC(46) Skipped phase3 of Reference Processing due to unavailable references
[212.990s][debug][gc,phases      ] GC(46) Reference Processing 0.082ms
[212.990s][debug][gc,phases      ] GC(46) Weak Processing 0.132ms
[212.990s][debug][gc,phases      ] GC(46) Scrub String Table 0.471ms
[212.990s][debug][gc,age         ] GC(46) Desired survivor size 109576192 bytes, new threshold 15 (max threshold 15)
[212.990s][info ][gc,heap        ] GC(46) PSYoungGen: 1951235K->68763K(1989120K)
[212.990s][info ][gc,heap        ] GC(46) ParOldGen: 196463K->198231K(213504K)
[212.990s][info ][gc,metaspace   ] GC(46) Metaspace: 71691K->71691K(1114112K)
[212.990s][info ][gc             ] GC(46) Pause Young (Allocation Failure) 2097M->260M(2151M) 27.685ms
[212.990s][info ][gc,cpu         ] GC(46) User=0.11s Sys=0.00s Real=0.02s
[212.990s][info ][safepoint      ] Leaving safepoint region
[212.990s][info ][safepoint      ] Total time for which application threads were stopped: 0.0278708 seconds, Stopping threads took: 0.0000174 seconds
[213.990s][info ][safepoint      ] Application time: 1.0000603 seconds
[213.990s][info ][safepoint      ] Entering safepoint region: Cleanup
[213.991s][info ][safepoint      ] Leaving safepoint region
[213.991s][info ][safepoint      ] Total time for which application threads were stopped: 0.0002019 seconds, Stopping threads took: 0.0000315 seconds
[218.991s][info ][safepoint      ] Application time: 5.0005151 seconds
[218.991s][info ][safepoint      ] Entering safepoint region: Cleanup
[218.991s][info ][safepoint      ] Leaving safepoint region
[218.991s][info ][safepoint      ] Total time for which application threads were stopped: 0.0001129 seconds, Stopping threads took: 0.0000204 seconds
[221.993s][info ][safepoint      ] Application time: 3.0015618 seconds
[221.993s][info ][safepoint      ] Entering safepoint region: Cleanup
[221.993s][info ][safepoint      ] Leaving safepoint region
[221.993s][info ][safepoint      ] Total time for which application threads were stopped: 0.0001028 seconds, Stopping threads took: 0.0000197 seconds
[228.994s][info ][safepoint      ] Application time: 7.0006247 seconds
[228.994s][info ][safepoint      ] Entering safepoint region: Cleanup
[228.994s][info ][safepoint      ] Leaving safepoint region
[228.994s][info ][safepoint      ] Total time for which application threads were stopped: 0.0001272 seconds, Stopping threads took: 0.0000464 seconds
[230.994s][info ][safepoint      ] Application time: 2.0001418 seconds
[230.994s][info ][safepoint      ] Entering safepoint region: Cleanup
[230.994s][info ][safepoint      ] Leaving safepoint region
[230.994s][info ][safepoint      ] Total time for which application threads were stopped: 0.0000826 seconds, Stopping threads took: 0.0000182 seconds
[232.994s][info ][safepoint      ] Application time: 2.0002075 seconds
[232.994s][info ][safepoint      ] Entering safepoint region: Cleanup
[232.994s][info ][safepoint      ] Leaving safepoint region
[232.994s][info ][safepoint      ] Total time for which application threads were stopped: 0.0000824 seconds, Stopping threads took: 0.0000185 seconds
[233.995s][info ][safepoint      ] Application time: 1.0001649 seconds
[233.995s][info ][safepoint      ] Entering safepoint region: Cleanup
[233.995s][info ][safepoint      ] Leaving safepoint region
[233.995s][info ][safepoint      ] Total time for which application threads were stopped: 0.0000804 seconds, Stopping threads took: 0.0000179 seconds
[235.995s][info ][safepoint      ] Application time: 2.0001518 seconds
[235.995s][info ][safepoint      ] Entering safepoint region: Cleanup
[235.995s][info ][safepoint      ] Leaving safepoint region
[235.995s][info ][safepoint      ] Total time for which application threads were stopped: 0.0000818 seconds, Stopping threads took: 0.0000186 seconds
[236.995s][info ][safepoint      ] Application time: 1.0000749 seconds
[236.995s][info ][safepoint      ] Entering safepoint region: Cleanup
[236.995s][info ][safepoint      ] Leaving safepoint region
[236.995s][info ][safepoint      ] Total time for which application threads were stopped: 0.0000929 seconds, Stopping threads took: 0.0000188 seconds
[238.864s][info ][safepoint      ] Application time: 1.8684227 seconds
[238.864s][info ][safepoint      ] Entering safepoint region: ParallelGCFailedAllocation
[238.864s][info ][gc,start       ] GC(47) Pause Young (Allocation Failure)
[238.889s][debug][gc,phases      ] GC(47) Scavenge 25.734ms
[238.890s][debug][gc,ref         ] GC(47) Skipped phase1 of Reference Processing due to unavailable references
[238.890s][debug][gc,ref         ] GC(47) Skipped phase3 of Reference Processing due to unavailable references
[238.890s][debug][gc,phases      ] GC(47) Reference Processing 0.061ms
[238.890s][debug][gc,phases      ] GC(47) Weak Processing 0.127ms
[238.890s][debug][gc,phases      ] GC(47) Scrub String Table 0.472ms
[238.890s][debug][gc,age         ] GC(47) Desired survivor size 107479040 bytes, new threshold 15 (max threshold 15)
[238.890s][info ][gc,heap        ] GC(47) PSYoungGen: 1949851K->66839K(1992192K)
[238.890s][info ][gc,heap        ] GC(47) ParOldGen: 198231K->200119K(213504K)
[238.890s][info ][gc,metaspace   ] GC(47) Metaspace: 71697K->71697K(1114112K)
[238.890s][info ][gc             ] GC(47) Pause Young (Allocation Failure) 2097M->260M(2154M) 26.549ms
[238.890s][info ][gc,cpu         ] GC(47) User=0.10s Sys=0.00s Real=0.02s
[238.890s][info ][safepoint      ] Leaving safepoint region
[238.890s][info ][safepoint      ] Total time for which application threads were stopped: 0.0267331 seconds, Stopping threads took: 0.0000162 seconds
[240.890s][info ][safepoint      ] Application time: 2.0001661 seconds
[240.891s][info ][safepoint      ] Entering safepoint region: Cleanup
[240.891s][info ][safepoint      ] Leaving safepoint region
[240.891s][info ][safepoint      ] Total time for which application threads were stopped: 0.0001320 seconds, Stopping threads took: 0.0000571 seconds
[241.891s][info ][safepoint      ] Application time: 1.0000860 seconds
[241.891s][info ][safepoint      ] Entering safepoint region: Cleanup
[241.891s][info ][safepoint      ] Leaving safepoint region
[241.891s][info ][safepoint      ] Total time for which application threads were stopped: 0.0000840 seconds, Stopping threads took: 0.0000173 seconds
[242.891s][info ][safepoint      ] Application time: 1.0000919 seconds
[242.891s][info ][safepoint      ] Entering safepoint region: Cleanup
[242.891s][info ][safepoint      ] Leaving safepoint region
[242.891s][info ][safepoint      ] Total time for which application threads were stopped: 0.0001738 seconds, Stopping threads took: 0.0000826 seconds
[243.891s][info ][safepoint      ] Application time: 1.0000732 seconds
[243.891s][info ][safepoint      ] Entering safepoint region: Cleanup
[243.891s][info ][safepoint      ] Leaving safepoint region
[243.891s][info ][safepoint      ] Total time for which application threads were stopped: 0.0000972 seconds, Stopping threads took: 0.0000161 seconds
[244.892s][info ][safepoint      ] Application time: 1.0001330 seconds
[244.892s][info ][safepoint      ] Entering safepoint region: Cleanup
[244.892s][info ][safepoint      ] Leaving safepoint region
[244.892s][info ][safepoint      ] Total time for which application threads were stopped: 0.0000834 seconds, Stopping threads took: 0.0000169 seconds
[245.892s][info ][safepoint      ] Application time: 1.0001251 seconds
[245.892s][info ][safepoint      ] Entering safepoint region: Cleanup
[245.892s][info ][safepoint      ] Leaving safepoint region
[245.892s][info ][safepoint      ] Total time for which application threads were stopped: 0.0001023 seconds, Stopping threads took: 0.0000337 seconds
[246.892s][info ][safepoint      ] Application time: 1.0000763 seconds
[246.892s][info ][safepoint      ] Entering safepoint region: Cleanup
[246.892s][info ][safepoint      ] Leaving safepoint region
[246.892s][info ][safepoint      ] Total time for which application threads were stopped: 0.0000933 seconds, Stopping threads took: 0.0000196 seconds
[249.892s][info ][safepoint      ] Application time: 3.0003019 seconds
[249.892s][info ][safepoint      ] Entering safepoint region: Cleanup
[249.893s][info ][safepoint      ] Leaving safepoint region
[249.893s][info ][safepoint      ] Total time for which application threads were stopped: 0.0000853 seconds, Stopping threads took: 0.0000192 seconds
[252.893s][info ][safepoint      ] Application time: 3.0002358 seconds
[252.893s][info ][safepoint      ] Entering safepoint region: Cleanup
[252.893s][info ][safepoint      ] Leaving safepoint region
[252.893s][info ][safepoint      ] Total time for which application threads were stopped: 0.0001175 seconds, Stopping threads took: 0.0000325 seconds
[253.893s][info ][safepoint      ] Application time: 1.0001308 seconds
[253.893s][info ][safepoint      ] Entering safepoint region: Cleanup
[253.893s][info ][safepoint      ] Leaving safepoint region
[253.893s][info ][safepoint      ] Total time for which application threads were stopped: 0.0000837 seconds, Stopping threads took: 0.0000184 seconds
[254.893s][info ][safepoint      ] Application time: 1.0001351 seconds
[254.893s][info ][safepoint      ] Entering safepoint region: Cleanup
[254.893s][info ][safepoint      ] Leaving safepoint region
[254.893s][info ][safepoint      ] Total time for which application threads were stopped: 0.0000837 seconds, Stopping threads took: 0.0000187 seconds
[261.073s][info ][safepoint      ] Application time: 6.1799991 seconds
[261.074s][info ][safepoint      ] Entering safepoint region: RevokeBias
[261.074s][info ][safepoint      ] Leaving safepoint region
[261.074s][info ][safepoint      ] Total time for which application threads were stopped: 0.0001104 seconds, Stopping threads took: 0.0000386 seconds
[262.074s][info ][safepoint      ] Application time: 1.0000872 seconds
[262.074s][info ][safepoint      ] Entering safepoint region: Cleanup
[262.074s][info ][safepoint      ] Leaving safepoint region
[262.074s][info ][safepoint      ] Total time for which application threads were stopped: 0.0000868 seconds, Stopping threads took: 0.0000171 seconds
[264.906s][info ][safepoint      ] Application time: 2.8319159 seconds
[264.906s][info ][safepoint      ] Entering safepoint region: ParallelGCFailedAllocation
[264.906s][info ][gc,start       ] GC(48) Pause Young (Allocation Failure)
[264.935s][debug][gc,phases      ] GC(48) Scavenge 29.047ms
[264.935s][debug][gc,ref         ] GC(48) Skipped phase1 of Reference Processing due to unavailable references
[264.935s][debug][gc,ref         ] GC(48) Skipped phase3 of Reference Processing due to unavailable references
[264.935s][debug][gc,phases      ] GC(48) Reference Processing 0.060ms
[264.935s][debug][gc,phases      ] GC(48) Weak Processing 0.123ms
[264.936s][debug][gc,phases      ] GC(48) Scrub String Table 0.495ms
[264.936s][debug][gc,age         ] GC(48) Desired survivor size 103284736 bytes, new threshold 15 (max threshold 15)
[264.936s][info ][gc,heap        ] GC(48) PSYoungGen: 1952023K->60982K(1990144K)
[264.936s][info ][gc,heap        ] GC(48) ParOldGen: 200119K->210377K(213504K)
[264.936s][info ][gc,metaspace   ] GC(48) Metaspace: 71718K->71718K(1114112K)
[264.936s][info ][gc             ] GC(48) Pause Young (Allocation Failure) 2101M->264M(2152M) 29.876ms
[264.936s][info ][gc,cpu         ] GC(48) User=0.11s Sys=0.00s Real=0.03s
[264.936s][debug][gc,phases      ] GC(49) Pre Compact 0.034ms
[264.936s][info ][gc,start       ] GC(49) Pause Full (Ergonomics)
[264.936s][info ][gc,phases,start] GC(49) Marking Phase
[265.127s][debug][gc,phases      ] GC(49) Par Mark 191.261ms
[265.127s][debug][gc,ref         ] GC(49) Skipped phase1 of Reference Processing due to unavailable references
[265.128s][debug][gc,ref         ] GC(49) Skipped phase3 of Reference Processing due to unavailable references
[265.128s][debug][gc,phases      ] GC(49) Reference Processing 0.391ms
[265.128s][debug][gc,phases      ] GC(49) Weak Processing 0.248ms
[265.129s][debug][gc,phases      ] GC(49) ClassLoaderData 0.880ms
[265.129s][debug][gc,phases      ] GC(49) ProtectionDomainCacheTable 0.003ms
[265.129s][debug][gc,phases      ] GC(49) ResolvedMethodTable 0.234ms
[265.136s][debug][gc,phases      ] GC(49) Class Unloading 8.096ms
[265.137s][debug][gc,phases      ] GC(49) Scrub String Table 0.526ms
[265.144s][debug][gc,phases      ] GC(49) Scrub Symbol Table 7.413ms
[265.144s][info ][gc,phases      ] GC(49) Marking Phase 208.294ms
[265.144s][info ][gc,phases,start] GC(49) Summary Phase
[265.144s][info ][gc,phases      ] GC(49) Summary Phase 0.014ms
[265.144s][info ][gc,phases,start] GC(49) Adjust Roots
[265.187s][info ][gc,phases      ] GC(49) Adjust Roots 43.240ms
[265.187s][info ][gc,phases,start] GC(49) Compaction Phase
[265.727s][info ][gc,phases      ] GC(49) Compaction Phase 539.057ms
[265.727s][info ][gc,phases,start] GC(49) Post Compact
[265.729s][info ][gc,phases      ] GC(49) Post Compact 2.093ms
[265.729s][info ][gc,heap        ] GC(49) PSYoungGen: 60982K->54084K(1990144K)
[265.729s][info ][gc,heap        ] GC(49) ParOldGen: 210377K->206881K(247296K)
[265.729s][info ][gc,metaspace   ] GC(49) Metaspace: 71718K->71718K(1114112K)
[265.729s][info ][gc             ] GC(49) Pause Full (Ergonomics) 264M->254M(2185M) 792.996ms
[265.729s][info ][gc,cpu         ] GC(49) User=2.94s Sys=0.01s Real=0.79s
[265.729s][info ][safepoint      ] Leaving safepoint region
[265.729s][info ][safepoint      ] Total time for which application threads were stopped: 0.8231659 seconds, Stopping threads took: 0.0000215 seconds
[270.730s][info ][safepoint      ] Application time: 5.0005952 seconds
[270.730s][info ][safepoint      ] Entering safepoint region: Cleanup
[270.730s][info ][safepoint      ] Leaving safepoint region
[270.730s][info ][safepoint      ] Total time for which application threads were stopped: 0.0000853 seconds, Stopping threads took: 0.0000168 seconds
[273.730s][info ][safepoint      ] Application time: 3.0003176 seconds
[273.730s][info ][safepoint      ] Entering safepoint region: Cleanup
[273.730s][info ][safepoint      ] Leaving safepoint region
[273.730s][info ][safepoint      ] Total time for which application threads were stopped: 0.0001561 seconds, Stopping threads took: 0.0000353 seconds
[276.731s][info ][safepoint      ] Application time: 3.0003315 seconds
[276.731s][info ][safepoint      ] Entering safepoint region: Cleanup
[276.731s][info ][safepoint      ] Leaving safepoint region
[276.731s][info ][safepoint      ] Total time for which application threads were stopped: 0.0000849 seconds, Stopping threads took: 0.0000176 seconds
[280.731s][info ][safepoint      ] Application time: 4.0004067 seconds
[280.731s][info ][safepoint      ] Entering safepoint region: Cleanup
[280.731s][info ][safepoint      ] Leaving safepoint region
[280.731s][info ][safepoint      ] Total time for which application threads were stopped: 0.0001176 seconds, Stopping threads took: 0.0000301 seconds
[287.732s][info ][safepoint      ] Application time: 7.0008220 seconds
[287.732s][info ][safepoint      ] Entering safepoint region: Cleanup
[287.732s][info ][safepoint      ] Leaving safepoint region
[287.732s][info ][safepoint      ] Total time for which application threads were stopped: 0.0000971 seconds, Stopping threads took: 0.0000160 seconds
[291.733s][info ][safepoint      ] Application time: 4.0003962 seconds
[291.733s][info ][safepoint      ] Entering safepoint region: Cleanup
[291.733s][info ][safepoint      ] Leaving safepoint region
[291.733s][info ][safepoint      ] Total time for which application threads were stopped: 0.0001002 seconds, Stopping threads took: 0.0000214 seconds
[292.116s][info ][safepoint      ] Application time: 0.3835276 seconds
[292.116s][info ][safepoint      ] Entering safepoint region: ParallelGCFailedAllocation
[292.116s][info ][gc,start       ] GC(50) Pause Young (Allocation Failure)
[292.163s][debug][gc,phases      ] GC(50) Scavenge 46.088ms
[292.163s][debug][gc,ref         ] GC(50) Skipped phase1 of Reference Processing due to unavailable references
[292.163s][debug][gc,ref         ] GC(50) Skipped phase3 of Reference Processing due to unavailable references
[292.163s][debug][gc,ref         ] GC(50) Skipped phase4 of Reference Processing due to unavailable references
[292.163s][debug][gc,phases      ] GC(50) Reference Processing 0.054ms
[292.163s][debug][gc,phases      ] GC(50) Weak Processing 0.140ms
[292.163s][debug][gc,phases      ] GC(50) Scrub String Table 0.457ms
[292.163s][debug][gc,age         ] GC(50) Desired survivor size 100139008 bytes, new threshold 15 (max threshold 15)
[292.163s][info ][gc,heap        ] GC(50) PSYoungGen: 1939268K->54213K(1999360K)
[292.163s][info ][gc,heap        ] GC(50) ParOldGen: 206881K->207281K(247296K)
[292.163s][info ][gc,metaspace   ] GC(50) Metaspace: 71718K->71718K(1114112K)
[292.163s][info ][gc             ] GC(50) Pause Young (Allocation Failure) 2095M->255M(2194M) 46.887ms
[292.163s][info ][gc,cpu         ] GC(50) User=0.19s Sys=0.00s Real=0.05s
[292.163s][info ][safepoint      ] Leaving safepoint region
[292.163s][info ][safepoint      ] Total time for which application threads were stopped: 0.0470766 seconds, Stopping threads took: 0.0000266 seconds
[294.164s][info ][safepoint      ] Application time: 2.0008770 seconds
[294.164s][info ][safepoint      ] Entering safepoint region: Cleanup
[294.164s][info ][safepoint      ] Leaving safepoint region
[294.164s][info ][safepoint      ] Total time for which application threads were stopped: 0.0001267 seconds, Stopping threads took: 0.0000425 seconds
[295.164s][info ][safepoint      ] Application time: 1.0000852 seconds
[295.165s][info ][safepoint      ] Entering safepoint region: Cleanup
[295.165s][info ][safepoint      ] Leaving safepoint region
[295.165s][info ][safepoint      ] Total time for which application threads were stopped: 0.0001852 seconds, Stopping threads took: 0.0000957 seconds
[296.165s][info ][safepoint      ] Application time: 1.0000804 seconds
[296.165s][info ][safepoint      ] Entering safepoint region: Cleanup
[296.165s][info ][safepoint      ] Leaving safepoint region
[296.165s][info ][safepoint      ] Total time for which application threads were stopped: 0.0001391 seconds, Stopping threads took: 0.0000609 seconds
[298.165s][info ][safepoint      ] Application time: 2.0002259 seconds
[298.165s][info ][safepoint      ] Entering safepoint region: Cleanup
[298.165s][info ][safepoint      ] Leaving safepoint region
[298.165s][info ][safepoint      ] Total time for which application threads were stopped: 0.0002588 seconds, Stopping threads took: 0.0000649 seconds
[300.166s][info ][safepoint      ] Application time: 2.0001762 seconds
[300.166s][info ][safepoint      ] Entering safepoint region: Cleanup
[300.166s][info ][safepoint      ] Leaving safepoint region
[300.166s][info ][safepoint      ] Total time for which application threads were stopped: 0.0001344 seconds, Stopping threads took: 0.0000496 seconds
[301.166s][info ][safepoint      ] Application time: 1.0001055 seconds
[301.166s][info ][safepoint      ] Entering safepoint region: Cleanup
[301.166s][info ][safepoint      ] Leaving safepoint region
[301.166s][info ][safepoint      ] Total time for which application threads were stopped: 0.0001378 seconds, Stopping threads took: 0.0000474 seconds
[303.166s][info ][safepoint      ] Application time: 2.0001778 seconds
[303.166s][info ][safepoint      ] Entering safepoint region: Cleanup
[303.166s][info ][safepoint      ] Leaving safepoint region
[303.166s][info ][safepoint      ] Total time for which application threads were stopped: 0.0001803 seconds, Stopping threads took: 0.0000630 seconds
[304.167s][info ][safepoint      ] Application time: 1.0000839 seconds
[304.167s][info ][safepoint      ] Entering safepoint region: Cleanup
[304.167s][info ][safepoint      ] Leaving safepoint region
[304.167s][info ][safepoint      ] Total time for which application threads were stopped: 0.0001539 seconds, Stopping threads took: 0.0000625 seconds
[306.168s][info ][safepoint      ] Application time: 2.0011146 seconds
[306.168s][info ][safepoint      ] Entering safepoint region: Cleanup
[306.168s][info ][safepoint      ] Leaving safepoint region
[306.168s][info ][safepoint      ] Total time for which application threads were stopped: 0.0001457 seconds, Stopping threads took: 0.0000492 seconds
[308.168s][info ][safepoint      ] Application time: 2.0001881 seconds
[308.168s][info ][safepoint      ] Entering safepoint region: Cleanup
[308.168s][info ][safepoint      ] Leaving safepoint region
[308.168s][info ][safepoint      ] Total time for which application threads were stopped: 0.0001071 seconds, Stopping threads took: 0.0000166 seconds
[309.169s][info ][safepoint      ] Application time: 1.0001600 seconds
[309.169s][info ][safepoint      ] Entering safepoint region: Cleanup
[309.169s][info ][safepoint      ] Leaving safepoint region
[309.169s][info ][safepoint      ] Total time for which application threads were stopped: 0.0001002 seconds, Stopping threads took: 0.0000210 seconds
[311.457s][info ][safepoint      ] Application time: 2.2878592 seconds
[311.457s][info ][safepoint      ] Entering safepoint region: RevokeBias
[311.457s][info ][safepoint      ] Leaving safepoint region
[311.457s][info ][safepoint      ] Total time for which application threads were stopped: 0.0002520 seconds, Stopping threads took: 0.0000964 seconds
[311.474s][info ][safepoint      ] Application time: 0.0169632 seconds
[311.474s][info ][safepoint      ] Entering safepoint region: RevokeBias
[311.474s][info ][safepoint      ] Leaving safepoint region
[311.474s][info ][safepoint      ] Total time for which application threads were stopped: 0.0001545 seconds, Stopping threads took: 0.0000332 seconds
[311.474s][info ][safepoint      ] Application time: 0.0003827 seconds
[311.474s][info ][safepoint      ] Entering safepoint region: RevokeBias
[311.474s][info ][safepoint      ] Leaving safepoint region
[311.475s][info ][safepoint      ] Total time for which application threads were stopped: 0.0000685 seconds, Stopping threads took: 0.0000176 seconds
[311.475s][info ][safepoint      ] Application time: 0.0009750 seconds
[311.476s][info ][safepoint      ] Entering safepoint region: RevokeBias
[311.476s][info ][safepoint      ] Leaving safepoint region
[311.476s][info ][safepoint      ] Total time for which application threads were stopped: 0.0001237 seconds, Stopping threads took: 0.0000585 seconds
[311.483s][info ][safepoint      ] Application time: 0.0066932 seconds
[311.483s][info ][safepoint      ] Entering safepoint region: RevokeBias
[311.483s][info ][safepoint      ] Leaving safepoint region
[311.483s][info ][safepoint      ] Total time for which application threads were stopped: 0.0001491 seconds, Stopping threads took: 0.0000148 seconds
[311.483s][info ][safepoint      ] Application time: 0.0000268 seconds
[311.483s][info ][safepoint      ] Entering safepoint region: RevokeBias
[311.483s][info ][safepoint      ] Leaving safepoint region
[311.483s][info ][safepoint      ] Total time for which application threads were stopped: 0.0000535 seconds, Stopping threads took: 0.0000064 seconds
[311.494s][info ][safepoint      ] Application time: 0.0106608 seconds
[311.494s][info ][safepoint      ] Entering safepoint region: RevokeBias
[311.494s][info ][safepoint      ] Leaving safepoint region
[311.494s][info ][safepoint      ] Total time for which application threads were stopped: 0.0001455 seconds, Stopping threads took: 0.0000435 seconds
[311.494s][info ][safepoint      ] Application time: 0.0000470 seconds
[311.494s][info ][safepoint      ] Entering safepoint region: RevokeBias
[311.494s][info ][safepoint      ] Leaving safepoint region
[311.494s][info ][safepoint      ] Total time for which application threads were stopped: 0.0000893 seconds, Stopping threads took: 0.0000088 seconds
[311.514s][info ][safepoint      ] Application time: 0.0198049 seconds
[311.514s][info ][safepoint      ] Entering safepoint region: RevokeBias
[311.514s][info ][safepoint      ] Leaving safepoint region
[311.514s][info ][safepoint      ] Total time for which application threads were stopped: 0.0001225 seconds, Stopping threads took: 0.0000160 seconds
[311.514s][info ][safepoint      ] Application time: 0.0000255 seconds
[311.514s][info ][safepoint      ] Entering safepoint region: RevokeBias
[311.514s][info ][safepoint      ] Leaving safepoint region
[311.514s][info ][safepoint      ] Total time for which application threads were stopped: 0.0000582 seconds, Stopping threads took: 0.0000060 seconds
[311.526s][info ][safepoint      ] Application time: 0.0115266 seconds
[311.526s][info ][safepoint      ] Entering safepoint region: RevokeBias
[311.526s][info ][safepoint      ] Leaving safepoint region
[311.526s][info ][safepoint      ] Total time for which application threads were stopped: 0.0001258 seconds, Stopping threads took: 0.0000173 seconds
[311.526s][info ][safepoint      ] Application time: 0.0004526 seconds
[311.526s][info ][safepoint      ] Entering safepoint region: RevokeBias
[311.527s][info ][safepoint      ] Leaving safepoint region
[311.527s][info ][safepoint      ] Total time for which application threads were stopped: 0.0001678 seconds, Stopping threads took: 0.0000941 seconds
[311.527s][info ][safepoint      ] Application time: 0.0006266 seconds
[311.527s][info ][safepoint      ] Entering safepoint region: BulkRevokeBias
[311.528s][info ][safepoint      ] Leaving safepoint region
[311.528s][info ][safepoint      ] Total time for which application threads were stopped: 0.0002689 seconds, Stopping threads took: 0.0000093 seconds
[311.551s][info ][safepoint      ] Application time: 0.0237767 seconds
[311.551s][info ][safepoint      ] Entering safepoint region: RevokeBias
[311.551s][info ][safepoint      ] Leaving safepoint region
[311.551s][info ][safepoint      ] Total time for which application threads were stopped: 0.0001427 seconds, Stopping threads took: 0.0000276 seconds
[311.749s][info ][safepoint      ] Application time: 0.1970981 seconds
[311.756s][info ][safepoint      ] Entering safepoint region: RevokeBias
[311.757s][info ][safepoint      ] Leaving safepoint region
[311.757s][info ][safepoint      ] Total time for which application threads were stopped: 0.0081110 seconds, Stopping threads took: 0.0078812 seconds
[312.417s][info ][safepoint      ] Application time: 0.6598421 seconds
[312.417s][info ][safepoint      ] Entering safepoint region: ICBufferFull
[312.417s][info ][safepoint      ] Leaving safepoint region
[312.417s][info ][safepoint      ] Total time for which application threads were stopped: 0.0004029 seconds, Stopping threads took: 0.0001568 seconds
[313.417s][info ][safepoint      ] Application time: 1.0001792 seconds
[313.417s][info ][safepoint      ] Entering safepoint region: Cleanup
[313.418s][info ][safepoint      ] Leaving safepoint region
[313.418s][info ][safepoint      ] Total time for which application threads were stopped: 0.0003017 seconds, Stopping threads took: 0.0000512 seconds
[313.486s][info ][safepoint      ] Application time: 0.0689261 seconds
[313.487s][info ][safepoint      ] Entering safepoint region: RevokeBias
[313.487s][info ][safepoint      ] Leaving safepoint region
[313.487s][info ][safepoint      ] Total time for which application threads were stopped: 0.0001545 seconds, Stopping threads took: 0.0000324 seconds
[314.487s][info ][safepoint      ] Application time: 1.0001417 seconds
[314.488s][info ][safepoint      ] Entering safepoint region: Cleanup
[314.488s][info ][safepoint      ] Leaving safepoint region
[314.488s][info ][safepoint      ] Total time for which application threads were stopped: 0.0012507 seconds, Stopping threads took: 0.0010549 seconds
[314.603s][info ][safepoint      ] Application time: 0.1148836 seconds
[314.603s][info ][safepoint      ] Entering safepoint region: ParallelGCFailedAllocation
[314.603s][info ][gc,start       ] GC(51) Pause Young (Allocation Failure)
[314.657s][debug][gc,phases      ] GC(51) Scavenge 53.460ms
[314.657s][debug][gc,ref         ] GC(51) Skipped phase1 of Reference Processing due to unavailable references
[314.657s][debug][gc,ref         ] GC(51) Skipped phase3 of Reference Processing due to unavailable references
[314.657s][debug][gc,phases      ] GC(51) Reference Processing 0.081ms
[314.657s][debug][gc,phases      ] GC(51) Weak Processing 0.161ms
[314.657s][debug][gc,phases      ] GC(51) Scrub String Table 0.483ms
[314.657s][debug][gc,age         ] GC(51) Desired survivor size 97517568 bytes, new threshold 15 (max threshold 15)
[314.657s][info ][gc,heap        ] GC(51) PSYoungGen: 1952709K->52433K(1996288K)
[314.657s][info ][gc,heap        ] GC(51) ParOldGen: 207281K->227451K(247296K)
[314.658s][info ][gc,metaspace   ] GC(51) Metaspace: 72409K->72409K(1116160K)
[314.658s][info ][gc             ] GC(51) Pause Young (Allocation Failure) 2109M->273M(2191M) 54.344ms
[314.658s][info ][gc,cpu         ] GC(51) User=0.10s Sys=0.01s Real=0.05s
[314.658s][info ][safepoint      ] Leaving safepoint region
[314.658s][info ][safepoint      ] Total time for which application threads were stopped: 0.0545750 seconds, Stopping threads took: 0.0000301 seconds
[314.929s][info ][safepoint      ] Application time: 0.2718856 seconds
[314.930s][info ][safepoint      ] Entering safepoint region: Deoptimize
[314.932s][info ][safepoint      ] Leaving safepoint region
[314.932s][info ][safepoint      ] Total time for which application threads were stopped: 0.0025107 seconds, Stopping threads took: 0.0000336 seconds
[315.933s][info ][safepoint      ] Application time: 1.0005665 seconds
[315.933s][info ][safepoint      ] Entering safepoint region: Cleanup
[315.933s][info ][safepoint      ] Leaving safepoint region
[315.933s][info ][safepoint      ] Total time for which application threads were stopped: 0.0002539 seconds, Stopping threads took: 0.0000208 seconds
[316.933s][info ][safepoint      ] Application time: 1.0000936 seconds
[316.933s][info ][safepoint      ] Entering safepoint region: Cleanup
[316.933s][info ][safepoint      ] Leaving safepoint region
[316.933s][info ][safepoint      ] Total time for which application threads were stopped: 0.0002075 seconds, Stopping threads took: 0.0000217 seconds
[317.933s][info ][safepoint      ] Application time: 1.0000824 seconds
[317.934s][info ][safepoint      ] Entering safepoint region: Cleanup
[317.934s][info ][safepoint      ] Leaving safepoint region
[317.934s][info ][safepoint      ] Total time for which application threads were stopped: 0.0003159 seconds, Stopping threads took: 0.0001777 seconds
[318.934s][info ][safepoint      ] Application time: 1.0000868 seconds
[318.934s][info ][safepoint      ] Entering safepoint region: Cleanup
[318.934s][info ][safepoint      ] Leaving safepoint region
[318.934s][info ][safepoint      ] Total time for which application threads were stopped: 0.0001710 seconds, Stopping threads took: 0.0000368 seconds
[319.934s][info ][safepoint      ] Application time: 1.0000744 seconds
[319.934s][info ][safepoint      ] Entering safepoint region: Cleanup
[319.934s][info ][safepoint      ] Leaving safepoint region
[319.934s][info ][safepoint      ] Total time for which application threads were stopped: 0.0001589 seconds, Stopping threads took: 0.0000223 seconds
[320.934s][info ][safepoint      ] Application time: 1.0000745 seconds
[320.934s][info ][safepoint      ] Entering safepoint region: Cleanup
[320.934s][info ][safepoint      ] Leaving safepoint region
[320.935s][info ][safepoint      ] Total time for which application threads were stopped: 0.0001264 seconds, Stopping threads took: 0.0000201 seconds
[321.073s][info ][safepoint      ] Application time: 0.1388850 seconds
[321.073s][info ][safepoint      ] Entering safepoint region: RevokeBias
[321.074s][info ][safepoint      ] Leaving safepoint region
[321.074s][info ][safepoint      ] Total time for which application threads were stopped: 0.0001003 seconds, Stopping threads took: 0.0000180 seconds
[322.074s][info ][safepoint      ] Application time: 1.0000523 seconds
[322.074s][info ][safepoint      ] Entering safepoint region: Cleanup
[322.074s][info ][safepoint      ] Leaving safepoint region
[322.074s][info ][safepoint      ] Total time for which application threads were stopped: 0.0001138 seconds, Stopping threads took: 0.0000183 seconds
[323.074s][info ][safepoint      ] Application time: 1.0001763 seconds
[323.074s][info ][safepoint      ] Entering safepoint region: Cleanup
[323.074s][info ][safepoint      ] Leaving safepoint region
[323.074s][info ][safepoint      ] Total time for which application threads were stopped: 0.0001847 seconds, Stopping threads took: 0.0000197 seconds
[324.074s][info ][safepoint      ] Application time: 1.0000888 seconds
[324.074s][info ][safepoint      ] Entering safepoint region: Cleanup
[324.074s][info ][safepoint      ] Leaving safepoint region
[324.074s][info ][safepoint      ] Total time for which application threads were stopped: 0.0000960 seconds, Stopping threads took: 0.0000177 seconds
[325.074s][info ][safepoint      ] Application time: 1.0001155 seconds
[325.075s][info ][safepoint      ] Entering safepoint region: Cleanup
[325.075s][info ][safepoint      ] Leaving safepoint region
[325.075s][info ][safepoint      ] Total time for which application threads were stopped: 0.0001225 seconds, Stopping threads took: 0.0000322 seconds
[326.075s][info ][safepoint      ] Application time: 1.0000744 seconds
[326.075s][info ][safepoint      ] Entering safepoint region: Cleanup
[326.075s][info ][safepoint      ] Leaving safepoint region
[326.075s][info ][safepoint      ] Total time for which application threads were stopped: 0.0002388 seconds, Stopping threads took: 0.0000196 seconds
[327.077s][info ][safepoint      ] Application time: 1.0015964 seconds
[327.077s][info ][safepoint      ] Entering safepoint region: Cleanup
[327.077s][info ][safepoint      ] Leaving safepoint region
[327.077s][info ][safepoint      ] Total time for which application threads were stopped: 0.0001120 seconds, Stopping threads took: 0.0000187 seconds
[328.077s][info ][safepoint      ] Application time: 1.0000919 seconds
[328.077s][info ][safepoint      ] Entering safepoint region: Cleanup
[328.077s][info ][safepoint      ] Leaving safepoint region
[328.077s][info ][safepoint      ] Total time for which application threads were stopped: 0.0001183 seconds, Stopping threads took: 0.0000197 seconds
[329.077s][info ][safepoint      ] Application time: 1.0000823 seconds
[329.077s][info ][safepoint      ] Entering safepoint region: Cleanup
[329.077s][info ][safepoint      ] Leaving safepoint region
[329.077s][info ][safepoint      ] Total time for which application threads were stopped: 0.0001283 seconds, Stopping threads took: 0.0000197 seconds
[331.077s][info ][safepoint      ] Application time: 2.0002659 seconds
[331.078s][info ][safepoint      ] Entering safepoint region: Cleanup
[331.078s][info ][safepoint      ] Leaving safepoint region
[331.078s][info ][safepoint      ] Total time for which application threads were stopped: 0.0001592 seconds, Stopping threads took: 0.0000645 seconds
[332.078s][info ][safepoint      ] Application time: 1.0000842 seconds
[332.078s][info ][safepoint      ] Entering safepoint region: Cleanup
[332.078s][info ][safepoint      ] Leaving safepoint region
[332.078s][info ][safepoint      ] Total time for which application threads were stopped: 0.0001354 seconds, Stopping threads took: 0.0000209 seconds
[333.078s][info ][safepoint      ] Application time: 1.0000772 seconds
[333.078s][info ][safepoint      ] Entering safepoint region: Cleanup
[333.078s][info ][safepoint      ] Leaving safepoint region
[333.078s][info ][safepoint      ] Total time for which application threads were stopped: 0.0001210 seconds, Stopping threads took: 0.0000338 seconds
[334.078s][info ][safepoint      ] Application time: 1.0000872 seconds
[334.078s][info ][safepoint      ] Entering safepoint region: Cleanup
[334.079s][info ][safepoint      ] Leaving safepoint region
[334.079s][info ][safepoint      ] Total time for which application threads were stopped: 0.0002438 seconds, Stopping threads took: 0.0000222 seconds
[335.079s][info ][safepoint      ] Application time: 1.0001885 seconds
[335.079s][info ][safepoint      ] Entering safepoint region: Cleanup
[335.079s][info ][safepoint      ] Leaving safepoint region
[335.079s][info ][safepoint      ] Total time for which application threads were stopped: 0.0001128 seconds, Stopping threads took: 0.0000237 seconds
[336.079s][info ][safepoint      ] Application time: 1.0000866 seconds
[336.079s][info ][safepoint      ] Entering safepoint region: Cleanup
[336.079s][info ][safepoint      ] Leaving safepoint region
[336.079s][info ][safepoint      ] Total time for which application threads were stopped: 0.0001083 seconds, Stopping threads took: 0.0000270 seconds
[337.080s][info ][safepoint      ] Application time: 1.0001208 seconds
[337.080s][info ][safepoint      ] Entering safepoint region: Cleanup
[337.080s][info ][safepoint      ] Leaving safepoint region
[337.080s][info ][safepoint      ] Total time for which application threads were stopped: 0.0001379 seconds, Stopping threads took: 0.0000190 seconds
[338.080s][info ][safepoint      ] Application time: 1.0001270 seconds
[338.080s][info ][safepoint      ] Entering safepoint region: Cleanup
[338.080s][info ][safepoint      ] Leaving safepoint region
[338.080s][info ][safepoint      ] Total time for which application threads were stopped: 0.0001095 seconds, Stopping threads took: 0.0000200 seconds
[339.080s][info ][safepoint      ] Application time: 1.0000918 seconds
[339.080s][info ][safepoint      ] Entering safepoint region: Cleanup
[339.080s][info ][safepoint      ] Leaving safepoint region
[339.080s][info ][safepoint      ] Total time for which application threads were stopped: 0.0001526 seconds, Stopping threads took: 0.0000214 seconds
[340.080s][info ][safepoint      ] Application time: 1.0000871 seconds
[340.080s][info ][safepoint      ] Entering safepoint region: Cleanup
[340.081s][info ][safepoint      ] Leaving safepoint region
[340.081s][info ][safepoint      ] Total time for which application threads were stopped: 0.0002391 seconds, Stopping threads took: 0.0000508 seconds
[341.081s][info ][safepoint      ] Application time: 1.0000875 seconds
[341.081s][info ][safepoint      ] Entering safepoint region: Cleanup
[341.081s][info ][safepoint      ] Leaving safepoint region
[341.081s][info ][safepoint      ] Total time for which application threads were stopped: 0.0001180 seconds, Stopping threads took: 0.0000264 seconds
[342.081s][info ][safepoint      ] Application time: 1.0001008 seconds
[342.081s][info ][safepoint      ] Entering safepoint region: Cleanup
[342.081s][info ][safepoint      ] Leaving safepoint region
[342.081s][info ][safepoint      ] Total time for which application threads were stopped: 0.0001390 seconds, Stopping threads took: 0.0000220 seconds
[343.081s][info ][safepoint      ] Application time: 1.0001118 seconds
[343.081s][info ][safepoint      ] Entering safepoint region: Cleanup
[343.081s][info ][safepoint      ] Leaving safepoint region
[343.081s][info ][safepoint      ] Total time for which application threads were stopped: 0.0001030 seconds, Stopping threads took: 0.0000194 seconds
[344.082s][info ][safepoint      ] Application time: 1.0000694 seconds
[344.082s][info ][safepoint      ] Entering safepoint region: Cleanup
[344.082s][info ][safepoint      ] Leaving safepoint region
[344.082s][info ][safepoint      ] Total time for which application threads were stopped: 0.0001198 seconds, Stopping threads took: 0.0000212 seconds
[345.082s][info ][safepoint      ] Application time: 1.0000672 seconds
[345.082s][info ][safepoint      ] Entering safepoint region: Cleanup
[345.082s][info ][safepoint      ] Leaving safepoint region
[345.082s][info ][safepoint      ] Total time for which application threads were stopped: 0.0001179 seconds, Stopping threads took: 0.0000198 seconds
[346.083s][info ][safepoint      ] Application time: 1.0010572 seconds
[346.083s][info ][safepoint      ] Entering safepoint region: Cleanup
[346.083s][info ][safepoint      ] Leaving safepoint region
[346.083s][info ][safepoint      ] Total time for which application threads were stopped: 0.0001234 seconds, Stopping threads took: 0.0000216 seconds
[347.083s][info ][safepoint      ] Application time: 1.0000372 seconds
[347.083s][info ][safepoint      ] Entering safepoint region: Cleanup
[347.083s][info ][safepoint      ] Leaving safepoint region
[347.083s][info ][safepoint      ] Total time for which application threads were stopped: 0.0001056 seconds, Stopping threads took: 0.0000207 seconds
[348.083s][info ][safepoint      ] Application time: 1.0000931 seconds
[348.084s][info ][safepoint      ] Entering safepoint region: Cleanup
[348.084s][info ][safepoint      ] Leaving safepoint region
[348.084s][info ][safepoint      ] Total time for which application threads were stopped: 0.0001267 seconds, Stopping threads took: 0.0000213 seconds
[349.084s][info ][safepoint      ] Application time: 1.0000885 seconds
[349.084s][info ][safepoint      ] Entering safepoint region: Cleanup
[349.084s][info ][safepoint      ] Leaving safepoint region
[349.084s][info ][safepoint      ] Total time for which application threads were stopped: 0.0001084 seconds, Stopping threads took: 0.0000195 seconds
[350.084s][info ][safepoint      ] Application time: 1.0001703 seconds
[350.084s][info ][safepoint      ] Entering safepoint region: Cleanup
[350.084s][info ][safepoint      ] Leaving safepoint region
[350.084s][info ][safepoint      ] Total time for which application threads were stopped: 0.0001003 seconds, Stopping threads took: 0.0000196 seconds
[351.084s][info ][safepoint      ] Application time: 1.0002121 seconds
[351.084s][info ][safepoint      ] Entering safepoint region: Cleanup
[351.085s][info ][safepoint      ] Leaving safepoint region
[351.085s][info ][safepoint      ] Total time for which application threads were stopped: 0.0001878 seconds, Stopping threads took: 0.0000303 seconds
[351.654s][info ][safepoint      ] Application time: 0.5693012 seconds
[351.654s][info ][safepoint      ] Entering safepoint region: ParallelGCFailedAllocation
[351.654s][info ][gc,start       ] GC(52) Pause Young (Allocation Failure)
[351.678s][debug][gc,phases      ] GC(52) Scavenge 23.716ms
[351.678s][debug][gc,ref         ] GC(52) Skipped phase1 of Reference Processing due to unavailable references
[351.678s][debug][gc,ref         ] GC(52) Skipped phase3 of Reference Processing due to unavailable references
[351.678s][debug][gc,phases      ] GC(52) Reference Processing 0.068ms
[351.678s][debug][gc,phases      ] GC(52) Weak Processing 0.153ms
[351.679s][debug][gc,phases      ] GC(52) Scrub String Table 0.448ms
[351.679s][debug][gc,age         ] GC(52) Desired survivor size 96993280 bytes, new threshold 15 (max threshold 15)
[351.679s][info ][gc,heap        ] GC(52) PSYoungGen: 1950929K->67544K(2002432K)
[351.679s][info ][gc,heap        ] GC(52) ParOldGen: 227451K->232024K(247296K)
[351.679s][info ][gc,metaspace   ] GC(52) Metaspace: 72884K->72884K(1116160K)
[351.679s][info ][gc             ] GC(52) Pause Young (Allocation Failure) 2127M->292M(2197M) 24.538ms
[351.679s][info ][gc,cpu         ] GC(52) User=0.09s Sys=0.01s Real=0.02s
[351.679s][debug][gc,phases      ] GC(53) Pre Compact 0.013ms
[351.679s][info ][gc,start       ] GC(53) Pause Full (Ergonomics)
[351.679s][info ][gc,phases,start] GC(53) Marking Phase
[351.877s][debug][gc,phases      ] GC(53) Par Mark 197.911ms
[351.877s][debug][gc,ref         ] GC(53) Skipped phase1 of Reference Processing due to unavailable references
[351.878s][debug][gc,ref         ] GC(53) Skipped phase3 of Reference Processing due to unavailable references
[351.878s][debug][gc,phases      ] GC(53) Reference Processing 0.469ms
[351.878s][debug][gc,phases      ] GC(53) Weak Processing 0.252ms
[351.879s][debug][gc,phases      ] GC(53) ClassLoaderData 0.576ms
[351.879s][debug][gc,phases      ] GC(53) ProtectionDomainCacheTable 0.005ms
[351.879s][debug][gc,phases      ] GC(53) ResolvedMethodTable 0.244ms
[351.887s][debug][gc,phases      ] GC(53) Class Unloading 8.890ms
[351.887s][debug][gc,phases      ] GC(53) Scrub String Table 0.514ms
[351.895s][debug][gc,phases      ] GC(53) Scrub Symbol Table 7.133ms
[351.895s][info ][gc,phases      ] GC(53) Marking Phase 215.900ms
[351.895s][info ][gc,phases,start] GC(53) Summary Phase
[351.895s][info ][gc,phases      ] GC(53) Summary Phase 0.015ms
[351.895s][info ][gc,phases,start] GC(53) Adjust Roots
[351.922s][info ][gc,phases      ] GC(53) Adjust Roots 27.401ms
[351.922s][info ][gc,phases,start] GC(53) Compaction Phase
[352.311s][info ][gc,phases      ] GC(53) Compaction Phase 388.512ms
[352.311s][info ][gc,phases,start] GC(53) Post Compact
[352.313s][info ][gc,phases      ] GC(53) Post Compact 2.432ms
[352.313s][info ][gc,heap        ] GC(53) PSYoungGen: 67544K->49900K(2002432K)
[352.313s][info ][gc,heap        ] GC(53) ParOldGen: 232024K->246847K(308736K)
[352.313s][info ][gc,metaspace   ] GC(53) Metaspace: 72884K->72884K(1116160K)
[352.313s][info ][gc             ] GC(53) Pause Full (Ergonomics) 292M->289M(2257M) 634.627ms
[352.313s][info ][gc,cpu         ] GC(53) User=2.34s Sys=0.02s Real=0.64s
[352.313s][info ][safepoint      ] Leaving safepoint region
[352.313s][info ][safepoint      ] Total time for which application threads were stopped: 0.6594297 seconds, Stopping threads took: 0.0000203 seconds
[353.313s][info ][safepoint      ] Application time: 1.0000988 seconds
[353.314s][info ][safepoint      ] Entering safepoint region: Cleanup
[353.314s][info ][safepoint      ] Leaving safepoint region
[353.314s][info ][safepoint      ] Total time for which application threads were stopped: 0.0001669 seconds, Stopping threads took: 0.0000522 seconds
[354.314s][info ][safepoint      ] Application time: 1.0000785 seconds
[354.314s][info ][safepoint      ] Entering safepoint region: Cleanup
[354.314s][info ][safepoint      ] Leaving safepoint region
[354.314s][info ][safepoint      ] Total time for which application threads were stopped: 0.0001120 seconds, Stopping threads took: 0.0000173 seconds
[355.314s][info ][safepoint      ] Application time: 1.0000689 seconds
[355.314s][info ][safepoint      ] Entering safepoint region: Cleanup
[355.314s][info ][safepoint      ] Leaving safepoint region
[355.314s][info ][safepoint      ] Total time for which application threads were stopped: 0.0001991 seconds, Stopping threads took: 0.0000182 seconds
[356.314s][info ][safepoint      ] Application time: 1.0000780 seconds
[356.315s][info ][safepoint      ] Entering safepoint region: Cleanup
[356.315s][info ][safepoint      ] Leaving safepoint region
[356.315s][info ][safepoint      ] Total time for which application threads were stopped: 0.0007373 seconds, Stopping threads took: 0.0006260 seconds
[357.315s][info ][safepoint      ] Application time: 1.0001071 seconds
[357.315s][info ][safepoint      ] Entering safepoint region: Cleanup
[357.315s][info ][safepoint      ] Leaving safepoint region
[357.315s][info ][safepoint      ] Total time for which application threads were stopped: 0.0001453 seconds, Stopping threads took: 0.0000180 seconds
[358.315s][info ][safepoint      ] Application time: 1.0000823 seconds
[358.315s][info ][safepoint      ] Entering safepoint region: Cleanup
[358.316s][info ][safepoint      ] Leaving safepoint region
[358.316s][info ][safepoint      ] Total time for which application threads were stopped: 0.0001222 seconds, Stopping threads took: 0.0000189 seconds
[359.316s][info ][safepoint      ] Application time: 1.0001303 seconds
[359.316s][info ][safepoint      ] Entering safepoint region: Cleanup
[359.316s][info ][safepoint      ] Leaving safepoint region
[359.316s][info ][safepoint      ] Total time for which application threads were stopped: 0.0000988 seconds, Stopping threads took: 0.0000174 seconds
[360.316s][info ][safepoint      ] Application time: 1.0001226 seconds
[360.316s][info ][safepoint      ] Entering safepoint region: Cleanup
[360.316s][info ][safepoint      ] Leaving safepoint region
[360.316s][info ][safepoint      ] Total time for which application threads were stopped: 0.0001021 seconds, Stopping threads took: 0.0000176 seconds
[361.316s][info ][safepoint      ] Application time: 1.0000772 seconds
[361.316s][info ][safepoint      ] Entering safepoint region: Cleanup
[361.317s][info ][safepoint      ] Leaving safepoint region
[361.317s][info ][safepoint      ] Total time for which application threads were stopped: 0.0003877 seconds, Stopping threads took: 0.0002839 seconds
[362.317s][info ][safepoint      ] Application time: 1.0001265 seconds
[362.317s][info ][safepoint      ] Entering safepoint region: Cleanup
[362.317s][info ][safepoint      ] Leaving safepoint region
[362.317s][info ][safepoint      ] Total time for which application threads were stopped: 0.0001114 seconds, Stopping threads took: 0.0000325 seconds
[363.317s][info ][safepoint      ] Application time: 1.0001364 seconds
[363.317s][info ][safepoint      ] Entering safepoint region: Cleanup
[363.317s][info ][safepoint      ] Leaving safepoint region
[363.317s][info ][safepoint      ] Total time for which application threads were stopped: 0.0000948 seconds, Stopping threads took: 0.0000170 seconds
[364.317s][info ][safepoint      ] Application time: 1.0001262 seconds
[364.317s][info ][safepoint      ] Entering safepoint region: Cleanup
[364.317s][info ][safepoint      ] Leaving safepoint region
[364.317s][info ][safepoint      ] Total time for which application threads were stopped: 0.0001223 seconds, Stopping threads took: 0.0000439 seconds
[366.318s][info ][safepoint      ] Application time: 2.0001883 seconds
[366.318s][info ][safepoint      ] Entering safepoint region: Cleanup
[366.318s][info ][safepoint      ] Leaving safepoint region
[366.318s][info ][safepoint      ] Total time for which application threads were stopped: 0.0001587 seconds, Stopping threads took: 0.0000191 seconds
[367.318s][info ][safepoint      ] Application time: 1.0001309 seconds
[367.318s][info ][safepoint      ] Entering safepoint region: Cleanup
[367.318s][info ][safepoint      ] Leaving safepoint region
[367.318s][info ][safepoint      ] Total time for which application threads were stopped: 0.0001000 seconds, Stopping threads took: 0.0000176 seconds
[369.318s][info ][safepoint      ] Application time: 2.0002206 seconds
[369.318s][info ][safepoint      ] Entering safepoint region: Cleanup
[369.318s][info ][safepoint      ] Leaving safepoint region
[369.318s][info ][safepoint      ] Total time for which application threads were stopped: 0.0001020 seconds, Stopping threads took: 0.0000193 seconds
[370.319s][info ][safepoint      ] Application time: 1.0001145 seconds
[370.319s][info ][safepoint      ] Entering safepoint region: Cleanup
[370.319s][info ][safepoint      ] Leaving safepoint region
[370.319s][info ][safepoint      ] Total time for which application threads were stopped: 0.0000964 seconds, Stopping threads took: 0.0000181 seconds
[371.319s][info ][safepoint      ] Application time: 1.0000960 seconds
[371.319s][info ][safepoint      ] Entering safepoint region: Cleanup
[371.319s][info ][safepoint      ] Leaving safepoint region
[371.319s][info ][safepoint      ] Total time for which application threads were stopped: 0.0001025 seconds, Stopping threads took: 0.0000203 seconds
[372.319s][info ][safepoint      ] Application time: 1.0000919 seconds
[372.319s][info ][safepoint      ] Entering safepoint region: Cleanup
[372.319s][info ][safepoint      ] Leaving safepoint region
[372.319s][info ][safepoint      ] Total time for which application threads were stopped: 0.0001176 seconds, Stopping threads took: 0.0000186 seconds
[372.825s][info ][safepoint      ] Application time: 0.5059324 seconds
[372.825s][info ][safepoint      ] Entering safepoint region: RevokeBias
[372.825s][info ][safepoint      ] Leaving safepoint region
[372.825s][info ][safepoint      ] Total time for which application threads were stopped: 0.0001120 seconds, Stopping threads took: 0.0000178 seconds
[373.225s][info ][safepoint      ] Application time: 0.4001393 seconds
[373.225s][info ][safepoint      ] Entering safepoint region: RevokeBias
[373.226s][info ][safepoint      ] Leaving safepoint region
[373.226s][info ][safepoint      ] Total time for which application threads were stopped: 0.0001047 seconds, Stopping threads took: 0.0000171 seconds
[374.780s][info ][safepoint      ] Application time: 1.5541720 seconds
[374.780s][info ][safepoint      ] Entering safepoint region: RevokeBias
[374.780s][info ][safepoint      ] Leaving safepoint region
[374.780s][info ][safepoint      ] Total time for which application threads were stopped: 0.0001009 seconds, Stopping threads took: 0.0000168 seconds
[374.781s][info ][safepoint      ] Application time: 0.0011756 seconds
[374.781s][info ][safepoint      ] Entering safepoint region: RevokeBias
[374.781s][info ][safepoint      ] Leaving safepoint region
[374.781s][info ][safepoint      ] Total time for which application threads were stopped: 0.0000470 seconds, Stopping threads took: 0.0000094 seconds
[375.785s][info ][safepoint      ] Application time: 1.0034893 seconds
[375.785s][info ][safepoint      ] Entering safepoint region: Cleanup
[375.785s][info ][safepoint      ] Leaving safepoint region
[375.785s][info ][safepoint      ] Total time for which application threads were stopped: 0.0001888 seconds, Stopping threads took: 0.0000180 seconds
[376.785s][info ][safepoint      ] Application time: 1.0000744 seconds
[376.785s][info ][safepoint      ] Entering safepoint region: Cleanup
[376.785s][info ][safepoint      ] Leaving safepoint region
[376.785s][info ][safepoint      ] Total time for which application threads were stopped: 0.0001230 seconds, Stopping threads took: 0.0000191 seconds
[377.785s][info ][safepoint      ] Application time: 1.0001936 seconds
[377.785s][info ][safepoint      ] Entering safepoint region: Cleanup
[377.785s][info ][safepoint      ] Leaving safepoint region
[377.785s][info ][safepoint      ] Total time for which application threads were stopped: 0.0001171 seconds, Stopping threads took: 0.0000247 seconds
[378.786s][info ][safepoint      ] Application time: 1.0000406 seconds
[378.786s][info ][safepoint      ] Entering safepoint region: Cleanup
[378.786s][info ][safepoint      ] Leaving safepoint region
[378.786s][info ][safepoint      ] Total time for which application threads were stopped: 0.0001299 seconds, Stopping threads took: 0.0000180 seconds
[379.786s][info ][safepoint      ] Application time: 1.0000762 seconds
[379.786s][info ][safepoint      ] Entering safepoint region: Cleanup
[379.786s][info ][safepoint      ] Leaving safepoint region
[379.786s][info ][safepoint      ] Total time for which application threads were stopped: 0.0001117 seconds, Stopping threads took: 0.0000343 seconds
[380.786s][info ][safepoint      ] Application time: 1.0001204 seconds
[380.786s][info ][safepoint      ] Entering safepoint region: Cleanup
[380.786s][info ][safepoint      ] Leaving safepoint region
[380.786s][info ][safepoint      ] Total time for which application threads were stopped: 0.0000873 seconds, Stopping threads took: 0.0000184 seconds
[381.073s][info ][safepoint      ] Application time: 0.2871525 seconds
[381.073s][info ][safepoint      ] Entering safepoint region: RevokeBias
[381.073s][info ][safepoint      ] Leaving safepoint region
[381.074s][info ][safepoint      ] Total time for which application threads were stopped: 0.0001004 seconds, Stopping threads took: 0.0000176 seconds
[382.074s][info ][safepoint      ] Application time: 1.0000819 seconds
[382.074s][info ][safepoint      ] Entering safepoint region: Cleanup
[382.074s][info ][safepoint      ] Leaving safepoint region
[382.074s][info ][safepoint      ] Total time for which application threads were stopped: 0.0001009 seconds, Stopping threads took: 0.0000170 seconds
[384.074s][info ][safepoint      ] Application time: 2.0002500 seconds
[384.074s][info ][safepoint      ] Entering safepoint region: Cleanup
[384.074s][info ][safepoint      ] Leaving safepoint region
[384.074s][info ][safepoint      ] Total time for which application threads were stopped: 0.0000795 seconds, Stopping threads took: 0.0000167 seconds
[385.074s][info ][safepoint      ] Application time: 1.0000869 seconds
[385.074s][info ][safepoint      ] Entering safepoint region: Cleanup
[385.074s][info ][safepoint      ] Leaving safepoint region
[385.074s][info ][safepoint      ] Total time for which application threads were stopped: 0.0000862 seconds, Stopping threads took: 0.0000180 seconds
[386.074s][info ][safepoint      ] Application time: 1.0000762 seconds
[386.074s][info ][safepoint      ] Entering safepoint region: Cleanup
[386.075s][info ][safepoint      ] Leaving safepoint region
[386.075s][info ][safepoint      ] Total time for which application threads were stopped: 0.0001257 seconds, Stopping threads took: 0.0000569 seconds
[387.075s][info ][safepoint      ] Application time: 1.0001373 seconds
[387.075s][info ][safepoint      ] Entering safepoint region: Cleanup
[387.075s][info ][safepoint      ] Leaving safepoint region
[387.075s][info ][safepoint      ] Total time for which application threads were stopped: 0.0000836 seconds, Stopping threads took: 0.0000173 seconds
[388.075s][info ][safepoint      ] Application time: 1.0000869 seconds
[388.075s][info ][safepoint      ] Entering safepoint region: Cleanup
[388.075s][info ][safepoint      ] Leaving safepoint region
[388.075s][info ][safepoint      ] Total time for which application threads were stopped: 0.0000881 seconds, Stopping threads took: 0.0000192 seconds
[389.075s][info ][safepoint      ] Application time: 1.0001414 seconds
[389.075s][info ][safepoint      ] Entering safepoint region: Cleanup
[389.075s][info ][safepoint      ] Leaving safepoint region
[389.075s][info ][safepoint      ] Total time for which application threads were stopped: 0.0001006 seconds, Stopping threads took: 0.0000193 seconds
[390.075s][info ][safepoint      ] Application time: 1.0000862 seconds
[390.075s][info ][safepoint      ] Entering safepoint region: Cleanup
[390.076s][info ][safepoint      ] Leaving safepoint region
[390.076s][info ][safepoint      ] Total time for which application threads were stopped: 0.0000833 seconds, Stopping threads took: 0.0000172 seconds
[391.076s][info ][safepoint      ] Application time: 1.0000808 seconds
[391.076s][info ][safepoint      ] Entering safepoint region: Cleanup
[391.076s][info ][safepoint      ] Leaving safepoint region
[391.076s][info ][safepoint      ] Total time for which application threads were stopped: 0.0001218 seconds, Stopping threads took: 0.0000169 seconds
[392.076s][info ][safepoint      ] Application time: 1.0000739 seconds
[392.076s][info ][safepoint      ] Entering safepoint region: Cleanup
[392.076s][info ][safepoint      ] Leaving safepoint region
[392.076s][info ][safepoint      ] Total time for which application threads were stopped: 0.0001143 seconds, Stopping threads took: 0.0000354 seconds
[393.076s][info ][safepoint      ] Application time: 1.0001104 seconds
[393.076s][info ][safepoint      ] Entering safepoint region: Cleanup
[393.076s][info ][safepoint      ] Leaving safepoint region
[393.076s][info ][safepoint      ] Total time for which application threads were stopped: 0.0000897 seconds, Stopping threads took: 0.0000178 seconds
[395.076s][info ][safepoint      ] Application time: 2.0001473 seconds
[395.076s][info ][safepoint      ] Entering safepoint region: Cleanup
[395.077s][info ][safepoint      ] Leaving safepoint region
[395.077s][info ][safepoint      ] Total time for which application threads were stopped: 0.0000811 seconds, Stopping threads took: 0.0000171 seconds
[396.077s][info ][safepoint      ] Application time: 1.0000894 seconds
[396.077s][info ][safepoint      ] Entering safepoint region: Cleanup
[396.077s][info ][safepoint      ] Leaving safepoint region
[396.077s][info ][safepoint      ] Total time for which application threads were stopped: 0.0000900 seconds, Stopping threads took: 0.0000175 seconds
[396.167s][info ][safepoint      ] Application time: 0.0905572 seconds
[396.167s][info ][safepoint      ] Entering safepoint region: ParallelGCFailedAllocation
[396.168s][info ][gc,start       ] GC(54) Pause Young (Allocation Failure)
[396.215s][debug][gc,phases      ] GC(54) Scavenge 47.536ms
[396.215s][debug][gc,ref         ] GC(54) Skipped phase1 of Reference Processing due to unavailable references
[396.215s][debug][gc,ref         ] GC(54) Skipped phase3 of Reference Processing due to unavailable references
[396.215s][debug][gc,phases      ] GC(54) Reference Processing 0.045ms
[396.215s][debug][gc,phases      ] GC(54) Weak Processing 0.143ms
[396.216s][debug][gc,phases      ] GC(54) Scrub String Table 0.439ms
[396.216s][debug][gc,age         ] GC(54) Desired survivor size 94896128 bytes, new threshold 15 (max threshold 15)
[396.216s][info ][gc,heap        ] GC(54) PSYoungGen: 1957100K->52616K(2001920K)
[396.216s][info ][gc,heap        ] GC(54) ParOldGen: 246847K->249355K(308736K)
[396.216s][info ][gc,metaspace   ] GC(54) Metaspace: 73013K->73013K(1116160K)
[396.216s][info ][gc             ] GC(54) Pause Young (Allocation Failure) 2152M->294M(2256M) 48.338ms
[396.216s][info ][gc,cpu         ] GC(54) User=0.19s Sys=0.00s Real=0.05s
[396.216s][info ][safepoint      ] Leaving safepoint region
[396.216s][info ][safepoint      ] Total time for which application threads were stopped: 0.0485669 seconds, Stopping threads took: 0.0000628 seconds
[397.216s][info ][safepoint      ] Application time: 1.0000909 seconds
[397.216s][info ][safepoint      ] Entering safepoint region: Cleanup
[397.216s][info ][safepoint      ] Leaving safepoint region
[397.216s][info ][safepoint      ] Total time for which application threads were stopped: 0.0000838 seconds, Stopping threads took: 0.0000176 seconds
[399.216s][info ][safepoint      ] Application time: 2.0001831 seconds
[399.216s][info ][safepoint      ] Entering safepoint region: Cleanup
[399.216s][info ][safepoint      ] Leaving safepoint region
[399.216s][info ][safepoint      ] Total time for which application threads were stopped: 0.0000868 seconds, Stopping threads took: 0.0000172 seconds
[400.217s][info ][safepoint      ] Application time: 1.0001474 seconds
[400.217s][info ][safepoint      ] Entering safepoint region: Cleanup
[400.217s][info ][safepoint      ] Leaving safepoint region
[400.217s][info ][safepoint      ] Total time for which application threads were stopped: 0.0000846 seconds, Stopping threads took: 0.0000171 seconds
[401.217s][info ][safepoint      ] Application time: 1.0000851 seconds
[401.217s][info ][safepoint      ] Entering safepoint region: Cleanup
[401.217s][info ][safepoint      ] Leaving safepoint region
[401.217s][info ][safepoint      ] Total time for which application threads were stopped: 0.0001111 seconds, Stopping threads took: 0.0000162 seconds
[402.217s][info ][safepoint      ] Application time: 1.0001232 seconds
[402.217s][info ][safepoint      ] Entering safepoint region: Cleanup
[402.217s][info ][safepoint      ] Leaving safepoint region
[402.217s][info ][safepoint      ] Total time for which application threads were stopped: 0.0000860 seconds, Stopping threads took: 0.0000157 seconds
[404.218s][info ][safepoint      ] Application time: 2.0004398 seconds
[404.218s][info ][safepoint      ] Entering safepoint region: Cleanup
[404.218s][info ][safepoint      ] Leaving safepoint region
[404.218s][info ][safepoint      ] Total time for which application threads were stopped: 0.0001838 seconds, Stopping threads took: 0.0000591 seconds
[405.218s][info ][safepoint      ] Application time: 1.0000921 seconds
[405.218s][info ][safepoint      ] Entering safepoint region: Cleanup
[405.218s][info ][safepoint      ] Leaving safepoint region
[405.218s][info ][safepoint      ] Total time for which application threads were stopped: 0.0001451 seconds, Stopping threads took: 0.0000311 seconds
[406.218s][info ][safepoint      ] Application time: 1.0000856 seconds
[406.218s][info ][safepoint      ] Entering safepoint region: Cleanup
[406.218s][info ][safepoint      ] Leaving safepoint region
[406.218s][info ][safepoint      ] Total time for which application threads were stopped: 0.0000758 seconds, Stopping threads took: 0.0000154 seconds
[407.219s][info ][safepoint      ] Application time: 1.0001375 seconds
[407.219s][info ][safepoint      ] Entering safepoint region: Cleanup
[407.219s][info ][safepoint      ] Leaving safepoint region
[407.219s][info ][safepoint      ] Total time for which application threads were stopped: 0.0000971 seconds, Stopping threads took: 0.0000169 seconds
[408.219s][info ][safepoint      ] Application time: 1.0000845 seconds
[408.219s][info ][safepoint      ] Entering safepoint region: Cleanup
[408.219s][info ][safepoint      ] Leaving safepoint region
[408.219s][info ][safepoint      ] Total time for which application threads were stopped: 0.0000862 seconds, Stopping threads took: 0.0000178 seconds
[410.219s][info ][safepoint      ] Application time: 2.0001475 seconds
[410.219s][info ][safepoint      ] Entering safepoint region: Cleanup
[410.219s][info ][safepoint      ] Leaving safepoint region
[410.219s][info ][safepoint      ] Total time for which application threads were stopped: 0.0001033 seconds, Stopping threads took: 0.0000319 seconds
[412.219s][info ][safepoint      ] Application time: 2.0002049 seconds
[412.219s][info ][safepoint      ] Entering safepoint region: Cleanup
[412.220s][info ][safepoint      ] Leaving safepoint region
[412.220s][info ][safepoint      ] Total time for which application threads were stopped: 0.0001299 seconds, Stopping threads took: 0.0000158 seconds
[413.220s][info ][safepoint      ] Application time: 1.0000750 seconds
[413.220s][info ][safepoint      ] Entering safepoint region: Cleanup
[413.220s][info ][safepoint      ] Leaving safepoint region
[413.220s][info ][safepoint      ] Total time for which application threads were stopped: 0.0000881 seconds, Stopping threads took: 0.0000171 seconds
[415.220s][info ][safepoint      ] Application time: 2.0002295 seconds
[415.220s][info ][safepoint      ] Entering safepoint region: Cleanup
[415.220s][info ][safepoint      ] Leaving safepoint region
[415.220s][info ][safepoint      ] Total time for which application threads were stopped: 0.0000851 seconds, Stopping threads took: 0.0000174 seconds
[416.220s][info ][safepoint      ] Application time: 1.0000923 seconds
[416.220s][info ][safepoint      ] Entering safepoint region: Cleanup
[416.220s][info ][safepoint      ] Leaving safepoint region
[416.220s][info ][safepoint      ] Total time for which application threads were stopped: 0.0000792 seconds, Stopping threads took: 0.0000163 seconds
[418.221s][info ][safepoint      ] Application time: 2.0002786 seconds
[418.221s][info ][safepoint      ] Entering safepoint region: Cleanup
[418.221s][info ][safepoint      ] Leaving safepoint region
[418.221s][info ][safepoint      ] Total time for which application threads were stopped: 0.0000816 seconds, Stopping threads took: 0.0000160 seconds
[420.221s][info ][safepoint      ] Application time: 2.0001624 seconds
[420.221s][info ][safepoint      ] Entering safepoint region: Cleanup
[420.221s][info ][safepoint      ] Leaving safepoint region
[420.221s][info ][safepoint      ] Total time for which application threads were stopped: 0.0001181 seconds, Stopping threads took: 0.0000168 seconds
[421.221s][info ][safepoint      ] Application time: 1.0001180 seconds
[421.221s][info ][safepoint      ] Entering safepoint region: Cleanup
[421.221s][info ][safepoint      ] Leaving safepoint region
[421.221s][info ][safepoint      ] Total time for which application threads were stopped: 0.0001027 seconds, Stopping threads took: 0.0000172 seconds
[422.221s][info ][safepoint      ] Application time: 1.0001104 seconds
[422.221s][info ][safepoint      ] Entering safepoint region: Cleanup
[422.222s][info ][safepoint      ] Leaving safepoint region
[422.222s][info ][safepoint      ] Total time for which application threads were stopped: 0.0000993 seconds, Stopping threads took: 0.0000289 seconds
[423.222s][info ][safepoint      ] Application time: 1.0001020 seconds
[423.222s][info ][safepoint      ] Entering safepoint region: Cleanup
[423.222s][info ][safepoint      ] Leaving safepoint region
[423.222s][info ][safepoint      ] Total time for which application threads were stopped: 0.0001021 seconds, Stopping threads took: 0.0000177 seconds
[424.222s][info ][safepoint      ] Application time: 1.0001295 seconds
[424.222s][info ][safepoint      ] Entering safepoint region: Cleanup
[424.222s][info ][safepoint      ] Leaving safepoint region
[424.222s][info ][safepoint      ] Total time for which application threads were stopped: 0.0000811 seconds, Stopping threads took: 0.0000171 seconds
[425.222s][info ][safepoint      ] Application time: 1.0001090 seconds
[425.222s][info ][safepoint      ] Entering safepoint region: Cleanup
[425.222s][info ][safepoint      ] Leaving safepoint region
[425.222s][info ][safepoint      ] Total time for which application threads were stopped: 0.0001208 seconds, Stopping threads took: 0.0000163 seconds
[426.222s][info ][safepoint      ] Application time: 1.0001030 seconds
[426.222s][info ][safepoint      ] Entering safepoint region: Cleanup
[426.223s][info ][safepoint      ] Leaving safepoint region
[426.223s][info ][safepoint      ] Total time for which application threads were stopped: 0.0000908 seconds, Stopping threads took: 0.0000176 seconds
[427.223s][info ][safepoint      ] Application time: 1.0000829 seconds
[427.223s][info ][safepoint      ] Entering safepoint region: Cleanup
[427.223s][info ][safepoint      ] Leaving safepoint region
[427.223s][info ][safepoint      ] Total time for which application threads were stopped: 0.0000849 seconds, Stopping threads took: 0.0000170 seconds
[428.223s][info ][safepoint      ] Application time: 1.0000838 seconds
[428.223s][info ][safepoint      ] Entering safepoint region: Cleanup
[428.223s][info ][safepoint      ] Leaving safepoint region
[428.223s][info ][safepoint      ] Total time for which application threads were stopped: 0.0001308 seconds, Stopping threads took: 0.0000409 seconds
[431.223s][info ][safepoint      ] Application time: 3.0003387 seconds
[431.223s][info ][safepoint      ] Entering safepoint region: Cleanup
[431.223s][info ][safepoint      ] Leaving safepoint region
[431.223s][info ][safepoint      ] Total time for which application threads were stopped: 0.0000757 seconds, Stopping threads took: 0.0000160 seconds
[432.224s][info ][safepoint      ] Application time: 1.0000927 seconds
[432.224s][info ][safepoint      ] Entering safepoint region: Cleanup
[432.224s][info ][safepoint      ] Leaving safepoint region
[432.224s][info ][safepoint      ] Total time for which application threads were stopped: 0.0000878 seconds, Stopping threads took: 0.0000167 seconds
[434.224s][info ][safepoint      ] Application time: 2.0002538 seconds
[434.224s][info ][safepoint      ] Entering safepoint region: Cleanup
[434.224s][info ][safepoint      ] Leaving safepoint region
[434.224s][info ][safepoint      ] Total time for which application threads were stopped: 0.0000873 seconds, Stopping threads took: 0.0000177 seconds
[435.071s][info ][safepoint      ] Application time: 0.8472666 seconds
[435.071s][info ][safepoint      ] Entering safepoint region: RevokeBias
[435.071s][info ][safepoint      ] Leaving safepoint region
[435.072s][info ][safepoint      ] Total time for which application threads were stopped: 0.0001276 seconds, Stopping threads took: 0.0000161 seconds
[436.072s][info ][safepoint      ] Application time: 1.0001055 seconds
[436.072s][info ][safepoint      ] Entering safepoint region: Cleanup
[436.072s][info ][safepoint      ] Leaving safepoint region
[436.072s][info ][safepoint      ] Total time for which application threads were stopped: 0.0000831 seconds, Stopping threads took: 0.0000167 seconds
[437.905s][info ][safepoint      ] Application time: 1.8328859 seconds
[437.905s][info ][safepoint      ] Entering safepoint region: ParallelGCFailedAllocation
[437.905s][info ][gc,start       ] GC(55) Pause Young (Allocation Failure)
[437.923s][debug][gc,phases      ] GC(55) Scavenge 18.405ms
[437.923s][debug][gc,ref         ] GC(55) Skipped phase1 of Reference Processing due to unavailable references
[437.923s][debug][gc,ref         ] GC(55) Skipped phase3 of Reference Processing due to unavailable references
[437.923s][debug][gc,phases      ] GC(55) Reference Processing 0.045ms
[437.923s][debug][gc,phases      ] GC(55) Weak Processing 0.191ms
[437.924s][debug][gc,phases      ] GC(55) Scrub String Table 0.462ms
[437.924s][debug][gc,age         ] GC(55) Desired survivor size 92274688 bytes, new threshold 15 (max threshold 15)
[437.924s][info ][gc,heap        ] GC(55) PSYoungGen: 1959816K->53504K(2007040K)
[437.924s][info ][gc,heap        ] GC(55) ParOldGen: 249355K->250620K(308736K)
[437.924s][info ][gc,metaspace   ] GC(55) Metaspace: 73063K->73063K(1116160K)
[437.924s][info ][gc             ] GC(55) Pause Young (Allocation Failure) 2157M->296M(2261M) 19.286ms
[437.924s][info ][gc,cpu         ] GC(55) User=0.08s Sys=0.00s Real=0.02s
[437.924s][info ][safepoint      ] Leaving safepoint region
[437.924s][info ][safepoint      ] Total time for which application threads were stopped: 0.0195556 seconds, Stopping threads took: 0.0000180 seconds
[438.924s][info ][safepoint      ] Application time: 1.0001439 seconds
[438.924s][info ][safepoint      ] Entering safepoint region: Cleanup
[438.924s][info ][safepoint      ] Leaving safepoint region
[438.924s][info ][safepoint      ] Total time for which application threads were stopped: 0.0001114 seconds, Stopping threads took: 0.0000151 seconds
[439.925s][info ][safepoint      ] Application time: 1.0001362 seconds
[439.925s][info ][safepoint      ] Entering safepoint region: Cleanup
[439.925s][info ][safepoint      ] Leaving safepoint region
[439.925s][info ][safepoint      ] Total time for which application threads were stopped: 0.0000988 seconds, Stopping threads took: 0.0000167 seconds
[441.925s][info ][safepoint      ] Application time: 2.0001633 seconds
[441.925s][info ][safepoint      ] Entering safepoint region: Cleanup
[441.925s][info ][safepoint      ] Leaving safepoint region
[441.925s][info ][safepoint      ] Total time for which application threads were stopped: 0.0002020 seconds, Stopping threads took: 0.0000251 seconds
[442.925s][info ][safepoint      ] Application time: 1.0000826 seconds
[442.925s][info ][safepoint      ] Entering safepoint region: Cleanup
[442.925s][info ][safepoint      ] Leaving safepoint region
[442.925s][info ][safepoint      ] Total time for which application threads were stopped: 0.0001044 seconds, Stopping threads took: 0.0000312 seconds
[443.926s][info ][safepoint      ] Application time: 1.0000916 seconds
[443.926s][info ][safepoint      ] Entering safepoint region: Cleanup
[443.926s][info ][safepoint      ] Leaving safepoint region
[443.926s][info ][safepoint      ] Total time for which application threads were stopped: 0.0000832 seconds, Stopping threads took: 0.0000173 seconds
[444.926s][info ][safepoint      ] Application time: 1.0001490 seconds
[444.926s][info ][safepoint      ] Entering safepoint region: Cleanup
[444.926s][info ][safepoint      ] Leaving safepoint region
[444.926s][info ][safepoint      ] Total time for which application threads were stopped: 0.0000843 seconds, Stopping threads took: 0.0000168 seconds
[446.926s][info ][safepoint      ] Application time: 2.0001410 seconds
[446.926s][info ][safepoint      ] Entering safepoint region: Cleanup
[446.926s][info ][safepoint      ] Leaving safepoint region
[446.926s][info ][safepoint      ] Total time for which application threads were stopped: 0.0001067 seconds, Stopping threads took: 0.0000158 seconds
[447.926s][info ][safepoint      ] Application time: 1.0001350 seconds
[447.926s][info ][safepoint      ] Entering safepoint region: Cleanup
[447.926s][info ][safepoint      ] Leaving safepoint region
[447.926s][info ][safepoint      ] Total time for which application threads were stopped: 0.0001668 seconds, Stopping threads took: 0.0001013 seconds
[448.927s][info ][safepoint      ] Application time: 1.0000968 seconds
[448.927s][info ][safepoint      ] Entering safepoint region: Cleanup
[448.927s][info ][safepoint      ] Leaving safepoint region
[448.927s][info ][safepoint      ] Total time for which application threads were stopped: 0.0000831 seconds, Stopping threads took: 0.0000172 seconds
[449.927s][info ][safepoint      ] Application time: 1.0000622 seconds
[449.927s][info ][safepoint      ] Entering safepoint region: Cleanup
[449.927s][info ][safepoint      ] Leaving safepoint region
[449.927s][info ][safepoint      ] Total time for which application threads were stopped: 0.0000911 seconds, Stopping threads took: 0.0000174 seconds
[451.927s][info ][safepoint      ] Application time: 2.0001971 seconds
[451.927s][info ][safepoint      ] Entering safepoint region: Cleanup
[451.927s][info ][safepoint      ] Leaving safepoint region
[451.927s][info ][safepoint      ] Total time for which application threads were stopped: 0.0000833 seconds, Stopping threads took: 0.0000175 seconds
[457.928s][info ][safepoint      ] Application time: 6.0006387 seconds
[457.928s][info ][safepoint      ] Entering safepoint region: Cleanup
[457.928s][info ][safepoint      ] Leaving safepoint region
[457.928s][info ][safepoint      ] Total time for which application threads were stopped: 0.0001129 seconds, Stopping threads took: 0.0000327 seconds
[459.928s][info ][safepoint      ] Application time: 2.0002321 seconds
[459.928s][info ][safepoint      ] Entering safepoint region: Cleanup
[459.928s][info ][safepoint      ] Leaving safepoint region
[459.928s][info ][safepoint      ] Total time for which application threads were stopped: 0.0000932 seconds, Stopping threads took: 0.0000183 seconds
[460.929s][info ][safepoint      ] Application time: 1.0000767 seconds
[460.929s][info ][safepoint      ] Entering safepoint region: Cleanup
[460.929s][info ][safepoint      ] Leaving safepoint region
[460.929s][info ][safepoint      ] Total time for which application threads were stopped: 0.0000936 seconds, Stopping threads took: 0.0000209 seconds
[462.929s][info ][safepoint      ] Application time: 2.0001278 seconds
[462.929s][info ][safepoint      ] Entering safepoint region: Cleanup
[462.929s][info ][safepoint      ] Leaving safepoint region
[462.929s][info ][safepoint      ] Total time for which application threads were stopped: 0.0001235 seconds, Stopping threads took: 0.0000172 seconds
[465.930s][info ][safepoint      ] Application time: 3.0007457 seconds
[465.930s][info ][safepoint      ] Entering safepoint region: Cleanup
[465.930s][info ][safepoint      ] Leaving safepoint region
[465.930s][info ][safepoint      ] Total time for which application threads were stopped: 0.0000885 seconds, Stopping threads took: 0.0000185 seconds
[470.930s][info ][safepoint      ] Application time: 5.0005011 seconds
[470.930s][info ][safepoint      ] Entering safepoint region: Cleanup
[470.930s][info ][safepoint      ] Leaving safepoint region
[470.930s][info ][safepoint      ] Total time for which application threads were stopped: 0.0000837 seconds, Stopping threads took: 0.0000168 seconds
[471.931s][info ][safepoint      ] Application time: 1.0001333 seconds
[471.931s][info ][safepoint      ] Entering safepoint region: Cleanup
[471.931s][info ][safepoint      ] Leaving safepoint region
[471.931s][info ][safepoint      ] Total time for which application threads were stopped: 0.0000841 seconds, Stopping threads took: 0.0000173 seconds
[475.931s][info ][safepoint      ] Application time: 4.0003872 seconds
[475.931s][info ][safepoint      ] Entering safepoint region: Cleanup
[475.931s][info ][safepoint      ] Leaving safepoint region
[475.931s][info ][safepoint      ] Total time for which application threads were stopped: 0.0001044 seconds, Stopping threads took: 0.0000170 seconds
[476.931s][info ][safepoint      ] Application time: 1.0000938 seconds
[476.931s][info ][safepoint      ] Entering safepoint region: Cleanup
[476.931s][info ][safepoint      ] Leaving safepoint region
[476.931s][info ][safepoint      ] Total time for which application threads were stopped: 0.0000906 seconds, Stopping threads took: 0.0000179 seconds
[477.932s][info ][safepoint      ] Application time: 1.0000616 seconds
[477.932s][info ][safepoint      ] Entering safepoint region: Cleanup
[477.932s][info ][safepoint      ] Leaving safepoint region
[477.932s][info ][safepoint      ] Total time for which application threads were stopped: 0.0000970 seconds, Stopping threads took: 0.0000167 seconds
[480.107s][info ][safepoint      ] Application time: 2.1749268 seconds
[480.107s][info ][safepoint      ] Entering safepoint region: ParallelGCFailedAllocation
[480.107s][info ][gc,start       ] GC(56) Pause Young (Allocation Failure)
[480.124s][debug][gc,phases      ] GC(56) Scavenge 16.784ms
[480.124s][debug][gc,ref         ] GC(56) Skipped phase1 of Reference Processing due to unavailable references
[480.124s][debug][gc,ref         ] GC(56) Skipped phase3 of Reference Processing due to unavailable references
[480.124s][debug][gc,ref         ] GC(56) Skipped phase4 of Reference Processing due to unavailable references
[480.124s][debug][gc,phases      ] GC(56) Reference Processing 0.064ms
[480.124s][debug][gc,phases      ] GC(56) Weak Processing 0.214ms
[480.125s][debug][gc,phases      ] GC(56) Scrub String Table 0.512ms
[480.125s][debug][gc,age         ] GC(56) Desired survivor size 90701824 bytes, new threshold 15 (max threshold 15)
[480.125s][info ][gc,heap        ] GC(56) PSYoungGen: 1967872K->50856K(2004480K)
[480.125s][info ][gc,heap        ] GC(56) ParOldGen: 250620K->254177K(308736K)
[480.125s][info ][gc,metaspace   ] GC(56) Metaspace: 73084K->73084K(1116160K)
[480.125s][info ][gc             ] GC(56) Pause Young (Allocation Failure) 2166M->297M(2259M) 17.792ms
[480.125s][info ][gc,cpu         ] GC(56) User=0.07s Sys=0.00s Real=0.02s
[480.125s][info ][safepoint      ] Leaving safepoint region
[480.125s][info ][safepoint      ] Total time for which application threads were stopped: 0.0180198 seconds, Stopping threads took: 0.0000187 seconds
[488.126s][info ][safepoint      ] Application time: 8.0008190 seconds
[488.126s][info ][safepoint      ] Entering safepoint region: Cleanup
[488.126s][info ][safepoint      ] Leaving safepoint region
[488.126s][info ][safepoint      ] Total time for which application threads were stopped: 0.0000889 seconds, Stopping threads took: 0.0000164 seconds
[498.127s][info ][safepoint      ] Application time: 10.0009447 seconds
[498.127s][info ][safepoint      ] Entering safepoint region: Cleanup
[498.127s][info ][safepoint      ] Leaving safepoint region
[498.127s][info ][safepoint      ] Total time for which application threads were stopped: 0.0000816 seconds, Stopping threads took: 0.0000184 seconds
[499.127s][info ][safepoint      ] Application time: 1.0002100 seconds
[499.127s][info ][safepoint      ] Entering safepoint region: Cleanup
[499.127s][info ][safepoint      ] Leaving safepoint region
[499.127s][info ][safepoint      ] Total time for which application threads were stopped: 0.0000819 seconds, Stopping threads took: 0.0000171 seconds
[499.478s][info ][safepoint      ] Application time: 0.3506539 seconds
[499.478s][info ][safepoint      ] Entering safepoint region: RevokeBias
[499.478s][info ][safepoint      ] Leaving safepoint region
[499.478s][info ][safepoint      ] Total time for which application threads were stopped: 0.0001304 seconds, Stopping threads took: 0.0000419 seconds
[499.479s][info ][safepoint      ] Application time: 0.0015499 seconds
[499.479s][info ][safepoint      ] Entering safepoint region: RevokeBias
[499.479s][info ][safepoint      ] Leaving safepoint region
[499.479s][info ][safepoint      ] Total time for which application threads were stopped: 0.0000460 seconds, Stopping threads took: 0.0000112 seconds
[500.480s][info ][safepoint      ] Application time: 1.0000880 seconds
[500.480s][info ][safepoint      ] Entering safepoint region: Cleanup
[500.480s][info ][safepoint      ] Leaving safepoint region
[500.480s][info ][safepoint      ] Total time for which application threads were stopped: 0.0000791 seconds, Stopping threads took: 0.0000173 seconds
[502.480s][info ][safepoint      ] Application time: 2.0002368 seconds
[502.480s][info ][safepoint      ] Entering safepoint region: Cleanup
[502.480s][info ][safepoint      ] Leaving safepoint region
[502.480s][info ][safepoint      ] Total time for which application threads were stopped: 0.0000919 seconds, Stopping threads took: 0.0000163 seconds
[504.480s][info ][safepoint      ] Application time: 2.0002277 seconds
[504.480s][info ][safepoint      ] Entering safepoint region: Cleanup
[504.480s][info ][safepoint      ] Leaving safepoint region
[504.480s][info ][safepoint      ] Total time for which application threads were stopped: 0.0000792 seconds, Stopping threads took: 0.0000165 seconds
[508.481s][info ][safepoint      ] Application time: 4.0003997 seconds
[508.481s][info ][safepoint      ] Entering safepoint region: Cleanup
[508.481s][info ][safepoint      ] Leaving safepoint region
[508.481s][info ][safepoint      ] Total time for which application threads were stopped: 0.0000906 seconds, Stopping threads took: 0.0000176 seconds
[511.481s][info ][safepoint      ] Application time: 3.0004260 seconds
[511.481s][info ][safepoint      ] Entering safepoint region: Cleanup
[511.482s][info ][safepoint      ] Leaving safepoint region
[511.482s][info ][safepoint      ] Total time for which application threads were stopped: 0.0000755 seconds, Stopping threads took: 0.0000168 seconds
[512.482s][info ][safepoint      ] Application time: 1.0001244 seconds
[512.482s][info ][safepoint      ] Entering safepoint region: Cleanup
[512.482s][info ][safepoint      ] Leaving safepoint region
[512.482s][info ][safepoint      ] Total time for which application threads were stopped: 0.0000773 seconds, Stopping threads took: 0.0000167 seconds
[513.482s][info ][safepoint      ] Application time: 1.0001272 seconds
[513.482s][info ][safepoint      ] Entering safepoint region: Cleanup
[513.482s][info ][safepoint      ] Leaving safepoint region
[513.482s][info ][safepoint      ] Total time for which application threads were stopped: 0.0000788 seconds, Stopping threads took: 0.0000169 seconds
[514.482s][info ][safepoint      ] Application time: 1.0001178 seconds
[514.482s][info ][safepoint      ] Entering safepoint region: Cleanup
[514.482s][info ][safepoint      ] Leaving safepoint region
[514.482s][info ][safepoint      ] Total time for which application threads were stopped: 0.0000956 seconds, Stopping threads took: 0.0000294 seconds
[515.482s][info ][safepoint      ] Application time: 1.0000863 seconds
[515.482s][info ][safepoint      ] Entering safepoint region: Cleanup
[515.482s][info ][safepoint      ] Leaving safepoint region
[515.482s][info ][safepoint      ] Total time for which application threads were stopped: 0.0000764 seconds, Stopping threads took: 0.0000164 seconds
[517.483s][info ][safepoint      ] Application time: 2.0001560 seconds
[517.483s][info ][safepoint      ] Entering safepoint region: Cleanup
[517.483s][info ][safepoint      ] Leaving safepoint region
[517.483s][info ][safepoint      ] Total time for which application threads were stopped: 0.0000987 seconds, Stopping threads took: 0.0000300 seconds
[521.484s][info ][safepoint      ] Application time: 4.0008394 seconds
[521.484s][info ][safepoint      ] Entering safepoint region: Cleanup
[521.484s][info ][safepoint      ] Leaving safepoint region
[521.484s][info ][safepoint      ] Total time for which application threads were stopped: 0.0000789 seconds, Stopping threads took: 0.0000173 seconds
[523.656s][info ][safepoint      ] Application time: 2.1725249 seconds
[523.656s][info ][safepoint      ] Entering safepoint region: ParallelGCFailedAllocation
[523.656s][info ][gc,start       ] GC(57) Pause Young (Allocation Failure)
[523.675s][debug][gc,phases      ] GC(57) Scavenge 18.343ms
[523.675s][debug][gc,ref         ] GC(57) Skipped phase1 of Reference Processing due to unavailable references
[523.675s][debug][gc,ref         ] GC(57) Skipped phase3 of Reference Processing due to unavailable references
[523.675s][debug][gc,ref         ] GC(57) Skipped phase4 of Reference Processing due to unavailable references
[523.675s][debug][gc,phases      ] GC(57) Reference Processing 0.046ms
[523.675s][debug][gc,phases      ] GC(57) Weak Processing 0.290ms
[523.676s][debug][gc,phases      ] GC(57) Scrub String Table 0.842ms
[523.676s][debug][gc,age         ] GC(57) Desired survivor size 88604672 bytes, new threshold 15 (max threshold 15)
[523.676s][info ][gc,heap        ] GC(57) PSYoungGen: 1965224K->50648K(2010624K)
[523.676s][info ][gc,heap        ] GC(57) ParOldGen: 254177K->254433K(308736K)
[523.676s][info ][gc,metaspace   ] GC(57) Metaspace: 73098K->73098K(1116160K)
[523.676s][info ][gc             ] GC(57) Pause Young (Allocation Failure) 2167M->297M(2265M) 19.680ms
[523.676s][info ][gc,cpu         ] GC(57) User=0.08s Sys=0.00s Real=0.02s
[523.676s][info ][safepoint      ] Leaving safepoint region
[523.676s][info ][safepoint      ] Total time for which application threads were stopped: 0.0199086 seconds, Stopping threads took: 0.0000175 seconds
[524.676s][info ][safepoint      ] Application time: 1.0000962 seconds
[524.676s][info ][safepoint      ] Entering safepoint region: Cleanup
[524.676s][info ][safepoint      ] Leaving safepoint region
[524.676s][info ][safepoint      ] Total time for which application threads were stopped: 0.0000754 seconds, Stopping threads took: 0.0000169 seconds
[526.677s][info ][safepoint      ] Application time: 2.0001640 seconds
[526.677s][info ][safepoint      ] Entering safepoint region: Cleanup
[526.677s][info ][safepoint      ] Leaving safepoint region
[526.677s][info ][safepoint      ] Total time for which application threads were stopped: 0.0000734 seconds, Stopping threads took: 0.0000168 seconds
[528.677s][info ][safepoint      ] Application time: 2.0002416 seconds
[528.677s][info ][safepoint      ] Entering safepoint region: Cleanup
[528.677s][info ][safepoint      ] Leaving safepoint region
[528.677s][info ][safepoint      ] Total time for which application threads were stopped: 0.0000833 seconds, Stopping threads took: 0.0000168 seconds
[529.677s][info ][safepoint      ] Application time: 1.0000606 seconds
[529.677s][info ][safepoint      ] Entering safepoint region: Cleanup
[529.677s][info ][safepoint      ] Leaving safepoint region
[529.677s][info ][safepoint      ] Total time for which application threads were stopped: 0.0000827 seconds, Stopping threads took: 0.0000148 seconds
[530.677s][info ][safepoint      ] Application time: 1.0000699 seconds
[530.677s][info ][safepoint      ] Entering safepoint region: Cleanup
[530.678s][info ][safepoint      ] Leaving safepoint region
[530.678s][info ][safepoint      ] Total time for which application threads were stopped: 0.0001188 seconds, Stopping threads took: 0.0000584 seconds
[531.678s][info ][safepoint      ] Application time: 1.0000813 seconds
[531.678s][info ][safepoint      ] Entering safepoint region: Cleanup
[531.678s][info ][safepoint      ] Leaving safepoint region
[531.678s][info ][safepoint      ] Total time for which application threads were stopped: 0.0000849 seconds, Stopping threads took: 0.0000285 seconds
[532.678s][info ][safepoint      ] Application time: 1.0001225 seconds
[532.678s][info ][safepoint      ] Entering safepoint region: Cleanup
[532.678s][info ][safepoint      ] Leaving safepoint region
[532.678s][info ][safepoint      ] Total time for which application threads were stopped: 0.0000843 seconds, Stopping threads took: 0.0000173 seconds
[536.681s][info ][safepoint      ] Application time: 4.0026473 seconds
[536.681s][info ][safepoint      ] Entering safepoint region: Cleanup
[536.681s][info ][safepoint      ] Leaving safepoint region
[536.681s][info ][safepoint      ] Total time for which application threads were stopped: 0.0003697 seconds, Stopping threads took: 0.0001018 seconds
[537.681s][info ][safepoint      ] Application time: 1.0001340 seconds
[537.681s][info ][safepoint      ] Entering safepoint region: Cleanup
[537.681s][info ][safepoint      ] Leaving safepoint region
[537.681s][info ][safepoint      ] Total time for which application threads were stopped: 0.0001568 seconds, Stopping threads took: 0.0000171 seconds
[538.682s][info ][safepoint      ] Application time: 1.0001393 seconds
[538.682s][info ][safepoint      ] Entering safepoint region: Cleanup
[538.682s][info ][safepoint      ] Leaving safepoint region
[538.682s][info ][safepoint      ] Total time for which application threads were stopped: 0.0001256 seconds, Stopping threads took: 0.0000164 seconds
[539.682s][info ][safepoint      ] Application time: 1.0001300 seconds
[539.682s][info ][safepoint      ] Entering safepoint region: Cleanup
[539.682s][info ][safepoint      ] Leaving safepoint region
[539.682s][info ][safepoint      ] Total time for which application threads were stopped: 0.0001019 seconds, Stopping threads took: 0.0000168 seconds
[540.682s][info ][safepoint      ] Application time: 1.0001062 seconds
[540.682s][info ][safepoint      ] Entering safepoint region: Cleanup
[540.682s][info ][safepoint      ] Leaving safepoint region
[540.682s][info ][safepoint      ] Total time for which application threads were stopped: 0.0001071 seconds, Stopping threads took: 0.0000298 seconds
[541.682s][info ][safepoint      ] Application time: 1.0000857 seconds
[541.682s][info ][safepoint      ] Entering safepoint region: Cleanup
[541.682s][info ][safepoint      ] Leaving safepoint region
[541.682s][info ][safepoint      ] Total time for which application threads were stopped: 0.0001050 seconds, Stopping threads took: 0.0000285 seconds
[542.683s][info ][safepoint      ] Application time: 1.0001205 seconds
[542.683s][info ][safepoint      ] Entering safepoint region: Cleanup
[542.683s][info ][safepoint      ] Leaving safepoint region
[542.683s][info ][safepoint      ] Total time for which application threads were stopped: 0.0000798 seconds, Stopping threads took: 0.0000161 seconds
[543.683s][info ][safepoint      ] Application time: 1.0001005 seconds
[543.683s][info ][safepoint      ] Entering safepoint region: Cleanup
[543.683s][info ][safepoint      ] Leaving safepoint region
[543.683s][info ][safepoint      ] Total time for which application threads were stopped: 0.0000827 seconds, Stopping threads took: 0.0000170 seconds
[544.683s][info ][safepoint      ] Application time: 1.0001188 seconds
[544.683s][info ][safepoint      ] Entering safepoint region: Cleanup
[544.683s][info ][safepoint      ] Leaving safepoint region
[544.683s][info ][safepoint      ] Total time for which application threads were stopped: 0.0000802 seconds, Stopping threads took: 0.0000158 seconds
[547.684s][info ][safepoint      ] Application time: 3.0003446 seconds
[547.684s][info ][safepoint      ] Entering safepoint region: Cleanup
[547.684s][info ][safepoint      ] Leaving safepoint region
[547.684s][info ][safepoint      ] Total time for which application threads were stopped: 0.0000786 seconds, Stopping threads took: 0.0000161 seconds
[548.684s][info ][safepoint      ] Application time: 1.0000958 seconds
[548.684s][info ][safepoint      ] Entering safepoint region: Cleanup
[548.684s][info ][safepoint      ] Leaving safepoint region
[548.684s][info ][safepoint      ] Total time for which application threads were stopped: 0.0000835 seconds, Stopping threads took: 0.0000169 seconds
[549.684s][info ][safepoint      ] Application time: 1.0001325 seconds
[549.684s][info ][safepoint      ] Entering safepoint region: Cleanup
[549.684s][info ][safepoint      ] Leaving safepoint region
[549.684s][info ][safepoint      ] Total time for which application threads were stopped: 0.0000895 seconds, Stopping threads took: 0.0000185 seconds
[550.684s][info ][safepoint      ] Application time: 1.0000939 seconds
[550.684s][info ][safepoint      ] Entering safepoint region: Cleanup
[550.684s][info ][safepoint      ] Leaving safepoint region
[550.684s][info ][safepoint      ] Total time for which application threads were stopped: 0.0000906 seconds, Stopping threads took: 0.0000174 seconds
[551.684s][info ][safepoint      ] Application time: 1.0000772 seconds
[551.684s][info ][safepoint      ] Entering safepoint region: Cleanup
[551.685s][info ][safepoint      ] Leaving safepoint region
[551.685s][info ][safepoint      ] Total time for which application threads were stopped: 0.0000946 seconds, Stopping threads took: 0.0000164 seconds
[552.685s][info ][safepoint      ] Application time: 1.0000933 seconds
[552.685s][info ][safepoint      ] Entering safepoint region: Cleanup
[552.685s][info ][safepoint      ] Leaving safepoint region
[552.685s][info ][safepoint      ] Total time for which application threads were stopped: 0.0001740 seconds, Stopping threads took: 0.0000168 seconds
[553.165s][info ][safepoint      ] Application time: 0.4802211 seconds
[553.165s][info ][safepoint      ] Entering safepoint region: ParallelGCFailedAllocation
[553.165s][info ][gc,start       ] GC(58) Pause Young (Allocation Failure)
[553.182s][debug][gc,phases      ] GC(58) Scavenge 17.025ms
[553.182s][debug][gc,ref         ] GC(58) Skipped phase1 of Reference Processing due to unavailable references
[553.182s][debug][gc,ref         ] GC(58) Skipped phase3 of Reference Processing due to unavailable references
[553.182s][debug][gc,phases      ] GC(58) Reference Processing 0.057ms
[553.183s][debug][gc,phases      ] GC(58) Weak Processing 0.269ms
[553.184s][debug][gc,phases      ] GC(58) Scrub String Table 0.804ms
[553.184s][debug][gc,age         ] GC(58) Desired survivor size 87031808 bytes, new threshold 15 (max threshold 15)
[553.184s][info ][gc,heap        ] GC(58) PSYoungGen: 1972696K->47904K(2008576K)
[553.184s][info ][gc,heap        ] GC(58) ParOldGen: 254433K->254909K(308736K)
[553.184s][info ][gc,metaspace   ] GC(58) Metaspace: 73229K->73229K(1116160K)
[553.184s][info ][gc             ] GC(58) Pause Young (Allocation Failure) 2174M->295M(2263M) 18.337ms
[553.184s][info ][gc,cpu         ] GC(58) User=0.07s Sys=0.00s Real=0.02s
[553.184s][info ][safepoint      ] Leaving safepoint region
[553.184s][info ][safepoint      ] Total time for which application threads were stopped: 0.0185524 seconds, Stopping threads took: 0.0000160 seconds
[555.184s][info ][safepoint      ] Application time: 2.0005767 seconds
[555.184s][info ][safepoint      ] Entering safepoint region: Cleanup
[555.184s][info ][safepoint      ] Leaving safepoint region
[555.184s][info ][safepoint      ] Total time for which application threads were stopped: 0.0000889 seconds, Stopping threads took: 0.0000170 seconds
[556.185s][info ][safepoint      ] Application time: 1.0001073 seconds
[556.185s][info ][safepoint      ] Entering safepoint region: Cleanup
[556.185s][info ][safepoint      ] Leaving safepoint region
[556.185s][info ][safepoint      ] Total time for which application threads were stopped: 0.0001049 seconds, Stopping threads took: 0.0000302 seconds
[557.185s][info ][safepoint      ] Application time: 1.0001357 seconds
[557.185s][info ][safepoint      ] Entering safepoint region: Cleanup
[557.185s][info ][safepoint      ] Leaving safepoint region
[557.185s][info ][safepoint      ] Total time for which application threads were stopped: 0.0001131 seconds, Stopping threads took: 0.0000250 seconds
[559.185s][info ][safepoint      ] Application time: 2.0002510 seconds
[559.185s][info ][safepoint      ] Entering safepoint region: Cleanup
[559.185s][info ][safepoint      ] Leaving safepoint region
[559.185s][info ][safepoint      ] Total time for which application threads were stopped: 0.0000843 seconds, Stopping threads took: 0.0000173 seconds
[560.186s][info ][safepoint      ] Application time: 1.0009995 seconds
[560.186s][info ][safepoint      ] Entering safepoint region: Cleanup
[560.186s][info ][safepoint      ] Leaving safepoint region
[560.186s][info ][safepoint      ] Total time for which application threads were stopped: 0.0000850 seconds, Stopping threads took: 0.0000173 seconds
[561.187s][info ][safepoint      ] Application time: 1.0001544 seconds
[561.187s][info ][safepoint      ] Entering safepoint region: Cleanup
[561.187s][info ][safepoint      ] Leaving safepoint region
[561.187s][info ][safepoint      ] Total time for which application threads were stopped: 0.0000863 seconds, Stopping threads took: 0.0000169 seconds
[562.187s][info ][safepoint      ] Application time: 1.0000960 seconds
[562.187s][info ][safepoint      ] Entering safepoint region: Cleanup
[562.187s][info ][safepoint      ] Leaving safepoint region
[562.187s][info ][safepoint      ] Total time for which application threads were stopped: 0.0001243 seconds, Stopping threads took: 0.0000182 seconds
[563.187s][info ][safepoint      ] Application time: 1.0000934 seconds
[563.187s][info ][safepoint      ] Entering safepoint region: Cleanup
[563.187s][info ][safepoint      ] Leaving safepoint region
[563.187s][info ][safepoint      ] Total time for which application threads were stopped: 0.0000866 seconds, Stopping threads took: 0.0000178 seconds
[565.187s][info ][safepoint      ] Application time: 2.0001568 seconds
[565.188s][info ][safepoint      ] Entering safepoint region: Cleanup
[565.188s][info ][safepoint      ] Leaving safepoint region
[565.188s][info ][safepoint      ] Total time for which application threads were stopped: 0.0001019 seconds, Stopping threads took: 0.0000172 seconds
[566.188s][info ][safepoint      ] Application time: 1.0000908 seconds
[566.188s][info ][safepoint      ] Entering safepoint region: Cleanup
[566.188s][info ][safepoint      ] Leaving safepoint region
[566.188s][info ][safepoint      ] Total time for which application threads were stopped: 0.0001180 seconds, Stopping threads took: 0.0000171 seconds
[567.188s][info ][safepoint      ] Application time: 1.0001203 seconds
[567.188s][info ][safepoint      ] Entering safepoint region: Cleanup
[567.188s][info ][safepoint      ] Leaving safepoint region
[567.188s][info ][safepoint      ] Total time for which application threads were stopped: 0.0000959 seconds, Stopping threads took: 0.0000178 seconds
[570.188s][info ][safepoint      ] Application time: 3.0003479 seconds
[570.189s][info ][safepoint      ] Entering safepoint region: Cleanup
[570.189s][info ][safepoint      ] Leaving safepoint region
[570.189s][info ][safepoint      ] Total time for which application threads were stopped: 0.0000995 seconds, Stopping threads took: 0.0000174 seconds
[574.189s][info ][safepoint      ] Application time: 4.0002987 seconds
[574.189s][info ][safepoint      ] Entering safepoint region: Cleanup
[574.189s][info ][safepoint      ] Leaving safepoint region
[574.189s][info ][safepoint      ] Total time for which application threads were stopped: 0.0000941 seconds, Stopping threads took: 0.0000176 seconds
[575.189s][info ][safepoint      ] Application time: 1.0001317 seconds
[575.189s][info ][safepoint      ] Entering safepoint region: Cleanup
[575.189s][info ][safepoint      ] Leaving safepoint region
[575.189s][info ][safepoint      ] Total time for which application threads were stopped: 0.0000867 seconds, Stopping threads took: 0.0000185 seconds
[575.811s][info ][safepoint      ] Application time: 0.6211927 seconds
[575.811s][info ][safepoint      ] Entering safepoint region: ParallelGCFailedAllocation
[575.811s][info ][gc,start       ] GC(59) Pause Young (Allocation Failure)
[575.830s][debug][gc,phases      ] GC(59) Scavenge 18.797ms
[575.830s][debug][gc,ref         ] GC(59) Skipped phase1 of Reference Processing due to unavailable references
[575.830s][debug][gc,ref         ] GC(59) Skipped phase3 of Reference Processing due to unavailable references
[575.830s][debug][gc,phases      ] GC(59) Reference Processing 0.042ms
[575.830s][debug][gc,phases      ] GC(59) Weak Processing 0.128ms
[575.830s][debug][gc,phases      ] GC(59) Scrub String Table 0.458ms
[575.830s][debug][gc,age         ] GC(59) Desired survivor size 84410368 bytes, new threshold 15 (max threshold 15)
[575.830s][info ][gc,heap        ] GC(59) PSYoungGen: 1969952K->56440K(2014720K)
[575.830s][info ][gc,heap        ] GC(59) ParOldGen: 254909K->255005K(308736K)
[575.830s][info ][gc,metaspace   ] GC(59) Metaspace: 73246K->73246K(1116160K)
[575.830s][info ][gc             ] GC(59) Pause Young (Allocation Failure) 2172M->304M(2269M) 19.581ms
[575.830s][info ][gc,cpu         ] GC(59) User=0.07s Sys=0.00s Real=0.02s
[575.830s][info ][safepoint      ] Leaving safepoint region
[575.830s][info ][safepoint      ] Total time for which application threads were stopped: 0.0197729 seconds, Stopping threads took: 0.0000284 seconds
[578.831s][info ][safepoint      ] Application time: 3.0003369 seconds
[578.831s][info ][safepoint      ] Entering safepoint region: Cleanup
[578.831s][info ][safepoint      ] Leaving safepoint region
[578.831s][info ][safepoint      ] Total time for which application threads were stopped: 0.0000831 seconds, Stopping threads took: 0.0000173 seconds
[579.831s][info ][safepoint      ] Application time: 1.0000842 seconds
[579.831s][info ][safepoint      ] Entering safepoint region: Cleanup
[579.831s][info ][safepoint      ] Leaving safepoint region
[579.831s][info ][safepoint      ] Total time for which application threads were stopped: 0.0000755 seconds, Stopping threads took: 0.0000158 seconds
[586.832s][info ][safepoint      ] Application time: 7.0006813 seconds
[586.832s][info ][safepoint      ] Entering safepoint region: Cleanup
[586.832s][info ][safepoint      ] Leaving safepoint region
[586.832s][info ][safepoint      ] Total time for which application threads were stopped: 0.0000856 seconds, Stopping threads took: 0.0000184 seconds
[588.832s][info ][safepoint      ] Application time: 2.0002197 seconds
[588.832s][info ][safepoint      ] Entering safepoint region: Cleanup
[588.832s][info ][safepoint      ] Leaving safepoint region
[588.832s][info ][safepoint      ] Total time for which application threads were stopped: 0.0000873 seconds, Stopping threads took: 0.0000188 seconds
[592.833s][info ][safepoint      ] Application time: 4.0004330 seconds
[592.833s][info ][safepoint      ] Entering safepoint region: Cleanup
[592.833s][info ][safepoint      ] Leaving safepoint region
[592.833s][info ][safepoint      ] Total time for which application threads were stopped: 0.0000844 seconds, Stopping threads took: 0.0000185 seconds
[594.833s][info ][safepoint      ] Application time: 2.0001775 seconds
[594.833s][info ][safepoint      ] Entering safepoint region: Cleanup
[594.833s][info ][safepoint      ] Leaving safepoint region
[594.833s][info ][safepoint      ] Total time for which application threads were stopped: 0.0000853 seconds, Stopping threads took: 0.0000175 seconds
[595.833s][info ][safepoint      ] Application time: 1.0000762 seconds
[595.833s][info ][safepoint      ] Entering safepoint region: Cleanup
[595.833s][info ][safepoint      ] Leaving safepoint region
[595.833s][info ][safepoint      ] Total time for which application threads were stopped: 0.0001651 seconds, Stopping threads took: 0.0000183 seconds
[597.567s][info ][safepoint      ] Application time: 1.7338010 seconds
[597.567s][info ][safepoint      ] Entering safepoint region: RevokeBias
[597.567s][info ][safepoint      ] Leaving safepoint region
[597.567s][info ][safepoint      ] Total time for which application threads were stopped: 0.0001007 seconds, Stopping threads took: 0.0000194 seconds
[602.714s][info ][safepoint      ] Application time: 5.1463728 seconds
[602.714s][info ][safepoint      ] Entering safepoint region: ParallelGCFailedAllocation
[602.714s][info ][gc,start       ] GC(60) Pause Young (Allocation Failure)
[602.732s][debug][gc,phases      ] GC(60) Scavenge 17.883ms
[602.732s][debug][gc,ref         ] GC(60) Skipped phase1 of Reference Processing due to unavailable references
[602.732s][debug][gc,ref         ] GC(60) Skipped phase3 of Reference Processing due to unavailable references
[602.732s][debug][gc,phases      ] GC(60) Reference Processing 0.039ms
[602.732s][debug][gc,phases      ] GC(60) Weak Processing 0.136ms
[602.732s][debug][gc,phases      ] GC(60) Scrub String Table 0.521ms
[602.732s][debug][gc,age         ] GC(60) Desired survivor size 82313216 bytes, new threshold 15 (max threshold 15)
[602.733s][info ][gc,heap        ] GC(60) PSYoungGen: 1986168K->57328K(2012160K)
[602.733s][info ][gc,heap        ] GC(60) ParOldGen: 255005K->256142K(308736K)
[602.733s][info ][gc,metaspace   ] GC(60) Metaspace: 73253K->73253K(1116160K)
[602.733s][info ][gc             ] GC(60) Pause Young (Allocation Failure) 2188M->306M(2266M) 18.742ms
[602.733s][info ][gc,cpu         ] GC(60) User=0.07s Sys=0.00s Real=0.02s
[602.733s][info ][safepoint      ] Leaving safepoint region
[602.733s][info ][safepoint      ] Total time for which application threads were stopped: 0.0190215 seconds, Stopping threads took: 0.0000173 seconds
[612.734s][info ][safepoint      ] Application time: 10.0010442 seconds
[612.734s][info ][safepoint      ] Entering safepoint region: Cleanup
[612.734s][info ][safepoint      ] Leaving safepoint region
[612.734s][info ][safepoint      ] Total time for which application threads were stopped: 0.0001535 seconds, Stopping threads took: 0.0000453 seconds
[613.734s][info ][safepoint      ] Application time: 1.0000820 seconds
[613.734s][info ][safepoint      ] Entering safepoint region: Cleanup
[613.734s][info ][safepoint      ] Leaving safepoint region
[613.734s][info ][safepoint      ] Total time for which application threads were stopped: 0.0001168 seconds, Stopping threads took: 0.0000185 seconds
[617.735s][info ][safepoint      ] Application time: 4.0003972 seconds
[617.735s][info ][safepoint      ] Entering safepoint region: Cleanup
[617.735s][info ][safepoint      ] Leaving safepoint region
[617.735s][info ][safepoint      ] Total time for which application threads were stopped: 0.0000916 seconds, Stopping threads took: 0.0000143 seconds
[619.735s][info ][safepoint      ] Application time: 2.0002238 seconds
[619.735s][info ][safepoint      ] Entering safepoint region: Cleanup
[619.735s][info ][safepoint      ] Leaving safepoint region
[619.735s][info ][safepoint      ] Total time for which application threads were stopped: 0.0001042 seconds, Stopping threads took: 0.0000172 seconds
[624.736s][info ][safepoint      ] Application time: 5.0004665 seconds
[624.736s][info ][safepoint      ] Entering safepoint region: Cleanup
[624.736s][info ][safepoint      ] Leaving safepoint region
[624.736s][info ][safepoint      ] Total time for which application threads were stopped: 0.0000854 seconds, Stopping threads took: 0.0000183 seconds
[625.826s][info ][safepoint      ] Application time: 1.0899763 seconds
[625.826s][info ][safepoint      ] Entering safepoint region: ParallelGCFailedAllocation
[625.826s][info ][gc,start       ] GC(61) Pause Young (Allocation Failure)
[625.848s][debug][gc,phases      ] GC(61) Scavenge 21.714ms
[625.848s][debug][gc,ref         ] GC(61) Skipped phase1 of Reference Processing due to unavailable references
[625.848s][debug][gc,ref         ] GC(61) Skipped phase3 of Reference Processing due to unavailable references
[625.848s][debug][gc,phases      ] GC(61) Reference Processing 0.043ms
[625.848s][debug][gc,phases      ] GC(61) Weak Processing 0.145ms
[625.848s][debug][gc,phases      ] GC(61) Scrub String Table 0.442ms
[625.848s][debug][gc,age         ] GC(61) Desired survivor size 80216064 bytes, new threshold 15 (max threshold 15)
[625.848s][info ][gc,heap        ] GC(61) PSYoungGen: 1987056K->53744K(2018816K)
[625.848s][info ][gc,heap        ] GC(61) ParOldGen: 256142K->259754K(308736K)
[625.848s][info ][gc,metaspace   ] GC(61) Metaspace: 73267K->73267K(1116160K)
[625.848s][info ][gc             ] GC(61) Pause Young (Allocation Failure) 2190M->306M(2273M) 22.496ms
[625.848s][info ][gc,cpu         ] GC(61) User=0.08s Sys=0.00s Real=0.02s
[625.848s][info ][safepoint      ] Leaving safepoint region
[625.848s][info ][safepoint      ] Total time for which application threads were stopped: 0.0226634 seconds, Stopping threads took: 0.0000178 seconds
[629.849s][info ][safepoint      ] Application time: 4.0003756 seconds
[629.849s][info ][safepoint      ] Entering safepoint region: Cleanup
[629.849s][info ][safepoint      ] Leaving safepoint region
[629.849s][info ][safepoint      ] Total time for which application threads were stopped: 0.0000920 seconds, Stopping threads took: 0.0000195 seconds
[630.849s][info ][safepoint      ] Application time: 1.0000971 seconds
[630.849s][info ][safepoint      ] Entering safepoint region: Cleanup
[630.849s][info ][safepoint      ] Leaving safepoint region
[630.849s][info ][safepoint      ] Total time for which application threads were stopped: 0.0000874 seconds, Stopping threads took: 0.0000240 seconds
[634.851s][info ][safepoint      ] Application time: 4.0015448 seconds
[634.851s][info ][safepoint      ] Entering safepoint region: Cleanup
[634.851s][info ][safepoint      ] Leaving safepoint region
[634.851s][info ][safepoint      ] Total time for which application threads were stopped: 0.0000901 seconds, Stopping threads took: 0.0000189 seconds
[635.851s][info ][safepoint      ] Application time: 1.0001359 seconds
[635.851s][info ][safepoint      ] Entering safepoint region: Cleanup
[635.851s][info ][safepoint      ] Leaving safepoint region
[635.851s][info ][safepoint      ] Total time for which application threads were stopped: 0.0000880 seconds, Stopping threads took: 0.0000190 seconds
[637.851s][info ][safepoint      ] Application time: 2.0001680 seconds
[637.851s][info ][safepoint      ] Entering safepoint region: Cleanup
[637.851s][info ][safepoint      ] Leaving safepoint region
[637.851s][info ][safepoint      ] Total time for which application threads were stopped: 0.0001400 seconds, Stopping threads took: 0.0000513 seconds
[639.852s][info ][safepoint      ] Application time: 2.0001738 seconds
[639.852s][info ][safepoint      ] Entering safepoint region: Cleanup
[639.852s][info ][safepoint      ] Leaving safepoint region
[639.852s][info ][safepoint      ] Total time for which application threads were stopped: 0.0001208 seconds, Stopping threads took: 0.0000196 seconds
[640.852s][info ][safepoint      ] Application time: 1.0000774 seconds
[640.852s][info ][safepoint      ] Entering safepoint region: Cleanup
[640.852s][info ][safepoint      ] Leaving safepoint region
[640.852s][info ][safepoint      ] Total time for which application threads were stopped: 0.0001141 seconds, Stopping threads took: 0.0000451 seconds
[641.852s][info ][safepoint      ] Application time: 1.0000895 seconds
[641.852s][info ][safepoint      ] Entering safepoint region: Cleanup
[641.852s][info ][safepoint      ] Leaving safepoint region
[641.852s][info ][safepoint      ] Total time for which application threads were stopped: 0.0001441 seconds, Stopping threads took: 0.0000561 seconds
[645.853s][info ][safepoint      ] Application time: 4.0004262 seconds
[645.853s][info ][safepoint      ] Entering safepoint region: Cleanup
[645.853s][info ][safepoint      ] Leaving safepoint region
[645.853s][info ][safepoint      ] Total time for which application threads were stopped: 0.0002018 seconds, Stopping threads took: 0.0001132 seconds
[649.854s][info ][safepoint      ] Application time: 4.0004938 seconds
[649.854s][info ][safepoint      ] Entering safepoint region: Cleanup
[649.854s][info ][safepoint      ] Leaving safepoint region
[649.854s][info ][safepoint      ] Total time for which application threads were stopped: 0.0002285 seconds, Stopping threads took: 0.0000611 seconds
[649.945s][info ][safepoint      ] Application time: 0.0914677 seconds
[649.945s][info ][safepoint      ] Entering safepoint region: ParallelGCFailedAllocation
[649.946s][info ][gc,start       ] GC(62) Pause Young (Allocation Failure)
[649.965s][debug][gc,phases      ] GC(62) Scavenge 19.089ms
[649.965s][debug][gc,ref         ] GC(62) Skipped phase1 of Reference Processing due to unavailable references
[649.965s][debug][gc,ref         ] GC(62) Skipped phase3 of Reference Processing due to unavailable references
[649.965s][debug][gc,phases      ] GC(62) Reference Processing 0.046ms
[649.965s][debug][gc,phases      ] GC(62) Weak Processing 0.142ms
[649.965s][debug][gc,phases      ] GC(62) Scrub String Table 0.477ms
[649.965s][debug][gc,age         ] GC(62) Desired survivor size 78643200 bytes, new threshold 15 (max threshold 15)
[649.965s][info ][gc,heap        ] GC(62) PSYoungGen: 1992176K->53112K(2016768K)
[649.965s][info ][gc,heap        ] GC(62) ParOldGen: 259754K->259850K(308736K)
[649.965s][info ][gc,metaspace   ] GC(62) Metaspace: 73281K->73281K(1116160K)
[649.965s][info ][gc             ] GC(62) Pause Young (Allocation Failure) 2199M->305M(2271M) 19.912ms
[649.965s][info ][gc,cpu         ] GC(62) User=0.08s Sys=0.01s Real=0.02s
[649.965s][info ][safepoint      ] Leaving safepoint region
[649.965s][info ][safepoint      ] Total time for which application threads were stopped: 0.0201653 seconds, Stopping threads took: 0.0000826 seconds
[650.966s][info ][safepoint      ] Application time: 1.0001010 seconds
[650.966s][info ][safepoint      ] Entering safepoint region: Cleanup
[650.966s][info ][safepoint      ] Leaving safepoint region
[650.966s][info ][safepoint      ] Total time for which application threads were stopped: 0.0001390 seconds, Stopping threads took: 0.0000184 seconds
[651.966s][info ][safepoint      ] Application time: 1.0001407 seconds
[651.966s][info ][safepoint      ] Entering safepoint region: Cleanup
[651.966s][info ][safepoint      ] Leaving safepoint region
[651.966s][info ][safepoint      ] Total time for which application threads were stopped: 0.0001126 seconds, Stopping threads took: 0.0000349 seconds
[655.966s][info ][safepoint      ] Application time: 4.0003781 seconds
[655.967s][info ][safepoint      ] Entering safepoint region: Cleanup
[655.967s][info ][safepoint      ] Leaving safepoint region
[655.967s][info ][safepoint      ] Total time for which application threads were stopped: 0.0000858 seconds, Stopping threads took: 0.0000176 seconds
[665.968s][info ][safepoint      ] Application time: 10.0009103 seconds
[665.968s][info ][safepoint      ] Entering safepoint region: Cleanup
[665.968s][info ][safepoint      ] Leaving safepoint region
[665.968s][info ][safepoint      ] Total time for which application threads were stopped: 0.0000980 seconds, Stopping threads took: 0.0000315 seconds
[666.968s][info ][safepoint      ] Application time: 1.0000876 seconds
[666.968s][info ][safepoint      ] Entering safepoint region: Cleanup
[666.968s][info ][safepoint      ] Leaving safepoint region
[666.968s][info ][safepoint      ] Total time for which application threads were stopped: 0.0003974 seconds, Stopping threads took: 0.0003274 seconds
[669.968s][info ][safepoint      ] Application time: 3.0002618 seconds
[669.968s][info ][safepoint      ] Entering safepoint region: Cleanup
[669.969s][info ][safepoint      ] Leaving safepoint region
[669.969s][info ][safepoint      ] Total time for which application threads were stopped: 0.0000850 seconds, Stopping threads took: 0.0000173 seconds
[670.969s][info ][safepoint      ] Application time: 1.0000755 seconds
[670.969s][info ][safepoint      ] Entering safepoint region: Cleanup
[670.969s][info ][safepoint      ] Leaving safepoint region
[670.969s][info ][safepoint      ] Total time for which application threads were stopped: 0.0000936 seconds, Stopping threads took: 0.0000187 seconds
[671.969s][info ][safepoint      ] Application time: 1.0001395 seconds
[671.969s][info ][safepoint      ] Entering safepoint region: Cleanup
[671.969s][info ][safepoint      ] Leaving safepoint region
[671.969s][info ][safepoint      ] Total time for which application threads were stopped: 0.0000835 seconds, Stopping threads took: 0.0000182 seconds
[672.969s][info ][safepoint      ] Application time: 1.0001265 seconds
[672.969s][info ][safepoint      ] Entering safepoint region: Cleanup
[672.969s][info ][safepoint      ] Leaving safepoint region
[672.969s][info ][safepoint      ] Total time for which application threads were stopped: 0.0000825 seconds, Stopping threads took: 0.0000177 seconds
[678.970s][info ][safepoint      ] Application time: 6.0005288 seconds
[678.970s][info ][safepoint      ] Entering safepoint region: Cleanup
[678.970s][info ][safepoint      ] Leaving safepoint region
[678.970s][info ][safepoint      ] Total time for which application threads were stopped: 0.0001198 seconds, Stopping threads took: 0.0000318 seconds
[679.970s][info ][safepoint      ] Application time: 1.0000648 seconds
[679.970s][info ][safepoint      ] Entering safepoint region: Cleanup
[679.970s][info ][safepoint      ] Leaving safepoint region
[679.970s][info ][safepoint      ] Total time for which application threads were stopped: 0.0000925 seconds, Stopping threads took: 0.0000196 seconds
[683.971s][info ][safepoint      ] Application time: 4.0004214 seconds
[683.971s][info ][safepoint      ] Entering safepoint region: Cleanup
[683.971s][info ][safepoint      ] Leaving safepoint region
[683.971s][info ][safepoint      ] Total time for which application threads were stopped: 0.0000915 seconds, Stopping threads took: 0.0000172 seconds
[687.761s][info ][safepoint      ] Application time: 3.7906005 seconds
[687.761s][info ][safepoint      ] Entering safepoint region: ParallelGCFailedAllocation
[687.762s][info ][gc,start       ] GC(63) Pause Young (Allocation Failure)
[687.792s][debug][gc,phases      ] GC(63) Scavenge 30.054ms
[687.792s][debug][gc,ref         ] GC(63) Skipped phase1 of Reference Processing due to unavailable references
[687.792s][debug][gc,ref         ] GC(63) Skipped phase3 of Reference Processing due to unavailable references
[687.792s][debug][gc,phases      ] GC(63) Reference Processing 0.063ms
[687.792s][debug][gc,phases      ] GC(63) Weak Processing 0.250ms
[687.793s][debug][gc,phases      ] GC(63) Scrub String Table 0.808ms
[687.793s][debug][gc,age         ] GC(63) Desired survivor size 85458944 bytes, new threshold 14 (max threshold 15)
[687.793s][info ][gc,heap        ] GC(63) PSYoungGen: 1991544K->76792K(2007040K)
[687.793s][info ][gc,heap        ] GC(63) ParOldGen: 259850K->262511K(308736K)
[687.793s][info ][gc,metaspace   ] GC(63) Metaspace: 73299K->73299K(1116160K)
[687.793s][info ][gc             ] GC(63) Pause Young (Allocation Failure) 2198M->331M(2261M) 31.326ms
[687.793s][info ][gc,cpu         ] GC(63) User=0.08s Sys=0.04s Real=0.03s
[687.793s][info ][safepoint      ] Leaving safepoint region
[687.793s][info ][safepoint      ] Total time for which application threads were stopped: 0.0315180 seconds, Stopping threads took: 0.0000193 seconds
[698.794s][info ][safepoint      ] Application time: 11.0010951 seconds
[698.794s][info ][safepoint      ] Entering safepoint region: Cleanup
[698.794s][info ][safepoint      ] Leaving safepoint region
[698.794s][info ][safepoint      ] Total time for which application threads were stopped: 0.0000917 seconds, Stopping threads took: 0.0000185 seconds
[699.794s][info ][safepoint      ] Application time: 1.0001255 seconds
[699.794s][info ][safepoint      ] Entering safepoint region: Cleanup
[699.794s][info ][safepoint      ] Leaving safepoint region
[699.794s][info ][safepoint      ] Total time for which application threads were stopped: 0.0001052 seconds, Stopping threads took: 0.0000338 seconds
[700.795s][info ][safepoint      ] Application time: 1.0000941 seconds
[700.795s][info ][safepoint      ] Entering safepoint region: Cleanup
[700.795s][info ][safepoint      ] Leaving safepoint region
[700.795s][info ][safepoint      ] Total time for which application threads were stopped: 0.0000873 seconds, Stopping threads took: 0.0000196 seconds
[701.795s][info ][safepoint      ] Application time: 1.0001821 seconds
[701.795s][info ][safepoint      ] Entering safepoint region: Cleanup
[701.795s][info ][safepoint      ] Leaving safepoint region
[701.795s][info ][safepoint      ] Total time for which application threads were stopped: 0.0000897 seconds, Stopping threads took: 0.0000195 seconds
[702.795s][info ][safepoint      ] Application time: 1.0001210 seconds
[702.795s][info ][safepoint      ] Entering safepoint region: Cleanup
[702.795s][info ][safepoint      ] Leaving safepoint region
[702.795s][info ][safepoint      ] Total time for which application threads were stopped: 0.0000859 seconds, Stopping threads took: 0.0000186 seconds
[704.795s][info ][safepoint      ] Application time: 2.0001880 seconds
[704.796s][info ][safepoint      ] Entering safepoint region: Cleanup
[704.796s][info ][safepoint      ] Leaving safepoint region
[704.796s][info ][safepoint      ] Total time for which application threads were stopped: 0.0000921 seconds, Stopping threads took: 0.0000196 seconds
[707.797s][info ][safepoint      ] Application time: 3.0009133 seconds
[707.797s][info ][safepoint      ] Entering safepoint region: Cleanup
[707.797s][info ][safepoint      ] Leaving safepoint region
[707.797s][info ][safepoint      ] Total time for which application threads were stopped: 0.0001264 seconds, Stopping threads took: 0.0000369 seconds
[709.797s][info ][safepoint      ] Application time: 2.0001871 seconds
[709.797s][info ][safepoint      ] Entering safepoint region: Cleanup
[709.797s][info ][safepoint      ] Leaving safepoint region
[709.797s][info ][safepoint      ] Total time for which application threads were stopped: 0.0000891 seconds, Stopping threads took: 0.0000199 seconds
[710.164s][info ][safepoint      ] Application time: 0.3672759 seconds
[710.164s][info ][safepoint      ] Entering safepoint region: RevokeBias
[710.164s][info ][safepoint      ] Leaving safepoint region
[710.164s][info ][safepoint      ] Total time for which application threads were stopped: 0.0001055 seconds, Stopping threads took: 0.0000165 seconds
[712.165s][info ][safepoint      ] Application time: 2.0001712 seconds
[712.165s][info ][safepoint      ] Entering safepoint region: Cleanup
[712.165s][info ][safepoint      ] Leaving safepoint region
[712.165s][info ][safepoint      ] Total time for which application threads were stopped: 0.0000815 seconds, Stopping threads took: 0.0000160 seconds
[719.165s][info ][safepoint      ] Application time: 7.0006514 seconds
[719.165s][info ][safepoint      ] Entering safepoint region: Cleanup
[719.166s][info ][safepoint      ] Leaving safepoint region
[719.166s][info ][safepoint      ] Total time for which application threads were stopped: 0.0000803 seconds, Stopping threads took: 0.0000158 seconds
[728.167s][info ][safepoint      ] Application time: 9.0009646 seconds
[728.167s][info ][safepoint      ] Entering safepoint region: Cleanup
[728.167s][info ][safepoint      ] Leaving safepoint region
[728.167s][info ][safepoint      ] Total time for which application threads were stopped: 0.0001640 seconds, Stopping threads took: 0.0000151 seconds
[731.167s][info ][safepoint      ] Application time: 3.0003304 seconds
[731.167s][info ][safepoint      ] Entering safepoint region: Cleanup
[731.167s][info ][safepoint      ] Leaving safepoint region
[731.167s][info ][safepoint      ] Total time for which application threads were stopped: 0.0000973 seconds, Stopping threads took: 0.0000343 seconds
[732.167s][info ][safepoint      ] Application time: 1.0000794 seconds
[732.167s][info ][safepoint      ] Entering safepoint region: Cleanup
[732.167s][info ][safepoint      ] Leaving safepoint region
[732.167s][info ][safepoint      ] Total time for which application threads were stopped: 0.0000924 seconds, Stopping threads took: 0.0000311 seconds
[732.203s][info ][safepoint      ] Application time: 0.0353382 seconds
[732.203s][info ][safepoint      ] Entering safepoint region: ParallelGCFailedAllocation
[732.203s][info ][gc,start       ] GC(64) Pause Young (Allocation Failure)
[732.225s][debug][gc,phases      ] GC(64) Scavenge 22.015ms
[732.225s][debug][gc,ref         ] GC(64) Skipped phase1 of Reference Processing due to unavailable references
[732.225s][debug][gc,ref         ] GC(64) Skipped phase3 of Reference Processing due to unavailable references
[732.225s][debug][gc,phases      ] GC(64) Reference Processing 0.041ms
[732.225s][debug][gc,phases      ] GC(64) Weak Processing 0.141ms
[732.226s][debug][gc,phases      ] GC(64) Scrub String Table 0.506ms
[732.226s][debug][gc,age         ] GC(64) Desired survivor size 90177536 bytes, new threshold 15 (max threshold 15)
[732.226s][info ][gc,heap        ] GC(64) PSYoungGen: 2007032K->78200K(2008576K)
[732.226s][info ][gc,heap        ] GC(64) ParOldGen: 262511K->262631K(308736K)
[732.226s][info ][gc,metaspace   ] GC(64) Metaspace: 73308K->73308K(1116160K)
[732.226s][info ][gc             ] GC(64) Pause Young (Allocation Failure) 2216M->332M(2263M) 22.886ms
[732.226s][info ][gc,cpu         ] GC(64) User=0.09s Sys=0.00s Real=0.02s
[732.226s][info ][safepoint      ] Leaving safepoint region
[732.226s][info ][safepoint      ] Total time for which application threads were stopped: 0.0230988 seconds, Stopping threads took: 0.0000171 seconds
[742.228s][info ][safepoint      ] Application time: 10.0017772 seconds
[742.228s][info ][safepoint      ] Entering safepoint region: Cleanup
[742.228s][info ][safepoint      ] Leaving safepoint region
[742.228s][info ][safepoint      ] Total time for which application threads were stopped: 0.0000807 seconds, Stopping threads took: 0.0000164 seconds
[743.228s][info ][safepoint      ] Application time: 1.0000784 seconds
[743.228s][info ][safepoint      ] Entering safepoint region: Cleanup
[743.228s][info ][safepoint      ] Leaving safepoint region
[743.228s][info ][safepoint      ] Total time for which application threads were stopped: 0.0000816 seconds, Stopping threads took: 0.0000195 seconds
[751.229s][info ][safepoint      ] Application time: 8.0008557 seconds
[751.229s][info ][safepoint      ] Entering safepoint region: Cleanup
[751.229s][info ][safepoint      ] Leaving safepoint region
[751.229s][info ][safepoint      ] Total time for which application threads were stopped: 0.0000807 seconds, Stopping threads took: 0.0000179 seconds
[758.230s][info ][safepoint      ] Application time: 7.0006252 seconds
[758.230s][info ][safepoint      ] Entering safepoint region: Cleanup
[758.230s][info ][safepoint      ] Leaving safepoint region
[758.230s][info ][safepoint      ] Total time for which application threads were stopped: 0.0000965 seconds, Stopping threads took: 0.0000183 seconds
[762.230s][info ][safepoint      ] Application time: 4.0004067 seconds
[762.230s][info ][safepoint      ] Entering safepoint region: Cleanup
[762.230s][info ][safepoint      ] Leaving safepoint region
[762.230s][info ][safepoint      ] Total time for which application threads were stopped: 0.0000981 seconds, Stopping threads took: 0.0000308 seconds
[768.231s][info ][safepoint      ] Application time: 6.0005865 seconds
[768.231s][info ][safepoint      ] Entering safepoint region: Cleanup
[768.231s][info ][safepoint      ] Leaving safepoint region
[768.231s][info ][safepoint      ] Total time for which application threads were stopped: 0.0000768 seconds, Stopping threads took: 0.0000176 seconds
[772.231s][info ][safepoint      ] Application time: 4.0003678 seconds
[772.231s][info ][safepoint      ] Entering safepoint region: Cleanup
[772.231s][info ][safepoint      ] Leaving safepoint region
[772.231s][info ][safepoint      ] Total time for which application threads were stopped: 0.0000817 seconds, Stopping threads took: 0.0000181 seconds
[775.232s][info ][safepoint      ] Application time: 3.0002456 seconds
[775.232s][info ][safepoint      ] Entering safepoint region: Cleanup
[775.232s][info ][safepoint      ] Leaving safepoint region
[775.232s][info ][safepoint      ] Total time for which application threads were stopped: 0.0001116 seconds, Stopping threads took: 0.0000182 seconds
[775.760s][info ][safepoint      ] Application time: 0.5276754 seconds
[775.760s][info ][safepoint      ] Entering safepoint region: ParallelGCFailedAllocation
[775.760s][info ][gc,start       ] GC(65) Pause Young (Allocation Failure)
[775.782s][debug][gc,phases      ] GC(65) Scavenge 22.472ms
[775.782s][debug][gc,ref         ] GC(65) Skipped phase1 of Reference Processing due to unavailable references
[775.782s][debug][gc,ref         ] GC(65) Skipped phase3 of Reference Processing due to unavailable references
[775.782s][debug][gc,phases      ] GC(65) Reference Processing 0.047ms
[775.783s][debug][gc,phases      ] GC(65) Weak Processing 0.338ms
[775.784s][debug][gc,phases      ] GC(65) Scrub String Table 0.853ms
[775.784s][debug][gc,age         ] GC(65) Desired survivor size 94371840 bytes, new threshold 15 (max threshold 15)
[775.784s][info ][gc,heap        ] GC(65) PSYoungGen: 2008440K->78424K(2000896K)
[775.784s][info ][gc,heap        ] GC(65) ParOldGen: 262631K->262631K(308736K)
[775.784s][info ][gc,metaspace   ] GC(65) Metaspace: 73316K->73316K(1116160K)
[775.784s][info ][gc             ] GC(65) Pause Young (Allocation Failure) 2217M->333M(2255M) 23.888ms
[775.784s][info ][gc,cpu         ] GC(65) User=0.09s Sys=0.00s Real=0.03s
[775.784s][info ][safepoint      ] Leaving safepoint region
[775.784s][info ][safepoint      ] Total time for which application threads were stopped: 0.0240856 seconds, Stopping threads took: 0.0000178 seconds
[778.784s][info ][safepoint      ] Application time: 3.0002415 seconds
[778.784s][info ][safepoint      ] Entering safepoint region: Cleanup
[778.784s][info ][safepoint      ] Leaving safepoint region
[778.784s][info ][safepoint      ] Total time for which application threads were stopped: 0.0001069 seconds, Stopping threads took: 0.0000184 seconds
[779.784s][info ][safepoint      ] Application time: 1.0000922 seconds
[779.784s][info ][safepoint      ] Entering safepoint region: Cleanup
[779.784s][info ][safepoint      ] Leaving safepoint region
[779.784s][info ][safepoint      ] Total time for which application threads were stopped: 0.0000859 seconds, Stopping threads took: 0.0000205 seconds
[780.784s][info ][safepoint      ] Application time: 1.0000772 seconds
[780.784s][info ][safepoint      ] Entering safepoint region: Cleanup
[780.785s][info ][safepoint      ] Leaving safepoint region
[780.785s][info ][safepoint      ] Total time for which application threads were stopped: 0.0002338 seconds, Stopping threads took: 0.0000184 seconds
[781.785s][info ][safepoint      ] Application time: 1.0001010 seconds
[781.785s][info ][safepoint      ] Entering safepoint region: Cleanup
[781.785s][info ][safepoint      ] Leaving safepoint region
[781.785s][info ][safepoint      ] Total time for which application threads were stopped: 0.0001879 seconds, Stopping threads took: 0.0000650 seconds
[784.785s][info ][safepoint      ] Application time: 3.0003423 seconds
[784.786s][info ][safepoint      ] Entering safepoint region: Cleanup
[784.786s][info ][safepoint      ] Leaving safepoint region
[784.786s][info ][safepoint      ] Total time for which application threads were stopped: 0.0001284 seconds, Stopping threads took: 0.0000416 seconds
[787.786s][info ][safepoint      ] Application time: 3.0002330 seconds
[787.786s][info ][safepoint      ] Entering safepoint region: Cleanup
[787.786s][info ][safepoint      ] Leaving safepoint region
[787.786s][info ][safepoint      ] Total time for which application threads were stopped: 0.0000868 seconds, Stopping threads took: 0.0000233 seconds
[788.786s][info ][safepoint      ] Application time: 1.0000936 seconds
[788.786s][info ][safepoint      ] Entering safepoint region: Cleanup
[788.786s][info ][safepoint      ] Leaving safepoint region
[788.786s][info ][safepoint      ] Total time for which application threads were stopped: 0.0000974 seconds, Stopping threads took: 0.0000199 seconds
[793.787s][info ][safepoint      ] Application time: 5.0009517 seconds
[793.787s][info ][safepoint      ] Entering safepoint region: Cleanup
[793.787s][info ][safepoint      ] Leaving safepoint region
[793.787s][info ][safepoint      ] Total time for which application threads were stopped: 0.0001152 seconds, Stopping threads took: 0.0000319 seconds
[795.788s][info ][safepoint      ] Application time: 2.0001734 seconds
[795.788s][info ][safepoint      ] Entering safepoint region: Cleanup
[795.788s][info ][safepoint      ] Leaving safepoint region
[795.788s][info ][safepoint      ] Total time for which application threads were stopped: 0.0000963 seconds, Stopping threads took: 0.0000178 seconds
[797.788s][info ][safepoint      ] Application time: 2.0001923 seconds
[797.788s][info ][safepoint      ] Entering safepoint region: Cleanup
[797.788s][info ][safepoint      ] Leaving safepoint region
[797.788s][info ][safepoint      ] Total time for which application threads were stopped: 0.0000880 seconds, Stopping threads took: 0.0000179 seconds
[805.789s][info ][safepoint      ] Application time: 8.0007500 seconds
[805.789s][info ][safepoint      ] Entering safepoint region: Cleanup
[805.789s][info ][safepoint      ] Leaving safepoint region
[805.789s][info ][safepoint      ] Total time for which application threads were stopped: 0.0000865 seconds, Stopping threads took: 0.0000191 seconds
[806.789s][info ][safepoint      ] Application time: 1.0000869 seconds
[806.789s][info ][safepoint      ] Entering safepoint region: Cleanup
[806.789s][info ][safepoint      ] Leaving safepoint region
[806.789s][info ][safepoint      ] Total time for which application threads were stopped: 0.0000923 seconds, Stopping threads took: 0.0000200 seconds
[816.790s][info ][safepoint      ] Application time: 10.0010070 seconds
[816.790s][info ][safepoint      ] Entering safepoint region: Cleanup
[816.790s][info ][safepoint      ] Leaving safepoint region
[816.790s][info ][safepoint      ] Total time for which application threads were stopped: 0.0001360 seconds, Stopping threads took: 0.0000675 seconds
[817.805s][info ][safepoint      ] Application time: 1.0141499 seconds
[817.805s][info ][safepoint      ] Entering safepoint region: ParallelGCFailedAllocation
[817.805s][info ][gc,start       ] GC(66) Pause Young (Allocation Failure)
[817.828s][debug][gc,phases      ] GC(66) Scavenge 22.891ms
[817.828s][debug][gc,ref         ] GC(66) Skipped phase1 of Reference Processing due to unavailable references
[817.828s][debug][gc,ref         ] GC(66) Skipped phase3 of Reference Processing due to unavailable references
[817.828s][debug][gc,phases      ] GC(66) Reference Processing 0.042ms
[817.828s][debug][gc,phases      ] GC(66) Weak Processing 0.305ms
[817.829s][debug][gc,phases      ] GC(66) Scrub String Table 1.291ms
[817.829s][debug][gc,age         ] GC(66) Desired survivor size 98041856 bytes, new threshold 15 (max threshold 15)
[817.829s][info ][gc,heap        ] GC(66) PSYoungGen: 1991256K->79824K(1992704K)
[817.829s][info ][gc,heap        ] GC(66) ParOldGen: 262631K->262963K(308736K)
[817.829s][info ][gc,metaspace   ] GC(66) Metaspace: 73335K->73335K(1116160K)
[817.829s][info ][gc             ] GC(66) Pause Young (Allocation Failure) 2201M->334M(2247M) 24.705ms
[817.830s][info ][gc,cpu         ] GC(66) User=0.09s Sys=0.00s Real=0.02s
[817.830s][info ][safepoint      ] Leaving safepoint region
[817.830s][info ][safepoint      ] Total time for which application threads were stopped: 0.0251413 seconds, Stopping threads took: 0.0001007 seconds
[821.830s][info ][safepoint      ] Application time: 4.0004430 seconds
[821.830s][info ][safepoint      ] Entering safepoint region: Cleanup
[821.830s][info ][safepoint      ] Leaving safepoint region
[821.830s][info ][safepoint      ] Total time for which application threads were stopped: 0.0000829 seconds, Stopping threads took: 0.0000182 seconds
[823.830s][info ][safepoint      ] Application time: 2.0002088 seconds
[823.831s][info ][safepoint      ] Entering safepoint region: Cleanup
[823.831s][info ][safepoint      ] Leaving safepoint region
[823.831s][info ][safepoint      ] Total time for which application threads were stopped: 0.0001167 seconds, Stopping threads took: 0.0000347 seconds
[824.831s][info ][safepoint      ] Application time: 1.0001273 seconds
[824.831s][info ][safepoint      ] Entering safepoint region: Cleanup
[824.831s][info ][safepoint      ] Leaving safepoint region
[824.831s][info ][safepoint      ] Total time for which application threads were stopped: 0.0000880 seconds, Stopping threads took: 0.0000178 seconds
[828.831s][info ][safepoint      ] Application time: 4.0003951 seconds
[828.831s][info ][safepoint      ] Entering safepoint region: Cleanup
[828.831s][info ][safepoint      ] Leaving safepoint region
[828.831s][info ][safepoint      ] Total time for which application threads were stopped: 0.0000856 seconds, Stopping threads took: 0.0000198 seconds
[831.832s][info ][safepoint      ] Application time: 3.0002361 seconds
[831.832s][info ][safepoint      ] Entering safepoint region: Cleanup
[831.832s][info ][safepoint      ] Leaving safepoint region
[831.832s][info ][safepoint      ] Total time for which application threads were stopped: 0.0001037 seconds, Stopping threads took: 0.0000196 seconds
[839.833s][info ][safepoint      ] Application time: 8.0009450 seconds
[839.833s][info ][safepoint      ] Entering safepoint region: Cleanup
[839.833s][info ][safepoint      ] Leaving safepoint region
[839.833s][info ][safepoint      ] Total time for which application threads were stopped: 0.0000920 seconds, Stopping threads took: 0.0000203 seconds
[844.385s][info ][safepoint      ] Application time: 4.5524217 seconds
[844.385s][info ][safepoint      ] Entering safepoint region: RevokeBias
[844.385s][info ][safepoint      ] Leaving safepoint region
[844.385s][info ][safepoint      ] Total time for which application threads were stopped: 0.0000968 seconds, Stopping threads took: 0.0000175 seconds
[844.401s][info ][safepoint      ] Application time: 0.0154704 seconds
[844.401s][info ][safepoint      ] Entering safepoint region: BulkRevokeBias
[844.401s][info ][safepoint      ] Leaving safepoint region
[844.401s][info ][safepoint      ] Total time for which application threads were stopped: 0.0001874 seconds, Stopping threads took: 0.0000131 seconds
[847.402s][info ][safepoint      ] Application time: 3.0004625 seconds
[847.402s][info ][safepoint      ] Entering safepoint region: Cleanup
[847.402s][info ][safepoint      ] Leaving safepoint region
[847.402s][info ][safepoint      ] Total time for which application threads were stopped: 0.0000728 seconds, Stopping threads took: 0.0000147 seconds
[848.402s][info ][safepoint      ] Application time: 1.0001052 seconds
[848.402s][info ][safepoint      ] Entering safepoint region: Cleanup
[848.402s][info ][safepoint      ] Leaving safepoint region
[848.402s][info ][safepoint      ] Total time for which application threads were stopped: 0.0001048 seconds, Stopping threads took: 0.0000453 seconds
[849.402s][info ][safepoint      ] Application time: 1.0001293 seconds
[849.402s][info ][safepoint      ] Entering safepoint region: Cleanup
[849.402s][info ][safepoint      ] Leaving safepoint region
[849.402s][info ][safepoint      ] Total time for which application threads were stopped: 0.0001199 seconds, Stopping threads took: 0.0000598 seconds
[854.404s][info ][safepoint      ] Application time: 5.0013128 seconds
[854.404s][info ][safepoint      ] Entering safepoint region: Cleanup
[854.404s][info ][safepoint      ] Leaving safepoint region
[854.404s][info ][safepoint      ] Total time for which application threads were stopped: 0.0001302 seconds, Stopping threads took: 0.0000693 seconds
[855.404s][info ][safepoint      ] Application time: 1.0000889 seconds
[855.404s][info ][safepoint      ] Entering safepoint region: Cleanup
[855.404s][info ][safepoint      ] Leaving safepoint region
[855.404s][info ][safepoint      ] Total time for which application threads were stopped: 0.0001024 seconds, Stopping threads took: 0.0000415 seconds
[856.404s][info ][safepoint      ] Application time: 1.0001180 seconds
[856.404s][info ][safepoint      ] Entering safepoint region: Cleanup
[856.404s][info ][safepoint      ] Leaving safepoint region
[856.404s][info ][safepoint      ] Total time for which application threads were stopped: 0.0001364 seconds, Stopping threads took: 0.0000749 seconds
[858.404s][info ][safepoint      ] Application time: 2.0001485 seconds
[858.405s][info ][safepoint      ] Entering safepoint region: Cleanup
[858.405s][info ][safepoint      ] Leaving safepoint region
[858.405s][info ][safepoint      ] Total time for which application threads were stopped: 0.0001278 seconds, Stopping threads took: 0.0000450 seconds
[860.755s][info ][safepoint      ] Application time: 2.3505386 seconds
[860.755s][info ][safepoint      ] Entering safepoint region: ParallelGCFailedAllocation
[860.755s][info ][gc,start       ] GC(67) Pause Young (Allocation Failure)
[860.784s][debug][gc,phases      ] GC(67) Scavenge 28.251ms
[860.784s][debug][gc,ref         ] GC(67) Skipped phase1 of Reference Processing due to unavailable references
[860.784s][debug][gc,ref         ] GC(67) Skipped phase3 of Reference Processing due to unavailable references
[860.784s][debug][gc,phases      ] GC(67) Reference Processing 0.046ms
[860.784s][debug][gc,phases      ] GC(67) Weak Processing 0.145ms
[860.784s][debug][gc,phases      ] GC(67) Scrub String Table 0.439ms
[860.784s][debug][gc,age         ] GC(67) Desired survivor size 98041856 bytes, new threshold 15 (max threshold 15)
[860.784s][info ][gc,heap        ] GC(67) PSYoungGen: 1992656K->71776K(2001408K)
[860.784s][info ][gc,heap        ] GC(67) ParOldGen: 262963K->272454K(308736K)
[860.784s][info ][gc,metaspace   ] GC(67) Metaspace: 73397K->73397K(1116160K)
[860.784s][info ][gc             ] GC(67) Pause Young (Allocation Failure) 2202M->336M(2256M) 29.061ms
[860.784s][info ][gc,cpu         ] GC(67) User=0.11s Sys=0.00s Real=0.03s
[860.784s][info ][safepoint      ] Leaving safepoint region
[860.784s][info ][safepoint      ] Total time for which application threads were stopped: 0.0292342 seconds, Stopping threads took: 0.0000181 seconds
[862.785s][info ][safepoint      ] Application time: 2.0002177 seconds
[862.785s][info ][safepoint      ] Entering safepoint region: Cleanup
[862.785s][info ][safepoint      ] Leaving safepoint region
[862.785s][info ][safepoint      ] Total time for which application threads were stopped: 0.0001020 seconds, Stopping threads took: 0.0000353 seconds
[863.785s][info ][safepoint      ] Application time: 1.0001184 seconds
[863.785s][info ][safepoint      ] Entering safepoint region: Cleanup
[863.785s][info ][safepoint      ] Leaving safepoint region
[863.785s][info ][safepoint      ] Total time for which application threads were stopped: 0.0000850 seconds, Stopping threads took: 0.0000184 seconds
[866.785s][info ][safepoint      ] Application time: 3.0003481 seconds
[866.785s][info ][safepoint      ] Entering safepoint region: Cleanup
[866.786s][info ][safepoint      ] Leaving safepoint region
[866.786s][info ][safepoint      ] Total time for which application threads were stopped: 0.0000801 seconds, Stopping threads took: 0.0000180 seconds
[867.786s][info ][safepoint      ] Application time: 1.0001212 seconds
[867.786s][info ][safepoint      ] Entering safepoint region: Cleanup
[867.786s][info ][safepoint      ] Leaving safepoint region
[867.786s][info ][safepoint      ] Total time for which application threads were stopped: 0.0000891 seconds, Stopping threads took: 0.0000181 seconds
[870.786s][info ][safepoint      ] Application time: 3.0003393 seconds
[870.786s][info ][safepoint      ] Entering safepoint region: Cleanup
[870.786s][info ][safepoint      ] Leaving safepoint region
[870.786s][info ][safepoint      ] Total time for which application threads were stopped: 0.0000975 seconds, Stopping threads took: 0.0000189 seconds
[872.787s][info ][safepoint      ] Application time: 2.0002388 seconds
[872.787s][info ][safepoint      ] Entering safepoint region: Cleanup
[872.787s][info ][safepoint      ] Leaving safepoint region
[872.787s][info ][safepoint      ] Total time for which application threads were stopped: 0.0000820 seconds, Stopping threads took: 0.0000174 seconds
[874.787s][info ][safepoint      ] Application time: 2.0002682 seconds
[874.787s][info ][safepoint      ] Entering safepoint region: Cleanup
[874.787s][info ][safepoint      ] Leaving safepoint region
[874.787s][info ][safepoint      ] Total time for which application threads were stopped: 0.0005002 seconds, Stopping threads took: 0.0000321 seconds
[878.788s][info ][safepoint      ] Application time: 4.0003760 seconds
[878.788s][info ][safepoint      ] Entering safepoint region: Cleanup
[878.788s][info ][safepoint      ] Leaving safepoint region
[878.788s][info ][safepoint      ] Total time for which application threads were stopped: 0.0000852 seconds, Stopping threads took: 0.0000178 seconds
[879.788s][info ][safepoint      ] Application time: 1.0001582 seconds
[879.788s][info ][safepoint      ] Entering safepoint region: Cleanup
[879.788s][info ][safepoint      ] Leaving safepoint region
[879.788s][info ][safepoint      ] Total time for which application threads were stopped: 0.0001777 seconds, Stopping threads took: 0.0000182 seconds
[883.789s][info ][safepoint      ] Application time: 4.0004433 seconds
[883.789s][info ][safepoint      ] Entering safepoint region: Cleanup
[883.789s][info ][safepoint      ] Leaving safepoint region
[883.789s][info ][safepoint      ] Total time for which application threads were stopped: 0.0001043 seconds, Stopping threads took: 0.0000363 seconds
[884.789s][info ][safepoint      ] Application time: 1.0000871 seconds
[884.789s][info ][safepoint      ] Entering safepoint region: Cleanup
[884.789s][info ][safepoint      ] Leaving safepoint region
[884.789s][info ][safepoint      ] Total time for which application threads were stopped: 0.0000854 seconds, Stopping threads took: 0.0000183 seconds
[885.789s][info ][safepoint      ] Application time: 1.0000810 seconds
[885.789s][info ][safepoint      ] Entering safepoint region: Cleanup
[885.789s][info ][safepoint      ] Leaving safepoint region
[885.789s][info ][safepoint      ] Total time for which application threads were stopped: 0.0001155 seconds, Stopping threads took: 0.0000171 seconds
[887.790s][info ][safepoint      ] Application time: 2.0003000 seconds
[887.790s][info ][safepoint      ] Entering safepoint region: Cleanup
[887.790s][info ][safepoint      ] Leaving safepoint region
[887.790s][info ][safepoint      ] Total time for which application threads were stopped: 0.0000821 seconds, Stopping threads took: 0.0000173 seconds
[893.790s][info ][safepoint      ] Application time: 6.0005939 seconds
[893.791s][info ][safepoint      ] Entering safepoint region: Cleanup
[893.791s][info ][safepoint      ] Leaving safepoint region
[893.791s][info ][safepoint      ] Total time for which application threads were stopped: 0.0001163 seconds, Stopping threads took: 0.0000318 seconds
[895.791s][info ][safepoint      ] Application time: 2.0002651 seconds
[895.791s][info ][safepoint      ] Entering safepoint region: Cleanup
[895.791s][info ][safepoint      ] Leaving safepoint region
[895.791s][info ][safepoint      ] Total time for which application threads were stopped: 0.0000892 seconds, Stopping threads took: 0.0000191 seconds
[900.792s][info ][safepoint      ] Application time: 5.0005216 seconds
[900.792s][info ][safepoint      ] Entering safepoint region: Cleanup
[900.792s][info ][safepoint      ] Leaving safepoint region
[900.792s][info ][safepoint      ] Total time for which application threads were stopped: 0.0000862 seconds, Stopping threads took: 0.0000186 seconds
[901.792s][info ][safepoint      ] Application time: 1.0001388 seconds
[901.792s][info ][safepoint      ] Entering safepoint region: Cleanup
[901.792s][info ][safepoint      ] Leaving safepoint region
[901.792s][info ][safepoint      ] Total time for which application threads were stopped: 0.0000841 seconds, Stopping threads took: 0.0000192 seconds
[903.505s][info ][safepoint      ] Application time: 1.7132801 seconds
[903.505s][info ][safepoint      ] Entering safepoint region: ParallelGCFailedAllocation
[903.505s][info ][gc,start       ] GC(68) Pause Young (Allocation Failure)
[903.526s][debug][gc,phases      ] GC(68) Scavenge 20.542ms
[903.526s][debug][gc,ref         ] GC(68) Skipped phase1 of Reference Processing due to unavailable references
[903.526s][debug][gc,ref         ] GC(68) Skipped phase3 of Reference Processing due to unavailable references
[903.526s][debug][gc,phases      ] GC(68) Reference Processing 0.045ms
[903.526s][debug][gc,phases      ] GC(68) Weak Processing 0.303ms
[903.527s][debug][gc,phases      ] GC(68) Scrub String Table 0.753ms
[903.527s][debug][gc,age         ] GC(68) Desired survivor size 94896128 bytes, new threshold 15 (max threshold 15)
[903.527s][info ][gc,heap        ] GC(68) PSYoungGen: 1977440K->64912K(2001408K)
[903.527s][info ][gc,heap        ] GC(68) ParOldGen: 272454K->281027K(308736K)
[903.527s][info ][gc,metaspace   ] GC(68) Metaspace: 73424K->73424K(1116160K)
[903.527s][info ][gc             ] GC(68) Pause Young (Allocation Failure) 2197M->337M(2256M) 21.813ms
[903.527s][info ][gc,cpu         ] GC(68) User=0.08s Sys=0.00s Real=0.02s
[903.527s][info ][safepoint      ] Leaving safepoint region
[903.527s][info ][safepoint      ] Total time for which application threads were stopped: 0.0220524 seconds, Stopping threads took: 0.0000669 seconds
[906.528s][info ][safepoint      ] Application time: 3.0003265 seconds
[906.528s][info ][safepoint      ] Entering safepoint region: Cleanup
[906.528s][info ][safepoint      ] Leaving safepoint region
[906.528s][info ][safepoint      ] Total time for which application threads were stopped: 0.0001171 seconds, Stopping threads took: 0.0000170 seconds
[911.529s][info ][safepoint      ] Application time: 5.0016827 seconds
[911.530s][info ][safepoint      ] Entering safepoint region: Cleanup
[911.530s][info ][safepoint      ] Leaving safepoint region
[911.530s][info ][safepoint      ] Total time for which application threads were stopped: 0.0000884 seconds, Stopping threads took: 0.0000187 seconds
[912.530s][info ][safepoint      ] Application time: 1.0002891 seconds
[912.531s][info ][safepoint      ] Entering safepoint region: Cleanup
[912.531s][info ][safepoint      ] Leaving safepoint region
[912.531s][info ][safepoint      ] Total time for which application threads were stopped: 0.0015582 seconds, Stopping threads took: 0.0014656 seconds
[913.532s][info ][safepoint      ] Application time: 1.0001269 seconds
[913.532s][info ][safepoint      ] Entering safepoint region: Cleanup
[913.532s][info ][safepoint      ] Leaving safepoint region
[913.532s][info ][safepoint      ] Total time for which application threads were stopped: 0.0001074 seconds, Stopping threads took: 0.0000172 seconds
[914.532s][info ][safepoint      ] Application time: 1.0000827 seconds
[914.532s][info ][safepoint      ] Entering safepoint region: Cleanup
[914.532s][info ][safepoint      ] Leaving safepoint region
[914.532s][info ][safepoint      ] Total time for which application threads were stopped: 0.0001264 seconds, Stopping threads took: 0.0000509 seconds
[915.532s][info ][safepoint      ] Application time: 1.0001285 seconds
[915.532s][info ][safepoint      ] Entering safepoint region: Cleanup
[915.532s][info ][safepoint      ] Leaving safepoint region
[915.532s][info ][safepoint      ] Total time for which application threads were stopped: 0.0000922 seconds, Stopping threads took: 0.0000226 seconds
[916.532s][info ][safepoint      ] Application time: 1.0001140 seconds
[916.532s][info ][safepoint      ] Entering safepoint region: Cleanup
[916.532s][info ][safepoint      ] Leaving safepoint region
[916.533s][info ][safepoint      ] Total time for which application threads were stopped: 0.0000900 seconds, Stopping threads took: 0.0000189 seconds
[917.533s][info ][safepoint      ] Application time: 1.0000764 seconds
[917.533s][info ][safepoint      ] Entering safepoint region: Cleanup
[917.533s][info ][safepoint      ] Leaving safepoint region
[917.533s][info ][safepoint      ] Total time for which application threads were stopped: 0.0001425 seconds, Stopping threads took: 0.0000365 seconds
[918.533s][info ][safepoint      ] Application time: 1.0001402 seconds
[918.533s][info ][safepoint      ] Entering safepoint region: Cleanup
[918.533s][info ][safepoint      ] Leaving safepoint region
[918.533s][info ][safepoint      ] Total time for which application threads were stopped: 0.0000972 seconds, Stopping threads took: 0.0000181 seconds
[920.533s][info ][safepoint      ] Application time: 2.0001890 seconds
[920.533s][info ][safepoint      ] Entering safepoint region: Cleanup
[920.533s][info ][safepoint      ] Leaving safepoint region
[920.533s][info ][safepoint      ] Total time for which application threads were stopped: 0.0001046 seconds, Stopping threads took: 0.0000351 seconds
[923.534s][info ][safepoint      ] Application time: 3.0003124 seconds
[923.534s][info ][safepoint      ] Entering safepoint region: Cleanup
[923.534s][info ][safepoint      ] Leaving safepoint region
[923.534s][info ][safepoint      ] Total time for which application threads were stopped: 0.0000856 seconds, Stopping threads took: 0.0000189 seconds
[924.534s][info ][safepoint      ] Application time: 1.0000492 seconds
[924.534s][info ][safepoint      ] Entering safepoint region: Cleanup
[924.534s][info ][safepoint      ] Leaving safepoint region
[924.534s][info ][safepoint      ] Total time for which application threads were stopped: 0.0002122 seconds, Stopping threads took: 0.0000247 seconds
[928.534s][info ][safepoint      ] Application time: 4.0003347 seconds
[928.534s][info ][safepoint      ] Entering safepoint region: Cleanup
[928.535s][info ][safepoint      ] Leaving safepoint region
[928.535s][info ][safepoint      ] Total time for which application threads were stopped: 0.0000864 seconds, Stopping threads took: 0.0000184 seconds
[934.535s][info ][safepoint      ] Application time: 6.0006561 seconds
[934.535s][info ][safepoint      ] Entering safepoint region: Cleanup
[934.535s][info ][safepoint      ] Leaving safepoint region
[934.535s][info ][safepoint      ] Total time for which application threads were stopped: 0.0000852 seconds, Stopping threads took: 0.0000182 seconds
[941.596s][info ][safepoint      ] Application time: 7.0604241 seconds
[941.596s][info ][safepoint      ] Entering safepoint region: ParallelGCFailedAllocation
[941.596s][info ][gc,start       ] GC(69) Pause Young (Allocation Failure)
[941.618s][debug][gc,phases      ] GC(69) Scavenge 21.636ms
[941.618s][debug][gc,ref         ] GC(69) Skipped phase1 of Reference Processing due to unavailable references
[941.618s][debug][gc,ref         ] GC(69) Skipped phase3 of Reference Processing due to unavailable references
[941.618s][debug][gc,phases      ] GC(69) Reference Processing 0.040ms
[941.618s][debug][gc,phases      ] GC(69) Weak Processing 0.138ms
[941.618s][debug][gc,phases      ] GC(69) Scrub String Table 0.522ms
[941.618s][debug][gc,age         ] GC(69) Desired survivor size 92274688 bytes, new threshold 15 (max threshold 15)
[941.618s][info ][gc,heap        ] GC(69) PSYoungGen: 1970576K->63344K(2007040K)
[941.618s][info ][gc,heap        ] GC(69) ParOldGen: 281027K->282952K(308736K)
[941.618s][info ][gc,metaspace   ] GC(69) Metaspace: 73469K->73469K(1116160K)
[941.618s][info ][gc             ] GC(69) Pause Young (Allocation Failure) 2198M->338M(2261M) 22.503ms
[941.618s][info ][gc,cpu         ] GC(69) User=0.09s Sys=0.01s Real=0.02s
[941.619s][info ][safepoint      ] Leaving safepoint region
[941.619s][info ][safepoint      ] Total time for which application threads were stopped: 0.0226960 seconds, Stopping threads took: 0.0000316 seconds
[951.620s][info ][safepoint      ] Application time: 10.0011287 seconds
[951.620s][info ][safepoint      ] Entering safepoint region: Cleanup
[951.620s][info ][safepoint      ] Leaving safepoint region
[951.620s][info ][safepoint      ] Total time for which application threads were stopped: 0.0000842 seconds, Stopping threads took: 0.0000187 seconds
[954.620s][info ][safepoint      ] Application time: 3.0003554 seconds
[954.620s][info ][safepoint      ] Entering safepoint region: Cleanup
[954.620s][info ][safepoint      ] Leaving safepoint region
[954.620s][info ][safepoint      ] Total time for which application threads were stopped: 0.0000900 seconds, Stopping threads took: 0.0000178 seconds
[956.620s][info ][safepoint      ] Application time: 2.0002082 seconds
[956.620s][info ][safepoint      ] Entering safepoint region: Cleanup
[956.621s][info ][safepoint      ] Leaving safepoint region
[956.621s][info ][safepoint      ] Total time for which application threads were stopped: 0.0001212 seconds, Stopping threads took: 0.0000183 seconds
[962.621s][info ][safepoint      ] Application time: 6.0005024 seconds
[962.621s][info ][safepoint      ] Entering safepoint region: Cleanup
[962.621s][info ][safepoint      ] Leaving safepoint region
[962.621s][info ][safepoint      ] Total time for which application threads were stopped: 0.0001097 seconds, Stopping threads took: 0.0000204 seconds
[972.622s][info ][safepoint      ] Application time: 10.0007801 seconds
[972.622s][info ][safepoint      ] Entering safepoint region: Cleanup
[972.622s][info ][safepoint      ] Leaving safepoint region
[972.622s][info ][safepoint      ] Total time for which application threads were stopped: 0.0001254 seconds, Stopping threads took: 0.0000539 seconds
[972.937s][info ][safepoint      ] Application time: 0.3143757 seconds
[972.937s][info ][safepoint      ] Entering safepoint region: RevokeBias
[972.937s][info ][safepoint      ] Leaving safepoint region
[972.937s][info ][safepoint      ] Total time for which application threads were stopped: 0.0001197 seconds, Stopping threads took: 0.0000202 seconds
[973.234s][info ][safepoint      ] Application time: 0.2969633 seconds
[973.234s][info ][safepoint      ] Entering safepoint region: RevokeBias
[973.234s][info ][safepoint      ] Leaving safepoint region
[973.234s][info ][safepoint      ] Total time for which application threads were stopped: 0.0001220 seconds, Stopping threads took: 0.0000184 seconds
[973.239s][info ][safepoint      ] Application time: 0.0050417 seconds
[973.239s][info ][safepoint      ] Entering safepoint region: RevokeBias
[973.239s][info ][safepoint      ] Leaving safepoint region
[973.239s][info ][safepoint      ] Total time for which application threads were stopped: 0.0000984 seconds, Stopping threads took: 0.0000162 seconds
[973.985s][info ][safepoint      ] Application time: 0.7456017 seconds
[973.985s][info ][safepoint      ] Entering safepoint region: RevokeBias
[973.985s][info ][safepoint      ] Leaving safepoint region
[973.985s][info ][safepoint      ] Total time for which application threads were stopped: 0.0001146 seconds, Stopping threads took: 0.0000329 seconds
[981.988s][info ][safepoint      ] Application time: 8.0035023 seconds
[981.988s][info ][safepoint      ] Entering safepoint region: Cleanup
[981.988s][info ][safepoint      ] Leaving safepoint region
[981.988s][info ][safepoint      ] Total time for which application threads were stopped: 0.0000883 seconds, Stopping threads took: 0.0000174 seconds
[982.989s][info ][safepoint      ] Application time: 1.0000945 seconds
[982.989s][info ][safepoint      ] Entering safepoint region: Cleanup
[982.989s][info ][safepoint      ] Leaving safepoint region
[982.989s][info ][safepoint      ] Total time for which application threads were stopped: 0.0001448 seconds, Stopping threads took: 0.0000796 seconds
[984.989s][info ][safepoint      ] Application time: 2.0001878 seconds
[984.989s][info ][safepoint      ] Entering safepoint region: Cleanup
[984.989s][info ][safepoint      ] Leaving safepoint region
[984.989s][info ][safepoint      ] Total time for which application threads were stopped: 0.0000938 seconds, Stopping threads took: 0.0000303 seconds
[985.462s][info ][safepoint      ] Application time: 0.4728713 seconds
[985.462s][info ][safepoint      ] Entering safepoint region: ParallelGCFailedAllocation
[985.462s][info ][gc,start       ] GC(70) Pause Young (Allocation Failure)
[985.480s][debug][gc,phases      ] GC(70) Scavenge 17.458ms
[985.480s][debug][gc,ref         ] GC(70) Skipped phase1 of Reference Processing due to unavailable references
[985.480s][debug][gc,ref         ] GC(70) Skipped phase3 of Reference Processing due to unavailable references
[985.480s][debug][gc,ref         ] GC(70) Skipped phase4 of Reference Processing due to unavailable references
[985.480s][debug][gc,phases      ] GC(70) Reference Processing 0.042ms
[985.480s][debug][gc,phases      ] GC(70) Weak Processing 0.136ms
[985.480s][debug][gc,phases      ] GC(70) Scrub String Table 0.484ms
[985.480s][debug][gc,age         ] GC(70) Desired survivor size 90177536 bytes, new threshold 15 (max threshold 15)
[985.480s][info ][gc,heap        ] GC(70) PSYoungGen: 1977712K->61120K(2004480K)
[985.480s][info ][gc,heap        ] GC(70) ParOldGen: 282952K->284825K(308736K)
[985.480s][info ][gc,metaspace   ] GC(70) Metaspace: 73490K->73490K(1116160K)
[985.480s][info ][gc             ] GC(70) Pause Young (Allocation Failure) 2207M->337M(2259M) 18.307ms
[985.480s][info ][gc,cpu         ] GC(70) User=0.07s Sys=0.00s Real=0.01s
[985.481s][info ][safepoint      ] Leaving safepoint region
[985.481s][info ][safepoint      ] Total time for which application threads were stopped: 0.0185098 seconds, Stopping threads took: 0.0000173 seconds
[986.481s][info ][safepoint      ] Application time: 1.0001177 seconds
[986.481s][info ][safepoint      ] Entering safepoint region: Cleanup
[986.481s][info ][safepoint      ] Leaving safepoint region
[986.481s][info ][safepoint      ] Total time for which application threads were stopped: 0.0000768 seconds, Stopping threads took: 0.0000180 seconds
[992.481s][info ][safepoint      ] Application time: 6.0005127 seconds
[992.481s][info ][safepoint      ] Entering safepoint region: Cleanup
[992.481s][info ][safepoint      ] Leaving safepoint region
[992.481s][info ][safepoint      ] Total time for which application threads were stopped: 0.0001753 seconds, Stopping threads took: 0.0001142 seconds
[995.482s][info ][safepoint      ] Application time: 3.0002855 seconds
[995.482s][info ][safepoint      ] Entering safepoint region: Cleanup
[995.482s][info ][safepoint      ] Leaving safepoint region
[995.482s][info ][safepoint      ] Total time for which application threads were stopped: 0.0001042 seconds, Stopping threads took: 0.0000176 seconds
[997.482s][info ][safepoint      ] Application time: 2.0003036 seconds
[997.482s][info ][safepoint      ] Entering safepoint region: Cleanup
[997.482s][info ][safepoint      ] Leaving safepoint region
[997.482s][info ][safepoint      ] Total time for which application threads were stopped: 0.0000766 seconds, Stopping threads took: 0.0000162 seconds
[998.482s][info ][safepoint      ] Application time: 1.0001492 seconds
[998.483s][info ][safepoint      ] Entering safepoint region: Cleanup
[998.483s][info ][safepoint      ] Leaving safepoint region
[998.483s][info ][safepoint      ] Total time for which application threads were stopped: 0.0000825 seconds, Stopping threads took: 0.0000170 seconds
[1006.484s][info ][safepoint      ] Application time: 8.0015826 seconds
[1006.484s][info ][safepoint      ] Entering safepoint region: Cleanup
[1006.484s][info ][safepoint      ] Leaving safepoint region
[1006.484s][info ][safepoint      ] Total time for which application threads were stopped: 0.0000917 seconds, Stopping threads took: 0.0000199 seconds
[1007.484s][info ][safepoint      ] Application time: 1.0001146 seconds
[1007.485s][info ][safepoint      ] Entering safepoint region: Cleanup
[1007.485s][info ][safepoint      ] Leaving safepoint region
[1007.485s][info ][safepoint      ] Total time for which application threads were stopped: 0.0000964 seconds, Stopping threads took: 0.0000178 seconds
[1014.485s][info ][safepoint      ] Application time: 7.0007277 seconds
[1014.485s][info ][safepoint      ] Entering safepoint region: Cleanup
[1014.485s][info ][safepoint      ] Leaving safepoint region
[1014.485s][info ][safepoint      ] Total time for which application threads were stopped: 0.0000845 seconds, Stopping threads took: 0.0000181 seconds
[1018.486s][info ][safepoint      ] Application time: 4.0004887 seconds
[1018.486s][info ][safepoint      ] Entering safepoint region: Cleanup
[1018.486s][info ][safepoint      ] Leaving safepoint region
[1018.486s][info ][safepoint      ] Total time for which application threads were stopped: 0.0000816 seconds, Stopping threads took: 0.0000178 seconds
[1020.486s][info ][safepoint      ] Application time: 2.0001938 seconds
[1020.486s][info ][safepoint      ] Entering safepoint region: Cleanup
[1020.486s][info ][safepoint      ] Leaving safepoint region
[1020.486s][info ][safepoint      ] Total time for which application threads were stopped: 0.0001055 seconds, Stopping threads took: 0.0000356 seconds
[1021.486s][info ][safepoint      ] Application time: 1.0000764 seconds
[1021.487s][info ][safepoint      ] Entering safepoint region: Cleanup
[1021.487s][info ][safepoint      ] Leaving safepoint region
[1021.487s][info ][safepoint      ] Total time for which application threads were stopped: 0.0000810 seconds, Stopping threads took: 0.0000181 seconds
[1021.990s][info ][safepoint      ] Application time: 0.5031372 seconds
[1021.990s][info ][safepoint      ] Entering safepoint region: RevokeBias
[1021.990s][info ][safepoint      ] Leaving safepoint region
[1021.990s][info ][safepoint      ] Total time for which application threads were stopped: 0.0001808 seconds, Stopping threads took: 0.0000783 seconds
[1021.990s][info ][safepoint      ] Application time: 0.0003121 seconds
[1021.990s][info ][safepoint      ] Entering safepoint region: RevokeBias
[1021.990s][info ][safepoint      ] Leaving safepoint region
[1021.990s][info ][safepoint      ] Total time for which application threads were stopped: 0.0000615 seconds, Stopping threads took: 0.0000075 seconds
[1022.131s][info ][safepoint      ] Application time: 0.1409489 seconds
[1022.131s][info ][safepoint      ] Entering safepoint region: RevokeBias
[1022.131s][info ][safepoint      ] Leaving safepoint region
[1022.131s][info ][safepoint      ] Total time for which application threads were stopped: 0.0001126 seconds, Stopping threads took: 0.0000174 seconds
[1023.132s][info ][safepoint      ] Application time: 1.0001388 seconds
[1023.132s][info ][safepoint      ] Entering safepoint region: Cleanup
[1023.132s][info ][safepoint      ] Leaving safepoint region
[1023.132s][info ][safepoint      ] Total time for which application threads were stopped: 0.0001357 seconds, Stopping threads took: 0.0000603 seconds
[1023.262s][info ][safepoint      ] Application time: 0.1301980 seconds
[1023.262s][info ][safepoint      ] Entering safepoint region: RevokeBias
[1023.262s][info ][safepoint      ] Leaving safepoint region
[1023.262s][info ][safepoint      ] Total time for which application threads were stopped: 0.0001392 seconds, Stopping threads took: 0.0000397 seconds
[1023.262s][info ][safepoint      ] Application time: 0.0000549 seconds
[1023.262s][info ][safepoint      ] Entering safepoint region: RevokeBias
[1023.262s][info ][safepoint      ] Leaving safepoint region
[1023.262s][info ][safepoint      ] Total time for which application threads were stopped: 0.0000835 seconds, Stopping threads took: 0.0000468 seconds
[1023.281s][info ][safepoint      ] Application time: 0.0189953 seconds
[1023.281s][info ][safepoint      ] Entering safepoint region: RevokeBias
[1023.281s][info ][safepoint      ] Leaving safepoint region
[1023.281s][info ][safepoint      ] Total time for which application threads were stopped: 0.0000758 seconds, Stopping threads took: 0.0000128 seconds
[1023.294s][info ][safepoint      ] Application time: 0.0126710 seconds
[1023.294s][info ][safepoint      ] Entering safepoint region: RevokeBias
[1023.294s][info ][safepoint      ] Leaving safepoint region
[1023.294s][info ][safepoint      ] Total time for which application threads were stopped: 0.0000659 seconds, Stopping threads took: 0.0000146 seconds
[1023.294s][info ][safepoint      ] Application time: 0.0001355 seconds
[1023.294s][info ][safepoint      ] Entering safepoint region: RevokeBias
[1023.294s][info ][safepoint      ] Leaving safepoint region
[1023.294s][info ][safepoint      ] Total time for which application threads were stopped: 0.0000277 seconds, Stopping threads took: 0.0000068 seconds
[1023.296s][info ][safepoint      ] Application time: 0.0016224 seconds
[1023.296s][info ][safepoint      ] Entering safepoint region: RevokeBias
[1023.296s][info ][safepoint      ] Leaving safepoint region
[1023.296s][info ][safepoint      ] Total time for which application threads were stopped: 0.0000414 seconds, Stopping threads took: 0.0000097 seconds
[1023.296s][info ][safepoint      ] Application time: 0.0002887 seconds
[1023.296s][info ][safepoint      ] Entering safepoint region: RevokeBias
[1023.296s][info ][safepoint      ] Leaving safepoint region
[1023.296s][info ][safepoint      ] Total time for which application threads were stopped: 0.0000340 seconds, Stopping threads took: 0.0000079 seconds
[1023.296s][info ][safepoint      ] Application time: 0.0001078 seconds
[1023.297s][info ][safepoint      ] Entering safepoint region: RevokeBias
[1023.297s][info ][safepoint      ] Leaving safepoint region
[1023.297s][info ][safepoint      ] Total time for which application threads were stopped: 0.0001029 seconds, Stopping threads took: 0.0000541 seconds
[1023.297s][info ][safepoint      ] Application time: 0.0001458 seconds
[1023.297s][info ][safepoint      ] Entering safepoint region: RevokeBias
[1023.297s][info ][safepoint      ] Leaving safepoint region
[1023.297s][info ][safepoint      ] Total time for which application threads were stopped: 0.0000552 seconds, Stopping threads took: 0.0000117 seconds
[1023.297s][info ][safepoint      ] Application time: 0.0000662 seconds
[1023.297s][info ][safepoint      ] Entering safepoint region: RevokeBias
[1023.297s][info ][safepoint      ] Leaving safepoint region
[1023.297s][info ][safepoint      ] Total time for which application threads were stopped: 0.0000314 seconds, Stopping threads took: 0.0000073 seconds
[1023.297s][info ][safepoint      ] Application time: 0.0000464 seconds
[1023.297s][info ][safepoint      ] Entering safepoint region: RevokeBias
[1023.297s][info ][safepoint      ] Leaving safepoint region
[1023.297s][info ][safepoint      ] Total time for which application threads were stopped: 0.0000278 seconds, Stopping threads took: 0.0000068 seconds
[1023.297s][info ][safepoint      ] Application time: 0.0001006 seconds
[1023.297s][info ][safepoint      ] Entering safepoint region: RevokeBias
[1023.297s][info ][safepoint      ] Leaving safepoint region
[1023.297s][info ][safepoint      ] Total time for which application threads were stopped: 0.0000282 seconds, Stopping threads took: 0.0000068 seconds
[1023.297s][info ][safepoint      ] Application time: 0.0000495 seconds
[1023.297s][info ][safepoint      ] Entering safepoint region: RevokeBias
[1023.297s][info ][safepoint      ] Leaving safepoint region
[1023.297s][info ][safepoint      ] Total time for which application threads were stopped: 0.0000490 seconds, Stopping threads took: 0.0000278 seconds
[1023.297s][info ][safepoint      ] Application time: 0.0000576 seconds
[1023.297s][info ][safepoint      ] Entering safepoint region: RevokeBias
[1023.297s][info ][safepoint      ] Leaving safepoint region
[1023.297s][info ][safepoint      ] Total time for which application threads were stopped: 0.0000311 seconds, Stopping threads took: 0.0000066 seconds
[1023.297s][info ][safepoint      ] Application time: 0.0000748 seconds
[1023.297s][info ][safepoint      ] Entering safepoint region: RevokeBias
[1023.297s][info ][safepoint      ] Leaving safepoint region
[1023.297s][info ][safepoint      ] Total time for which application threads were stopped: 0.0000351 seconds, Stopping threads took: 0.0000109 seconds
[1023.298s][info ][safepoint      ] Application time: 0.0001023 seconds
[1023.298s][info ][safepoint      ] Entering safepoint region: RevokeBias
[1023.298s][info ][safepoint      ] Leaving safepoint region
[1023.298s][info ][safepoint      ] Total time for which application threads were stopped: 0.0000312 seconds, Stopping threads took: 0.0000072 seconds
[1023.298s][info ][safepoint      ] Application time: 0.0000467 seconds
[1023.298s][info ][safepoint      ] Entering safepoint region: RevokeBias
[1023.298s][info ][safepoint      ] Leaving safepoint region
[1023.298s][info ][safepoint      ] Total time for which application threads were stopped: 0.0000279 seconds, Stopping threads took: 0.0000069 seconds
[1023.298s][info ][safepoint      ] Application time: 0.0000411 seconds
[1023.298s][info ][safepoint      ] Entering safepoint region: RevokeBias
[1023.298s][info ][safepoint      ] Leaving safepoint region
[1023.298s][info ][safepoint      ] Total time for which application threads were stopped: 0.0000271 seconds, Stopping threads took: 0.0000065 seconds
[1023.298s][info ][safepoint      ] Application time: 0.0000471 seconds
[1023.298s][info ][safepoint      ] Entering safepoint region: RevokeBias
[1023.298s][info ][safepoint      ] Leaving safepoint region
[1023.298s][info ][safepoint      ] Total time for which application threads were stopped: 0.0000324 seconds, Stopping threads took: 0.0000064 seconds
[1023.298s][info ][safepoint      ] Application time: 0.0000395 seconds
[1023.298s][info ][safepoint      ] Entering safepoint region: RevokeBias
[1023.298s][info ][safepoint      ] Leaving safepoint region
[1023.298s][info ][safepoint      ] Total time for which application threads were stopped: 0.0000306 seconds, Stopping threads took: 0.0000065 seconds
[1023.298s][info ][safepoint      ] Application time: 0.0000720 seconds
[1023.298s][info ][safepoint      ] Entering safepoint region: RevokeBias
[1023.298s][info ][safepoint      ] Leaving safepoint region
[1023.298s][info ][safepoint      ] Total time for which application threads were stopped: 0.0000310 seconds, Stopping threads took: 0.0000072 seconds
[1023.298s][info ][safepoint      ] Application time: 0.0000735 seconds
[1023.298s][info ][safepoint      ] Entering safepoint region: RevokeBias
[1023.298s][info ][safepoint      ] Leaving safepoint region
[1023.298s][info ][safepoint      ] Total time for which application threads were stopped: 0.0000311 seconds, Stopping threads took: 0.0000071 seconds
[1023.298s][info ][safepoint      ] Application time: 0.0000668 seconds
[1023.298s][info ][safepoint      ] Entering safepoint region: RevokeBias
[1023.298s][info ][safepoint      ] Leaving safepoint region
[1023.298s][info ][safepoint      ] Total time for which application threads were stopped: 0.0000315 seconds, Stopping threads took: 0.0000075 seconds
[1023.298s][info ][safepoint      ] Application time: 0.0000659 seconds
[1023.298s][info ][safepoint      ] Entering safepoint region: RevokeBias
[1023.298s][info ][safepoint      ] Leaving safepoint region
[1023.298s][info ][safepoint      ] Total time for which application threads were stopped: 0.0000305 seconds, Stopping threads took: 0.0000070 seconds
[1023.299s][info ][safepoint      ] Application time: 0.0000471 seconds
[1023.299s][info ][safepoint      ] Entering safepoint region: BulkRevokeBias
[1023.299s][info ][safepoint      ] Leaving safepoint region
[1023.299s][info ][safepoint      ] Total time for which application threads were stopped: 0.0003395 seconds, Stopping threads took: 0.0000068 seconds
[1023.300s][info ][safepoint      ] Application time: 0.0010880 seconds
[1023.300s][info ][safepoint      ] Entering safepoint region: RevokeBias
[1023.300s][info ][safepoint      ] Leaving safepoint region
[1023.300s][info ][safepoint      ] Total time for which application threads were stopped: 0.0000516 seconds, Stopping threads took: 0.0000100 seconds
[1023.300s][info ][safepoint      ] Application time: 0.0002355 seconds
[1023.300s][info ][safepoint      ] Entering safepoint region: RevokeBias
[1023.300s][info ][safepoint      ] Leaving safepoint region
[1023.300s][info ][safepoint      ] Total time for which application threads were stopped: 0.0000290 seconds, Stopping threads took: 0.0000069 seconds
[1023.301s][info ][safepoint      ] Application time: 0.0011007 seconds
[1023.301s][info ][safepoint      ] Entering safepoint region: RevokeBias
[1023.301s][info ][safepoint      ] Leaving safepoint region
[1023.302s][info ][safepoint      ] Total time for which application threads were stopped: 0.0000830 seconds, Stopping threads took: 0.0000482 seconds
[1023.317s][info ][safepoint      ] Application time: 0.0152458 seconds
[1023.317s][info ][safepoint      ] Entering safepoint region: RevokeBias
[1023.317s][info ][safepoint      ] Leaving safepoint region
[1023.317s][info ][safepoint      ] Total time for which application threads were stopped: 0.0000947 seconds, Stopping threads took: 0.0000492 seconds
[1023.317s][info ][safepoint      ] Application time: 0.0000536 seconds
[1023.317s][info ][safepoint      ] Entering safepoint region: RevokeBias
[1023.317s][info ][safepoint      ] Leaving safepoint region
[1023.317s][info ][safepoint      ] Total time for which application threads were stopped: 0.0000657 seconds, Stopping threads took: 0.0000296 seconds
[1023.436s][info ][safepoint      ] Application time: 0.1187927 seconds
[1023.436s][info ][safepoint      ] Entering safepoint region: RevokeBias
[1023.436s][info ][safepoint      ] Leaving safepoint region
[1023.436s][info ][safepoint      ] Total time for which application threads were stopped: 0.0001092 seconds, Stopping threads took: 0.0000180 seconds
[1023.464s][info ][safepoint      ] Application time: 0.0282155 seconds
[1023.464s][info ][safepoint      ] Entering safepoint region: RevokeBias
[1023.464s][info ][safepoint      ] Leaving safepoint region
[1023.464s][info ][safepoint      ] Total time for which application threads were stopped: 0.0001119 seconds, Stopping threads took: 0.0000164 seconds
[1024.121s][info ][safepoint      ] Application time: 0.6565991 seconds
[1024.121s][info ][safepoint      ] Entering safepoint region: ICBufferFull
[1024.121s][info ][safepoint      ] Leaving safepoint region
[1024.121s][info ][safepoint      ] Total time for which application threads were stopped: 0.0003257 seconds, Stopping threads took: 0.0000571 seconds
[1024.245s][info ][safepoint      ] Application time: 0.1232993 seconds
[1024.245s][info ][safepoint      ] Entering safepoint region: ParallelGCFailedAllocation
[1024.245s][info ][safepoint      ] Leaving safepoint region
[1024.245s][info ][safepoint      ] Total time for which application threads were stopped: 0.0003086 seconds, Stopping threads took: 0.0000837 seconds
[1024.245s][info ][safepoint      ] Application time: 0.0001086 seconds
[1024.245s][info ][safepoint      ] Entering safepoint region: ParallelGCSystemGC
[1024.245s][info ][gc,start       ] GC(71) Pause Young (GCLocker Initiated GC)
[1024.270s][debug][gc,phases      ] GC(71) Scavenge 24.384ms
[1024.270s][debug][gc,ref         ] GC(71) Skipped phase1 of Reference Processing due to unavailable references
[1024.270s][debug][gc,ref         ] GC(71) Skipped phase3 of Reference Processing due to unavailable references
[1024.270s][debug][gc,phases      ] GC(71) Reference Processing 0.044ms
[1024.270s][debug][gc,phases      ] GC(71) Weak Processing 0.134ms
[1024.270s][debug][gc,phases      ] GC(71) Scrub String Table 0.439ms
[1024.270s][debug][gc,age         ] GC(71) Desired survivor size 97517568 bytes, new threshold 14 (max threshold 15)
[1024.270s][info ][gc,heap        ] GC(71) PSYoungGen: 1975488K->88035K(1994752K)
[1024.270s][info ][gc,heap        ] GC(71) ParOldGen: 284825K->287046K(308736K)
[1024.270s][info ][gc,metaspace   ] GC(71) Metaspace: 73597K->73597K(1116160K)
[1024.270s][info ][gc             ] GC(71) Pause Young (GCLocker Initiated GC) 2207M->366M(2249M) 25.158ms
[1024.270s][info ][gc,cpu         ] GC(71) User=0.10s Sys=0.00s Real=0.02s
[1024.270s][info ][safepoint      ] Leaving safepoint region
[1024.270s][info ][safepoint      ] Total time for which application threads were stopped: 0.0253079 seconds, Stopping threads took: 0.0000352 seconds
[1025.271s][info ][safepoint      ] Application time: 1.0001401 seconds
[1025.271s][info ][safepoint      ] Entering safepoint region: Cleanup
[1025.271s][info ][safepoint      ] Leaving safepoint region
[1025.271s][info ][safepoint      ] Total time for which application threads were stopped: 0.0001633 seconds, Stopping threads took: 0.0000569 seconds
[1026.271s][info ][safepoint      ] Application time: 1.0001340 seconds
[1026.271s][info ][safepoint      ] Entering safepoint region: Cleanup
[1026.271s][info ][safepoint      ] Leaving safepoint region
[1026.271s][info ][safepoint      ] Total time for which application threads were stopped: 0.0002477 seconds, Stopping threads took: 0.0000887 seconds
[1027.271s][info ][safepoint      ] Application time: 1.0000902 seconds
[1027.271s][info ][safepoint      ] Entering safepoint region: Cleanup
[1027.271s][info ][safepoint      ] Leaving safepoint region
[1027.271s][info ][safepoint      ] Total time for which application threads were stopped: 0.0002016 seconds, Stopping threads took: 0.0001104 seconds
[1028.435s][info ][safepoint      ] Application time: 1.1636242 seconds
[1028.435s][info ][safepoint      ] Entering safepoint region: RevokeBias
[1028.435s][info ][safepoint      ] Leaving safepoint region
[1028.435s][info ][safepoint      ] Total time for which application threads were stopped: 0.0000981 seconds, Stopping threads took: 0.0000167 seconds
[1029.441s][info ][safepoint      ] Application time: 1.0053456 seconds
[1029.441s][info ][safepoint      ] Entering safepoint region: Cleanup
[1029.441s][info ][safepoint      ] Leaving safepoint region
[1029.441s][info ][safepoint      ] Total time for which application threads were stopped: 0.0000877 seconds, Stopping threads took: 0.0000183 seconds
[1030.441s][info ][safepoint      ] Application time: 1.0000762 seconds
[1030.441s][info ][safepoint      ] Entering safepoint region: Cleanup
[1030.441s][info ][safepoint      ] Leaving safepoint region
[1030.441s][info ][safepoint      ] Total time for which application threads were stopped: 0.0002558 seconds, Stopping threads took: 0.0001630 seconds
[1031.442s][info ][safepoint      ] Application time: 1.0006826 seconds
[1031.442s][info ][safepoint      ] Entering safepoint region: Cleanup
[1031.442s][info ][safepoint      ] Leaving safepoint region
[1031.442s][info ][safepoint      ] Total time for which application threads were stopped: 0.0001021 seconds, Stopping threads took: 0.0000189 seconds
[1032.442s][info ][safepoint      ] Application time: 1.0001337 seconds
[1032.442s][info ][safepoint      ] Entering safepoint region: Cleanup
[1032.442s][info ][safepoint      ] Leaving safepoint region
[1032.442s][info ][safepoint      ] Total time for which application threads were stopped: 0.0000863 seconds, Stopping threads took: 0.0000180 seconds
[1033.435s][info ][safepoint      ] Application time: 0.9932526 seconds
[1033.435s][info ][safepoint      ] Entering safepoint region: RevokeBias
[1033.436s][info ][safepoint      ] Leaving safepoint region
[1033.436s][info ][safepoint      ] Total time for which application threads were stopped: 0.0000867 seconds, Stopping threads took: 0.0000165 seconds
[1033.436s][info ][safepoint      ] Application time: 0.0002917 seconds
[1033.436s][info ][safepoint      ] Entering safepoint region: RevokeBias
[1033.436s][info ][safepoint      ] Leaving safepoint region
[1033.436s][info ][safepoint      ] Total time for which application threads were stopped: 0.0000300 seconds, Stopping threads took: 0.0000071 seconds
[1033.436s][info ][safepoint      ] Application time: 0.0000402 seconds
[1033.436s][info ][safepoint      ] Entering safepoint region: RevokeBias
[1033.436s][info ][safepoint      ] Leaving safepoint region
[1033.436s][info ][safepoint      ] Total time for which application threads were stopped: 0.0000271 seconds, Stopping threads took: 0.0000064 seconds
[1033.436s][info ][safepoint      ] Application time: 0.0000570 seconds
[1033.436s][info ][safepoint      ] Entering safepoint region: RevokeBias
[1033.436s][info ][safepoint      ] Leaving safepoint region
[1033.436s][info ][safepoint      ] Total time for which application threads were stopped: 0.0000282 seconds, Stopping threads took: 0.0000066 seconds
[1033.436s][info ][safepoint      ] Application time: 0.0001326 seconds
[1033.436s][info ][safepoint      ] Entering safepoint region: RevokeBias
[1033.436s][info ][safepoint      ] Leaving safepoint region
[1033.436s][info ][safepoint      ] Total time for which application threads were stopped: 0.0000266 seconds, Stopping threads took: 0.0000066 seconds
[1036.437s][info ][safepoint      ] Application time: 3.0002456 seconds
[1036.437s][info ][safepoint      ] Entering safepoint region: Cleanup
[1036.437s][info ][safepoint      ] Leaving safepoint region
[1036.437s][info ][safepoint      ] Total time for which application threads were stopped: 0.0001015 seconds, Stopping threads took: 0.0000338 seconds
[1037.437s][info ][safepoint      ] Application time: 1.0000679 seconds
[1037.437s][info ][safepoint      ] Entering safepoint region: Cleanup
[1037.437s][info ][safepoint      ] Leaving safepoint region
[1037.437s][info ][safepoint      ] Total time for which application threads were stopped: 0.0000840 seconds, Stopping threads took: 0.0000179 seconds
[1040.437s][info ][safepoint      ] Application time: 3.0003903 seconds
[1040.437s][info ][safepoint      ] Entering safepoint region: Cleanup
[1040.437s][info ][safepoint      ] Leaving safepoint region
[1040.437s][info ][safepoint      ] Total time for which application threads were stopped: 0.0000857 seconds, Stopping threads took: 0.0000167 seconds
[1040.927s][info ][safepoint      ] Application time: 0.4898169 seconds
[1040.927s][info ][safepoint      ] Entering safepoint region: ParallelGCFailedAllocation
[1040.927s][info ][gc,start       ] GC(72) Pause Young (Allocation Failure)
[1040.949s][debug][gc,phases      ] GC(72) Scavenge 21.930ms
[1040.949s][debug][gc,ref         ] GC(72) Skipped phase1 of Reference Processing due to unavailable references
[1040.949s][debug][gc,phases      ] GC(72) Reference Processing 0.101ms
[1040.950s][debug][gc,phases      ] GC(72) Weak Processing 0.163ms
[1040.950s][debug][gc,phases      ] GC(72) Scrub String Table 0.403ms
[1040.950s][debug][gc,age         ] GC(72) Desired survivor size 101711872 bytes, new threshold 15 (max threshold 15)
[1040.950s][info ][gc,heap        ] GC(72) PSYoungGen: 1994723K->84629K(1991680K)
[1040.950s][info ][gc,heap        ] GC(72) ParOldGen: 287048K->292918K(308736K)
[1040.950s][info ][gc,metaspace   ] GC(72) Metaspace: 73618K->73618K(1116160K)
[1040.950s][info ][gc             ] GC(72) Pause Young (Allocation Failure) 2228M->368M(2246M) 22.765ms
[1040.950s][info ][gc,cpu         ] GC(72) User=0.09s Sys=0.00s Real=0.02s
[1040.950s][info ][safepoint      ] Leaving safepoint region
[1040.950s][info ][safepoint      ] Total time for which application threads were stopped: 0.0229649 seconds, Stopping threads took: 0.0000181 seconds
[1041.950s][info ][safepoint      ] Application time: 1.0000737 seconds
[1041.950s][info ][safepoint      ] Entering safepoint region: Cleanup
[1041.950s][info ][safepoint      ] Leaving safepoint region
[1041.950s][info ][safepoint      ] Total time for which application threads were stopped: 0.0001124 seconds, Stopping threads took: 0.0000172 seconds
[1042.950s][info ][safepoint      ] Application time: 1.0000706 seconds
[1042.951s][info ][safepoint      ] Entering safepoint region: Cleanup
[1042.951s][info ][safepoint      ] Leaving safepoint region
[1042.951s][info ][safepoint      ] Total time for which application threads were stopped: 0.0001006 seconds, Stopping threads took: 0.0000314 seconds
[1043.951s][info ][safepoint      ] Application time: 1.0001438 seconds
[1043.951s][info ][safepoint      ] Entering safepoint region: Cleanup
[1043.951s][info ][safepoint      ] Leaving safepoint region
[1043.951s][info ][safepoint      ] Total time for which application threads were stopped: 0.0000841 seconds, Stopping threads took: 0.0000169 seconds
[1044.951s][info ][safepoint      ] Application time: 1.0001186 seconds
[1044.951s][info ][safepoint      ] Entering safepoint region: Cleanup
[1044.951s][info ][safepoint      ] Leaving safepoint region
[1044.951s][info ][safepoint      ] Total time for which application threads were stopped: 0.0000802 seconds, Stopping threads took: 0.0000158 seconds
[1046.951s][info ][safepoint      ] Application time: 2.0002408 seconds
[1046.951s][info ][safepoint      ] Entering safepoint region: Cleanup
[1046.952s][info ][safepoint      ] Leaving safepoint region
[1046.952s][info ][safepoint      ] Total time for which application threads were stopped: 0.0000868 seconds, Stopping threads took: 0.0000162 seconds
[1047.952s][info ][safepoint      ] Application time: 1.0001371 seconds
[1047.952s][info ][safepoint      ] Entering safepoint region: Cleanup
[1047.952s][info ][safepoint      ] Leaving safepoint region
[1047.952s][info ][safepoint      ] Total time for which application threads were stopped: 0.0001299 seconds, Stopping threads took: 0.0000417 seconds
[1050.952s][info ][safepoint      ] Application time: 3.0003558 seconds
[1050.952s][info ][safepoint      ] Entering safepoint region: Cleanup
[1050.952s][info ][safepoint      ] Leaving safepoint region
[1050.952s][info ][safepoint      ] Total time for which application threads were stopped: 0.0001557 seconds, Stopping threads took: 0.0000443 seconds
[1054.953s][info ][safepoint      ] Application time: 4.0005474 seconds
[1054.953s][info ][safepoint      ] Entering safepoint region: Cleanup
[1054.953s][info ][safepoint      ] Leaving safepoint region
[1054.953s][info ][safepoint      ] Total time for which application threads were stopped: 0.0001268 seconds, Stopping threads took: 0.0000550 seconds
[1055.953s][info ][safepoint      ] Application time: 1.0001142 seconds
[1055.953s][info ][safepoint      ] Entering safepoint region: Cleanup
[1055.953s][info ][safepoint      ] Leaving safepoint region
[1055.953s][info ][safepoint      ] Total time for which application threads were stopped: 0.0001287 seconds, Stopping threads took: 0.0000619 seconds
[1057.414s][info ][safepoint      ] Application time: 1.4605359 seconds
[1057.414s][info ][safepoint      ] Entering safepoint region: ParallelGCFailedAllocation
[1057.414s][info ][gc,start       ] GC(73) Pause Young (Allocation Failure)
[1057.436s][debug][gc,phases      ] GC(73) Scavenge 21.537ms
[1057.436s][debug][gc,ref         ] GC(73) Skipped phase1 of Reference Processing due to unavailable references
[1057.436s][debug][gc,ref         ] GC(73) Skipped phase3 of Reference Processing due to unavailable references
[1057.436s][debug][gc,phases      ] GC(73) Reference Processing 0.061ms
[1057.436s][debug][gc,phases      ] GC(73) Weak Processing 0.137ms
[1057.436s][debug][gc,phases      ] GC(73) Scrub String Table 0.508ms
[1057.436s][debug][gc,age         ] GC(73) Desired survivor size 104857600 bytes, new threshold 15 (max threshold 15)
[1057.436s][info ][gc,heap        ] GC(73) PSYoungGen: 1991317K->84898K(1991680K)
[1057.436s][info ][gc,heap        ] GC(73) ParOldGen: 292918K->292918K(308736K)
[1057.436s][info ][gc,metaspace   ] GC(73) Metaspace: 73634K->73634K(1116160K)
[1057.436s][info ][gc             ] GC(73) Pause Young (Allocation Failure) 2230M->368M(2246M) 22.412ms
[1057.437s][info ][gc,cpu         ] GC(73) User=0.09s Sys=0.00s Real=0.02s
[1057.437s][info ][safepoint      ] Leaving safepoint region
[1057.437s][info ][safepoint      ] Total time for which application threads were stopped: 0.0226136 seconds, Stopping threads took: 0.0000172 seconds
[1058.437s][info ][safepoint      ] Application time: 1.0001511 seconds
[1058.437s][info ][safepoint      ] Entering safepoint region: Cleanup
[1058.437s][info ][safepoint      ] Leaving safepoint region
[1058.437s][info ][safepoint      ] Total time for which application threads were stopped: 0.0000931 seconds, Stopping threads took: 0.0000184 seconds
[1059.437s][info ][safepoint      ] Application time: 1.0000735 seconds
[1059.437s][info ][safepoint      ] Entering safepoint region: Cleanup
[1059.437s][info ][safepoint      ] Leaving safepoint region
[1059.437s][info ][safepoint      ] Total time for which application threads were stopped: 0.0000880 seconds, Stopping threads took: 0.0000187 seconds
[1060.437s][info ][safepoint      ] Application time: 1.0000430 seconds
[1060.437s][info ][safepoint      ] Entering safepoint region: Cleanup
[1060.437s][info ][safepoint      ] Leaving safepoint region
[1060.437s][info ][safepoint      ] Total time for which application threads were stopped: 0.0001135 seconds, Stopping threads took: 0.0000293 seconds
[1061.437s][info ][safepoint      ] Application time: 1.0001364 seconds
[1061.437s][info ][safepoint      ] Entering safepoint region: Cleanup
[1061.437s][info ][safepoint      ] Leaving safepoint region
[1061.437s][info ][safepoint      ] Total time for which application threads were stopped: 0.0000849 seconds, Stopping threads took: 0.0000178 seconds
[1062.438s][info ][safepoint      ] Application time: 1.0001059 seconds
[1062.438s][info ][safepoint      ] Entering safepoint region: Cleanup
[1062.438s][info ][safepoint      ] Leaving safepoint region
[1062.438s][info ][safepoint      ] Total time for which application threads were stopped: 0.0000879 seconds, Stopping threads took: 0.0000171 seconds
[1063.438s][info ][safepoint      ] Application time: 1.0000778 seconds
[1063.438s][info ][safepoint      ] Entering safepoint region: Cleanup
[1063.438s][info ][safepoint      ] Leaving safepoint region
[1063.438s][info ][safepoint      ] Total time for which application threads were stopped: 0.0000984 seconds, Stopping threads took: 0.0000177 seconds
[1064.438s][info ][safepoint      ] Application time: 1.0000678 seconds
[1064.438s][info ][safepoint      ] Entering safepoint region: Cleanup
[1064.438s][info ][safepoint      ] Leaving safepoint region
[1064.438s][info ][safepoint      ] Total time for which application threads were stopped: 0.0000946 seconds, Stopping threads took: 0.0000183 seconds
[1065.438s][info ][safepoint      ] Application time: 1.0000693 seconds
[1065.438s][info ][safepoint      ] Entering safepoint region: Cleanup
[1065.438s][info ][safepoint      ] Leaving safepoint region
[1065.438s][info ][safepoint      ] Total time for which application threads were stopped: 0.0001124 seconds, Stopping threads took: 0.0000187 seconds
[1067.439s][info ][safepoint      ] Application time: 2.0002326 seconds
[1067.439s][info ][safepoint      ] Entering safepoint region: Cleanup
[1067.439s][info ][safepoint      ] Leaving safepoint region
[1067.439s][info ][safepoint      ] Total time for which application threads were stopped: 0.0001036 seconds, Stopping threads took: 0.0000188 seconds
[1068.439s][info ][safepoint      ] Application time: 1.0000926 seconds
[1068.439s][info ][safepoint      ] Entering safepoint region: Cleanup
[1068.439s][info ][safepoint      ] Leaving safepoint region
[1068.439s][info ][safepoint      ] Total time for which application threads were stopped: 0.0001155 seconds, Stopping threads took: 0.0000203 seconds
[1070.439s][info ][safepoint      ] Application time: 2.0002039 seconds
[1070.439s][info ][safepoint      ] Entering safepoint region: Cleanup
[1070.439s][info ][safepoint      ] Leaving safepoint region
[1070.439s][info ][safepoint      ] Total time for which application threads were stopped: 0.0001069 seconds, Stopping threads took: 0.0000349 seconds
[1071.439s][info ][safepoint      ] Application time: 1.0001382 seconds
[1071.440s][info ][safepoint      ] Entering safepoint region: Cleanup
[1071.440s][info ][safepoint      ] Leaving safepoint region
[1071.440s][info ][safepoint      ] Total time for which application threads were stopped: 0.0000940 seconds, Stopping threads took: 0.0000182 seconds
[1072.440s][info ][safepoint      ] Application time: 1.0000675 seconds
[1072.440s][info ][safepoint      ] Entering safepoint region: Cleanup
[1072.440s][info ][safepoint      ] Leaving safepoint region
[1072.440s][info ][safepoint      ] Total time for which application threads were stopped: 0.0001048 seconds, Stopping threads took: 0.0000336 seconds
[1073.216s][info ][safepoint      ] Application time: 0.7764439 seconds
[1073.216s][info ][safepoint      ] Entering safepoint region: ParallelGCFailedAllocation
[1073.216s][info ][gc,start       ] GC(74) Pause Young (Allocation Failure)
[1073.237s][debug][gc,phases      ] GC(74) Scavenge 20.206ms
[1073.237s][debug][gc,ref         ] GC(74) Skipped phase1 of Reference Processing due to unavailable references
[1073.237s][debug][gc,ref         ] GC(74) Skipped phase3 of Reference Processing due to unavailable references
[1073.237s][debug][gc,phases      ] GC(74) Reference Processing 0.041ms
[1073.237s][debug][gc,phases      ] GC(74) Weak Processing 0.251ms
[1073.238s][debug][gc,phases      ] GC(74) Scrub String Table 0.832ms
[1073.238s][debug][gc,age         ] GC(74) Desired survivor size 108003328 bytes, new threshold 15 (max threshold 15)
[1073.238s][info ][gc,heap        ] GC(74) PSYoungGen: 1977250K->87013K(1979392K)
[1073.238s][info ][gc,heap        ] GC(74) ParOldGen: 292918K->293030K(308736K)
[1073.238s][info ][gc,metaspace   ] GC(74) Metaspace: 73644K->73644K(1116160K)
[1073.238s][info ][gc             ] GC(74) Pause Young (Allocation Failure) 2216M->371M(2234M) 21.495ms
[1073.238s][info ][gc,cpu         ] GC(74) User=0.08s Sys=0.01s Real=0.02s
[1073.238s][info ][safepoint      ] Leaving safepoint region
[1073.238s][info ][safepoint      ] Total time for which application threads were stopped: 0.0216907 seconds, Stopping threads took: 0.0000172 seconds
[1074.238s][info ][safepoint      ] Application time: 1.0001397 seconds
[1074.238s][info ][safepoint      ] Entering safepoint region: Cleanup
[1074.238s][info ][safepoint      ] Leaving safepoint region
[1074.238s][info ][safepoint      ] Total time for which application threads were stopped: 0.0000912 seconds, Stopping threads took: 0.0000189 seconds
[1077.239s][info ][safepoint      ] Application time: 3.0002442 seconds
[1077.239s][info ][safepoint      ] Entering safepoint region: Cleanup
[1077.239s][info ][safepoint      ] Leaving safepoint region
[1077.239s][info ][safepoint      ] Total time for which application threads were stopped: 0.0001116 seconds, Stopping threads took: 0.0000179 seconds
[1079.239s][info ][safepoint      ] Application time: 2.0002842 seconds
[1079.239s][info ][safepoint      ] Entering safepoint region: Cleanup
[1079.239s][info ][safepoint      ] Leaving safepoint region
[1079.239s][info ][safepoint      ] Total time for which application threads were stopped: 0.0001013 seconds, Stopping threads took: 0.0000179 seconds
[1080.239s][info ][safepoint      ] Application time: 1.0000846 seconds
[1080.239s][info ][safepoint      ] Entering safepoint region: Cleanup
[1080.239s][info ][safepoint      ] Leaving safepoint region
[1080.239s][info ][safepoint      ] Total time for which application threads were stopped: 0.0000854 seconds, Stopping threads took: 0.0000175 seconds
[1081.239s][info ][safepoint      ] Application time: 1.0000863 seconds
[1081.239s][info ][safepoint      ] Entering safepoint region: Cleanup
[1081.240s][info ][safepoint      ] Leaving safepoint region
[1081.240s][info ][safepoint      ] Total time for which application threads were stopped: 0.0000898 seconds, Stopping threads took: 0.0000182 seconds
[1082.240s][info ][safepoint      ] Application time: 1.0001166 seconds
[1082.240s][info ][safepoint      ] Entering safepoint region: Cleanup
[1082.240s][info ][safepoint      ] Leaving safepoint region
[1082.240s][info ][safepoint      ] Total time for which application threads were stopped: 0.0000887 seconds, Stopping threads took: 0.0000177 seconds
[1083.240s][info ][safepoint      ] Application time: 1.0001416 seconds
[1083.240s][info ][safepoint      ] Entering safepoint region: Cleanup
[1083.240s][info ][safepoint      ] Leaving safepoint region
[1083.240s][info ][safepoint      ] Total time for which application threads were stopped: 0.0000863 seconds, Stopping threads took: 0.0000194 seconds
[1084.240s][info ][safepoint      ] Application time: 1.0000826 seconds
[1084.240s][info ][safepoint      ] Entering safepoint region: Cleanup
[1084.240s][info ][safepoint      ] Leaving safepoint region
[1084.240s][info ][safepoint      ] Total time for which application threads were stopped: 0.0000932 seconds, Stopping threads took: 0.0000191 seconds
[1086.240s][info ][safepoint      ] Application time: 2.0001598 seconds
[1086.241s][info ][safepoint      ] Entering safepoint region: Cleanup
[1086.241s][info ][safepoint      ] Leaving safepoint region
[1086.241s][info ][safepoint      ] Total time for which application threads were stopped: 0.0001630 seconds, Stopping threads took: 0.0000358 seconds
[1087.241s][info ][safepoint      ] Application time: 1.0000797 seconds
[1087.241s][info ][safepoint      ] Entering safepoint region: Cleanup
[1087.241s][info ][safepoint      ] Leaving safepoint region
[1087.241s][info ][safepoint      ] Total time for which application threads were stopped: 0.0000890 seconds, Stopping threads took: 0.0000189 seconds
[1089.241s][info ][safepoint      ] Application time: 2.0001333 seconds
[1089.241s][info ][safepoint      ] Entering safepoint region: Cleanup
[1089.241s][info ][safepoint      ] Leaving safepoint region
[1089.241s][info ][safepoint      ] Total time for which application threads were stopped: 0.0001049 seconds, Stopping threads took: 0.0000180 seconds
[1090.023s][info ][safepoint      ] Application time: 0.7815222 seconds
[1090.023s][info ][safepoint      ] Entering safepoint region: ParallelGCFailedAllocation
[1090.023s][info ][gc,start       ] GC(75) Pause Young (Allocation Failure)
[1090.045s][debug][gc,phases      ] GC(75) Scavenge 22.493ms
[1090.045s][debug][gc,ref         ] GC(75) Skipped phase1 of Reference Processing due to unavailable references
[1090.045s][debug][gc,ref         ] GC(75) Skipped phase3 of Reference Processing due to unavailable references
[1090.045s][debug][gc,phases      ] GC(75) Reference Processing 0.040ms
[1090.046s][debug][gc,phases      ] GC(75) Weak Processing 0.137ms
[1090.046s][debug][gc,phases      ] GC(75) Scrub String Table 0.452ms
[1090.046s][debug][gc,age         ] GC(75) Desired survivor size 110100480 bytes, new threshold 15 (max threshold 15)
[1090.046s][info ][gc,heap        ] GC(75) PSYoungGen: 1979365K->87157K(1987584K)
[1090.046s][info ][gc,heap        ] GC(75) ParOldGen: 293030K->293094K(308736K)
[1090.046s][info ][gc,metaspace   ] GC(75) Metaspace: 73650K->73650K(1116160K)
[1090.046s][info ][gc             ] GC(75) Pause Young (Allocation Failure) 2219M->371M(2242M) 23.274ms
[1090.046s][info ][gc,cpu         ] GC(75) User=0.09s Sys=0.01s Real=0.02s
[1090.046s][info ][safepoint      ] Leaving safepoint region
[1090.046s][info ][safepoint      ] Total time for which application threads were stopped: 0.0234763 seconds, Stopping threads took: 0.0000174 seconds
[1091.046s][info ][safepoint      ] Application time: 1.0000970 seconds
[1091.046s][info ][safepoint      ] Entering safepoint region: Cleanup
[1091.046s][info ][safepoint      ] Leaving safepoint region
[1091.046s][info ][safepoint      ] Total time for which application threads were stopped: 0.0000815 seconds, Stopping threads took: 0.0000169 seconds
[1094.047s][info ][safepoint      ] Application time: 3.0002876 seconds
[1094.047s][info ][safepoint      ] Entering safepoint region: Cleanup
[1094.047s][info ][safepoint      ] Leaving safepoint region
[1094.047s][info ][safepoint      ] Total time for which application threads were stopped: 0.0001040 seconds, Stopping threads took: 0.0000260 seconds
[1095.047s][info ][safepoint      ] Application time: 1.0000953 seconds
[1095.047s][info ][safepoint      ] Entering safepoint region: Cleanup
[1095.047s][info ][safepoint      ] Leaving safepoint region
[1095.047s][info ][safepoint      ] Total time for which application threads were stopped: 0.0000946 seconds, Stopping threads took: 0.0000172 seconds
[1096.047s][info ][safepoint      ] Application time: 1.0001260 seconds
[1096.047s][info ][safepoint      ] Entering safepoint region: Cleanup
[1096.047s][info ][safepoint      ] Leaving safepoint region
[1096.047s][info ][safepoint      ] Total time for which application threads were stopped: 0.0001545 seconds, Stopping threads took: 0.0000225 seconds
[1098.048s][info ][safepoint      ] Application time: 2.0001558 seconds
[1098.048s][info ][safepoint      ] Entering safepoint region: Cleanup
[1098.048s][info ][safepoint      ] Leaving safepoint region
[1098.048s][info ][safepoint      ] Total time for which application threads were stopped: 0.0000969 seconds, Stopping threads took: 0.0000306 seconds
[1105.048s][info ][safepoint      ] Application time: 7.0007257 seconds
[1105.049s][info ][safepoint      ] Entering safepoint region: Cleanup
[1105.049s][info ][safepoint      ] Leaving safepoint region
[1105.049s][info ][safepoint      ] Total time for which application threads were stopped: 0.0001665 seconds, Stopping threads took: 0.0000167 seconds
[1106.049s][info ][safepoint      ] Application time: 1.0000784 seconds
[1106.049s][info ][safepoint      ] Entering safepoint region: Cleanup
[1106.049s][info ][safepoint      ] Leaving safepoint region
[1106.049s][info ][safepoint      ] Total time for which application threads were stopped: 0.0001506 seconds, Stopping threads took: 0.0000188 seconds
[1106.253s][info ][safepoint      ] Application time: 0.2036359 seconds
[1106.253s][info ][safepoint      ] Entering safepoint region: ParallelGCFailedAllocation
[1106.253s][info ][gc,start       ] GC(76) Pause Young (Allocation Failure)
[1106.274s][debug][gc,phases      ] GC(76) Scavenge 21.175ms
[1106.274s][debug][gc,ref         ] GC(76) Skipped phase1 of Reference Processing due to unavailable references
[1106.274s][debug][gc,ref         ] GC(76) Skipped phase3 of Reference Processing due to unavailable references
[1106.274s][debug][gc,phases      ] GC(76) Reference Processing 0.043ms
[1106.274s][debug][gc,phases      ] GC(76) Weak Processing 0.138ms
[1106.275s][debug][gc,phases      ] GC(76) Scrub String Table 0.499ms
[1106.275s][debug][gc,age         ] GC(76) Desired survivor size 112197632 bytes, new threshold 15 (max threshold 15)
[1106.275s][info ][gc,heap        ] GC(76) PSYoungGen: 1969269K->88275K(1970688K)
[1106.275s][info ][gc,heap        ] GC(76) ParOldGen: 293094K->293610K(308736K)
[1106.275s][info ][gc,metaspace   ] GC(76) Metaspace: 73656K->73656K(1116160K)
[1106.275s][info ][gc             ] GC(76) Pause Young (Allocation Failure) 2209M->372M(2226M) 22.040ms
[1106.275s][info ][gc,cpu         ] GC(76) User=0.08s Sys=0.00s Real=0.02s
[1106.275s][info ][safepoint      ] Leaving safepoint region
[1106.275s][info ][safepoint      ] Total time for which application threads were stopped: 0.0223334 seconds, Stopping threads took: 0.0000994 seconds
[1109.275s][info ][safepoint      ] Application time: 3.0004435 seconds
[1109.275s][info ][safepoint      ] Entering safepoint region: Cleanup
[1109.276s][info ][safepoint      ] Leaving safepoint region
[1109.276s][info ][safepoint      ] Total time for which application threads were stopped: 0.0000841 seconds, Stopping threads took: 0.0000176 seconds
[1110.276s][info ][safepoint      ] Application time: 1.0001441 seconds
[1110.276s][info ][safepoint      ] Entering safepoint region: Cleanup
[1110.276s][info ][safepoint      ] Leaving safepoint region
[1110.276s][info ][safepoint      ] Total time for which application threads were stopped: 0.0001804 seconds, Stopping threads took: 0.0000929 seconds
[1111.276s][info ][safepoint      ] Application time: 1.0000711 seconds
[1111.276s][info ][safepoint      ] Entering safepoint region: Cleanup
[1111.276s][info ][safepoint      ] Leaving safepoint region
[1111.276s][info ][safepoint      ] Total time for which application threads were stopped: 0.0002133 seconds, Stopping threads took: 0.0000921 seconds
[1112.276s][info ][safepoint      ] Application time: 1.0000949 seconds
[1112.277s][info ][safepoint      ] Entering safepoint region: Cleanup
[1112.277s][info ][safepoint      ] Leaving safepoint region
[1112.277s][info ][safepoint      ] Total time for which application threads were stopped: 0.0000952 seconds, Stopping threads took: 0.0000197 seconds
[1114.277s][info ][safepoint      ] Application time: 2.0001944 seconds
[1114.277s][info ][safepoint      ] Entering safepoint region: Cleanup
[1114.277s][info ][safepoint      ] Leaving safepoint region
[1114.277s][info ][safepoint      ] Total time for which application threads were stopped: 0.0000906 seconds, Stopping threads took: 0.0000203 seconds
[1115.277s][info ][safepoint      ] Application time: 1.0001396 seconds
[1115.277s][info ][safepoint      ] Entering safepoint region: Cleanup
[1115.278s][info ][safepoint      ] Leaving safepoint region
[1115.278s][info ][safepoint      ] Total time for which application threads were stopped: 0.0002258 seconds, Stopping threads took: 0.0001374 seconds
[1116.278s][info ][safepoint      ] Application time: 1.0001231 seconds
[1116.278s][info ][safepoint      ] Entering safepoint region: Cleanup
[1116.278s][info ][safepoint      ] Leaving safepoint region
[1116.278s][info ][safepoint      ] Total time for which application threads were stopped: 0.0000874 seconds, Stopping threads took: 0.0000182 seconds
[1117.278s][info ][safepoint      ] Application time: 1.0000884 seconds
[1117.278s][info ][safepoint      ] Entering safepoint region: Cleanup
[1117.278s][info ][safepoint      ] Leaving safepoint region
[1117.278s][info ][safepoint      ] Total time for which application threads were stopped: 0.0000899 seconds, Stopping threads took: 0.0000180 seconds
[1119.725s][info ][safepoint      ] Application time: 2.4472262 seconds
[1119.725s][info ][safepoint      ] Entering safepoint region: ParallelGCFailedAllocation
[1119.725s][info ][gc,start       ] GC(77) Pause Young (Allocation Failure)
[1119.741s][debug][gc,phases      ] GC(77) Scavenge 15.671ms
[1119.741s][debug][gc,ref         ] GC(77) Skipped phase1 of Reference Processing due to unavailable references
[1119.741s][debug][gc,ref         ] GC(77) Skipped phase3 of Reference Processing due to unavailable references
[1119.741s][debug][gc,phases      ] GC(77) Reference Processing 0.039ms
[1119.741s][debug][gc,phases      ] GC(77) Weak Processing 0.279ms
[1119.742s][debug][gc,phases      ] GC(77) Scrub String Table 0.875ms
[1119.742s][debug][gc,age         ] GC(77) Desired survivor size 112197632 bytes, new threshold 15 (max threshold 15)
[1119.742s][info ][gc,heap        ] GC(77) PSYoungGen: 1970387K->56580K(1987584K)
[1119.742s][info ][gc,heap        ] GC(77) ParOldGen: 293610K->297070K(308736K)
[1119.742s][info ][gc,metaspace   ] GC(77) Metaspace: 73677K->73677K(1116160K)
[1119.742s][info ][gc             ] GC(77) Pause Young (Allocation Failure) 2210M->345M(2242M) 17.023ms
[1119.742s][info ][gc,cpu         ] GC(77) User=0.06s Sys=0.00s Real=0.02s
[1119.742s][info ][safepoint      ] Leaving safepoint region
[1119.742s][info ][safepoint      ] Total time for which application threads were stopped: 0.0172168 seconds, Stopping threads took: 0.0000164 seconds
[1122.743s][info ][safepoint      ] Application time: 3.0003977 seconds
[1122.743s][info ][safepoint      ] Entering safepoint region: Cleanup
[1122.743s][info ][safepoint      ] Leaving safepoint region
[1122.743s][info ][safepoint      ] Total time for which application threads were stopped: 0.0000939 seconds, Stopping threads took: 0.0000181 seconds
[1123.743s][info ][safepoint      ] Application time: 1.0001110 seconds
[1123.743s][info ][safepoint      ] Entering safepoint region: Cleanup
[1123.743s][info ][safepoint      ] Leaving safepoint region
[1123.743s][info ][safepoint      ] Total time for which application threads were stopped: 0.0001441 seconds, Stopping threads took: 0.0000325 seconds
[1126.744s][info ][safepoint      ] Application time: 3.0003689 seconds
[1126.744s][info ][safepoint      ] Entering safepoint region: Cleanup
[1126.744s][info ][safepoint      ] Leaving safepoint region
[1126.744s][info ][safepoint      ] Total time for which application threads were stopped: 0.0000835 seconds, Stopping threads took: 0.0000163 seconds
[1127.744s][info ][safepoint      ] Application time: 1.0001230 seconds
[1127.744s][info ][safepoint      ] Entering safepoint region: Cleanup
[1127.744s][info ][safepoint      ] Leaving safepoint region
[1127.744s][info ][safepoint      ] Total time for which application threads were stopped: 0.0001243 seconds, Stopping threads took: 0.0000174 seconds
[1128.744s][info ][safepoint      ] Application time: 1.0000945 seconds
[1128.744s][info ][safepoint      ] Entering safepoint region: Cleanup
[1128.744s][info ][safepoint      ] Leaving safepoint region
[1128.744s][info ][safepoint      ] Total time for which application threads were stopped: 0.0001627 seconds, Stopping threads took: 0.0000325 seconds
[1132.745s][info ][safepoint      ] Application time: 4.0004860 seconds
[1132.745s][info ][safepoint      ] Entering safepoint region: Cleanup
[1132.745s][info ][safepoint      ] Leaving safepoint region
[1132.745s][info ][safepoint      ] Total time for which application threads were stopped: 0.0001074 seconds, Stopping threads took: 0.0000360 seconds
[1136.416s][info ][safepoint      ] Application time: 3.6711894 seconds
[1136.416s][info ][safepoint      ] Entering safepoint region: ParallelGCFailedAllocation
[1136.416s][info ][gc,start       ] GC(78) Pause Young (Allocation Failure)
[1136.430s][debug][gc,phases      ] GC(78) Scavenge 13.949ms
[1136.430s][debug][gc,ref         ] GC(78) Skipped phase1 of Reference Processing due to unavailable references
[1136.431s][debug][gc,ref         ] GC(78) Skipped phase3 of Reference Processing due to unavailable references
[1136.431s][debug][gc,phases      ] GC(78) Reference Processing 0.040ms
[1136.431s][debug][gc,phases      ] GC(78) Weak Processing 0.224ms
[1136.432s][debug][gc,phases      ] GC(78) Scrub String Table 1.020ms
[1136.432s][debug][gc,age         ] GC(78) Desired survivor size 112721920 bytes, new threshold 15 (max threshold 15)
[1136.432s][info ][gc,heap        ] GC(78) PSYoungGen: 1934596K->46868K(1925120K)
[1136.432s][info ][gc,heap        ] GC(78) ParOldGen: 297070K->308890K(310272K)
[1136.432s][info ][gc,metaspace   ] GC(78) Metaspace: 73681K->73681K(1116160K)
[1136.432s][info ][gc             ] GC(78) Pause Young (Allocation Failure) 2179M->347M(2183M) 15.397ms
[1136.432s][info ][gc,cpu         ] GC(78) User=0.06s Sys=0.00s Real=0.01s
[1136.432s][debug][gc,phases      ] GC(79) Pre Compact 0.013ms
[1136.432s][info ][gc,start       ] GC(79) Pause Full (Ergonomics)
[1136.432s][info ][gc,phases,start] GC(79) Marking Phase
[1136.652s][debug][gc,phases      ] GC(79) Par Mark 220.012ms
[1136.652s][debug][gc,ref         ] GC(79) Skipped phase1 of Reference Processing due to unavailable references
[1136.653s][debug][gc,ref         ] GC(79) Skipped phase3 of Reference Processing due to unavailable references
[1136.653s][debug][gc,phases      ] GC(79) Reference Processing 0.451ms
[1136.653s][debug][gc,phases      ] GC(79) Weak Processing 0.262ms
[1136.654s][debug][gc,phases      ] GC(79) ClassLoaderData 0.708ms
[1136.654s][debug][gc,phases      ] GC(79) ProtectionDomainCacheTable 0.003ms
[1136.654s][debug][gc,phases      ] GC(79) ResolvedMethodTable 0.240ms
[1136.663s][debug][gc,phases      ] GC(79) Class Unloading 9.368ms
[1136.663s][debug][gc,phases      ] GC(79) Scrub String Table 0.520ms
[1136.670s][debug][gc,phases      ] GC(79) Scrub Symbol Table 7.084ms
[1136.670s][info ][gc,phases      ] GC(79) Marking Phase 238.251ms
[1136.670s][info ][gc,phases,start] GC(79) Summary Phase
[1136.670s][info ][gc,phases      ] GC(79) Summary Phase 0.022ms
[1136.670s][info ][gc,phases,start] GC(79) Adjust Roots
[1136.692s][info ][gc,phases      ] GC(79) Adjust Roots 21.254ms
[1136.692s][info ][gc,phases,start] GC(79) Compaction Phase
[1136.774s][info ][gc,phases      ] GC(79) Compaction Phase 82.321ms
[1136.774s][info ][gc,phases,start] GC(79) Post Compact
[1136.776s][info ][gc,phases      ] GC(79) Post Compact 2.192ms
[1136.776s][info ][gc,heap        ] GC(79) PSYoungGen: 46868K->0K(1987072K)
[1136.776s][info ][gc,heap        ] GC(79) ParOldGen: 308890K->307064K(384000K)
[1136.776s][info ][gc,metaspace   ] GC(79) Metaspace: 73681K->73681K(1116160K)
[1136.776s][info ][gc             ] GC(79) Pause Full (Ergonomics) 347M->299M(2315M) 344.424ms
[1136.776s][info ][gc,cpu         ] GC(79) User=1.24s Sys=0.00s Real=0.35s
[1136.776s][info ][safepoint      ] Leaving safepoint region
[1136.776s][info ][safepoint      ] Total time for which application threads were stopped: 0.3600958 seconds, Stopping threads took: 0.0000194 seconds
[1148.778s][info ][safepoint      ] Application time: 12.0010865 seconds
[1148.778s][info ][safepoint      ] Entering safepoint region: Cleanup
[1148.778s][info ][safepoint      ] Leaving safepoint region
[1148.778s][info ][safepoint      ] Total time for which application threads were stopped: 0.0001088 seconds, Stopping threads took: 0.0000345 seconds
[1158.704s][info ][safepoint      ] Application time: 9.9265534 seconds
[1158.704s][info ][safepoint      ] Entering safepoint region: ParallelGCFailedAllocation
[1158.705s][info ][gc,start       ] GC(80) Pause Young (Allocation Failure)
[1158.713s][debug][gc,phases      ] GC(80) Scavenge 8.108ms
[1158.713s][debug][gc,ref         ] GC(80) Skipped phase1 of Reference Processing due to unavailable references
[1158.713s][debug][gc,ref         ] GC(80) Skipped phase2 of Reference Processing due to unavailable references
[1158.713s][debug][gc,ref         ] GC(80) Skipped phase3 of Reference Processing due to unavailable references
[1158.713s][debug][gc,ref         ] GC(80) Skipped phase4 of Reference Processing due to unavailable references
[1158.713s][debug][gc,phases      ] GC(80) Reference Processing 0.039ms
[1158.713s][debug][gc,phases      ] GC(80) Weak Processing 0.143ms
[1158.713s][debug][gc,phases      ] GC(80) Scrub String Table 0.436ms
[1158.713s][debug][gc,age         ] GC(80) Desired survivor size 120586240 bytes, new threshold 15 (max threshold 15)
[1158.713s][info ][gc,heap        ] GC(80) PSYoungGen: 1876992K->1728K(1879040K)
[1158.713s][info ][gc,heap        ] GC(80) ParOldGen: 307064K->307064K(384000K)
[1158.713s][info ][gc,metaspace   ] GC(80) Metaspace: 73686K->73686K(1116160K)
[1158.713s][info ][gc             ] GC(80) Pause Young (Allocation Failure) 2132M->301M(2210M) 8.875ms
[1158.713s][info ][gc,cpu         ] GC(80) User=0.01s Sys=0.00s Real=0.01s
[1158.713s][info ][safepoint      ] Leaving safepoint region
[1158.713s][info ][safepoint      ] Total time for which application threads were stopped: 0.0091925 seconds, Stopping threads took: 0.0001410 seconds
[1160.714s][info ][safepoint      ] Application time: 2.0002184 seconds
[1160.714s][info ][safepoint      ] Entering safepoint region: Cleanup
[1160.714s][info ][safepoint      ] Leaving safepoint region
[1160.714s][info ][safepoint      ] Total time for which application threads were stopped: 0.0001765 seconds, Stopping threads took: 0.0000877 seconds
[1161.714s][info ][safepoint      ] Application time: 1.0001248 seconds
[1161.714s][info ][safepoint      ] Entering safepoint region: Cleanup
[1161.714s][info ][safepoint      ] Leaving safepoint region
[1161.714s][info ][safepoint      ] Total time for which application threads were stopped: 0.0001232 seconds, Stopping threads took: 0.0000416 seconds
[1163.714s][info ][safepoint      ] Application time: 2.0001599 seconds
[1163.715s][info ][safepoint      ] Entering safepoint region: Cleanup
[1163.715s][info ][safepoint      ] Leaving safepoint region
[1163.715s][info ][safepoint      ] Total time for which application threads were stopped: 0.0002934 seconds, Stopping threads took: 0.0001706 seconds
[1164.715s][info ][safepoint      ] Application time: 1.0001316 seconds
[1164.715s][info ][safepoint      ] Entering safepoint region: Cleanup
[1164.715s][info ][safepoint      ] Leaving safepoint region
[1164.715s][info ][safepoint      ] Total time for which application threads were stopped: 0.0001372 seconds, Stopping threads took: 0.0000561 seconds
[1171.249s][info ][safepoint      ] Application time: 6.5338046 seconds
[1171.249s][info ][safepoint      ] Entering safepoint region: RevokeBias
[1171.249s][info ][safepoint      ] Leaving safepoint region
[1171.249s][info ][safepoint      ] Total time for which application threads were stopped: 0.0001812 seconds, Stopping threads took: 0.0000422 seconds
[1172.249s][info ][safepoint      ] Application time: 1.0001597 seconds
[1172.249s][info ][safepoint      ] Entering safepoint region: Cleanup
[1172.250s][info ][safepoint      ] Leaving safepoint region
[1172.250s][info ][safepoint      ] Total time for which application threads were stopped: 0.0003444 seconds, Stopping threads took: 0.0002490 seconds
[1173.250s][info ][safepoint      ] Application time: 1.0000851 seconds
[1173.250s][info ][safepoint      ] Entering safepoint region: Cleanup
[1173.250s][info ][safepoint      ] Leaving safepoint region
[1173.250s][info ][safepoint      ] Total time for which application threads were stopped: 0.0000833 seconds, Stopping threads took: 0.0000169 seconds
[1176.140s][info ][safepoint      ] Application time: 2.8898241 seconds
[1176.140s][info ][safepoint      ] Entering safepoint region: RevokeBias
[1176.140s][info ][safepoint      ] Leaving safepoint region
[1176.140s][info ][safepoint      ] Total time for which application threads were stopped: 0.0000808 seconds, Stopping threads took: 0.0000176 seconds
[1178.140s][info ][safepoint      ] Application time: 2.0001750 seconds
[1178.140s][info ][safepoint      ] Entering safepoint region: Cleanup
[1178.140s][info ][safepoint      ] Leaving safepoint region
[1178.140s][info ][safepoint      ] Total time for which application threads were stopped: 0.0000762 seconds, Stopping threads took: 0.0000173 seconds
[1180.140s][info ][safepoint      ] Application time: 2.0001768 seconds
[1180.140s][info ][safepoint      ] Entering safepoint region: Cleanup
[1180.140s][info ][safepoint      ] Leaving safepoint region
[1180.140s][info ][safepoint      ] Total time for which application threads were stopped: 0.0001130 seconds, Stopping threads took: 0.0000173 seconds
[1181.140s][info ][safepoint      ] Application time: 1.0001419 seconds
[1181.141s][info ][safepoint      ] Entering safepoint region: Cleanup
[1181.141s][info ][safepoint      ] Leaving safepoint region
[1181.141s][info ][safepoint      ] Total time for which application threads were stopped: 0.0001134 seconds, Stopping threads took: 0.0000342 seconds
[1182.413s][info ][safepoint      ] Application time: 1.2728284 seconds
[1182.414s][info ][safepoint      ] Entering safepoint region: ParallelGCFailedAllocation
[1182.414s][info ][gc,start       ] GC(81) Pause Young (Allocation Failure)
[1182.417s][debug][gc,phases      ] GC(81) Scavenge 3.324ms
[1182.417s][debug][gc,ref         ] GC(81) Skipped phase1 of Reference Processing due to unavailable references
[1182.417s][debug][gc,ref         ] GC(81) Skipped phase2 of Reference Processing due to unavailable references
[1182.417s][debug][gc,ref         ] GC(81) Skipped phase3 of Reference Processing due to unavailable references
[1182.417s][debug][gc,ref         ] GC(81) Skipped phase4 of Reference Processing due to unavailable references
[1182.417s][debug][gc,phases      ] GC(81) Reference Processing 0.052ms
[1182.417s][debug][gc,phases      ] GC(81) Weak Processing 0.224ms
[1182.418s][debug][gc,phases      ] GC(81) Scrub String Table 0.859ms
[1182.418s][debug][gc,age         ] GC(81) Desired survivor size 125829120 bytes, new threshold 15 (max threshold 15)
[1182.418s][info ][gc,heap        ] GC(81) PSYoungGen: 1878720K->3040K(1969152K)
[1182.418s][info ][gc,heap        ] GC(81) ParOldGen: 307064K->307064K(384000K)
[1182.418s][info ][gc,metaspace   ] GC(81) Metaspace: 73687K->73687K(1116160K)
[1182.418s][info ][gc             ] GC(81) Pause Young (Allocation Failure) 2134M->302M(2298M) 4.581ms
[1182.418s][info ][gc,cpu         ] GC(81) User=0.02s Sys=0.00s Real=0.00s
[1182.418s][info ][safepoint      ] Leaving safepoint region
[1182.418s][info ][safepoint      ] Total time for which application threads were stopped: 0.0048108 seconds, Stopping threads took: 0.0000181 seconds
[1183.418s][info ][safepoint      ] Application time: 1.0001135 seconds
[1183.418s][info ][safepoint      ] Entering safepoint region: Cleanup
[1183.419s][info ][safepoint      ] Leaving safepoint region
[1183.419s][info ][safepoint      ] Total time for which application threads were stopped: 0.0000819 seconds, Stopping threads took: 0.0000181 seconds
[1193.420s][info ][safepoint      ] Application time: 10.0009891 seconds
[1193.420s][info ][safepoint      ] Entering safepoint region: Cleanup
[1193.420s][info ][safepoint      ] Leaving safepoint region
[1193.420s][info ][safepoint      ] Total time for which application threads were stopped: 0.0000839 seconds, Stopping threads took: 0.0000206 seconds
[1207.757s][info ][safepoint      ] Application time: 14.3375666 seconds
[1207.757s][info ][safepoint      ] Entering safepoint region: ParallelGCFailedAllocation
[1207.757s][info ][gc,start       ] GC(82) Pause Young (Allocation Failure)
[1207.761s][debug][gc,phases      ] GC(82) Scavenge 3.362ms
[1207.761s][debug][gc,ref         ] GC(82) Skipped phase1 of Reference Processing due to unavailable references
[1207.761s][debug][gc,ref         ] GC(82) Skipped phase2 of Reference Processing due to unavailable references
[1207.761s][debug][gc,ref         ] GC(82) Skipped phase3 of Reference Processing due to unavailable references
[1207.761s][debug][gc,ref         ] GC(82) Skipped phase4 of Reference Processing due to unavailable references
[1207.761s][debug][gc,phases      ] GC(82) Reference Processing 0.054ms
[1207.761s][debug][gc,phases      ] GC(82) Weak Processing 0.226ms
[1207.762s][debug][gc,phases      ] GC(82) Scrub String Table 1.268ms
[1207.762s][debug][gc,age         ] GC(82) Desired survivor size 128450560 bytes, new threshold 15 (max threshold 15)
[1207.762s][info ][gc,heap        ] GC(82) PSYoungGen: 1854432K->4080K(1855488K)
[1207.762s][info ][gc,heap        ] GC(82) ParOldGen: 307064K->307064K(384000K)
[1207.762s][info ][gc,metaspace   ] GC(82) Metaspace: 73692K->73692K(1116160K)
[1207.762s][info ][gc             ] GC(82) Pause Young (Allocation Failure) 2110M->303M(2187M) 5.070ms
[1207.762s][info ][gc,cpu         ] GC(82) User=0.02s Sys=0.00s Real=0.01s
[1207.762s][info ][safepoint      ] Leaving safepoint region
[1207.762s][info ][safepoint      ] Total time for which application threads were stopped: 0.0052343 seconds, Stopping threads took: 0.0000166 seconds
[1210.763s][info ][safepoint      ] Application time: 3.0004972 seconds
[1210.763s][info ][safepoint      ] Entering safepoint region: Cleanup
[1210.763s][info ][safepoint      ] Leaving safepoint region
[1210.763s][info ][safepoint      ] Total time for which application threads were stopped: 0.0001373 seconds, Stopping threads took: 0.0000450 seconds
[1212.763s][info ][safepoint      ] Application time: 2.0001987 seconds
[1212.763s][info ][safepoint      ] Entering safepoint region: Cleanup
[1212.764s][info ][safepoint      ] Leaving safepoint region
[1212.764s][info ][safepoint      ] Total time for which application threads were stopped: 0.0001334 seconds, Stopping threads took: 0.0000407 seconds
[1213.764s][info ][safepoint      ] Application time: 1.0001423 seconds
[1213.764s][info ][safepoint      ] Entering safepoint region: Cleanup
[1213.764s][info ][safepoint      ] Leaving safepoint region
[1213.764s][info ][safepoint      ] Total time for which application threads were stopped: 0.0001546 seconds, Stopping threads took: 0.0000422 seconds
[1216.764s][info ][safepoint      ] Application time: 3.0002027 seconds
[1216.764s][info ][safepoint      ] Entering safepoint region: Cleanup
[1216.764s][info ][safepoint      ] Leaving safepoint region
[1216.764s][info ][safepoint      ] Total time for which application threads were stopped: 0.0001295 seconds, Stopping threads took: 0.0000440 seconds
[1230.517s][info ][safepoint      ] Application time: 13.7525965 seconds
[1230.517s][info ][safepoint      ] Entering safepoint region: ParallelGCFailedAllocation
[1230.517s][info ][gc,start       ] GC(83) Pause Young (Allocation Failure)
[1230.522s][debug][gc,phases      ] GC(83) Scavenge 4.487ms
[1230.522s][debug][gc,ref         ] GC(83) Skipped phase1 of Reference Processing due to unavailable references
[1230.522s][debug][gc,ref         ] GC(83) Skipped phase2 of Reference Processing due to unavailable references
[1230.522s][debug][gc,ref         ] GC(83) Skipped phase3 of Reference Processing due to unavailable references
[1230.522s][debug][gc,phases      ] GC(83) Reference Processing 0.053ms
[1230.522s][debug][gc,phases      ] GC(83) Weak Processing 0.123ms
[1230.522s][debug][gc,phases      ] GC(83) Scrub String Table 0.510ms
[1230.522s][debug][gc,age         ] GC(83) Desired survivor size 129499136 bytes, new threshold 15 (max threshold 15)
[1230.522s][info ][gc,heap        ] GC(83) PSYoungGen: 1855472K->4256K(1969664K)
[1230.522s][info ][gc,heap        ] GC(83) ParOldGen: 307064K->307064K(384000K)
[1230.522s][info ][gc,metaspace   ] GC(83) Metaspace: 73696K->73696K(1116160K)
[1230.522s][info ][gc             ] GC(83) Pause Young (Allocation Failure) 2111M->304M(2298M) 5.329ms
[1230.522s][info ][gc,cpu         ] GC(83) User=0.02s Sys=0.00s Real=0.01s
[1230.522s][info ][safepoint      ] Leaving safepoint region
[1230.522s][info ][safepoint      ] Total time for which application threads were stopped: 0.0055504 seconds, Stopping threads took: 0.0000299 seconds
[1231.523s][info ][safepoint      ] Application time: 1.0001476 seconds
[1231.523s][info ][safepoint      ] Entering safepoint region: Cleanup
[1231.523s][info ][safepoint      ] Leaving safepoint region
[1231.523s][info ][safepoint      ] Total time for which application threads were stopped: 0.0000877 seconds, Stopping threads took: 0.0000180 seconds
[1232.523s][info ][safepoint      ] Application time: 1.0001292 seconds
[1232.523s][info ][safepoint      ] Entering safepoint region: Cleanup
[1232.523s][info ][safepoint      ] Leaving safepoint region
[1232.523s][info ][safepoint      ] Total time for which application threads were stopped: 0.0000857 seconds, Stopping threads took: 0.0000180 seconds
[1233.523s][info ][safepoint      ] Application time: 1.0001244 seconds
[1233.523s][info ][safepoint      ] Entering safepoint region: Cleanup
[1233.523s][info ][safepoint      ] Leaving safepoint region
[1233.523s][info ][safepoint      ] Total time for which application threads were stopped: 0.0001576 seconds, Stopping threads took: 0.0000179 seconds
[1235.523s][info ][safepoint      ] Application time: 2.0001513 seconds
[1235.524s][info ][safepoint      ] Entering safepoint region: Cleanup
[1235.524s][info ][safepoint      ] Leaving safepoint region
[1235.524s][info ][safepoint      ] Total time for which application threads were stopped: 0.0000816 seconds, Stopping threads took: 0.0000174 seconds
[1239.524s][info ][safepoint      ] Application time: 4.0003513 seconds
[1239.524s][info ][safepoint      ] Entering safepoint region: Cleanup
[1239.524s][info ][safepoint      ] Leaving safepoint region
[1239.524s][info ][safepoint      ] Total time for which application threads were stopped: 0.0000863 seconds, Stopping threads took: 0.0000184 seconds
[1244.525s][info ][safepoint      ] Application time: 5.0006083 seconds
[1244.525s][info ][safepoint      ] Entering safepoint region: Cleanup
[1244.525s][info ][safepoint      ] Leaving safepoint region
[1244.525s][info ][safepoint      ] Total time for which application threads were stopped: 0.0001058 seconds, Stopping threads took: 0.0000349 seconds
[1245.525s][info ][safepoint      ] Application time: 1.0000852 seconds
[1245.525s][info ][safepoint      ] Entering safepoint region: Cleanup
[1245.525s][info ][safepoint      ] Leaving safepoint region
[1245.525s][info ][safepoint      ] Total time for which application threads were stopped: 0.0000870 seconds, Stopping threads took: 0.0000178 seconds
[1253.854s][info ][safepoint      ] Application time: 8.3286289 seconds
[1253.854s][info ][safepoint      ] Entering safepoint region: ParallelGCFailedAllocation
[1253.854s][info ][gc,start       ] GC(84) Pause Young (Allocation Failure)
[1253.859s][debug][gc,phases      ] GC(84) Scavenge 4.991ms
[1253.859s][debug][gc,ref         ] GC(84) Skipped phase1 of Reference Processing due to unavailable references
[1253.859s][debug][gc,ref         ] GC(84) Skipped phase2 of Reference Processing due to unavailable references
[1253.859s][debug][gc,ref         ] GC(84) Skipped phase3 of Reference Processing due to unavailable references
[1253.859s][debug][gc,phases      ] GC(84) Reference Processing 0.038ms
[1253.859s][debug][gc,phases      ] GC(84) Weak Processing 0.122ms
[1253.860s][debug][gc,phases      ] GC(84) Scrub String Table 0.448ms
[1253.860s][debug][gc,age         ] GC(84) Desired survivor size 128450560 bytes, new threshold 15 (max threshold 15)
[1253.860s][info ][gc,heap        ] GC(84) PSYoungGen: 1848480K->6720K(1970688K)
[1253.860s][info ][gc,heap        ] GC(84) ParOldGen: 307064K->307064K(384000K)
[1253.860s][info ][gc,metaspace   ] GC(84) Metaspace: 73698K->73698K(1116160K)
[1253.860s][info ][gc             ] GC(84) Pause Young (Allocation Failure) 2105M->306M(2299M) 5.740ms
[1253.860s][info ][gc,cpu         ] GC(84) User=0.02s Sys=0.00s Real=0.00s
[1253.860s][info ][safepoint      ] Leaving safepoint region
[1253.860s][info ][safepoint      ] Total time for which application threads were stopped: 0.0059660 seconds, Stopping threads took: 0.0000420 seconds
[1270.861s][info ][safepoint      ] Application time: 17.0015835 seconds
[1270.861s][info ][safepoint      ] Entering safepoint region: Cleanup
[1270.861s][info ][safepoint      ] Leaving safepoint region
[1270.861s][info ][safepoint      ] Total time for which application threads were stopped: 0.0001710 seconds, Stopping threads took: 0.0000955 seconds
[1273.741s][info ][safepoint      ] Application time: 2.8793403 seconds
[1273.741s][info ][safepoint      ] Entering safepoint region: RevokeBias
[1273.741s][info ][safepoint      ] Leaving safepoint region
[1273.741s][info ][safepoint      ] Total time for which application threads were stopped: 0.0001252 seconds, Stopping threads took: 0.0000184 seconds
[1277.664s][info ][safepoint      ] Application time: 3.9232123 seconds
[1277.664s][info ][safepoint      ] Entering safepoint region: ParallelGCFailedAllocation
[1277.664s][info ][gc,start       ] GC(85) Pause Young (Allocation Failure)
[1277.669s][debug][gc,phases      ] GC(85) Scavenge 4.682ms
[1277.669s][debug][gc,ref         ] GC(85) Skipped phase1 of Reference Processing due to unavailable references
[1277.669s][debug][gc,ref         ] GC(85) Skipped phase2 of Reference Processing due to unavailable references
[1277.669s][debug][gc,ref         ] GC(85) Skipped phase3 of Reference Processing due to unavailable references
[1277.669s][debug][gc,phases      ] GC(85) Reference Processing 0.052ms
[1277.669s][debug][gc,phases      ] GC(85) Weak Processing 0.243ms
[1277.670s][debug][gc,phases      ] GC(85) Scrub String Table 0.881ms
[1277.670s][debug][gc,age         ] GC(85) Desired survivor size 126353408 bytes, new threshold 15 (max threshold 15)
[1277.670s][info ][gc,heap        ] GC(85) PSYoungGen: 1850944K->6992K(1973760K)
[1277.670s][info ][gc,heap        ] GC(85) ParOldGen: 307064K->307064K(384000K)
[1277.670s][info ][gc,metaspace   ] GC(85) Metaspace: 73710K->73710K(1116160K)
[1277.670s][info ][gc             ] GC(85) Pause Young (Allocation Failure) 2107M->306M(2302M) 6.046ms
[1277.670s][info ][gc,cpu         ] GC(85) User=0.02s Sys=0.00s Real=0.00s
[1277.670s][info ][safepoint      ] Leaving safepoint region
[1277.670s][info ][safepoint      ] Total time for which application threads were stopped: 0.0062421 seconds, Stopping threads took: 0.0000177 seconds
[1278.671s][info ][safepoint      ] Application time: 1.0000797 seconds
[1278.671s][info ][safepoint      ] Entering safepoint region: Cleanup
[1278.671s][info ][safepoint      ] Leaving safepoint region
[1278.671s][info ][safepoint      ] Total time for which application threads were stopped: 0.0001343 seconds, Stopping threads took: 0.0000513 seconds
[1282.671s][info ][safepoint      ] Application time: 4.0004262 seconds
[1282.671s][info ][safepoint      ] Entering safepoint region: Cleanup
[1282.671s][info ][safepoint      ] Leaving safepoint region
[1282.671s][info ][safepoint      ] Total time for which application threads were stopped: 0.0000814 seconds, Stopping threads took: 0.0000168 seconds
[1302.703s][info ][safepoint      ] Application time: 20.0314715 seconds
[1302.703s][info ][safepoint      ] Entering safepoint region: ParallelGCFailedAllocation
[1302.703s][info ][gc,start       ] GC(86) Pause Young (Allocation Failure)
[1302.710s][debug][gc,phases      ] GC(86) Scavenge 7.447ms
[1302.710s][debug][gc,ref         ] GC(86) Skipped phase1 of Reference Processing due to unavailable references
[1302.710s][debug][gc,ref         ] GC(86) Skipped phase2 of Reference Processing due to unavailable references
[1302.710s][debug][gc,ref         ] GC(86) Skipped phase3 of Reference Processing due to unavailable references
[1302.710s][debug][gc,phases      ] GC(86) Reference Processing 0.039ms
[1302.711s][debug][gc,phases      ] GC(86) Weak Processing 0.309ms
[1302.712s][debug][gc,phases      ] GC(86) Scrub String Table 0.861ms
[1302.712s][debug][gc,age         ] GC(86) Desired survivor size 123207680 bytes, new threshold 15 (max threshold 15)
[1302.712s][info ][gc,heap        ] GC(86) PSYoungGen: 1855312K->6960K(1971712K)
[1302.712s][info ][gc,heap        ] GC(86) ParOldGen: 307064K->307064K(384000K)
[1302.712s][info ][gc,metaspace   ] GC(86) Metaspace: 73711K->73711K(1116160K)
[1302.712s][info ][gc             ] GC(86) Pause Young (Allocation Failure) 2111M->306M(2300M) 8.801ms
[1302.712s][info ][gc,cpu         ] GC(86) User=0.03s Sys=0.00s Real=0.00s
[1302.712s][info ][safepoint      ] Leaving safepoint region
[1302.712s][info ][safepoint      ] Total time for which application threads were stopped: 0.0089629 seconds, Stopping threads took: 0.0000168 seconds
[1313.070s][info ][safepoint      ] Application time: 10.3580173 seconds
[1313.070s][info ][safepoint      ] Entering safepoint region: RevokeBias
[1313.070s][info ][safepoint      ] Leaving safepoint region
[1313.070s][info ][safepoint      ] Total time for which application threads were stopped: 0.0000828 seconds, Stopping threads took: 0.0000174 seconds
[1325.071s][info ][safepoint      ] Application time: 12.0013597 seconds
[1325.071s][info ][safepoint      ] Entering safepoint region: Cleanup
[1325.071s][info ][safepoint      ] Leaving safepoint region
[1325.071s][info ][safepoint      ] Total time for which application threads were stopped: 0.0000825 seconds, Stopping threads took: 0.0000176 seconds
[1327.912s][info ][safepoint      ] Application time: 2.8406467 seconds
[1327.912s][info ][safepoint      ] Entering safepoint region: ParallelGCFailedAllocation
[1327.912s][info ][gc,start       ] GC(87) Pause Young (Allocation Failure)
[1327.916s][debug][gc,phases      ] GC(87) Scavenge 4.161ms
[1327.916s][debug][gc,ref         ] GC(87) Skipped phase1 of Reference Processing due to unavailable references
[1327.916s][debug][gc,ref         ] GC(87) Skipped phase2 of Reference Processing due to unavailable references
[1327.916s][debug][gc,ref         ] GC(87) Skipped phase3 of Reference Processing due to unavailable references
[1327.916s][debug][gc,ref         ] GC(87) Skipped phase4 of Reference Processing due to unavailable references
[1327.916s][debug][gc,phases      ] GC(87) Reference Processing 0.037ms
[1327.917s][debug][gc,phases      ] GC(87) Weak Processing 0.143ms
[1327.917s][debug][gc,phases      ] GC(87) Scrub String Table 0.429ms
[1327.917s][debug][gc,age         ] GC(87) Desired survivor size 120061952 bytes, new threshold 15 (max threshold 15)
[1327.917s][info ][gc,heap        ] GC(87) PSYoungGen: 1855280K->6800K(1979904K)
[1327.917s][info ][gc,heap        ] GC(87) ParOldGen: 307064K->307064K(384000K)
[1327.917s][info ][gc,metaspace   ] GC(87) Metaspace: 73711K->73711K(1116160K)
[1327.917s][info ][gc             ] GC(87) Pause Young (Allocation Failure) 2111M->306M(2308M) 4.922ms
[1327.917s][info ][gc,cpu         ] GC(87) User=0.02s Sys=0.00s Real=0.01s
[1327.917s][info ][safepoint      ] Leaving safepoint region
[1327.917s][info ][safepoint      ] Total time for which application threads were stopped: 0.0050806 seconds, Stopping threads took: 0.0000193 seconds
[1328.917s][info ][safepoint      ] Application time: 1.0001678 seconds
[1328.917s][info ][safepoint      ] Entering safepoint region: Cleanup
[1328.917s][info ][safepoint      ] Leaving safepoint region
[1328.917s][info ][safepoint      ] Total time for which application threads were stopped: 0.0000929 seconds, Stopping threads took: 0.0000170 seconds
[1347.919s][info ][safepoint      ] Application time: 19.0018693 seconds
[1347.919s][info ][safepoint      ] Entering safepoint region: Cleanup
[1347.919s][info ][safepoint      ] Leaving safepoint region
[1347.919s][info ][safepoint      ] Total time for which application threads were stopped: 0.0000940 seconds, Stopping threads took: 0.0000169 seconds
[1350.920s][info ][safepoint      ] Application time: 3.0003439 seconds
[1350.920s][info ][safepoint      ] Entering safepoint region: Cleanup
[1350.920s][info ][safepoint      ] Leaving safepoint region
[1350.920s][info ][safepoint      ] Total time for which application threads were stopped: 0.0001188 seconds, Stopping threads took: 0.0000162 seconds
[1353.358s][info ][safepoint      ] Application time: 2.4377938 seconds
[1353.358s][info ][safepoint      ] Entering safepoint region: ParallelGCFailedAllocation
[1353.358s][info ][gc,start       ] GC(88) Pause Young (Allocation Failure)
[1353.363s][debug][gc,phases      ] GC(88) Scavenge 4.705ms
[1353.363s][debug][gc,ref         ] GC(88) Skipped phase1 of Reference Processing due to unavailable references
[1353.363s][debug][gc,ref         ] GC(88) Skipped phase2 of Reference Processing due to unavailable references
[1353.363s][debug][gc,ref         ] GC(88) Skipped phase3 of Reference Processing due to unavailable references
[1353.363s][debug][gc,ref         ] GC(88) Skipped phase4 of Reference Processing due to unavailable references
[1353.363s][debug][gc,phases      ] GC(88) Reference Processing 0.038ms
[1353.363s][debug][gc,phases      ] GC(88) Weak Processing 0.123ms
[1353.363s][debug][gc,phases      ] GC(88) Scrub String Table 0.479ms
[1353.363s][debug][gc,age         ] GC(88) Desired survivor size 115867648 bytes, new threshold 15 (max threshold 15)
[1353.363s][info ][gc,heap        ] GC(88) PSYoungGen: 1866384K->6736K(1976832K)
[1353.363s][info ][gc,heap        ] GC(88) ParOldGen: 307064K->307064K(384000K)
[1353.363s][info ][gc,metaspace   ] GC(88) Metaspace: 73713K->73713K(1116160K)
[1353.363s][info ][gc             ] GC(88) Pause Young (Allocation Failure) 2122M->306M(2305M) 5.473ms
[1353.363s][info ][gc,cpu         ] GC(88) User=0.02s Sys=0.00s Real=0.01s
[1353.363s][info ][safepoint      ] Leaving safepoint region
[1353.363s][info ][safepoint      ] Total time for which application threads were stopped: 0.0057106 seconds, Stopping threads took: 0.0000172 seconds
[1367.365s][info ][safepoint      ] Application time: 14.0015267 seconds
[1367.365s][info ][safepoint      ] Entering safepoint region: Cleanup
[1367.365s][info ][safepoint      ] Leaving safepoint region
[1367.365s][info ][safepoint      ] Total time for which application threads were stopped: 0.0001853 seconds, Stopping threads took: 0.0000768 seconds
[1375.366s][info ][safepoint      ] Application time: 8.0007839 seconds
[1375.366s][info ][safepoint      ] Entering safepoint region: Cleanup
[1375.366s][info ][safepoint      ] Leaving safepoint region
[1375.366s][info ][safepoint      ] Total time for which application threads were stopped: 0.0000992 seconds, Stopping threads took: 0.0000315 seconds
[1376.366s][info ][safepoint      ] Application time: 1.0000897 seconds
[1376.366s][info ][safepoint      ] Entering safepoint region: Cleanup
[1376.366s][info ][safepoint      ] Leaving safepoint region
[1376.366s][info ][safepoint      ] Total time for which application threads were stopped: 0.0000857 seconds, Stopping threads took: 0.0000177 seconds
[1377.366s][info ][safepoint      ] Application time: 1.0000752 seconds
[1377.367s][info ][safepoint      ] Entering safepoint region: Cleanup
[1377.367s][info ][safepoint      ] Leaving safepoint region
[1377.367s][info ][safepoint      ] Total time for which application threads were stopped: 0.0001631 seconds, Stopping threads took: 0.0000672 seconds
[1378.704s][info ][safepoint      ] Application time: 1.3375179 seconds
[1378.704s][info ][safepoint      ] Entering safepoint region: ParallelGCFailedAllocation
[1378.704s][info ][gc,start       ] GC(89) Pause Young (Allocation Failure)
[1378.709s][debug][gc,phases      ] GC(89) Scavenge 4.729ms
[1378.709s][debug][gc,ref         ] GC(89) Skipped phase1 of Reference Processing due to unavailable references
[1378.709s][debug][gc,ref         ] GC(89) Skipped phase2 of Reference Processing due to unavailable references
[1378.709s][debug][gc,ref         ] GC(89) Skipped phase3 of Reference Processing due to unavailable references
[1378.709s][debug][gc,ref         ] GC(89) Skipped phase4 of Reference Processing due to unavailable references
[1378.709s][debug][gc,phases      ] GC(89) Reference Processing 0.038ms
[1378.709s][debug][gc,phases      ] GC(89) Weak Processing 0.124ms
[1378.710s][debug][gc,phases      ] GC(89) Scrub String Table 0.449ms
[1378.710s][debug][gc,age         ] GC(89) Desired survivor size 111673344 bytes, new threshold 15 (max threshold 15)
[1378.710s][info ][gc,heap        ] GC(89) PSYoungGen: 1866320K->6800K(1988096K)
[1378.710s][info ][gc,heap        ] GC(89) ParOldGen: 307064K->307064K(384000K)
[1378.710s][info ][gc,metaspace   ] GC(89) Metaspace: 73716K->73716K(1116160K)
[1378.710s][info ][gc             ] GC(89) Pause Young (Allocation Failure) 2122M->306M(2316M) 5.515ms
[1378.710s][info ][gc,cpu         ] GC(89) User=0.02s Sys=0.00s Real=0.00s
[1378.710s][info ][safepoint      ] Leaving safepoint region
[1378.710s][info ][safepoint      ] Total time for which application threads were stopped: 0.0056947 seconds, Stopping threads took: 0.0000156 seconds
[1379.710s][info ][safepoint      ] Application time: 1.0001375 seconds
[1379.710s][info ][safepoint      ] Entering safepoint region: Cleanup
[1379.710s][info ][safepoint      ] Leaving safepoint region
[1379.710s][info ][safepoint      ] Total time for which application threads were stopped: 0.0001634 seconds, Stopping threads took: 0.0000797 seconds
[1380.710s][info ][safepoint      ] Application time: 1.0000433 seconds
[1380.710s][info ][safepoint      ] Entering safepoint region: Cleanup
[1380.710s][info ][safepoint      ] Leaving safepoint region
[1380.711s][info ][safepoint      ] Total time for which application threads were stopped: 0.0001215 seconds, Stopping threads took: 0.0000444 seconds
[1386.711s][info ][safepoint      ] Application time: 6.0007279 seconds
[1386.711s][info ][safepoint      ] Entering safepoint region: Cleanup
[1386.711s][info ][safepoint      ] Leaving safepoint region
[1386.711s][info ][safepoint      ] Total time for which application threads were stopped: 0.0001840 seconds, Stopping threads took: 0.0001039 seconds
[1391.712s][info ][safepoint      ] Application time: 5.0004669 seconds
[1391.712s][info ][safepoint      ] Entering safepoint region: Cleanup
[1391.712s][info ][safepoint      ] Leaving safepoint region
[1391.712s][info ][safepoint      ] Total time for which application threads were stopped: 0.0001210 seconds, Stopping threads took: 0.0000442 seconds
[1394.712s][info ][safepoint      ] Application time: 3.0002667 seconds
[1394.712s][info ][safepoint      ] Entering safepoint region: Cleanup
[1394.713s][info ][safepoint      ] Leaving safepoint region
[1394.713s][info ][safepoint      ] Total time for which application threads were stopped: 0.0001463 seconds, Stopping threads took: 0.0000414 seconds
[1402.954s][info ][safepoint      ] Application time: 8.2413482 seconds
[1402.954s][info ][safepoint      ] Entering safepoint region: ParallelGCFailedAllocation
[1402.954s][info ][gc,start       ] GC(90) Pause Young (Allocation Failure)
[1402.959s][debug][gc,phases      ] GC(90) Scavenge 4.637ms
[1402.959s][debug][gc,ref         ] GC(90) Skipped phase1 of Reference Processing due to unavailable references
[1402.959s][debug][gc,ref         ] GC(90) Skipped phase2 of Reference Processing due to unavailable references
[1402.959s][debug][gc,ref         ] GC(90) Skipped phase3 of Reference Processing due to unavailable references
[1402.959s][debug][gc,ref         ] GC(90) Skipped phase4 of Reference Processing due to unavailable references
[1402.959s][debug][gc,phases      ] GC(90) Reference Processing 0.038ms
[1402.959s][debug][gc,phases      ] GC(90) Weak Processing 0.271ms
[1402.960s][debug][gc,phases      ] GC(90) Scrub String Table 0.816ms
[1402.960s][debug][gc,age         ] GC(90) Desired survivor size 107479040 bytes, new threshold 15 (max threshold 15)
[1402.960s][info ][gc,heap        ] GC(90) PSYoungGen: 1881744K->7312K(1984000K)
[1402.960s][info ][gc,heap        ] GC(90) ParOldGen: 307064K->307064K(384000K)
[1402.960s][info ][gc,metaspace   ] GC(90) Metaspace: 73719K->73719K(1116160K)
[1402.960s][info ][gc             ] GC(90) Pause Young (Allocation Failure) 2137M->307M(2312M) 5.895ms
[1402.960s][info ][gc,cpu         ] GC(90) User=0.02s Sys=0.00s Real=0.00s
[1402.960s][info ][safepoint      ] Leaving safepoint region
[1402.960s][info ][safepoint      ] Total time for which application threads were stopped: 0.0061138 seconds, Stopping threads took: 0.0000541 seconds
[1405.960s][info ][safepoint      ] Application time: 3.0003018 seconds
[1405.960s][info ][safepoint      ] Entering safepoint region: Cleanup
[1405.961s][info ][safepoint      ] Leaving safepoint region
[1405.961s][info ][safepoint      ] Total time for which application threads were stopped: 0.0002038 seconds, Stopping threads took: 0.0001163 seconds
[1409.961s][info ][safepoint      ] Application time: 4.0003994 seconds
[1409.961s][info ][safepoint      ] Entering safepoint region: Cleanup
[1409.961s][info ][safepoint      ] Leaving safepoint region
[1409.961s][info ][safepoint      ] Total time for which application threads were stopped: 0.0001318 seconds, Stopping threads took: 0.0000563 seconds
[1412.962s][info ][safepoint      ] Application time: 3.0004004 seconds
[1412.962s][info ][safepoint      ] Entering safepoint region: Cleanup
[1412.962s][info ][safepoint      ] Leaving safepoint region
[1412.962s][info ][safepoint      ] Total time for which application threads were stopped: 0.0001099 seconds, Stopping threads took: 0.0000411 seconds
[1414.962s][info ][safepoint      ] Application time: 2.0002728 seconds
[1414.962s][info ][safepoint      ] Entering safepoint region: Cleanup
[1414.962s][info ][safepoint      ] Leaving safepoint region
[1414.962s][info ][safepoint      ] Total time for which application threads were stopped: 0.0001105 seconds, Stopping threads took: 0.0000399 seconds
[1415.962s][info ][safepoint      ] Application time: 1.0001553 seconds
[1415.962s][info ][safepoint      ] Entering safepoint region: Cleanup
[1415.962s][info ][safepoint      ] Leaving safepoint region
[1415.962s][info ][safepoint      ] Total time for which application threads were stopped: 0.0001370 seconds, Stopping threads took: 0.0000575 seconds
[1425.964s][info ][safepoint      ] Application time: 10.0010244 seconds
[1425.964s][info ][safepoint      ] Entering safepoint region: Cleanup
[1425.964s][info ][safepoint      ] Leaving safepoint region
[1425.964s][info ][safepoint      ] Total time for which application threads were stopped: 0.0001636 seconds, Stopping threads took: 0.0000885 seconds
[1427.061s][info ][safepoint      ] Application time: 1.0976503 seconds
[1427.061s][info ][safepoint      ] Entering safepoint region: ParallelGCFailedAllocation
[1427.062s][info ][gc,start       ] GC(91) Pause Young (Allocation Failure)
[1427.066s][debug][gc,phases      ] GC(91) Scavenge 4.684ms
[1427.066s][debug][gc,ref         ] GC(91) Skipped phase1 of Reference Processing due to unavailable references
[1427.066s][debug][gc,ref         ] GC(91) Skipped phase2 of Reference Processing due to unavailable references
[1427.066s][debug][gc,ref         ] GC(91) Skipped phase3 of Reference Processing due to unavailable references
[1427.066s][debug][gc,ref         ] GC(91) Skipped phase4 of Reference Processing due to unavailable references
[1427.066s][debug][gc,phases      ] GC(91) Reference Processing 0.052ms
[1427.066s][debug][gc,phases      ] GC(91) Weak Processing 0.145ms
[1427.067s][debug][gc,phases      ] GC(91) Scrub String Table 0.591ms
[1427.067s][debug][gc,age         ] GC(91) Desired survivor size 102760448 bytes, new threshold 15 (max threshold 15)
[1427.067s][info ][gc,heap        ] GC(91) PSYoungGen: 1882256K->7056K(1996800K)
[1427.067s][info ][gc,heap        ] GC(91) ParOldGen: 307064K->307064K(384000K)
[1427.067s][info ][gc,metaspace   ] GC(91) Metaspace: 73719K->73719K(1116160K)
[1427.067s][info ][gc             ] GC(91) Pause Young (Allocation Failure) 2138M->306M(2325M) 5.626ms
[1427.067s][info ][gc,cpu         ] GC(91) User=0.02s Sys=0.00s Real=0.00s
[1427.067s][info ][safepoint      ] Leaving safepoint region
[1427.067s][info ][safepoint      ] Total time for which application threads were stopped: 0.0058335 seconds, Stopping threads took: 0.0000159 seconds
[1440.068s][info ][safepoint      ] Application time: 13.0012485 seconds
[1440.069s][info ][safepoint      ] Entering safepoint region: Cleanup
[1440.069s][info ][safepoint      ] Leaving safepoint region
[1440.069s][info ][safepoint      ] Total time for which application threads were stopped: 0.0000925 seconds, Stopping threads took: 0.0000167 seconds
[1442.069s][info ][safepoint      ] Application time: 2.0001856 seconds
[1442.069s][info ][safepoint      ] Entering safepoint region: Cleanup
[1442.069s][info ][safepoint      ] Leaving safepoint region
[1442.069s][info ][safepoint      ] Total time for which application threads were stopped: 0.0000942 seconds, Stopping threads took: 0.0000168 seconds
[1448.069s][info ][safepoint      ] Application time: 6.0005493 seconds
[1448.070s][info ][safepoint      ] Entering safepoint region: Cleanup
[1448.070s][info ][safepoint      ] Leaving safepoint region
[1448.070s][info ][safepoint      ] Total time for which application threads were stopped: 0.0000798 seconds, Stopping threads took: 0.0000160 seconds
[1451.708s][info ][safepoint      ] Application time: 3.6381794 seconds
[1451.708s][info ][safepoint      ] Entering safepoint region: ParallelGCFailedAllocation
[1451.708s][info ][gc,start       ] GC(92) Pause Young (Allocation Failure)
[1451.712s][debug][gc,phases      ] GC(92) Scavenge 4.444ms
[1451.712s][debug][gc,ref         ] GC(92) Skipped phase1 of Reference Processing due to unavailable references
[1451.712s][debug][gc,ref         ] GC(92) Skipped phase2 of Reference Processing due to unavailable references
[1451.712s][debug][gc,ref         ] GC(92) Skipped phase3 of Reference Processing due to unavailable references
[1451.713s][debug][gc,phases      ] GC(92) Reference Processing 0.051ms
[1451.713s][debug][gc,phases      ] GC(92) Weak Processing 0.257ms
[1451.714s][debug][gc,phases      ] GC(92) Scrub String Table 0.936ms
[1451.714s][debug][gc,age         ] GC(92) Desired survivor size 98041856 bytes, new threshold 15 (max threshold 15)
[1451.714s][info ][gc,heap        ] GC(92) PSYoungGen: 1898896K->6944K(1992192K)
[1451.714s][info ][gc,heap        ] GC(92) ParOldGen: 307064K->307064K(384000K)
[1451.714s][info ][gc,metaspace   ] GC(92) Metaspace: 73728K->73728K(1116160K)
[1451.714s][info ][gc             ] GC(92) Pause Young (Allocation Failure) 2154M->306M(2320M) 5.820ms
[1451.714s][info ][gc,cpu         ] GC(92) User=0.02s Sys=0.00s Real=0.01s
[1451.714s][info ][safepoint      ] Leaving safepoint region
[1451.714s][info ][safepoint      ] Total time for which application threads were stopped: 0.0060211 seconds, Stopping threads took: 0.0000170 seconds
[1461.715s][info ][safepoint      ] Application time: 10.0011297 seconds
[1461.715s][info ][safepoint      ] Entering safepoint region: Cleanup
[1461.715s][info ][safepoint      ] Leaving safepoint region
[1461.715s][info ][safepoint      ] Total time for which application threads were stopped: 0.0001301 seconds, Stopping threads took: 0.0000556 seconds
[1464.716s][info ][safepoint      ] Application time: 3.0004214 seconds
[1464.716s][info ][safepoint      ] Entering safepoint region: Cleanup
[1464.716s][info ][safepoint      ] Leaving safepoint region
[1464.716s][info ][safepoint      ] Total time for which application threads were stopped: 0.0001001 seconds, Stopping threads took: 0.0000154 seconds
[1469.716s][info ][safepoint      ] Application time: 5.0005689 seconds
[1469.716s][info ][safepoint      ] Entering safepoint region: Cleanup
[1469.717s][info ][safepoint      ] Leaving safepoint region
[1469.717s][info ][safepoint      ] Total time for which application threads were stopped: 0.0002240 seconds, Stopping threads took: 0.0001097 seconds
[1477.106s][info ][safepoint      ] Application time: 7.3894493 seconds
[1477.106s][info ][safepoint      ] Entering safepoint region: ParallelGCFailedAllocation
[1477.106s][info ][gc,start       ] GC(93) Pause Young (Allocation Failure)
[1477.116s][debug][gc,phases      ] GC(93) Scavenge 9.317ms
[1477.116s][debug][gc,ref         ] GC(93) Skipped phase1 of Reference Processing due to unavailable references
[1477.116s][debug][gc,ref         ] GC(93) Skipped phase2 of Reference Processing due to unavailable references
[1477.116s][debug][gc,ref         ] GC(93) Skipped phase3 of Reference Processing due to unavailable references
[1477.116s][debug][gc,ref         ] GC(93) Skipped phase4 of Reference Processing due to unavailable references
[1477.116s][debug][gc,phases      ] GC(93) Reference Processing 0.037ms
[1477.116s][debug][gc,phases      ] GC(93) Weak Processing 0.125ms
[1477.116s][debug][gc,phases      ] GC(93) Scrub String Table 0.475ms
[1477.116s][debug][gc,age         ] GC(93) Desired survivor size 93323264 bytes, new threshold 15 (max threshold 15)
[1477.116s][info ][gc,heap        ] GC(93) PSYoungGen: 1898784K->7072K(2006016K)
[1477.116s][info ][gc,heap        ] GC(93) ParOldGen: 307064K->307064K(384000K)
[1477.116s][info ][gc,metaspace   ] GC(93) Metaspace: 73732K->73732K(1116160K)
[1477.116s][info ][gc             ] GC(93) Pause Young (Allocation Failure) 2154M->306M(2334M) 10.091ms
[1477.116s][info ][gc,cpu         ] GC(93) User=0.04s Sys=0.00s Real=0.01s
[1477.116s][info ][safepoint      ] Leaving safepoint region
[1477.116s][info ][safepoint      ] Total time for which application threads were stopped: 0.0103321 seconds, Stopping threads took: 0.0000171 seconds
[1501.119s][info ][safepoint      ] Application time: 24.0025242 seconds
[1501.119s][info ][safepoint      ] Entering safepoint region: Cleanup
[1501.119s][info ][safepoint      ] Leaving safepoint region
[1501.119s][info ][safepoint      ] Total time for which application threads were stopped: 0.0001017 seconds, Stopping threads took: 0.0000172 seconds
[1502.409s][info ][safepoint      ] Application time: 1.2896065 seconds
[1502.409s][info ][safepoint      ] Entering safepoint region: ParallelGCFailedAllocation
[1502.409s][info ][gc,start       ] GC(94) Pause Young (Allocation Failure)
[1502.414s][debug][gc,phases      ] GC(94) Scavenge 4.705ms
[1502.414s][debug][gc,ref         ] GC(94) Skipped phase1 of Reference Processing due to unavailable references
[1502.414s][debug][gc,ref         ] GC(94) Skipped phase2 of Reference Processing due to unavailable references
[1502.414s][debug][gc,ref         ] GC(94) Skipped phase3 of Reference Processing due to unavailable references
[1502.414s][debug][gc,ref         ] GC(94) Skipped phase4 of Reference Processing due to unavailable references
[1502.414s][debug][gc,phases      ] GC(94) Reference Processing 0.043ms
[1502.414s][debug][gc,phases      ] GC(94) Weak Processing 0.161ms
[1502.414s][debug][gc,phases      ] GC(94) Scrub String Table 0.420ms
[1502.414s][debug][gc,age         ] GC(94) Desired survivor size 88080384 bytes, new threshold 15 (max threshold 15)
[1502.414s][info ][gc,heap        ] GC(94) PSYoungGen: 1917344K->7632K(2001408K)
[1502.414s][info ][gc,heap        ] GC(94) ParOldGen: 307064K->307064K(384000K)
[1502.414s][info ][gc,metaspace   ] GC(94) Metaspace: 73744K->73744K(1116160K)
[1502.414s][info ][gc             ] GC(94) Pause Young (Allocation Failure) 2172M->307M(2329M) 5.451ms
[1502.414s][info ][gc,cpu         ] GC(94) User=0.02s Sys=0.00s Real=0.01s
[1502.414s][info ][safepoint      ] Leaving safepoint region
[1502.414s][info ][safepoint      ] Total time for which application threads were stopped: 0.0056347 seconds, Stopping threads took: 0.0000171 seconds
[1505.415s][info ][safepoint      ] Application time: 3.0003086 seconds
[1505.415s][info ][safepoint      ] Entering safepoint region: Cleanup
[1505.415s][info ][safepoint      ] Leaving safepoint region
[1505.415s][info ][safepoint      ] Total time for which application threads were stopped: 0.0001347 seconds, Stopping threads took: 0.0000588 seconds
[1507.415s][info ][safepoint      ] Application time: 2.0002113 seconds
[1507.415s][info ][safepoint      ] Entering safepoint region: Cleanup
[1507.415s][info ][safepoint      ] Leaving safepoint region
[1507.415s][info ][safepoint      ] Total time for which application threads were stopped: 0.0001322 seconds, Stopping threads took: 0.0000567 seconds
[1509.415s][info ][safepoint      ] Application time: 2.0002087 seconds
[1509.415s][info ][safepoint      ] Entering safepoint region: Cleanup
[1509.416s][info ][safepoint      ] Leaving safepoint region
[1509.416s][info ][safepoint      ] Total time for which application threads were stopped: 0.0000793 seconds, Stopping threads took: 0.0000162 seconds
[1512.416s][info ][safepoint      ] Application time: 3.0002761 seconds
[1512.416s][info ][safepoint      ] Entering safepoint region: Cleanup
[1512.416s][info ][safepoint      ] Leaving safepoint region
[1512.416s][info ][safepoint      ] Total time for which application threads were stopped: 0.0000800 seconds, Stopping threads took: 0.0000178 seconds
[1513.416s][info ][safepoint      ] Application time: 1.0000971 seconds
[1513.416s][info ][safepoint      ] Entering safepoint region: Cleanup
[1513.416s][info ][safepoint      ] Leaving safepoint region
[1513.416s][info ][safepoint      ] Total time for which application threads were stopped: 0.0001250 seconds, Stopping threads took: 0.0000303 seconds
[1516.416s][info ][safepoint      ] Application time: 3.0003023 seconds
[1516.417s][info ][safepoint      ] Entering safepoint region: Cleanup
[1516.417s][info ][safepoint      ] Leaving safepoint region
[1516.417s][info ][safepoint      ] Total time for which application threads were stopped: 0.0000989 seconds, Stopping threads took: 0.0000178 seconds
[1518.417s][info ][safepoint      ] Application time: 2.0001802 seconds
[1518.417s][info ][safepoint      ] Entering safepoint region: Cleanup
[1518.417s][info ][safepoint      ] Leaving safepoint region
[1518.417s][info ][safepoint      ] Total time for which application threads were stopped: 0.0001016 seconds, Stopping threads took: 0.0000193 seconds
[1522.417s][info ][safepoint      ] Application time: 4.0003369 seconds
[1522.417s][info ][safepoint      ] Entering safepoint region: Cleanup
[1522.418s][info ][safepoint      ] Leaving safepoint region
[1522.418s][info ][safepoint      ] Total time for which application threads were stopped: 0.0010428 seconds, Stopping threads took: 0.0000730 seconds
[1527.006s][info ][safepoint      ] Application time: 4.5880774 seconds
[1527.006s][info ][safepoint      ] Entering safepoint region: ParallelGCFailedAllocation
[1527.007s][info ][gc,start       ] GC(95) Pause Young (Allocation Failure)
[1527.012s][debug][gc,phases      ] GC(95) Scavenge 5.666ms
[1527.012s][debug][gc,ref         ] GC(95) Skipped phase1 of Reference Processing due to unavailable references
[1527.012s][debug][gc,ref         ] GC(95) Skipped phase2 of Reference Processing due to unavailable references
[1527.012s][debug][gc,ref         ] GC(95) Skipped phase3 of Reference Processing due to unavailable references
[1527.012s][debug][gc,phases      ] GC(95) Reference Processing 0.037ms
[1527.013s][debug][gc,phases      ] GC(95) Weak Processing 0.299ms
[1527.014s][debug][gc,phases      ] GC(95) Scrub String Table 0.930ms
[1527.014s][debug][gc,age         ] GC(95) Desired survivor size 83886080 bytes, new threshold 15 (max threshold 15)
[1527.014s][info ][gc,heap        ] GC(95) PSYoungGen: 1917904K->7392K(2015232K)
[1527.014s][info ][gc,heap        ] GC(95) ParOldGen: 307064K->307476K(384000K)
[1527.014s][info ][gc,metaspace   ] GC(95) Metaspace: 73749K->73749K(1116160K)
[1527.014s][info ][gc             ] GC(95) Pause Young (Allocation Failure) 2172M->307M(2343M) 7.107ms
[1527.014s][info ][gc,cpu         ] GC(95) User=0.03s Sys=0.00s Real=0.01s
[1527.014s][info ][safepoint      ] Leaving safepoint region
[1527.014s][info ][safepoint      ] Total time for which application threads were stopped: 0.0073761 seconds, Stopping threads took: 0.0000179 seconds
[1529.014s][info ][safepoint      ] Application time: 2.0002078 seconds
[1529.014s][info ][safepoint      ] Entering safepoint region: Cleanup
[1529.014s][info ][safepoint      ] Leaving safepoint region
[1529.014s][info ][safepoint      ] Total time for which application threads were stopped: 0.0002926 seconds, Stopping threads took: 0.0000925 seconds
[1530.014s][info ][safepoint      ] Application time: 1.0000871 seconds
[1530.015s][info ][safepoint      ] Entering safepoint region: Cleanup
[1530.015s][info ][safepoint      ] Leaving safepoint region
[1530.015s][info ][safepoint      ] Total time for which application threads were stopped: 0.0001014 seconds, Stopping threads took: 0.0000187 seconds
[1546.017s][info ][safepoint      ] Application time: 16.0024855 seconds
[1546.017s][info ][safepoint      ] Entering safepoint region: Cleanup
[1546.017s][info ][safepoint      ] Leaving safepoint region
[1546.017s][info ][safepoint      ] Total time for which application threads were stopped: 0.0000942 seconds, Stopping threads took: 0.0000197 seconds
[1549.018s][info ][safepoint      ] Application time: 3.0003070 seconds
[1549.018s][info ][safepoint      ] Entering safepoint region: Cleanup
[1549.018s][info ][safepoint      ] Leaving safepoint region
[1549.018s][info ][safepoint      ] Total time for which application threads were stopped: 0.0000906 seconds, Stopping threads took: 0.0000186 seconds
[1550.018s][info ][safepoint      ] Application time: 1.0001348 seconds
[1550.018s][info ][safepoint      ] Entering safepoint region: Cleanup
[1550.018s][info ][safepoint      ] Leaving safepoint region
[1550.018s][info ][safepoint      ] Total time for which application threads were stopped: 0.0000971 seconds, Stopping threads took: 0.0000177 seconds
[1557.019s][info ][safepoint      ] Application time: 7.0006344 seconds
[1557.019s][info ][safepoint      ] Entering safepoint region: Cleanup
[1557.019s][info ][safepoint      ] Leaving safepoint region
[1557.019s][info ][safepoint      ] Total time for which application threads were stopped: 0.0001071 seconds, Stopping threads took: 0.0000188 seconds
[1562.206s][info ][safepoint      ] Application time: 5.1871781 seconds
[1562.206s][info ][safepoint      ] Entering safepoint region: ParallelGCFailedAllocation
[1562.206s][info ][gc,start       ] GC(96) Pause Young (Allocation Failure)
[1562.229s][debug][gc,phases      ] GC(96) Scavenge 22.435ms
[1562.229s][debug][gc,ref         ] GC(96) Skipped phase1 of Reference Processing due to unavailable references
[1562.229s][debug][gc,ref         ] GC(96) Skipped phase2 of Reference Processing due to unavailable references
[1562.229s][debug][gc,ref         ] GC(96) Skipped phase3 of Reference Processing due to unavailable references
[1562.229s][debug][gc,phases      ] GC(96) Reference Processing 0.042ms
[1562.229s][debug][gc,phases      ] GC(96) Weak Processing 0.138ms
[1562.229s][debug][gc,phases      ] GC(96) Scrub String Table 0.492ms
[1562.229s][debug][gc,age         ] GC(96) Desired survivor size 90177536 bytes, new threshold 15 (max threshold 15)
[1562.229s][info ][gc,heap        ] GC(96) PSYoungGen: 1936608K->52464K(1981952K)
[1562.229s][info ][gc,heap        ] GC(96) ParOldGen: 307476K->308488K(384000K)
[1562.229s][info ][gc,metaspace   ] GC(96) Metaspace: 73771K->73771K(1116160K)
[1562.229s][info ][gc             ] GC(96) Pause Young (Allocation Failure) 2191M->352M(2310M) 23.279ms
[1562.229s][info ][gc,cpu         ] GC(96) User=0.07s Sys=0.00s Real=0.02s
[1562.229s][info ][safepoint      ] Leaving safepoint region
[1562.229s][info ][safepoint      ] Total time for which application threads were stopped: 0.0234943 seconds, Stopping threads took: 0.0000300 seconds
[1565.230s][info ][safepoint      ] Application time: 3.0002543 seconds
[1565.230s][info ][safepoint      ] Entering safepoint region: Cleanup
[1565.230s][info ][safepoint      ] Leaving safepoint region
[1565.230s][info ][safepoint      ] Total time for which application threads were stopped: 0.0001091 seconds, Stopping threads took: 0.0000205 seconds
[1573.230s][info ][safepoint      ] Application time: 8.0005647 seconds
[1573.230s][info ][safepoint      ] Entering safepoint region: Cleanup
[1573.231s][info ][safepoint      ] Leaving safepoint region
[1573.231s][info ][safepoint      ] Total time for which application threads were stopped: 0.0001109 seconds, Stopping threads took: 0.0000203 seconds
[1584.232s][info ][safepoint      ] Application time: 11.0010210 seconds
[1584.232s][info ][safepoint      ] Entering safepoint region: Cleanup
[1584.232s][info ][safepoint      ] Leaving safepoint region
[1584.232s][info ][safepoint      ] Total time for which application threads were stopped: 0.0001636 seconds, Stopping threads took: 0.0000745 seconds
[1588.854s][info ][safepoint      ] Application time: 4.6223682 seconds
[1588.854s][info ][safepoint      ] Entering safepoint region: RevokeBias
[1588.854s][info ][safepoint      ] Leaving safepoint region
[1588.854s][info ][safepoint      ] Total time for which application threads were stopped: 0.0001759 seconds, Stopping threads took: 0.0000818 seconds
[1588.855s][info ][safepoint      ] Application time: 0.0002559 seconds
[1588.855s][info ][safepoint      ] Entering safepoint region: RevokeBias
[1588.855s][info ][safepoint      ] Leaving safepoint region
[1588.855s][info ][safepoint      ] Total time for which application threads were stopped: 0.0001317 seconds, Stopping threads took: 0.0000427 seconds
[1590.855s][info ][safepoint      ] Application time: 2.0002444 seconds
[1590.855s][info ][safepoint      ] Entering safepoint region: Cleanup
[1590.855s][info ][safepoint      ] Leaving safepoint region
[1590.855s][info ][safepoint      ] Total time for which application threads were stopped: 0.0001571 seconds, Stopping threads took: 0.0000572 seconds
[1594.856s][info ][safepoint      ] Application time: 4.0004108 seconds
[1594.856s][info ][safepoint      ] Entering safepoint region: Cleanup
[1594.856s][info ][safepoint      ] Leaving safepoint region
[1594.856s][info ][safepoint      ] Total time for which application threads were stopped: 0.0001892 seconds, Stopping threads took: 0.0000397 seconds
[1603.954s][info ][safepoint      ] Application time: 9.0980101 seconds
[1603.954s][info ][safepoint      ] Entering safepoint region: ParallelGCFailedAllocation
[1603.954s][info ][gc,start       ] GC(97) Pause Young (Allocation Failure)
[1603.971s][debug][gc,phases      ] GC(97) Scavenge 16.834ms
[1603.971s][debug][gc,ref         ] GC(97) Skipped phase1 of Reference Processing due to unavailable references
[1603.971s][debug][gc,ref         ] GC(97) Skipped phase2 of Reference Processing due to unavailable references
[1603.971s][debug][gc,ref         ] GC(97) Skipped phase3 of Reference Processing due to unavailable references
[1603.971s][debug][gc,phases      ] GC(97) Reference Processing 0.041ms
[1603.971s][debug][gc,phases      ] GC(97) Weak Processing 0.290ms
[1603.972s][debug][gc,phases      ] GC(97) Scrub String Table 0.877ms
[1603.972s][debug][gc,age         ] GC(97) Desired survivor size 97517568 bytes, new threshold 15 (max threshold 15)
[1603.972s][info ][gc,heap        ] GC(97) PSYoungGen: 1981680K->59200K(1994752K)
[1603.972s][info ][gc,heap        ] GC(97) ParOldGen: 308488K->308632K(384000K)
[1603.972s][info ][gc,metaspace   ] GC(97) Metaspace: 73786K->73786K(1116160K)
[1603.972s][info ][gc             ] GC(97) Pause Young (Allocation Failure) 2236M->359M(2323M) 18.228ms
[1603.972s][info ][gc,cpu         ] GC(97) User=0.07s Sys=0.00s Real=0.01s
[1603.972s][info ][safepoint      ] Leaving safepoint region
[1603.972s][info ][safepoint      ] Total time for which application threads were stopped: 0.0184394 seconds, Stopping threads took: 0.0000170 seconds
[1613.974s][info ][safepoint      ] Application time: 10.0012946 seconds
[1613.974s][info ][safepoint      ] Entering safepoint region: Cleanup
[1613.974s][info ][safepoint      ] Leaving safepoint region
[1613.974s][info ][safepoint      ] Total time for which application threads were stopped: 0.0001376 seconds, Stopping threads took: 0.0000667 seconds
[1615.974s][info ][safepoint      ] Application time: 2.0002595 seconds
[1615.974s][info ][safepoint      ] Entering safepoint region: Cleanup
[1615.974s][info ][safepoint      ] Leaving safepoint region
[1615.974s][info ][safepoint      ] Total time for which application threads were stopped: 0.0000909 seconds, Stopping threads took: 0.0000190 seconds
[1624.975s][info ][safepoint      ] Application time: 9.0009968 seconds
[1624.975s][info ][safepoint      ] Entering safepoint region: Cleanup
[1624.975s][info ][safepoint      ] Leaving safepoint region
[1624.975s][info ][safepoint      ] Total time for which application threads were stopped: 0.0000882 seconds, Stopping threads took: 0.0000199 seconds
[1648.455s][info ][safepoint      ] Application time: 23.4799133 seconds
[1648.455s][info ][safepoint      ] Entering safepoint region: ParallelGCFailedAllocation
[1648.456s][info ][gc,start       ] GC(98) Pause Young (Allocation Failure)
[1648.471s][debug][gc,phases      ] GC(98) Scavenge 15.448ms
[1648.471s][debug][gc,ref         ] GC(98) Skipped phase1 of Reference Processing due to unavailable references
[1648.471s][debug][gc,ref         ] GC(98) Skipped phase2 of Reference Processing due to unavailable references
[1648.471s][debug][gc,ref         ] GC(98) Skipped phase3 of Reference Processing due to unavailable references
[1648.471s][debug][gc,phases      ] GC(98) Reference Processing 0.042ms
[1648.471s][debug][gc,phases      ] GC(98) Weak Processing 0.280ms
[1648.472s][debug][gc,phases      ] GC(98) Scrub String Table 0.894ms
[1648.472s][debug][gc,age         ] GC(98) Desired survivor size 103284736 bytes, new threshold 15 (max threshold 15)
[1648.472s][info ][gc,heap        ] GC(98) PSYoungGen: 1965888K->59392K(1966592K)
[1648.472s][info ][gc,heap        ] GC(98) ParOldGen: 308632K->308704K(384000K)
[1648.472s][info ][gc,metaspace   ] GC(98) Metaspace: 73786K->73786K(1116160K)
[1648.472s][info ][gc             ] GC(98) Pause Young (Allocation Failure) 2221M->359M(2295M) 16.855ms
[1648.472s][info ][gc,cpu         ] GC(98) User=0.06s Sys=0.00s Real=0.01s
[1648.473s][info ][safepoint      ] Leaving safepoint region
[1648.473s][info ][safepoint      ] Total time for which application threads were stopped: 0.0171780 seconds, Stopping threads took: 0.0000929 seconds
[1649.001s][info ][safepoint      ] Application time: 0.5284070 seconds
[1649.001s][info ][safepoint      ] Entering safepoint region: RevokeBias
[1649.001s][info ][safepoint      ] Leaving safepoint region
[1649.001s][info ][safepoint      ] Total time for which application threads were stopped: 0.0000837 seconds, Stopping threads took: 0.0000169 seconds
[1653.002s][info ][safepoint      ] Application time: 4.0004676 seconds
[1653.002s][info ][safepoint      ] Entering safepoint region: Cleanup
[1653.002s][info ][safepoint      ] Leaving safepoint region
[1653.002s][info ][safepoint      ] Total time for which application threads were stopped: 0.0000810 seconds, Stopping threads took: 0.0000158 seconds
[1658.002s][info ][safepoint      ] Application time: 5.0006191 seconds
[1658.002s][info ][safepoint      ] Entering safepoint region: Cleanup
[1658.003s][info ][safepoint      ] Leaving safepoint region
[1658.003s][info ][safepoint      ] Total time for which application threads were stopped: 0.0002157 seconds, Stopping threads took: 0.0001440 seconds
[1660.003s][info ][safepoint      ] Application time: 2.0002265 seconds
[1660.003s][info ][safepoint      ] Entering safepoint region: Cleanup
[1660.003s][info ][safepoint      ] Leaving safepoint region
[1660.003s][info ][safepoint      ] Total time for which application threads were stopped: 0.0001296 seconds, Stopping threads took: 0.0000433 seconds
[1675.005s][info ][safepoint      ] Application time: 15.0016473 seconds
[1675.005s][info ][safepoint      ] Entering safepoint region: Cleanup
[1675.005s][info ][safepoint      ] Leaving safepoint region
[1675.005s][info ][safepoint      ] Total time for which application threads were stopped: 0.0001866 seconds, Stopping threads took: 0.0000887 seconds
[1677.005s][info ][safepoint      ] Application time: 2.0001973 seconds
[1677.005s][info ][safepoint      ] Entering safepoint region: Cleanup
[1677.005s][info ][safepoint      ] Leaving safepoint region
[1677.005s][info ][safepoint      ] Total time for which application threads were stopped: 0.0001740 seconds, Stopping threads took: 0.0000945 seconds
[1681.006s][info ][safepoint      ] Application time: 4.0004245 seconds
[1681.006s][info ][safepoint      ] Entering safepoint region: Cleanup
[1681.006s][info ][safepoint      ] Leaving safepoint region
[1681.006s][info ][safepoint      ] Total time for which application threads were stopped: 0.0001451 seconds, Stopping threads took: 0.0000570 seconds
[1682.006s][info ][safepoint      ] Application time: 1.0000413 seconds
[1682.006s][info ][safepoint      ] Entering safepoint region: Cleanup
[1682.006s][info ][safepoint      ] Leaving safepoint region
[1682.006s][info ][safepoint      ] Total time for which application threads were stopped: 0.0002011 seconds, Stopping threads took: 0.0001151 seconds
[1687.007s][info ][safepoint      ] Application time: 5.0005702 seconds
[1687.007s][info ][safepoint      ] Entering safepoint region: Cleanup
[1687.007s][info ][safepoint      ] Leaving safepoint region
[1687.007s][info ][safepoint      ] Total time for which application threads were stopped: 0.0002874 seconds, Stopping threads took: 0.0000879 seconds
[1689.007s][info ][safepoint      ] Application time: 2.0001501 seconds
[1689.007s][info ][safepoint      ] Entering safepoint region: Cleanup
[1689.007s][info ][safepoint      ] Leaving safepoint region
[1689.007s][info ][safepoint      ] Total time for which application threads were stopped: 0.0001452 seconds, Stopping threads took: 0.0000464 seconds
[1690.007s][info ][safepoint      ] Application time: 1.0000936 seconds
[1690.008s][info ][safepoint      ] Entering safepoint region: Cleanup
[1690.008s][info ][safepoint      ] Leaving safepoint region
[1690.008s][info ][safepoint      ] Total time for which application threads were stopped: 0.0001421 seconds, Stopping threads took: 0.0000445 seconds
[1692.256s][info ][safepoint      ] Application time: 2.2478423 seconds
[1692.256s][info ][safepoint      ] Entering safepoint region: ParallelGCFailedAllocation
[1692.256s][info ][gc,start       ] GC(99) Pause Young (Allocation Failure)
[1692.272s][debug][gc,phases      ] GC(99) Scavenge 16.537ms
[1692.272s][debug][gc,ref         ] GC(99) Skipped phase1 of Reference Processing due to unavailable references
[1692.272s][debug][gc,ref         ] GC(99) Skipped phase2 of Reference Processing due to unavailable references
[1692.272s][debug][gc,ref         ] GC(99) Skipped phase3 of Reference Processing due to unavailable references
[1692.272s][debug][gc,phases      ] GC(99) Reference Processing 0.038ms
[1692.273s][debug][gc,phases      ] GC(99) Weak Processing 0.160ms
[1692.273s][debug][gc,phases      ] GC(99) Scrub String Table 0.480ms
[1692.273s][debug][gc,age         ] GC(99) Desired survivor size 108003328 bytes, new threshold 15 (max threshold 15)
[1692.273s][info ][gc,heap        ] GC(99) PSYoungGen: 1966080K->60624K(1987072K)
[1692.273s][info ][gc,heap        ] GC(99) ParOldGen: 308704K->310741K(384000K)
[1692.273s][info ][gc,metaspace   ] GC(99) Metaspace: 73810K->73810K(1116160K)
[1692.273s][info ][gc             ] GC(99) Pause Young (Allocation Failure) 2221M->362M(2315M) 17.369ms
[1692.273s][info ][gc,cpu         ] GC(99) User=0.06s Sys=0.00s Real=0.02s
[1692.273s][info ][safepoint      ] Leaving safepoint region
[1692.273s][info ][safepoint      ] Total time for which application threads were stopped: 0.0176336 seconds, Stopping threads took: 0.0000648 seconds
[1695.274s][info ][safepoint      ] Application time: 3.0003159 seconds
[1695.274s][info ][safepoint      ] Entering safepoint region: Cleanup
[1695.274s][info ][safepoint      ] Leaving safepoint region
[1695.274s][info ][safepoint      ] Total time for which application threads were stopped: 0.0000973 seconds, Stopping threads took: 0.0000183 seconds
[1696.274s][info ][safepoint      ] Application time: 1.0001270 seconds
[1696.274s][info ][safepoint      ] Entering safepoint region: Cleanup
[1696.274s][info ][safepoint      ] Leaving safepoint region
[1696.274s][info ][safepoint      ] Total time for which application threads were stopped: 0.0001028 seconds, Stopping threads took: 0.0000194 seconds
[1697.274s][info ][safepoint      ] Application time: 1.0001370 seconds
[1697.274s][info ][safepoint      ] Entering safepoint region: Cleanup
[1697.274s][info ][safepoint      ] Leaving safepoint region
[1697.274s][info ][safepoint      ] Total time for which application threads were stopped: 0.0000894 seconds, Stopping threads took: 0.0000185 seconds
[1698.274s][info ][safepoint      ] Application time: 1.0001554 seconds
[1698.274s][info ][safepoint      ] Entering safepoint region: Cleanup
[1698.275s][info ][safepoint      ] Leaving safepoint region
[1698.275s][info ][safepoint      ] Total time for which application threads were stopped: 0.0001386 seconds, Stopping threads took: 0.0000202 seconds
[1699.275s][info ][safepoint      ] Application time: 1.0001275 seconds
[1699.275s][info ][safepoint      ] Entering safepoint region: Cleanup
[1699.275s][info ][safepoint      ] Leaving safepoint region
[1699.275s][info ][safepoint      ] Total time for which application threads were stopped: 0.0000920 seconds, Stopping threads took: 0.0000195 seconds
[1702.275s][info ][safepoint      ] Application time: 3.0003775 seconds
[1702.275s][info ][safepoint      ] Entering safepoint region: Cleanup
[1702.275s][info ][safepoint      ] Leaving safepoint region
[1702.275s][info ][safepoint      ] Total time for which application threads were stopped: 0.0001059 seconds, Stopping threads took: 0.0000181 seconds
[1704.276s][info ][safepoint      ] Application time: 2.0002831 seconds
[1704.276s][info ][safepoint      ] Entering safepoint region: Cleanup
[1704.276s][info ][safepoint      ] Leaving safepoint region
[1704.276s][info ][safepoint      ] Total time for which application threads were stopped: 0.0000857 seconds, Stopping threads took: 0.0000176 seconds
[1706.276s][info ][safepoint      ] Application time: 2.0002481 seconds
[1706.276s][info ][safepoint      ] Entering safepoint region: Cleanup
[1706.276s][info ][safepoint      ] Leaving safepoint region
[1706.276s][info ][safepoint      ] Total time for which application threads were stopped: 0.0001047 seconds, Stopping threads took: 0.0000322 seconds
[1709.277s][info ][safepoint      ] Application time: 3.0003513 seconds
[1709.277s][info ][safepoint      ] Entering safepoint region: Cleanup
[1709.277s][info ][safepoint      ] Leaving safepoint region
[1709.277s][info ][safepoint      ] Total time for which application threads were stopped: 0.0001184 seconds, Stopping threads took: 0.0000448 seconds
[1712.277s][info ][safepoint      ] Application time: 3.0002982 seconds
[1712.277s][info ][safepoint      ] Entering safepoint region: Cleanup
[1712.277s][info ][safepoint      ] Leaving safepoint region
[1712.277s][info ][safepoint      ] Total time for which application threads were stopped: 0.0000905 seconds, Stopping threads took: 0.0000177 seconds
[1714.277s][info ][safepoint      ] Application time: 2.0002401 seconds
[1714.277s][info ][safepoint      ] Entering safepoint region: Cleanup
[1714.277s][info ][safepoint      ] Leaving safepoint region
[1714.277s][info ][safepoint      ] Total time for which application threads were stopped: 0.0000930 seconds, Stopping threads took: 0.0000187 seconds
[1717.278s][info ][safepoint      ] Application time: 3.0002612 seconds
[1717.278s][info ][safepoint      ] Entering safepoint region: Cleanup
[1717.278s][info ][safepoint      ] Leaving safepoint region
[1717.278s][info ][safepoint      ] Total time for which application threads were stopped: 0.0000891 seconds, Stopping threads took: 0.0000189 seconds
[1721.281s][info ][safepoint      ] Application time: 4.0032946 seconds
[1721.281s][info ][safepoint      ] Entering safepoint region: Cleanup
[1721.281s][info ][safepoint      ] Leaving safepoint region
[1721.281s][info ][safepoint      ] Total time for which application threads were stopped: 0.0000868 seconds, Stopping threads took: 0.0000169 seconds
[1726.282s][info ][safepoint      ] Application time: 5.0005105 seconds
[1726.282s][info ][safepoint      ] Entering safepoint region: Cleanup
[1726.282s][info ][safepoint      ] Leaving safepoint region
[1726.282s][info ][safepoint      ] Total time for which application threads were stopped: 0.0000872 seconds, Stopping threads took: 0.0000174 seconds
[1730.282s][info ][safepoint      ] Application time: 4.0003509 seconds
[1730.282s][info ][safepoint      ] Entering safepoint region: Cleanup
[1730.282s][info ][safepoint      ] Leaving safepoint region
[1730.282s][info ][safepoint      ] Total time for which application threads were stopped: 0.0000863 seconds, Stopping threads took: 0.0000187 seconds
[1734.283s][info ][safepoint      ] Application time: 4.0003891 seconds
[1734.283s][info ][safepoint      ] Entering safepoint region: Cleanup
[1734.283s][info ][safepoint      ] Leaving safepoint region
[1734.283s][info ][safepoint      ] Total time for which application threads were stopped: 0.0000847 seconds, Stopping threads took: 0.0000190 seconds
[1736.049s][info ][safepoint      ] Application time: 1.7662142 seconds
[1736.049s][info ][safepoint      ] Entering safepoint region: ParallelGCFailedAllocation
[1736.049s][info ][gc,start       ] GC(100) Pause Young (Allocation Failure)
[1736.064s][debug][gc,phases      ] GC(100) Scavenge 15.077ms
[1736.064s][debug][gc,ref         ] GC(100) Skipped phase1 of Reference Processing due to unavailable references
[1736.064s][debug][gc,ref         ] GC(100) Skipped phase2 of Reference Processing due to unavailable references
[1736.064s][debug][gc,ref         ] GC(100) Skipped phase3 of Reference Processing due to unavailable references
[1736.064s][debug][gc,phases      ] GC(100) Reference Processing 0.040ms
[1736.065s][debug][gc,phases      ] GC(100) Weak Processing 0.256ms
[1736.066s][debug][gc,phases      ] GC(100) Scrub String Table 0.868ms
[1736.066s][debug][gc,age         ] GC(100) Desired survivor size 111673344 bytes, new threshold 15 (max threshold 15)
[1736.066s][info ][gc,heap        ] GC(100) PSYoungGen: 1946832K->61232K(1947648K)
[1736.066s][info ][gc,heap        ] GC(100) ParOldGen: 310741K->310797K(384000K)
[1736.066s][info ][gc,metaspace   ] GC(100) Metaspace: 73829K->73829K(1116160K)
[1736.066s][info ][gc             ] GC(100) Pause Young (Allocation Failure) 2204M->363M(2277M) 16.426ms
[1736.066s][info ][gc,cpu         ] GC(100) User=0.07s Sys=0.00s Real=0.02s
[1736.066s][info ][safepoint      ] Leaving safepoint region
[1736.066s][info ][safepoint      ] Total time for which application threads were stopped: 0.0166160 seconds, Stopping threads took: 0.0000292 seconds
[1736.835s][info ][safepoint      ] Application time: 0.7689689 seconds
[1736.835s][info ][safepoint      ] Entering safepoint region: RevokeBias
[1736.835s][info ][safepoint      ] Leaving safepoint region
[1736.835s][info ][safepoint      ] Total time for which application threads were stopped: 0.0001286 seconds, Stopping threads took: 0.0000184 seconds
[1736.846s][info ][safepoint      ] Application time: 0.0111606 seconds
[1736.846s][info ][safepoint      ] Entering safepoint region: RevokeBias
[1736.846s][info ][safepoint      ] Leaving safepoint region
[1736.846s][info ][safepoint      ] Total time for which application threads were stopped: 0.0000541 seconds, Stopping threads took: 0.0000096 seconds
[1737.846s][info ][safepoint      ] Application time: 1.0001087 seconds
[1737.846s][info ][safepoint      ] Entering safepoint region: Cleanup
[1737.846s][info ][safepoint      ] Leaving safepoint region
[1737.846s][info ][safepoint      ] Total time for which application threads were stopped: 0.0000949 seconds, Stopping threads took: 0.0000192 seconds
[1738.846s][info ][safepoint      ] Application time: 1.0000514 seconds
[1738.847s][info ][safepoint      ] Entering safepoint region: Cleanup
[1738.847s][info ][safepoint      ] Leaving safepoint region
[1738.847s][info ][safepoint      ] Total time for which application threads were stopped: 0.0001118 seconds, Stopping threads took: 0.0000453 seconds
[1740.847s][info ][safepoint      ] Application time: 2.0002016 seconds
[1740.847s][info ][safepoint      ] Entering safepoint region: Cleanup
[1740.847s][info ][safepoint      ] Leaving safepoint region
[1740.847s][info ][safepoint      ] Total time for which application threads were stopped: 0.0001198 seconds, Stopping threads took: 0.0000177 seconds
[1741.847s][info ][safepoint      ] Application time: 1.0003937 seconds
[1741.847s][info ][safepoint      ] Entering safepoint region: Cleanup
[1741.848s][info ][safepoint      ] Leaving safepoint region
[1741.848s][info ][safepoint      ] Total time for which application threads were stopped: 0.0001501 seconds, Stopping threads took: 0.0000509 seconds
[1742.848s][info ][safepoint      ] Application time: 1.0001515 seconds
[1742.848s][info ][safepoint      ] Entering safepoint region: Cleanup
[1742.848s][info ][safepoint      ] Leaving safepoint region
[1742.848s][info ][safepoint      ] Total time for which application threads were stopped: 0.0001576 seconds, Stopping threads took: 0.0000304 seconds
[1752.849s][info ][safepoint      ] Application time: 10.0011248 seconds
[1752.849s][info ][safepoint      ] Entering safepoint region: Cleanup
[1752.849s][info ][safepoint      ] Leaving safepoint region
[1752.849s][info ][safepoint      ] Total time for which application threads were stopped: 0.0000948 seconds, Stopping threads took: 0.0000259 seconds
[1756.850s][info ][safepoint      ] Application time: 4.0004633 seconds
[1756.850s][info ][safepoint      ] Entering safepoint region: Cleanup
[1756.850s][info ][safepoint      ] Leaving safepoint region
[1756.850s][info ][safepoint      ] Total time for which application threads were stopped: 0.0001098 seconds, Stopping threads took: 0.0000266 seconds
[1762.851s][info ][safepoint      ] Application time: 6.0006919 seconds
[1762.851s][info ][safepoint      ] Entering safepoint region: Cleanup
[1762.851s][info ][safepoint      ] Leaving safepoint region
[1762.851s][info ][safepoint      ] Total time for which application threads were stopped: 0.0000970 seconds, Stopping threads took: 0.0000324 seconds
[1767.851s][info ][safepoint      ] Application time: 5.0004986 seconds
[1767.851s][info ][safepoint      ] Entering safepoint region: Cleanup
[1767.851s][info ][safepoint      ] Leaving safepoint region
[1767.851s][info ][safepoint      ] Total time for which application threads were stopped: 0.0000966 seconds, Stopping threads took: 0.0000285 seconds
[1772.852s][info ][safepoint      ] Application time: 5.0004138 seconds
[1772.852s][info ][safepoint      ] Entering safepoint region: Cleanup
[1772.852s][info ][safepoint      ] Leaving safepoint region
[1772.852s][info ][safepoint      ] Total time for which application threads were stopped: 0.0000829 seconds, Stopping threads took: 0.0000166 seconds
[1773.852s][info ][safepoint      ] Application time: 1.0001343 seconds
[1773.852s][info ][safepoint      ] Entering safepoint region: Cleanup
[1773.852s][info ][safepoint      ] Leaving safepoint region
[1773.852s][info ][safepoint      ] Total time for which application threads were stopped: 0.0001826 seconds, Stopping threads took: 0.0000869 seconds
[1777.853s][info ][safepoint      ] Application time: 4.0003778 seconds
[1777.853s][info ][safepoint      ] Entering safepoint region: Cleanup
[1777.853s][info ][safepoint      ] Leaving safepoint region
[1777.853s][info ][safepoint      ] Total time for which application threads were stopped: 0.0001652 seconds, Stopping threads took: 0.0000787 seconds
[1778.853s][info ][safepoint      ] Application time: 1.0000852 seconds
[1778.853s][info ][safepoint      ] Entering safepoint region: Cleanup
[1778.853s][info ][safepoint      ] Leaving safepoint region
[1778.853s][info ][safepoint      ] Total time for which application threads were stopped: 0.0001500 seconds, Stopping threads took: 0.0000805 seconds
[1779.853s][info ][safepoint      ] Application time: 1.0001539 seconds
[1779.853s][info ][safepoint      ] Entering safepoint region: Cleanup
[1779.853s][info ][safepoint      ] Leaving safepoint region
[1779.853s][info ][safepoint      ] Total time for which application threads were stopped: 0.0001584 seconds, Stopping threads took: 0.0000813 seconds
[1780.455s][info ][safepoint      ] Application time: 0.6013312 seconds
[1780.455s][info ][safepoint      ] Entering safepoint region: ParallelGCFailedAllocation
[1780.455s][info ][gc,start       ] GC(101) Pause Young (Allocation Failure)
[1780.471s][debug][gc,phases      ] GC(101) Scavenge 15.931ms
[1780.471s][debug][gc,ref         ] GC(101) Skipped phase1 of Reference Processing due to unavailable references
[1780.471s][debug][gc,ref         ] GC(101) Skipped phase3 of Reference Processing due to unavailable references
[1780.471s][debug][gc,phases      ] GC(101) Reference Processing 0.053ms
[1780.471s][debug][gc,phases      ] GC(101) Weak Processing 0.161ms
[1780.472s][debug][gc,phases      ] GC(101) Scrub String Table 0.476ms
[1780.472s][debug][gc,age         ] GC(101) Desired survivor size 113770496 bytes, new threshold 15 (max threshold 15)
[1780.472s][info ][gc,heap        ] GC(101) PSYoungGen: 1947440K->61728K(1984000K)
[1780.472s][info ][gc,heap        ] GC(101) ParOldGen: 310797K->310881K(384000K)
[1780.472s][info ][gc,metaspace   ] GC(101) Metaspace: 73862K->73862K(1116160K)
[1780.472s][info ][gc             ] GC(101) Pause Young (Allocation Failure) 2205M->363M(2312M) 16.775ms
[1780.472s][info ][gc,cpu         ] GC(101) User=0.06s Sys=0.00s Real=0.01s
[1780.472s][info ][safepoint      ] Leaving safepoint region
[1780.472s][info ][safepoint      ] Total time for which application threads were stopped: 0.0169877 seconds, Stopping threads took: 0.0000168 seconds
[1781.472s][info ][safepoint      ] Application time: 1.0000844 seconds
[1781.472s][info ][safepoint      ] Entering safepoint region: Cleanup
[1781.472s][info ][safepoint      ] Leaving safepoint region
[1781.472s][info ][safepoint      ] Total time for which application threads were stopped: 0.0000970 seconds, Stopping threads took: 0.0000178 seconds
[1782.472s][info ][safepoint      ] Application time: 1.0000975 seconds
[1782.472s][info ][safepoint      ] Entering safepoint region: Cleanup
[1782.472s][info ][safepoint      ] Leaving safepoint region
[1782.472s][info ][safepoint      ] Total time for which application threads were stopped: 0.0001027 seconds, Stopping threads took: 0.0000161 seconds
[1783.472s][info ][safepoint      ] Application time: 1.0000357 seconds
[1783.472s][info ][safepoint      ] Entering safepoint region: Cleanup
[1783.472s][info ][safepoint      ] Leaving safepoint region
[1783.472s][info ][safepoint      ] Total time for which application threads were stopped: 0.0001586 seconds, Stopping threads took: 0.0000421 seconds
[1785.473s][info ][safepoint      ] Application time: 2.0001964 seconds
[1785.473s][info ][safepoint      ] Entering safepoint region: Cleanup
[1785.473s][info ][safepoint      ] Leaving safepoint region
[1785.473s][info ][safepoint      ] Total time for which application threads were stopped: 0.0000821 seconds, Stopping threads took: 0.0000165 seconds
[1792.474s][info ][safepoint      ] Application time: 7.0007358 seconds
[1792.474s][info ][safepoint      ] Entering safepoint region: Cleanup
[1792.474s][info ][safepoint      ] Leaving safepoint region
[1792.474s][info ][safepoint      ] Total time for which application threads were stopped: 0.0000825 seconds, Stopping threads took: 0.0000177 seconds
[1806.475s][info ][safepoint      ] Application time: 14.0011974 seconds
[1806.475s][info ][safepoint      ] Entering safepoint region: Cleanup
[1806.475s][info ][safepoint      ] Leaving safepoint region
[1806.475s][info ][safepoint      ] Total time for which application threads were stopped: 0.0001189 seconds, Stopping threads took: 0.0000336 seconds
[1808.475s][info ][safepoint      ] Application time: 2.0002593 seconds
[1808.475s][info ][safepoint      ] Entering safepoint region: Cleanup
[1808.475s][info ][safepoint      ] Leaving safepoint region
[1808.475s][info ][safepoint      ] Total time for which application threads were stopped: 0.0000833 seconds, Stopping threads took: 0.0000174 seconds
[1811.476s][info ][safepoint      ] Application time: 3.0002531 seconds
[1811.476s][info ][safepoint      ] Entering safepoint region: Cleanup
[1811.476s][info ][safepoint      ] Leaving safepoint region
[1811.476s][info ][safepoint      ] Total time for which application threads were stopped: 0.0001237 seconds, Stopping threads took: 0.0000192 seconds
[1813.476s][info ][safepoint      ] Application time: 2.0001760 seconds
[1813.476s][info ][safepoint      ] Entering safepoint region: Cleanup
[1813.476s][info ][safepoint      ] Leaving safepoint region
[1813.476s][info ][safepoint      ] Total time for which application threads were stopped: 0.0001281 seconds, Stopping threads took: 0.0000190 seconds
[1816.476s][info ][safepoint      ] Application time: 3.0002781 seconds
[1816.477s][info ][safepoint      ] Entering safepoint region: Cleanup
[1816.477s][info ][safepoint      ] Leaving safepoint region
[1816.477s][info ][safepoint      ] Total time for which application threads were stopped: 0.0001571 seconds, Stopping threads took: 0.0000743 seconds
[1819.449s][info ][safepoint      ] Application time: 2.9721113 seconds
[1819.449s][info ][safepoint      ] Entering safepoint region: ParallelGCFailedAllocation
[1819.449s][info ][gc,start       ] GC(102) Pause Young (Allocation Failure)
[1819.464s][debug][gc,phases      ] GC(102) Scavenge 15.409ms
[1819.464s][debug][gc,ref         ] GC(102) Skipped phase1 of Reference Processing due to unavailable references
[1819.464s][debug][gc,ref         ] GC(102) Skipped phase3 of Reference Processing due to unavailable references
[1819.464s][debug][gc,phases      ] GC(102) Reference Processing 0.037ms
[1819.465s][debug][gc,phases      ] GC(102) Weak Processing 0.146ms
[1819.465s][debug][gc,phases      ] GC(102) Scrub String Table 0.440ms
[1819.465s][debug][gc,age         ] GC(102) Desired survivor size 115343360 bytes, new threshold 15 (max threshold 15)
[1819.465s][info ][gc,heap        ] GC(102) PSYoungGen: 1936672K->60464K(1935872K)
[1819.465s][info ][gc,heap        ] GC(102) ParOldGen: 310881K->310945K(384000K)
[1819.465s][info ][gc,metaspace   ] GC(102) Metaspace: 73879K->73879K(1116160K)
[1819.465s][info ][gc             ] GC(102) Pause Young (Allocation Failure) 2194M->362M(2265M) 16.197ms
[1819.465s][info ][gc,cpu         ] GC(102) User=0.06s Sys=0.00s Real=0.02s
[1819.465s][info ][safepoint      ] Leaving safepoint region
[1819.465s][info ][safepoint      ] Total time for which application threads were stopped: 0.0163781 seconds, Stopping threads took: 0.0000156 seconds
[1821.465s][info ][safepoint      ] Application time: 2.0002475 seconds
[1821.465s][info ][safepoint      ] Entering safepoint region: Cleanup
[1821.466s][info ][safepoint      ] Leaving safepoint region
[1821.466s][info ][safepoint      ] Total time for which application threads were stopped: 0.0000873 seconds, Stopping threads took: 0.0000173 seconds
[1822.466s][info ][safepoint      ] Application time: 1.0000773 seconds
[1822.466s][info ][safepoint      ] Entering safepoint region: Cleanup
[1822.466s][info ][safepoint      ] Leaving safepoint region
[1822.466s][info ][safepoint      ] Total time for which application threads were stopped: 0.0001186 seconds, Stopping threads took: 0.0000187 seconds
[1824.466s][info ][safepoint      ] Application time: 2.0002444 seconds
[1824.466s][info ][safepoint      ] Entering safepoint region: Cleanup
[1824.466s][info ][safepoint      ] Leaving safepoint region
[1824.466s][info ][safepoint      ] Total time for which application threads were stopped: 0.0000862 seconds, Stopping threads took: 0.0000184 seconds
[1827.466s][info ][safepoint      ] Application time: 3.0003021 seconds
[1827.467s][info ][safepoint      ] Entering safepoint region: Cleanup
[1827.467s][info ][safepoint      ] Leaving safepoint region
[1827.467s][info ][safepoint      ] Total time for which application threads were stopped: 0.0000892 seconds, Stopping threads took: 0.0000188 seconds
[1828.467s][info ][safepoint      ] Application time: 1.0000754 seconds
[1828.467s][info ][safepoint      ] Entering safepoint region: Cleanup
[1828.467s][info ][safepoint      ] Leaving safepoint region
[1828.467s][info ][safepoint      ] Total time for which application threads were stopped: 0.0000880 seconds, Stopping threads took: 0.0000176 seconds
[1830.467s][info ][safepoint      ] Application time: 2.0001521 seconds
[1830.467s][info ][safepoint      ] Entering safepoint region: Cleanup
[1830.467s][info ][safepoint      ] Leaving safepoint region
[1830.467s][info ][safepoint      ] Total time for which application threads were stopped: 0.0000891 seconds, Stopping threads took: 0.0000180 seconds
[1831.467s][info ][safepoint      ] Application time: 1.0001233 seconds
[1831.467s][info ][safepoint      ] Entering safepoint region: Cleanup
[1831.467s][info ][safepoint      ] Leaving safepoint region
[1831.467s][info ][safepoint      ] Total time for which application threads were stopped: 0.0000865 seconds, Stopping threads took: 0.0000176 seconds
[1832.467s][info ][safepoint      ] Application time: 1.0000861 seconds
[1832.467s][info ][safepoint      ] Entering safepoint region: Cleanup
[1832.468s][info ][safepoint      ] Leaving safepoint region
[1832.468s][info ][safepoint      ] Total time for which application threads were stopped: 0.0001335 seconds, Stopping threads took: 0.0000471 seconds
[1838.468s][info ][safepoint      ] Application time: 6.0006467 seconds
[1838.468s][info ][safepoint      ] Entering safepoint region: Cleanup
[1838.468s][info ][safepoint      ] Leaving safepoint region
[1838.468s][info ][safepoint      ] Total time for which application threads were stopped: 0.0001268 seconds, Stopping threads took: 0.0000190 seconds
[1840.469s][info ][safepoint      ] Application time: 2.0002696 seconds
[1840.469s][info ][safepoint      ] Entering safepoint region: Cleanup
[1840.469s][info ][safepoint      ] Leaving safepoint region
[1840.469s][info ][safepoint      ] Total time for which application threads were stopped: 0.0000908 seconds, Stopping threads took: 0.0000210 seconds
[1843.469s][info ][safepoint      ] Application time: 3.0003055 seconds
[1843.469s][info ][safepoint      ] Entering safepoint region: Cleanup
[1843.469s][info ][safepoint      ] Leaving safepoint region
[1843.469s][info ][safepoint      ] Total time for which application threads were stopped: 0.0001067 seconds, Stopping threads took: 0.0000186 seconds
[1848.470s][info ][safepoint      ] Application time: 5.0005709 seconds
[1848.470s][info ][safepoint      ] Entering safepoint region: Cleanup
[1848.470s][info ][safepoint      ] Leaving safepoint region
[1848.470s][info ][safepoint      ] Total time for which application threads were stopped: 0.0001045 seconds, Stopping threads took: 0.0000357 seconds
[1851.470s][info ][safepoint      ] Application time: 3.0002839 seconds
[1851.470s][info ][safepoint      ] Entering safepoint region: Cleanup
[1851.470s][info ][safepoint      ] Leaving safepoint region
[1851.470s][info ][safepoint      ] Total time for which application threads were stopped: 0.0000858 seconds, Stopping threads took: 0.0000166 seconds
[1857.471s][info ][safepoint      ] Application time: 6.0006828 seconds
[1857.471s][info ][safepoint      ] Entering safepoint region: Cleanup
[1857.471s][info ][safepoint      ] Leaving safepoint region
[1857.471s][info ][safepoint      ] Total time for which application threads were stopped: 0.0000830 seconds, Stopping threads took: 0.0000172 seconds
[1858.471s][info ][safepoint      ] Application time: 1.0000855 seconds
[1858.471s][info ][safepoint      ] Entering safepoint region: Cleanup
[1858.471s][info ][safepoint      ] Leaving safepoint region
[1858.471s][info ][safepoint      ] Total time for which application threads were stopped: 0.0001042 seconds, Stopping threads took: 0.0000180 seconds
[1859.471s][info ][safepoint      ] Application time: 1.0000840 seconds
[1859.472s][info ][safepoint      ] Entering safepoint region: Cleanup
[1859.472s][info ][safepoint      ] Leaving safepoint region
[1859.472s][info ][safepoint      ] Total time for which application threads were stopped: 0.0000857 seconds, Stopping threads took: 0.0000182 seconds
[1861.472s][info ][safepoint      ] Application time: 2.0001591 seconds
[1861.472s][info ][safepoint      ] Entering safepoint region: Cleanup
[1861.472s][info ][safepoint      ] Leaving safepoint region
[1861.472s][info ][safepoint      ] Total time for which application threads were stopped: 0.0001008 seconds, Stopping threads took: 0.0000330 seconds
[1862.908s][info ][safepoint      ] Application time: 1.4365886 seconds
[1862.909s][info ][safepoint      ] Entering safepoint region: ParallelGCFailedAllocation
[1862.909s][info ][gc,start       ] GC(103) Pause Young (Allocation Failure)
[1862.925s][debug][gc,phases      ] GC(103) Scavenge 16.594ms
[1862.925s][debug][gc,ref         ] GC(103) Skipped phase1 of Reference Processing due to unavailable references
[1862.925s][debug][gc,ref         ] GC(103) Skipped phase3 of Reference Processing due to unavailable references
[1862.925s][debug][gc,phases      ] GC(103) Reference Processing 0.038ms
[1862.926s][debug][gc,phases      ] GC(103) Weak Processing 0.140ms
[1862.926s][debug][gc,phases      ] GC(103) Scrub String Table 0.449ms
[1862.926s][debug][gc,age         ] GC(103) Desired survivor size 116391936 bytes, new threshold 15 (max threshold 15)
[1862.926s][info ][gc,heap        ] GC(103) PSYoungGen: 1935408K->63392K(1982464K)
[1862.926s][info ][gc,heap        ] GC(103) ParOldGen: 310945K->310985K(384000K)
[1862.926s][info ][gc,metaspace   ] GC(103) Metaspace: 73886K->73886K(1116160K)
[1862.926s][info ][gc             ] GC(103) Pause Young (Allocation Failure) 2193M->365M(2311M) 17.396ms
[1862.926s][info ][gc,cpu         ] GC(103) User=0.06s Sys=0.00s Real=0.02s
[1862.926s][info ][safepoint      ] Leaving safepoint region
[1862.926s][info ][safepoint      ] Total time for which application threads were stopped: 0.0175922 seconds, Stopping threads took: 0.0000169 seconds
[1863.926s][info ][safepoint      ] Application time: 1.0000945 seconds
[1863.926s][info ][safepoint      ] Entering safepoint region: Cleanup
[1863.926s][info ][safepoint      ] Leaving safepoint region
[1863.926s][info ][safepoint      ] Total time for which application threads were stopped: 0.0001157 seconds, Stopping threads took: 0.0000198 seconds
[1865.927s][info ][safepoint      ] Application time: 2.0001596 seconds
[1865.927s][info ][safepoint      ] Entering safepoint region: Cleanup
[1865.927s][info ][safepoint      ] Leaving safepoint region
[1865.927s][info ][safepoint      ] Total time for which application threads were stopped: 0.0001008 seconds, Stopping threads took: 0.0000214 seconds
[1869.927s][info ][safepoint      ] Application time: 4.0003272 seconds
[1869.927s][info ][safepoint      ] Entering safepoint region: Cleanup
[1869.927s][info ][safepoint      ] Leaving safepoint region
[1869.927s][info ][safepoint      ] Total time for which application threads were stopped: 0.0001172 seconds, Stopping threads took: 0.0000218 seconds
[1873.045s][info ][safepoint      ] Application time: 3.1177135 seconds
[1873.045s][info ][safepoint      ] Entering safepoint region: BulkRevokeBias
[1873.046s][info ][safepoint      ] Leaving safepoint region
[1873.046s][info ][safepoint      ] Total time for which application threads were stopped: 0.0008290 seconds, Stopping threads took: 0.0000192 seconds
[1879.046s][info ][safepoint      ] Application time: 6.0004530 seconds
[1879.046s][info ][safepoint      ] Entering safepoint region: Cleanup
[1879.046s][info ][safepoint      ] Leaving safepoint region
[1879.046s][info ][safepoint      ] Total time for which application threads were stopped: 0.0001356 seconds, Stopping threads took: 0.0000321 seconds
[1880.046s][info ][safepoint      ] Application time: 1.0000877 seconds
[1880.047s][info ][safepoint      ] Entering safepoint region: Cleanup
[1880.047s][info ][safepoint      ] Leaving safepoint region
[1880.047s][info ][safepoint      ] Total time for which application threads were stopped: 0.0000910 seconds, Stopping threads took: 0.0000203 seconds
[1881.047s][info ][safepoint      ] Application time: 1.0000743 seconds
[1881.047s][info ][safepoint      ] Entering safepoint region: Cleanup
[1881.047s][info ][safepoint      ] Leaving safepoint region
[1881.047s][info ][safepoint      ] Total time for which application threads were stopped: 0.0001374 seconds, Stopping threads took: 0.0000534 seconds
[1884.047s][info ][safepoint      ] Application time: 3.0002598 seconds
[1884.047s][info ][safepoint      ] Entering safepoint region: Cleanup
[1884.047s][info ][safepoint      ] Leaving safepoint region
[1884.047s][info ][safepoint      ] Total time for which application threads were stopped: 0.0001083 seconds, Stopping threads took: 0.0000201 seconds
[1887.048s][info ][safepoint      ] Application time: 3.0002786 seconds
[1887.048s][info ][safepoint      ] Entering safepoint region: Cleanup
[1887.048s][info ][safepoint      ] Leaving safepoint region
[1887.048s][info ][safepoint      ] Total time for which application threads were stopped: 0.0000966 seconds, Stopping threads took: 0.0000206 seconds
[1888.048s][info ][safepoint      ] Application time: 1.0000836 seconds
[1888.048s][info ][safepoint      ] Entering safepoint region: Cleanup
[1888.048s][info ][safepoint      ] Leaving safepoint region
[1888.048s][info ][safepoint      ] Total time for which application threads were stopped: 0.0000983 seconds, Stopping threads took: 0.0000236 seconds
[1891.048s][info ][safepoint      ] Application time: 3.0002603 seconds
[1891.048s][info ][safepoint      ] Entering safepoint region: Cleanup
[1891.048s][info ][safepoint      ] Leaving safepoint region
[1891.048s][info ][safepoint      ] Total time for which application threads were stopped: 0.0000931 seconds, Stopping threads took: 0.0000196 seconds
[1899.257s][info ][safepoint      ] Application time: 8.2085713 seconds
[1899.257s][info ][safepoint      ] Entering safepoint region: ParallelGCFailedAllocation
[1899.257s][info ][gc,start       ] GC(104) Pause Young (Allocation Failure)
[1899.273s][debug][gc,phases      ] GC(104) Scavenge 15.889ms
[1899.273s][debug][gc,ref         ] GC(104) Skipped phase1 of Reference Processing due to unavailable references
[1899.273s][debug][gc,ref         ] GC(104) Skipped phase3 of Reference Processing due to unavailable references
[1899.273s][debug][gc,phases      ] GC(104) Reference Processing 0.039ms
[1899.273s][debug][gc,phases      ] GC(104) Weak Processing 0.261ms
[1899.274s][debug][gc,phases      ] GC(104) Scrub String Table 0.874ms
[1899.274s][debug][gc,age         ] GC(104) Desired survivor size 117440512 bytes, new threshold 15 (max threshold 15)
[1899.274s][info ][gc,heap        ] GC(104) PSYoungGen: 1933216K->63440K(1933312K)
[1899.274s][info ][gc,heap        ] GC(104) ParOldGen: 310985K->311065K(384000K)
[1899.274s][info ][gc,metaspace   ] GC(104) Metaspace: 73896K->73896K(1116160K)
[1899.274s][info ][gc             ] GC(104) Pause Young (Allocation Failure) 2191M->365M(2263M) 17.228ms
[1899.274s][info ][gc,cpu         ] GC(104) User=0.07s Sys=0.00s Real=0.02s
[1899.274s][info ][safepoint      ] Leaving safepoint region
[1899.274s][info ][safepoint      ] Total time for which application threads were stopped: 0.0174704 seconds, Stopping threads took: 0.0000699 seconds
[1911.275s][info ][safepoint      ] Application time: 12.0009296 seconds
[1911.275s][info ][safepoint      ] Entering safepoint region: Cleanup
[1911.276s][info ][safepoint      ] Leaving safepoint region
[1911.276s][info ][safepoint      ] Total time for which application threads were stopped: 0.0001231 seconds, Stopping threads took: 0.0000466 seconds
[1919.277s][info ][safepoint      ] Application time: 8.0012581 seconds
[1919.277s][info ][safepoint      ] Entering safepoint region: Cleanup
[1919.277s][info ][safepoint      ] Leaving safepoint region
[1919.277s][info ][safepoint      ] Total time for which application threads were stopped: 0.0000893 seconds, Stopping threads took: 0.0000177 seconds
[1920.277s][info ][safepoint      ] Application time: 1.0001159 seconds
[1920.277s][info ][safepoint      ] Entering safepoint region: Cleanup
[1920.277s][info ][safepoint      ] Leaving safepoint region
[1920.277s][info ][safepoint      ] Total time for which application threads were stopped: 0.0000889 seconds, Stopping threads took: 0.0000186 seconds
[1930.278s][info ][safepoint      ] Application time: 10.0010482 seconds
[1930.278s][info ][safepoint      ] Entering safepoint region: Cleanup
[1930.278s][info ][safepoint      ] Leaving safepoint region
[1930.278s][info ][safepoint      ] Total time for which application threads were stopped: 0.0000928 seconds, Stopping threads took: 0.0000193 seconds
[1937.513s][info ][safepoint      ] Application time: 7.2349352 seconds
[1937.513s][info ][safepoint      ] Entering safepoint region: ParallelGCFailedAllocation
[1937.513s][info ][gc,start       ] GC(105) Pause Young (Allocation Failure)
[1937.530s][debug][gc,phases      ] GC(105) Scavenge 16.831ms
[1937.530s][debug][gc,ref         ] GC(105) Skipped phase1 of Reference Processing due to unavailable references
[1937.530s][debug][gc,ref         ] GC(105) Skipped phase3 of Reference Processing due to unavailable references
[1937.530s][debug][gc,phases      ] GC(105) Reference Processing 0.040ms
[1937.531s][debug][gc,phases      ] GC(105) Weak Processing 0.267ms
[1937.531s][debug][gc,phases      ] GC(105) Scrub String Table 0.776ms
[1937.532s][debug][gc,age         ] GC(105) Desired survivor size 117440512 bytes, new threshold 15 (max threshold 15)
[1937.532s][info ][gc,heap        ] GC(105) PSYoungGen: 1933264K->63440K(1982464K)
[1937.532s][info ][gc,heap        ] GC(105) ParOldGen: 311065K->311361K(384000K)
[1937.532s][info ][gc,metaspace   ] GC(105) Metaspace: 73900K->73900K(1116160K)
[1937.532s][info ][gc             ] GC(105) Pause Young (Allocation Failure) 2191M->366M(2311M) 18.074ms
[1937.532s][info ][gc,cpu         ] GC(105) User=0.07s Sys=0.00s Real=0.01s
[1937.532s][info ][safepoint      ] Leaving safepoint region
[1937.532s][info ][safepoint      ] Total time for which application threads were stopped: 0.0183137 seconds, Stopping threads took: 0.0000186 seconds
[1938.745s][info ][safepoint      ] Application time: 1.2135793 seconds
[1938.745s][info ][safepoint      ] Entering safepoint region: RevokeBias
[1938.745s][info ][safepoint      ] Leaving safepoint region
[1938.745s][info ][safepoint      ] Total time for which application threads were stopped: 0.0001032 seconds, Stopping threads took: 0.0000176 seconds
[1942.746s][info ][safepoint      ] Application time: 4.0005045 seconds
[1942.746s][info ][safepoint      ] Entering safepoint region: Cleanup
[1942.746s][info ][safepoint      ] Leaving safepoint region
[1942.746s][info ][safepoint      ] Total time for which application threads were stopped: 0.0001054 seconds, Stopping threads took: 0.0000357 seconds
[1943.746s][info ][safepoint      ] Application time: 1.0000832 seconds
[1943.746s][info ][safepoint      ] Entering safepoint region: Cleanup
[1943.746s][info ][safepoint      ] Leaving safepoint region
[1943.746s][info ][safepoint      ] Total time for which application threads were stopped: 0.0000925 seconds, Stopping threads took: 0.0000193 seconds
[1956.349s][info ][safepoint      ] Application time: 12.6022365 seconds
[1956.349s][info ][safepoint      ] Entering safepoint region: RevokeBias
[1956.349s][info ][safepoint      ] Leaving safepoint region
[1956.349s][info ][safepoint      ] Total time for which application threads were stopped: 0.0001133 seconds, Stopping threads took: 0.0000337 seconds
[1974.351s][info ][safepoint      ] Application time: 18.0023529 seconds
[1974.351s][info ][safepoint      ] Entering safepoint region: Cleanup
[1974.351s][info ][safepoint      ] Leaving safepoint region
[1974.351s][info ][safepoint      ] Total time for which application threads were stopped: 0.0000817 seconds, Stopping threads took: 0.0000173 seconds
[1976.085s][info ][safepoint      ] Application time: 1.7337199 seconds
[1976.085s][info ][safepoint      ] Entering safepoint region: ParallelGCFailedAllocation
[1976.085s][info ][gc,start       ] GC(106) Pause Young (Allocation Failure)
[1976.100s][debug][gc,phases      ] GC(106) Scavenge 15.340ms
[1976.100s][debug][gc,ref         ] GC(106) Skipped phase1 of Reference Processing due to unavailable references
[1976.100s][debug][gc,ref         ] GC(106) Skipped phase3 of Reference Processing due to unavailable references
[1976.101s][debug][gc,phases      ] GC(106) Reference Processing 0.042ms
[1976.101s][debug][gc,phases      ] GC(106) Weak Processing 0.294ms
[1976.101s][debug][gc,phases      ] GC(106) Scrub String Table 0.668ms
[1976.102s][debug][gc,age         ] GC(106) Desired survivor size 116916224 bytes, new threshold 15 (max threshold 15)
[1976.102s][info ][gc,heap        ] GC(106) PSYoungGen: 1931216K->63664K(1982464K)
[1976.102s][info ][gc,heap        ] GC(106) ParOldGen: 311361K->311457K(384000K)
[1976.102s][info ][gc,metaspace   ] GC(106) Metaspace: 73913K->73913K(1116160K)
[1976.102s][info ][gc             ] GC(106) Pause Young (Allocation Failure) 2190M->366M(2311M) 16.511ms
[1976.102s][info ][gc,cpu         ] GC(106) User=0.06s Sys=0.00s Real=0.02s
[1976.102s][info ][safepoint      ] Leaving safepoint region
[1976.102s][info ][safepoint      ] Total time for which application threads were stopped: 0.0167164 seconds, Stopping threads took: 0.0000590 seconds
[1980.102s][info ][safepoint      ] Application time: 4.0003660 seconds
[1980.102s][info ][safepoint      ] Entering safepoint region: Cleanup
[1980.102s][info ][safepoint      ] Leaving safepoint region
[1980.102s][info ][safepoint      ] Total time for which application threads were stopped: 0.0001443 seconds, Stopping threads took: 0.0000774 seconds
[1983.103s][info ][safepoint      ] Application time: 3.0003737 seconds
[1983.103s][info ][safepoint      ] Entering safepoint region: Cleanup
[1983.103s][info ][safepoint      ] Leaving safepoint region
[1983.103s][info ][safepoint      ] Total time for which application threads were stopped: 0.0001751 seconds, Stopping threads took: 0.0001046 seconds
[1991.105s][info ][safepoint      ] Application time: 8.0019628 seconds
[1991.105s][info ][safepoint      ] Entering safepoint region: Cleanup
[1991.105s][info ][safepoint      ] Leaving safepoint region
[1991.105s][info ][safepoint      ] Total time for which application threads were stopped: 0.0001782 seconds, Stopping threads took: 0.0001049 seconds
[1997.106s][info ][safepoint      ] Application time: 6.0006084 seconds
[1997.106s][info ][safepoint      ] Entering safepoint region: Cleanup
[1997.106s][info ][safepoint      ] Leaving safepoint region
[1997.106s][info ][safepoint      ] Total time for which application threads were stopped: 0.0001577 seconds, Stopping threads took: 0.0000720 seconds
[1999.106s][info ][safepoint      ] Application time: 2.0002639 seconds
[1999.106s][info ][safepoint      ] Entering safepoint region: Cleanup
[1999.106s][info ][safepoint      ] Leaving safepoint region
[1999.106s][info ][safepoint      ] Total time for which application threads were stopped: 0.0001443 seconds, Stopping threads took: 0.0000625 seconds
[2014.907s][info ][safepoint      ] Application time: 15.8003510 seconds
[2014.907s][info ][safepoint      ] Entering safepoint region: ParallelGCFailedAllocation
[2014.907s][info ][gc,start       ] GC(107) Pause Young (Allocation Failure)
[2014.924s][debug][gc,phases      ] GC(107) Scavenge 16.985ms
[2014.924s][debug][gc,ref         ] GC(107) Skipped phase1 of Reference Processing due to unavailable references
[2014.924s][debug][gc,ref         ] GC(107) Skipped phase3 of Reference Processing due to unavailable references
[2014.924s][debug][gc,ref         ] GC(107) Skipped phase4 of Reference Processing due to unavailable references
[2014.924s][debug][gc,phases      ] GC(107) Reference Processing 0.042ms
[2014.924s][debug][gc,phases      ] GC(107) Weak Processing 0.164ms
[2014.925s][debug][gc,phases      ] GC(107) Scrub String Table 0.470ms
[2014.925s][debug][gc,age         ] GC(107) Desired survivor size 115867648 bytes, new threshold 15 (max threshold 15)
[2014.925s][info ][gc,heap        ] GC(107) PSYoungGen: 1931440K->63376K(1984000K)
[2014.925s][info ][gc,heap        ] GC(107) ParOldGen: 311457K->311673K(384000K)
[2014.925s][info ][gc,metaspace   ] GC(107) Metaspace: 73917K->73917K(1116160K)
[2014.925s][info ][gc             ] GC(107) Pause Young (Allocation Failure) 2190M->366M(2312M) 17.837ms
[2014.925s][info ][gc,cpu         ] GC(107) User=0.07s Sys=0.00s Real=0.02s
[2014.925s][info ][safepoint      ] Leaving safepoint region
[2014.925s][info ][safepoint      ] Total time for which application threads were stopped: 0.0180756 seconds, Stopping threads took: 0.0000171 seconds
[2042.928s][info ][safepoint      ] Application time: 28.0034890 seconds
[2042.928s][info ][safepoint      ] Entering safepoint region: Cleanup
[2042.928s][info ][safepoint      ] Leaving safepoint region
[2042.928s][info ][safepoint      ] Total time for which application threads were stopped: 0.0001124 seconds, Stopping threads took: 0.0000170 seconds
[2052.665s][info ][safepoint      ] Application time: 9.7365908 seconds
[2052.665s][info ][safepoint      ] Entering safepoint region: ParallelGCFailedAllocation
[2052.665s][info ][gc,start       ] GC(108) Pause Young (Allocation Failure)
[2052.681s][debug][gc,phases      ] GC(108) Scavenge 15.621ms
[2052.681s][debug][gc,ref         ] GC(108) Skipped phase1 of Reference Processing due to unavailable references
[2052.681s][debug][gc,ref         ] GC(108) Skipped phase3 of Reference Processing due to unavailable references
[2052.681s][debug][gc,ref         ] GC(108) Skipped phase4 of Reference Processing due to unavailable references
[2052.681s][debug][gc,phases      ] GC(108) Reference Processing 0.046ms
[2052.681s][debug][gc,phases      ] GC(108) Weak Processing 0.141ms
[2052.682s][debug][gc,phases      ] GC(108) Scrub String Table 0.497ms
[2052.682s][debug][gc,age         ] GC(108) Desired survivor size 114294784 bytes, new threshold 15 (max threshold 15)
[2052.682s][info ][gc,heap        ] GC(108) PSYoungGen: 1933200K->62528K(1982976K)
[2052.682s][info ][gc,heap        ] GC(108) ParOldGen: 311673K->312289K(384000K)
[2052.682s][info ][gc,metaspace   ] GC(108) Metaspace: 73918K->73918K(1116160K)
[2052.682s][info ][gc             ] GC(108) Pause Young (Allocation Failure) 2192M->366M(2311M) 16.504ms
[2052.682s][info ][gc,cpu         ] GC(108) User=0.06s Sys=0.00s Real=0.02s
[2052.682s][info ][safepoint      ] Leaving safepoint region
[2052.682s][info ][safepoint      ] Total time for which application threads were stopped: 0.0167134 seconds, Stopping threads took: 0.0000171 seconds
[2064.683s][info ][safepoint      ] Application time: 12.0016967 seconds
[2064.683s][info ][safepoint      ] Entering safepoint region: Cleanup
[2064.684s][info ][safepoint      ] Leaving safepoint region
[2064.684s][info ][safepoint      ] Total time for which application threads were stopped: 0.0001035 seconds, Stopping threads took: 0.0000160 seconds
[2067.684s][info ][safepoint      ] Application time: 3.0006941 seconds
[2067.684s][info ][safepoint      ] Entering safepoint region: Cleanup
[2067.684s][info ][safepoint      ] Leaving safepoint region
[2067.684s][info ][safepoint      ] Total time for which application threads were stopped: 0.0000851 seconds, Stopping threads took: 0.0000178 seconds
[2068.684s][info ][safepoint      ] Application time: 1.0000918 seconds
[2068.685s][info ][safepoint      ] Entering safepoint region: Cleanup
[2068.685s][info ][safepoint      ] Leaving safepoint region
[2068.685s][info ][safepoint      ] Total time for which application threads were stopped: 0.0001167 seconds, Stopping threads took: 0.0000198 seconds
[2072.685s][info ][safepoint      ] Application time: 4.0003881 seconds
[2072.685s][info ][safepoint      ] Entering safepoint region: Cleanup
[2072.685s][info ][safepoint      ] Leaving safepoint region
[2072.685s][info ][safepoint      ] Total time for which application threads were stopped: 0.0001262 seconds, Stopping threads took: 0.0000172 seconds
[2076.686s][info ][safepoint      ] Application time: 4.0004103 seconds
[2076.686s][info ][safepoint      ] Entering safepoint region: Cleanup
[2076.686s][info ][safepoint      ] Leaving safepoint region
[2076.686s][info ][safepoint      ] Total time for which application threads were stopped: 0.0001109 seconds, Stopping threads took: 0.0000167 seconds
[2081.686s][info ][safepoint      ] Application time: 5.0005616 seconds
[2081.686s][info ][safepoint      ] Entering safepoint region: Cleanup
[2081.686s][info ][safepoint      ] Leaving safepoint region
[2081.686s][info ][safepoint      ] Total time for which application threads were stopped: 0.0000878 seconds, Stopping threads took: 0.0000161 seconds
[2084.360s][info ][safepoint      ] Application time: 2.6734748 seconds
[2084.360s][info ][safepoint      ] Entering safepoint region: Deoptimize
[2084.362s][info ][safepoint      ] Leaving safepoint region
[2084.362s][info ][safepoint      ] Total time for which application threads were stopped: 0.0021999 seconds, Stopping threads took: 0.0000160 seconds
[2085.362s][info ][safepoint      ] Application time: 1.0001190 seconds
[2085.362s][info ][safepoint      ] Entering safepoint region: Cleanup
[2085.362s][info ][safepoint      ] Leaving safepoint region
[2085.362s][info ][safepoint      ] Total time for which application threads were stopped: 0.0001611 seconds, Stopping threads took: 0.0000690 seconds
[2086.469s][info ][safepoint      ] Application time: 1.1067137 seconds
[2086.469s][info ][safepoint      ] Entering safepoint region: ParallelGCFailedAllocation
[2086.469s][info ][gc,start       ] GC(109) Pause Young (Allocation Failure)
[2086.486s][debug][gc,phases      ] GC(109) Scavenge 16.139ms
[2086.486s][debug][gc,ref         ] GC(109) Skipped phase1 of Reference Processing due to unavailable references
[2086.486s][debug][gc,ref         ] GC(109) Skipped phase3 of Reference Processing due to unavailable references
[2086.486s][debug][gc,phases      ] GC(109) Reference Processing 0.038ms
[2086.486s][debug][gc,phases      ] GC(109) Weak Processing 0.134ms
[2086.486s][debug][gc,phases      ] GC(109) Scrub String Table 0.535ms
[2086.486s][debug][gc,age         ] GC(109) Desired survivor size 112721920 bytes, new threshold 15 (max threshold 15)
[2086.486s][info ][gc,heap        ] GC(109) PSYoungGen: 1932352K->62672K(1987072K)
[2086.486s][info ][gc,heap        ] GC(109) ParOldGen: 312289K->313017K(384000K)
[2086.486s][info ][gc,metaspace   ] GC(109) Metaspace: 73984K->73984K(1116160K)
[2086.486s][info ][gc             ] GC(109) Pause Young (Allocation Failure) 2192M->366M(2315M) 17.022ms
[2086.486s][info ][gc,cpu         ] GC(109) User=0.06s Sys=0.00s Real=0.02s
[2086.486s][info ][safepoint      ] Leaving safepoint region
[2086.486s][info ][safepoint      ] Total time for which application threads were stopped: 0.0172339 seconds, Stopping threads took: 0.0000460 seconds
[2091.487s][info ][safepoint      ] Application time: 5.0004789 seconds
[2091.487s][info ][safepoint      ] Entering safepoint region: Cleanup
[2091.487s][info ][safepoint      ] Leaving safepoint region
[2091.487s][info ][safepoint      ] Total time for which application threads were stopped: 0.0001086 seconds, Stopping threads took: 0.0000155 seconds
[2093.487s][info ][safepoint      ] Application time: 2.0002287 seconds
[2093.487s][info ][safepoint      ] Entering safepoint region: Cleanup
[2093.488s][info ][safepoint      ] Leaving safepoint region
[2093.488s][info ][safepoint      ] Total time for which application threads were stopped: 0.0001418 seconds, Stopping threads took: 0.0000658 seconds
[2097.488s][info ][safepoint      ] Application time: 4.0003954 seconds
[2097.488s][info ][safepoint      ] Entering safepoint region: Cleanup
[2097.488s][info ][safepoint      ] Leaving safepoint region
[2097.488s][info ][safepoint      ] Total time for which application threads were stopped: 0.0000907 seconds, Stopping threads took: 0.0000178 seconds
[2099.488s][info ][safepoint      ] Application time: 2.0002223 seconds
[2099.488s][info ][safepoint      ] Entering safepoint region: Cleanup
[2099.488s][info ][safepoint      ] Leaving safepoint region
[2099.488s][info ][safepoint      ] Total time for which application threads were stopped: 0.0001224 seconds, Stopping threads took: 0.0000166 seconds
[2100.489s][info ][safepoint      ] Application time: 1.0000985 seconds
[2100.489s][info ][safepoint      ] Entering safepoint region: Cleanup
[2100.489s][info ][safepoint      ] Leaving safepoint region
[2100.489s][info ][safepoint      ] Total time for which application threads were stopped: 0.0000890 seconds, Stopping threads took: 0.0000189 seconds
[2101.489s][info ][safepoint      ] Application time: 1.0000774 seconds
[2101.489s][info ][safepoint      ] Entering safepoint region: Cleanup
[2101.489s][info ][safepoint      ] Leaving safepoint region
[2101.489s][info ][safepoint      ] Total time for which application threads were stopped: 0.0000960 seconds, Stopping threads took: 0.0000188 seconds
[2103.489s][info ][safepoint      ] Application time: 2.0002471 seconds
[2103.489s][info ][safepoint      ] Entering safepoint region: Cleanup
[2103.489s][info ][safepoint      ] Leaving safepoint region
[2103.489s][info ][safepoint      ] Total time for which application threads were stopped: 0.0000908 seconds, Stopping threads took: 0.0000185 seconds
[2104.489s][info ][safepoint      ] Application time: 1.0001239 seconds
[2104.489s][info ][safepoint      ] Entering safepoint region: Cleanup
[2104.490s][info ][safepoint      ] Leaving safepoint region
[2104.490s][info ][safepoint      ] Total time for which application threads were stopped: 0.0000924 seconds, Stopping threads took: 0.0000187 seconds
[2106.490s][info ][safepoint      ] Application time: 2.0002302 seconds
[2106.490s][info ][safepoint      ] Entering safepoint region: Cleanup
[2106.490s][info ][safepoint      ] Leaving safepoint region
[2106.490s][info ][safepoint      ] Total time for which application threads were stopped: 0.0000990 seconds, Stopping threads took: 0.0000165 seconds
[2113.491s][info ][safepoint      ] Application time: 7.0007224 seconds
[2113.491s][info ][safepoint      ] Entering safepoint region: Cleanup
[2113.491s][info ][safepoint      ] Leaving safepoint region
[2113.491s][info ][safepoint      ] Total time for which application threads were stopped: 0.0001189 seconds, Stopping threads took: 0.0000197 seconds
[2116.491s][info ][safepoint      ] Application time: 3.0003404 seconds
[2116.491s][info ][safepoint      ] Entering safepoint region: Cleanup
[2116.491s][info ][safepoint      ] Leaving safepoint region
[2116.491s][info ][safepoint      ] Total time for which application threads were stopped: 0.0000922 seconds, Stopping threads took: 0.0000197 seconds
[2116.956s][info ][safepoint      ] Application time: 0.4651706 seconds
[2116.957s][info ][safepoint      ] Entering safepoint region: ParallelGCFailedAllocation
[2116.957s][info ][gc,start       ] GC(110) Pause Young (Allocation Failure)
[2116.972s][debug][gc,phases      ] GC(110) Scavenge 15.538ms
[2116.972s][debug][gc,ref         ] GC(110) Skipped phase1 of Reference Processing due to unavailable references
[2116.972s][debug][gc,ref         ] GC(110) Skipped phase3 of Reference Processing due to unavailable references
[2116.972s][debug][gc,phases      ] GC(110) Reference Processing 0.043ms
[2116.972s][debug][gc,phases      ] GC(110) Weak Processing 0.154ms
[2116.973s][debug][gc,phases      ] GC(110) Scrub String Table 0.530ms
[2116.973s][debug][gc,age         ] GC(110) Desired survivor size 110100480 bytes, new threshold 15 (max threshold 15)
[2116.973s][info ][gc,heap        ] GC(110) PSYoungGen: 1938128K->61040K(1985536K)
[2116.973s][info ][gc,heap        ] GC(110) ParOldGen: 313017K->314490K(384000K)
[2116.973s][info ][gc,metaspace   ] GC(110) Metaspace: 74122K->74122K(1116160K)
[2116.973s][info ][gc             ] GC(110) Pause Young (Allocation Failure) 2198M->366M(2314M) 16.419ms
[2116.973s][info ][gc,cpu         ] GC(110) User=0.06s Sys=0.00s Real=0.02s
[2116.973s][info ][safepoint      ] Leaving safepoint region
[2116.973s][info ][safepoint      ] Total time for which application threads were stopped: 0.0166786 seconds, Stopping threads took: 0.0000587 seconds
[2127.974s][info ][safepoint      ] Application time: 11.0012639 seconds
[2127.974s][info ][safepoint      ] Entering safepoint region: Cleanup
[2127.975s][info ][safepoint      ] Leaving safepoint region
[2127.975s][info ][safepoint      ] Total time for which application threads were stopped: 0.0000901 seconds, Stopping threads took: 0.0000190 seconds
[2133.975s][info ][safepoint      ] Application time: 6.0006973 seconds
[2133.975s][info ][safepoint      ] Entering safepoint region: Cleanup
[2133.975s][info ][safepoint      ] Leaving safepoint region
[2133.975s][info ][safepoint      ] Total time for which application threads were stopped: 0.0000928 seconds, Stopping threads took: 0.0000195 seconds
[2141.976s][info ][safepoint      ] Application time: 8.0008878 seconds
[2141.976s][info ][safepoint      ] Entering safepoint region: Cleanup
[2141.976s][info ][safepoint      ] Leaving safepoint region
[2141.976s][info ][safepoint      ] Total time for which application threads were stopped: 0.0001527 seconds, Stopping threads took: 0.0000367 seconds
[2142.977s][info ][safepoint      ] Application time: 1.0001411 seconds
[2142.977s][info ][safepoint      ] Entering safepoint region: Cleanup
[2142.977s][info ][safepoint      ] Leaving safepoint region
[2142.977s][info ][safepoint      ] Total time for which application threads were stopped: 0.0000977 seconds, Stopping threads took: 0.0000200 seconds
[2146.977s][info ][safepoint      ] Application time: 4.0004545 seconds
[2146.977s][info ][safepoint      ] Entering safepoint region: Cleanup
[2146.977s][info ][safepoint      ] Leaving safepoint region
[2146.977s][info ][safepoint      ] Total time for which application threads were stopped: 0.0000939 seconds, Stopping threads took: 0.0000200 seconds
[2148.956s][info ][safepoint      ] Application time: 1.9784160 seconds
[2148.956s][info ][safepoint      ] Entering safepoint region: ParallelGCFailedAllocation
[2148.956s][info ][gc,start       ] GC(111) Pause Young (Allocation Failure)
[2148.981s][debug][gc,phases      ] GC(111) Scavenge 24.679ms
[2148.981s][debug][gc,ref         ] GC(111) Skipped phase1 of Reference Processing due to unavailable references
[2148.981s][debug][gc,ref         ] GC(111) Skipped phase3 of Reference Processing due to unavailable references
[2148.981s][debug][gc,phases      ] GC(111) Reference Processing 0.042ms
[2148.981s][debug][gc,phases      ] GC(111) Weak Processing 0.292ms
[2148.982s][debug][gc,phases      ] GC(111) Scrub String Table 0.916ms
[2148.982s][debug][gc,age         ] GC(111) Desired survivor size 108527616 bytes, new threshold 15 (max threshold 15)
[2148.982s][info ][gc,heap        ] GC(111) PSYoungGen: 1936496K->30688K(1991168K)
[2148.982s][info ][gc,heap        ] GC(111) ParOldGen: 314490K->349151K(384000K)
[2148.982s][info ][gc,metaspace   ] GC(111) Metaspace: 74129K->74129K(1116160K)
[2148.982s][info ][gc             ] GC(111) Pause Young (Allocation Failure) 2198M->370M(2319M) 26.112ms
[2148.982s][info ][gc,cpu         ] GC(111) User=0.08s Sys=0.02s Real=0.03s
[2148.982s][info ][safepoint      ] Leaving safepoint region
[2148.982s][info ][safepoint      ] Total time for which application threads were stopped: 0.0263596 seconds, Stopping threads took: 0.0000585 seconds
[2152.983s][info ][safepoint      ] Application time: 4.0005365 seconds
[2152.983s][info ][safepoint      ] Entering safepoint region: Cleanup
[2152.983s][info ][safepoint      ] Leaving safepoint region
[2152.983s][info ][safepoint      ] Total time for which application threads were stopped: 0.0000940 seconds, Stopping threads took: 0.0000197 seconds
[2157.626s][info ][safepoint      ] Application time: 4.6429472 seconds
[2157.626s][info ][safepoint      ] Entering safepoint region: RevokeBias
[2157.626s][info ][safepoint      ] Leaving safepoint region
[2157.626s][info ][safepoint      ] Total time for which application threads were stopped: 0.0001165 seconds, Stopping threads took: 0.0000155 seconds
[2157.627s][info ][safepoint      ] Application time: 0.0005196 seconds
[2157.627s][info ][safepoint      ] Entering safepoint region: RevokeBias
[2157.627s][info ][safepoint      ] Leaving safepoint region
[2157.627s][info ][safepoint      ] Total time for which application threads were stopped: 0.0000679 seconds, Stopping threads took: 0.0000106 seconds
[2157.627s][info ][safepoint      ] Application time: 0.0000458 seconds
[2157.627s][info ][safepoint      ] Entering safepoint region: RevokeBias
[2157.627s][info ][safepoint      ] Leaving safepoint region
[2157.627s][info ][safepoint      ] Total time for which application threads were stopped: 0.0000422 seconds, Stopping threads took: 0.0000067 seconds
[2158.627s][info ][safepoint      ] Application time: 1.0000764 seconds
[2158.627s][info ][safepoint      ] Entering safepoint region: Cleanup
[2158.627s][info ][safepoint      ] Leaving safepoint region
[2158.627s][info ][safepoint      ] Total time for which application threads were stopped: 0.0002740 seconds, Stopping threads took: 0.0000197 seconds
[2159.627s][info ][safepoint      ] Application time: 1.0000843 seconds
[2159.627s][info ][safepoint      ] Entering safepoint region: Cleanup
[2159.628s][info ][safepoint      ] Leaving safepoint region
[2159.628s][info ][safepoint      ] Total time for which application threads were stopped: 0.0001207 seconds, Stopping threads took: 0.0000188 seconds
[2160.628s][info ][safepoint      ] Application time: 1.0001252 seconds
[2160.628s][info ][safepoint      ] Entering safepoint region: Cleanup
[2160.628s][info ][safepoint      ] Leaving safepoint region
[2160.628s][info ][safepoint      ] Total time for which application threads were stopped: 0.0001073 seconds, Stopping threads took: 0.0000190 seconds
[2162.628s][info ][safepoint      ] Application time: 2.0002420 seconds
[2162.628s][info ][safepoint      ] Entering safepoint region: Cleanup
[2162.628s][info ][safepoint      ] Leaving safepoint region
[2162.628s][info ][safepoint      ] Total time for which application threads were stopped: 0.0000913 seconds, Stopping threads took: 0.0000192 seconds
[2164.628s][info ][safepoint      ] Application time: 2.0002028 seconds
[2164.628s][info ][safepoint      ] Entering safepoint region: Cleanup
[2164.629s][info ][safepoint      ] Leaving safepoint region
[2164.629s][info ][safepoint      ] Total time for which application threads were stopped: 0.0001086 seconds, Stopping threads took: 0.0000172 seconds
[2165.629s][info ][safepoint      ] Application time: 1.0000994 seconds
[2165.629s][info ][safepoint      ] Entering safepoint region: Cleanup
[2165.629s][info ][safepoint      ] Leaving safepoint region
[2165.629s][info ][safepoint      ] Total time for which application threads were stopped: 0.0001645 seconds, Stopping threads took: 0.0000656 seconds
[2166.629s][info ][safepoint      ] Application time: 1.0001319 seconds
[2166.629s][info ][safepoint      ] Entering safepoint region: Cleanup
[2166.629s][info ][safepoint      ] Leaving safepoint region
[2166.629s][info ][safepoint      ] Total time for which application threads were stopped: 0.0001168 seconds, Stopping threads took: 0.0000185 seconds
[2172.630s][info ][safepoint      ] Application time: 6.0006352 seconds
[2172.630s][info ][safepoint      ] Entering safepoint region: Cleanup
[2172.630s][info ][safepoint      ] Leaving safepoint region
[2172.630s][info ][safepoint      ] Total time for which application threads were stopped: 0.0001064 seconds, Stopping threads took: 0.0000202 seconds
[2174.630s][info ][safepoint      ] Application time: 2.0002823 seconds
[2174.630s][info ][safepoint      ] Entering safepoint region: Cleanup
[2174.630s][info ][safepoint      ] Leaving safepoint region
[2174.630s][info ][safepoint      ] Total time for which application threads were stopped: 0.0000924 seconds, Stopping threads took: 0.0000196 seconds
[2177.259s][info ][safepoint      ] Application time: 2.6286622 seconds
[2177.259s][info ][safepoint      ] Entering safepoint region: ParallelGCFailedAllocation
[2177.259s][info ][gc,start       ] GC(112) Pause Young (Allocation Failure)
[2177.278s][debug][gc,phases      ] GC(112) Scavenge 19.014ms
[2177.278s][debug][gc,ref         ] GC(112) Skipped phase1 of Reference Processing due to unavailable references
[2177.278s][debug][gc,ref         ] GC(112) Skipped phase3 of Reference Processing due to unavailable references
[2177.278s][debug][gc,phases      ] GC(112) Reference Processing 0.048ms
[2177.278s][debug][gc,phases      ] GC(112) Weak Processing 0.133ms
[2177.279s][debug][gc,phases      ] GC(112) Scrub String Table 0.478ms
[2177.279s][debug][gc,age         ] GC(112) Desired survivor size 103809024 bytes, new threshold 15 (max threshold 15)
[2177.279s][info ][gc,heap        ] GC(112) PSYoungGen: 1914336K->45738K(1989632K)
[2177.279s][info ][gc,heap        ] GC(112) ParOldGen: 349151K->356488K(384000K)
[2177.279s][info ][gc,metaspace   ] GC(112) Metaspace: 74375K->74375K(1118208K)
[2177.279s][info ][gc             ] GC(112) Pause Young (Allocation Failure) 2210M->392M(2318M) 19.828ms
[2177.279s][info ][gc,cpu         ] GC(112) User=0.07s Sys=0.01s Real=0.02s
[2177.279s][info ][safepoint      ] Leaving safepoint region
[2177.279s][info ][safepoint      ] Total time for which application threads were stopped: 0.0200566 seconds, Stopping threads took: 0.0000193 seconds
[2182.280s][info ][safepoint      ] Application time: 5.0005210 seconds
[2182.280s][info ][safepoint      ] Entering safepoint region: Cleanup
[2182.280s][info ][safepoint      ] Leaving safepoint region
[2182.280s][info ][safepoint      ] Total time for which application threads were stopped: 0.0000930 seconds, Stopping threads took: 0.0000197 seconds
[2183.280s][info ][safepoint      ] Application time: 1.0001495 seconds
[2183.280s][info ][safepoint      ] Entering safepoint region: Cleanup
[2183.280s][info ][safepoint      ] Leaving safepoint region
[2183.280s][info ][safepoint      ] Total time for which application threads were stopped: 0.0001054 seconds, Stopping threads took: 0.0000190 seconds
[2186.280s][info ][safepoint      ] Application time: 3.0003882 seconds
[2186.281s][info ][safepoint      ] Entering safepoint region: Cleanup
[2186.281s][info ][safepoint      ] Leaving safepoint region
[2186.281s][info ][safepoint      ] Total time for which application threads were stopped: 0.0001456 seconds, Stopping threads took: 0.0000181 seconds
[2188.281s][info ][safepoint      ] Application time: 2.0001876 seconds
[2188.281s][info ][safepoint      ] Entering safepoint region: Cleanup
[2188.281s][info ][safepoint      ] Leaving safepoint region
[2188.281s][info ][safepoint      ] Total time for which application threads were stopped: 0.0000950 seconds, Stopping threads took: 0.0000192 seconds
[2190.281s][info ][safepoint      ] Application time: 2.0002012 seconds
[2190.281s][info ][safepoint      ] Entering safepoint region: Cleanup
[2190.281s][info ][safepoint      ] Leaving safepoint region
[2190.281s][info ][safepoint      ] Total time for which application threads were stopped: 0.0001068 seconds, Stopping threads took: 0.0000181 seconds
[2192.282s][info ][safepoint      ] Application time: 2.0001991 seconds
[2192.282s][info ][safepoint      ] Entering safepoint region: Cleanup
[2192.282s][info ][safepoint      ] Leaving safepoint region
[2192.282s][info ][safepoint      ] Total time for which application threads were stopped: 0.0000876 seconds, Stopping threads took: 0.0000185 seconds
[2193.282s][info ][safepoint      ] Application time: 1.0000865 seconds
[2193.282s][info ][safepoint      ] Entering safepoint region: Cleanup
[2193.282s][info ][safepoint      ] Leaving safepoint region
[2193.282s][info ][safepoint      ] Total time for which application threads were stopped: 0.0000984 seconds, Stopping threads took: 0.0000192 seconds
[2198.282s][info ][safepoint      ] Application time: 5.0005846 seconds
[2198.283s][info ][safepoint      ] Entering safepoint region: Cleanup
[2198.283s][info ][safepoint      ] Leaving safepoint region
[2198.283s][info ][safepoint      ] Total time for which application threads were stopped: 0.0000919 seconds, Stopping threads took: 0.0000190 seconds
[2199.283s][info ][safepoint      ] Application time: 1.0000762 seconds
[2199.283s][info ][safepoint      ] Entering safepoint region: Cleanup
[2199.283s][info ][safepoint      ] Leaving safepoint region
[2199.283s][info ][safepoint      ] Total time for which application threads were stopped: 0.0001091 seconds, Stopping threads took: 0.0000195 seconds
[2200.283s][info ][safepoint      ] Application time: 1.0001357 seconds
[2200.283s][info ][safepoint      ] Entering safepoint region: Cleanup
[2200.283s][info ][safepoint      ] Leaving safepoint region
[2200.283s][info ][safepoint      ] Total time for which application threads were stopped: 0.0000893 seconds, Stopping threads took: 0.0000192 seconds
[2205.284s][info ][safepoint      ] Application time: 5.0005512 seconds
[2205.284s][info ][safepoint      ] Entering safepoint region: Cleanup
[2205.284s][info ][safepoint      ] Leaving safepoint region
[2205.284s][info ][safepoint      ] Total time for which application threads were stopped: 0.0001243 seconds, Stopping threads took: 0.0000384 seconds
[2206.284s][info ][safepoint      ] Application time: 1.0000865 seconds
[2206.284s][info ][safepoint      ] Entering safepoint region: Cleanup
[2206.284s][info ][safepoint      ] Leaving safepoint region
[2206.284s][info ][safepoint      ] Total time for which application threads were stopped: 0.0001030 seconds, Stopping threads took: 0.0000296 seconds
[2208.306s][info ][safepoint      ] Application time: 2.0217070 seconds
[2208.306s][info ][safepoint      ] Entering safepoint region: ParallelGCFailedAllocation
[2208.306s][info ][gc,start       ] GC(113) Pause Young (Allocation Failure)
[2208.322s][debug][gc,phases      ] GC(113) Scavenge 15.545ms
[2208.322s][debug][gc,ref         ] GC(113) Skipped phase1 of Reference Processing due to unavailable references
[2208.322s][debug][gc,ref         ] GC(113) Skipped phase3 of Reference Processing due to unavailable references
[2208.322s][debug][gc,phases      ] GC(113) Reference Processing 0.058ms
[2208.322s][debug][gc,phases      ] GC(113) Weak Processing 0.126ms
[2208.322s][debug][gc,phases      ] GC(113) Scrub String Table 0.477ms
[2208.322s][debug][gc,age         ] GC(113) Desired survivor size 99614720 bytes, new threshold 15 (max threshold 15)
[2208.322s][info ][gc,heap        ] GC(113) PSYoungGen: 1929386K->45306K(1999872K)
[2208.322s][info ][gc,heap        ] GC(113) ParOldGen: 356488K->356564K(384000K)
[2208.322s][info ][gc,metaspace   ] GC(113) Metaspace: 74381K->74381K(1118208K)
[2208.322s][info ][gc             ] GC(113) Pause Young (Allocation Failure) 2232M->392M(2328M) 16.373ms
[2208.322s][info ][gc,cpu         ] GC(113) User=0.07s Sys=0.00s Real=0.02s
[2208.322s][info ][safepoint      ] Leaving safepoint region
[2208.322s][info ][safepoint      ] Total time for which application threads were stopped: 0.0166490 seconds, Stopping threads took: 0.0000356 seconds
[2212.323s][info ][safepoint      ] Application time: 4.0005130 seconds
[2212.323s][info ][safepoint      ] Entering safepoint region: Cleanup
[2212.323s][info ][safepoint      ] Leaving safepoint region
[2212.323s][info ][safepoint      ] Total time for which application threads were stopped: 0.0000952 seconds, Stopping threads took: 0.0000193 seconds
[2214.323s][info ][safepoint      ] Application time: 2.0002108 seconds
[2214.323s][info ][safepoint      ] Entering safepoint region: Cleanup
[2214.323s][info ][safepoint      ] Leaving safepoint region
[2214.323s][info ][safepoint      ] Total time for which application threads were stopped: 0.0001212 seconds, Stopping threads took: 0.0000171 seconds
[2215.324s][info ][safepoint      ] Application time: 1.0001291 seconds
[2215.324s][info ][safepoint      ] Entering safepoint region: Cleanup
[2215.324s][info ][safepoint      ] Leaving safepoint region
[2215.324s][info ][safepoint      ] Total time for which application threads were stopped: 0.0001840 seconds, Stopping threads took: 0.0000159 seconds
[2217.745s][info ][safepoint      ] Application time: 2.4215403 seconds
[2217.745s][info ][safepoint      ] Entering safepoint region: RevokeBias
[2217.746s][info ][safepoint      ] Leaving safepoint region
[2217.746s][info ][safepoint      ] Total time for which application threads were stopped: 0.0001047 seconds, Stopping threads took: 0.0000190 seconds
[2217.949s][info ][safepoint      ] Application time: 0.2030660 seconds
[2217.949s][info ][safepoint      ] Entering safepoint region: RevokeBias
[2217.949s][info ][safepoint      ] Leaving safepoint region
[2217.949s][info ][safepoint      ] Total time for which application threads were stopped: 0.0002549 seconds, Stopping threads took: 0.0000176 seconds
[2218.949s][info ][safepoint      ] Application time: 1.0001222 seconds
[2218.949s][info ][safepoint      ] Entering safepoint region: Cleanup
[2218.949s][info ][safepoint      ] Leaving safepoint region
[2218.949s][info ][safepoint      ] Total time for which application threads were stopped: 0.0000884 seconds, Stopping threads took: 0.0000185 seconds
[2219.949s][info ][safepoint      ] Application time: 1.0000786 seconds
[2219.949s][info ][safepoint      ] Entering safepoint region: Cleanup
[2219.950s][info ][safepoint      ] Leaving safepoint region
[2219.950s][info ][safepoint      ] Total time for which application threads were stopped: 0.0002131 seconds, Stopping threads took: 0.0001296 seconds
[2221.950s][info ][safepoint      ] Application time: 2.0001819 seconds
[2221.950s][info ][safepoint      ] Entering safepoint region: Cleanup
[2221.950s][info ][safepoint      ] Leaving safepoint region
[2221.950s][info ][safepoint      ] Total time for which application threads were stopped: 0.0000894 seconds, Stopping threads took: 0.0000189 seconds
[2222.887s][info ][safepoint      ] Application time: 0.9368510 seconds
[2222.887s][info ][safepoint      ] Entering safepoint region: RevokeBias
[2222.887s][info ][safepoint      ] Leaving safepoint region
[2222.887s][info ][safepoint      ] Total time for which application threads were stopped: 0.0001466 seconds, Stopping threads took: 0.0000404 seconds
[2222.887s][info ][safepoint      ] Application time: 0.0000558 seconds
[2222.887s][info ][safepoint      ] Entering safepoint region: RevokeBias
[2222.887s][info ][safepoint      ] Leaving safepoint region
[2222.887s][info ][safepoint      ] Total time for which application threads were stopped: 0.0001531 seconds, Stopping threads took: 0.0001028 seconds
[2222.888s][info ][safepoint      ] Application time: 0.0005072 seconds
[2222.888s][info ][safepoint      ] Entering safepoint region: RevokeBias
[2222.888s][info ][safepoint      ] Leaving safepoint region
[2222.888s][info ][safepoint      ] Total time for which application threads were stopped: 0.0002236 seconds, Stopping threads took: 0.0001489 seconds
[2223.888s][info ][safepoint      ] Application time: 1.0000934 seconds
[2223.888s][info ][safepoint      ] Entering safepoint region: Cleanup
[2223.888s][info ][safepoint      ] Leaving safepoint region
[2223.888s][info ][safepoint      ] Total time for which application threads were stopped: 0.0001313 seconds, Stopping threads took: 0.0000170 seconds
[2226.889s][info ][safepoint      ] Application time: 3.0004001 seconds
[2226.889s][info ][safepoint      ] Entering safepoint region: Cleanup
[2226.889s][info ][safepoint      ] Leaving safepoint region
[2226.889s][info ][safepoint      ] Total time for which application threads were stopped: 0.0000964 seconds, Stopping threads took: 0.0000263 seconds
[2228.889s][info ][safepoint      ] Application time: 2.0004099 seconds
[2228.889s][info ][safepoint      ] Entering safepoint region: Cleanup
[2228.889s][info ][safepoint      ] Leaving safepoint region
[2228.889s][info ][safepoint      ] Total time for which application threads were stopped: 0.0000824 seconds, Stopping threads took: 0.0000162 seconds
[2234.890s][info ][safepoint      ] Application time: 6.0004684 seconds
[2234.890s][info ][safepoint      ] Entering safepoint region: Cleanup
[2234.890s][info ][safepoint      ] Leaving safepoint region
[2234.890s][info ][safepoint      ] Total time for which application threads were stopped: 0.0000856 seconds, Stopping threads took: 0.0000174 seconds
[2235.890s][info ][safepoint      ] Application time: 1.0000683 seconds
[2235.890s][info ][safepoint      ] Entering safepoint region: Cleanup
[2235.890s][info ][safepoint      ] Leaving safepoint region
[2235.890s][info ][safepoint      ] Total time for which application threads were stopped: 0.0001131 seconds, Stopping threads took: 0.0000166 seconds
[2236.319s][info ][safepoint      ] Application time: 0.4290981 seconds
[2236.319s][info ][safepoint      ] Entering safepoint region: ParallelGCFailedAllocation
[2236.319s][info ][gc,start       ] GC(114) Pause Young (Allocation Failure)
[2236.336s][debug][gc,phases      ] GC(114) Scavenge 16.860ms
[2236.336s][debug][gc,ref         ] GC(114) Skipped phase1 of Reference Processing due to unavailable references
[2236.336s][debug][gc,ref         ] GC(114) Skipped phase3 of Reference Processing due to unavailable references
[2236.336s][debug][gc,phases      ] GC(114) Reference Processing 0.045ms
[2236.336s][debug][gc,phases      ] GC(114) Weak Processing 0.124ms
[2236.337s][debug][gc,phases      ] GC(114) Scrub String Table 0.503ms
[2236.337s][debug][gc,age         ] GC(114) Desired survivor size 95420416 bytes, new threshold 15 (max threshold 15)
[2236.337s][info ][gc,heap        ] GC(114) PSYoungGen: 1943802K->43705K(1995776K)
[2236.337s][info ][gc,heap        ] GC(114) ParOldGen: 356564K->360493K(384000K)
[2236.337s][info ][gc,metaspace   ] GC(114) Metaspace: 74416K->74416K(1118208K)
[2236.337s][info ][gc             ] GC(114) Pause Young (Allocation Failure) 2246M->394M(2324M) 17.696ms
[2236.337s][info ][gc,cpu         ] GC(114) User=0.07s Sys=0.00s Real=0.02s
[2236.337s][info ][safepoint      ] Leaving safepoint region
[2236.337s][info ][safepoint      ] Total time for which application threads were stopped: 0.0178706 seconds, Stopping threads took: 0.0000162 seconds
[2237.337s][info ][safepoint      ] Application time: 1.0000978 seconds
[2237.337s][info ][safepoint      ] Entering safepoint region: Cleanup
[2237.337s][info ][safepoint      ] Leaving safepoint region
[2237.337s][info ][safepoint      ] Total time for which application threads were stopped: 0.0001404 seconds, Stopping threads took: 0.0000702 seconds
[2241.338s][info ][safepoint      ] Application time: 4.0003654 seconds
[2241.338s][info ][safepoint      ] Entering safepoint region: Cleanup
[2241.338s][info ][safepoint      ] Leaving safepoint region
[2241.338s][info ][safepoint      ] Total time for which application threads were stopped: 0.0000973 seconds, Stopping threads took: 0.0000276 seconds
[2244.338s][info ][safepoint      ] Application time: 3.0003725 seconds
[2244.338s][info ][safepoint      ] Entering safepoint region: Cleanup
[2244.338s][info ][safepoint      ] Leaving safepoint region
[2244.338s][info ][safepoint      ] Total time for which application threads were stopped: 0.0000746 seconds, Stopping threads took: 0.0000144 seconds
[2247.339s][info ][safepoint      ] Application time: 3.0012136 seconds
[2247.340s][info ][safepoint      ] Entering safepoint region: Cleanup
[2247.340s][info ][safepoint      ] Leaving safepoint region
[2247.340s][info ][safepoint      ] Total time for which application threads were stopped: 0.0000969 seconds, Stopping threads took: 0.0000155 seconds
[2248.340s][info ][safepoint      ] Application time: 1.0001564 seconds
[2248.340s][info ][safepoint      ] Entering safepoint region: Cleanup
[2248.340s][info ][safepoint      ] Leaving safepoint region
[2248.340s][info ][safepoint      ] Total time for which application threads were stopped: 0.0001409 seconds, Stopping threads took: 0.0000165 seconds
[2249.340s][info ][safepoint      ] Application time: 1.0002264 seconds
[2249.340s][info ][safepoint      ] Entering safepoint region: Cleanup
[2249.340s][info ][safepoint      ] Leaving safepoint region
[2249.340s][info ][safepoint      ] Total time for which application threads were stopped: 0.0000819 seconds, Stopping threads took: 0.0000161 seconds
[2251.221s][info ][safepoint      ] Application time: 1.8802949 seconds
[2251.221s][info ][safepoint      ] Entering safepoint region: RevokeBias
[2251.221s][info ][safepoint      ] Leaving safepoint region
[2251.221s][info ][safepoint      ] Total time for which application threads were stopped: 0.0001274 seconds, Stopping threads took: 0.0000232 seconds
[2251.221s][info ][safepoint      ] Application time: 0.0000519 seconds
[2251.221s][info ][safepoint      ] Entering safepoint region: RevokeBias
[2251.221s][info ][safepoint      ] Leaving safepoint region
[2251.221s][info ][safepoint      ] Total time for which application threads were stopped: 0.0000466 seconds, Stopping threads took: 0.0000070 seconds
[2251.222s][info ][safepoint      ] Application time: 0.0009922 seconds
[2251.222s][info ][safepoint      ] Entering safepoint region: RevokeBias
[2251.222s][info ][safepoint      ] Leaving safepoint region
[2251.222s][info ][safepoint      ] Total time for which application threads were stopped: 0.0000616 seconds, Stopping threads took: 0.0000100 seconds
[2251.276s][info ][safepoint      ] Application time: 0.0536954 seconds
[2251.276s][info ][safepoint      ] Entering safepoint region: RevokeBias
[2251.276s][info ][safepoint      ] Leaving safepoint region
[2251.276s][info ][safepoint      ] Total time for which application threads were stopped: 0.0001386 seconds, Stopping threads took: 0.0000154 seconds
[2251.479s][info ][safepoint      ] Application time: 0.2028930 seconds
[2251.479s][info ][safepoint      ] Entering safepoint region: RevokeBias
[2251.479s][info ][safepoint      ] Leaving safepoint region
[2251.479s][info ][safepoint      ] Total time for which application threads were stopped: 0.0002181 seconds, Stopping threads took: 0.0001005 seconds
[2251.479s][info ][safepoint      ] Application time: 0.0000515 seconds
[2251.479s][info ][safepoint      ] Entering safepoint region: RevokeBias
[2251.479s][info ][safepoint      ] Leaving safepoint region
[2251.479s][info ][safepoint      ] Total time for which application threads were stopped: 0.0000906 seconds, Stopping threads took: 0.0000387 seconds
[2251.480s][info ][safepoint      ] Application time: 0.0009964 seconds
[2251.480s][info ][safepoint      ] Entering safepoint region: RevokeBias
[2251.480s][info ][safepoint      ] Leaving safepoint region
[2251.480s][info ][safepoint      ] Total time for which application threads were stopped: 0.0001015 seconds, Stopping threads took: 0.0000562 seconds
[2252.480s][info ][safepoint      ] Application time: 1.0001749 seconds
[2252.480s][info ][safepoint      ] Entering safepoint region: Cleanup
[2252.481s][info ][safepoint      ] Leaving safepoint region
[2252.481s][info ][safepoint      ] Total time for which application threads were stopped: 0.0001212 seconds, Stopping threads took: 0.0000182 seconds
[2253.481s][info ][safepoint      ] Application time: 1.0000405 seconds
[2253.481s][info ][safepoint      ] Entering safepoint region: Cleanup
[2253.481s][info ][safepoint      ] Leaving safepoint region
[2253.481s][info ][safepoint      ] Total time for which application threads were stopped: 0.0000935 seconds, Stopping threads took: 0.0000167 seconds
[2255.481s][info ][safepoint      ] Application time: 2.0002242 seconds
[2255.481s][info ][safepoint      ] Entering safepoint region: Cleanup
[2255.481s][info ][safepoint      ] Leaving safepoint region
[2255.481s][info ][safepoint      ] Total time for which application threads were stopped: 0.0000878 seconds, Stopping threads took: 0.0000170 seconds
[2256.481s][info ][safepoint      ] Application time: 1.0001314 seconds
[2256.481s][info ][safepoint      ] Entering safepoint region: Cleanup
[2256.481s][info ][safepoint      ] Leaving safepoint region
[2256.481s][info ][safepoint      ] Total time for which application threads were stopped: 0.0001057 seconds, Stopping threads took: 0.0000178 seconds
[2257.482s][info ][safepoint      ] Application time: 1.0001378 seconds
[2257.482s][info ][safepoint      ] Entering safepoint region: Cleanup
[2257.482s][info ][safepoint      ] Leaving safepoint region
[2257.482s][info ][safepoint      ] Total time for which application threads were stopped: 0.0000885 seconds, Stopping threads took: 0.0000183 seconds
[2258.482s][info ][safepoint      ] Application time: 1.0000852 seconds
[2258.482s][info ][safepoint      ] Entering safepoint region: Cleanup
[2258.482s][info ][safepoint      ] Leaving safepoint region
[2258.482s][info ][safepoint      ] Total time for which application threads were stopped: 0.0000850 seconds, Stopping threads took: 0.0000176 seconds
[2259.482s][info ][safepoint      ] Application time: 1.0001144 seconds
[2259.482s][info ][safepoint      ] Entering safepoint region: Cleanup
[2259.482s][info ][safepoint      ] Leaving safepoint region
[2259.482s][info ][safepoint      ] Total time for which application threads were stopped: 0.0000974 seconds, Stopping threads took: 0.0000191 seconds
[2260.482s][info ][safepoint      ] Application time: 1.0001322 seconds
[2260.482s][info ][safepoint      ] Entering safepoint region: Cleanup
[2260.482s][info ][safepoint      ] Leaving safepoint region
[2260.482s][info ][safepoint      ] Total time for which application threads were stopped: 0.0000927 seconds, Stopping threads took: 0.0000185 seconds
[2261.905s][info ][safepoint      ] Application time: 1.4225977 seconds
[2261.905s][info ][safepoint      ] Entering safepoint region: ParallelGCFailedAllocation
[2261.905s][info ][gc,start       ] GC(115) Pause Young (Allocation Failure)
[2261.930s][debug][gc,phases      ] GC(115) Scavenge 25.221ms
[2261.930s][debug][gc,ref         ] GC(115) Skipped phase1 of Reference Processing due to unavailable references
[2261.930s][debug][gc,ref         ] GC(115) Skipped phase3 of Reference Processing due to unavailable references
[2261.930s][debug][gc,phases      ] GC(115) Reference Processing 0.048ms
[2261.931s][debug][gc,phases      ] GC(115) Weak Processing 0.277ms
[2261.932s][debug][gc,phases      ] GC(115) Scrub String Table 0.846ms
[2261.932s][debug][gc,age         ] GC(115) Desired survivor size 100663296 bytes, new threshold 15 (max threshold 15)
[2261.932s][info ][gc,heap        ] GC(115) PSYoungGen: 1942201K->74890K(1993728K)
[2261.932s][info ][gc,heap        ] GC(115) ParOldGen: 360493K->360525K(384000K)
[2261.932s][info ][gc,metaspace   ] GC(115) Metaspace: 74438K->74438K(1118208K)
[2261.932s][info ][gc             ] GC(115) Pause Young (Allocation Failure) 2248M->425M(2322M) 26.562ms
[2261.932s][info ][gc,cpu         ] GC(115) User=0.10s Sys=0.00s Real=0.02s
[2261.932s][info ][safepoint      ] Leaving safepoint region
[2261.932s][info ][safepoint      ] Total time for which application threads were stopped: 0.0267687 seconds, Stopping threads took: 0.0000190 seconds
[2262.932s][info ][safepoint      ] Application time: 1.0000799 seconds
[2262.932s][info ][safepoint      ] Entering safepoint region: Cleanup
[2262.932s][info ][safepoint      ] Leaving safepoint region
[2262.932s][info ][safepoint      ] Total time for which application threads were stopped: 0.0001109 seconds, Stopping threads took: 0.0000163 seconds
[2264.932s][info ][safepoint      ] Application time: 2.0002406 seconds
[2264.932s][info ][safepoint      ] Entering safepoint region: Cleanup
[2264.932s][info ][safepoint      ] Leaving safepoint region
[2264.932s][info ][safepoint      ] Total time for which application threads were stopped: 0.0000894 seconds, Stopping threads took: 0.0000179 seconds
[2266.933s][info ][safepoint      ] Application time: 2.0001722 seconds
[2266.933s][info ][safepoint      ] Entering safepoint region: Cleanup
[2266.933s][info ][safepoint      ] Leaving safepoint region
[2266.933s][info ][safepoint      ] Total time for which application threads were stopped: 0.0001461 seconds, Stopping threads took: 0.0000292 seconds
[2269.933s][info ][safepoint      ] Application time: 3.0003311 seconds
[2269.933s][info ][safepoint      ] Entering safepoint region: Cleanup
[2269.933s][info ][safepoint      ] Leaving safepoint region
[2269.933s][info ][safepoint      ] Total time for which application threads were stopped: 0.0001203 seconds, Stopping threads took: 0.0000180 seconds
[2272.934s][info ][safepoint      ] Application time: 3.0003262 seconds
[2272.934s][info ][safepoint      ] Entering safepoint region: Cleanup
[2272.934s][info ][safepoint      ] Leaving safepoint region
[2272.934s][info ][safepoint      ] Total time for which application threads were stopped: 0.0001231 seconds, Stopping threads took: 0.0000174 seconds
[2281.935s][info ][safepoint      ] Application time: 9.0008816 seconds
[2281.935s][info ][safepoint      ] Entering safepoint region: Cleanup
[2281.935s][info ][safepoint      ] Leaving safepoint region
[2281.935s][info ][safepoint      ] Total time for which application threads were stopped: 0.0001086 seconds, Stopping threads took: 0.0000332 seconds
[2283.935s][info ][safepoint      ] Application time: 2.0001659 seconds
[2283.935s][info ][safepoint      ] Entering safepoint region: Cleanup
[2283.935s][info ][safepoint      ] Leaving safepoint region
[2283.935s][info ][safepoint      ] Total time for which application threads were stopped: 0.0001019 seconds, Stopping threads took: 0.0000292 seconds
[2290.318s][info ][safepoint      ] Application time: 6.3829515 seconds
[2290.318s][info ][safepoint      ] Entering safepoint region: ParallelGCFailedAllocation
[2290.318s][info ][gc,start       ] GC(116) Pause Young (Allocation Failure)
[2290.333s][debug][gc,phases      ] GC(116) Scavenge 14.641ms
[2290.333s][debug][gc,ref         ] GC(116) Skipped phase1 of Reference Processing due to unavailable references
[2290.333s][debug][gc,ref         ] GC(116) Skipped phase3 of Reference Processing due to unavailable references
[2290.333s][debug][gc,phases      ] GC(116) Reference Processing 0.042ms
[2290.333s][debug][gc,phases      ] GC(116) Weak Processing 0.134ms
[2290.333s][debug][gc,phases      ] GC(116) Scrub String Table 0.431ms
[2290.333s][debug][gc,age         ] GC(116) Desired survivor size 96993280 bytes, new threshold 15 (max threshold 15)
[2290.333s][info ][gc,heap        ] GC(116) PSYoungGen: 1975434K->46234K(1998848K)
[2290.334s][info ][gc,heap        ] GC(116) ParOldGen: 360525K->360581K(384000K)
[2290.334s][info ][gc,metaspace   ] GC(116) Metaspace: 74439K->74439K(1118208K)
[2290.334s][info ][gc             ] GC(116) Pause Young (Allocation Failure) 2281M->397M(2327M) 15.427ms
[2290.334s][info ][gc,cpu         ] GC(116) User=0.05s Sys=0.01s Real=0.02s
[2290.334s][info ][safepoint      ] Leaving safepoint region
[2290.334s][info ][safepoint      ] Total time for which application threads were stopped: 0.0156262 seconds, Stopping threads took: 0.0000360 seconds
[2296.334s][info ][safepoint      ] Application time: 6.0006138 seconds
[2296.334s][info ][safepoint      ] Entering safepoint region: Cleanup
[2296.334s][info ][safepoint      ] Leaving safepoint region
[2296.334s][info ][safepoint      ] Total time for which application threads were stopped: 0.0001436 seconds, Stopping threads took: 0.0000627 seconds
[2303.335s][info ][safepoint      ] Application time: 7.0010416 seconds
[2303.335s][info ][safepoint      ] Entering safepoint region: Cleanup
[2303.336s][info ][safepoint      ] Leaving safepoint region
[2303.336s][info ][safepoint      ] Total time for which application threads were stopped: 0.0000896 seconds, Stopping threads took: 0.0000161 seconds
[2306.336s][info ][safepoint      ] Application time: 3.0003394 seconds
[2306.336s][info ][safepoint      ] Entering safepoint region: Cleanup
[2306.336s][info ][safepoint      ] Leaving safepoint region
[2306.336s][info ][safepoint      ] Total time for which application threads were stopped: 0.0001501 seconds, Stopping threads took: 0.0000176 seconds
[2308.336s][info ][safepoint      ] Application time: 2.0002766 seconds
[2308.336s][info ][safepoint      ] Entering safepoint region: Cleanup
[2308.337s][info ][safepoint      ] Leaving safepoint region
[2308.337s][info ][safepoint      ] Total time for which application threads were stopped: 0.0002015 seconds, Stopping threads took: 0.0000191 seconds
[2311.572s][info ][safepoint      ] Application time: 3.2349910 seconds
[2311.572s][info ][safepoint      ] Entering safepoint region: RevokeBias
[2311.572s][info ][safepoint      ] Leaving safepoint region
[2311.572s][info ][safepoint      ] Total time for which application threads were stopped: 0.0001234 seconds, Stopping threads took: 0.0000191 seconds
[2319.573s][info ][safepoint      ] Application time: 8.0009432 seconds
[2319.573s][info ][safepoint      ] Entering safepoint region: Cleanup
[2319.573s][info ][safepoint      ] Leaving safepoint region
[2319.573s][info ][safepoint      ] Total time for which application threads were stopped: 0.0000872 seconds, Stopping threads took: 0.0000187 seconds
[2319.660s][info ][safepoint      ] Application time: 0.0870610 seconds
[2319.660s][info ][safepoint      ] Entering safepoint region: ParallelGCFailedAllocation
[2319.660s][info ][gc,start       ] GC(117) Pause Young (Allocation Failure)
[2319.677s][debug][gc,phases      ] GC(117) Scavenge 16.755ms
[2319.677s][debug][gc,ref         ] GC(117) Skipped phase1 of Reference Processing due to unavailable references
[2319.677s][debug][gc,ref         ] GC(117) Skipped phase3 of Reference Processing due to unavailable references
[2319.677s][debug][gc,phases      ] GC(117) Reference Processing 0.042ms
[2319.677s][debug][gc,phases      ] GC(117) Weak Processing 0.126ms
[2319.678s][debug][gc,phases      ] GC(117) Scrub String Table 0.458ms
[2319.678s][debug][gc,age         ] GC(117) Desired survivor size 92798976 bytes, new threshold 15 (max threshold 15)
[2319.678s][info ][gc,heap        ] GC(117) PSYoungGen: 1946778K->51961K(2006528K)
[2319.678s][info ][gc,heap        ] GC(117) ParOldGen: 360581K->360661K(384000K)
[2319.678s][info ][gc,metaspace   ] GC(117) Metaspace: 74450K->74450K(1118208K)
[2319.678s][info ][gc             ] GC(117) Pause Young (Allocation Failure) 2253M->402M(2334M) 17.537ms
[2319.678s][info ][gc,cpu         ] GC(117) User=0.07s Sys=0.00s Real=0.02s
[2319.678s][info ][safepoint      ] Leaving safepoint region
[2319.678s][info ][safepoint      ] Total time for which application threads were stopped: 0.0178025 seconds, Stopping threads took: 0.0000177 seconds
[2327.679s][info ][safepoint      ] Application time: 8.0008205 seconds
[2327.679s][info ][safepoint      ] Entering safepoint region: Cleanup
[2327.679s][info ][safepoint      ] Leaving safepoint region
[2327.679s][info ][safepoint      ] Total time for which application threads were stopped: 0.0000849 seconds, Stopping threads took: 0.0000185 seconds
[2330.679s][info ][safepoint      ] Application time: 3.0003876 seconds
[2330.679s][info ][safepoint      ] Entering safepoint region: Cleanup
[2330.679s][info ][safepoint      ] Leaving safepoint region
[2330.679s][info ][safepoint      ] Total time for which application threads were stopped: 0.0000883 seconds, Stopping threads took: 0.0000180 seconds
[2333.680s][info ][safepoint      ] Application time: 3.0003506 seconds
[2333.680s][info ][safepoint      ] Entering safepoint region: Cleanup
[2333.680s][info ][safepoint      ] Leaving safepoint region
[2333.680s][info ][safepoint      ] Total time for which application threads were stopped: 0.0000881 seconds, Stopping threads took: 0.0000189 seconds
[2335.680s][info ][safepoint      ] Application time: 2.0001706 seconds
[2335.680s][info ][safepoint      ] Entering safepoint region: Cleanup
[2335.680s][info ][safepoint      ] Leaving safepoint region
[2335.680s][info ][safepoint      ] Total time for which application threads were stopped: 0.0001530 seconds, Stopping threads took: 0.0000203 seconds
[2337.680s][info ][safepoint      ] Application time: 2.0002095 seconds
[2337.680s][info ][safepoint      ] Entering safepoint region: Cleanup
[2337.680s][info ][safepoint      ] Leaving safepoint region
[2337.680s][info ][safepoint      ] Total time for which application threads were stopped: 0.0000891 seconds, Stopping threads took: 0.0000187 seconds
[2345.681s][info ][safepoint      ] Application time: 8.0010632 seconds
[2345.682s][info ][safepoint      ] Entering safepoint region: Cleanup
[2345.682s][info ][safepoint      ] Leaving safepoint region
[2345.682s][info ][safepoint      ] Total time for which application threads were stopped: 0.0000886 seconds, Stopping threads took: 0.0000202 seconds
[2346.682s][info ][safepoint      ] Application time: 1.0001160 seconds
[2346.682s][info ][safepoint      ] Entering safepoint region: Cleanup
[2346.682s][info ][safepoint      ] Leaving safepoint region
[2346.682s][info ][safepoint      ] Total time for which application threads were stopped: 0.0000946 seconds, Stopping threads took: 0.0000200 seconds
[2349.118s][info ][safepoint      ] Application time: 2.4359958 seconds
[2349.118s][info ][safepoint      ] Entering safepoint region: ParallelGCFailedAllocation
[2349.118s][info ][gc,start       ] GC(118) Pause Young (Allocation Failure)
[2349.136s][debug][gc,phases      ] GC(118) Scavenge 18.195ms
[2349.136s][debug][gc,ref         ] GC(118) Skipped phase1 of Reference Processing due to unavailable references
[2349.136s][debug][gc,ref         ] GC(118) Skipped phase3 of Reference Processing due to unavailable references
[2349.136s][debug][gc,phases      ] GC(118) Reference Processing 0.042ms
[2349.137s][debug][gc,phases      ] GC(118) Weak Processing 0.299ms
[2349.137s][debug][gc,phases      ] GC(118) Scrub String Table 0.852ms
[2349.137s][debug][gc,age         ] GC(118) Desired survivor size 89128960 bytes, new threshold 15 (max threshold 15)
[2349.137s][info ][gc,heap        ] GC(118) PSYoungGen: 1963769K->51978K(2002432K)
[2349.138s][info ][gc,heap        ] GC(118) ParOldGen: 360661K->363102K(384000K)
[2349.138s][info ][gc,metaspace   ] GC(118) Metaspace: 74463K->74463K(1118208K)
[2349.138s][info ][gc             ] GC(118) Pause Young (Allocation Failure) 2269M->405M(2330M) 19.542ms
[2349.138s][info ][gc,cpu         ] GC(118) User=0.08s Sys=0.00s Real=0.02s
[2349.138s][info ][safepoint      ] Leaving safepoint region
[2349.138s][info ][safepoint      ] Total time for which application threads were stopped: 0.0197209 seconds, Stopping threads took: 0.0000169 seconds
[2362.139s][info ][safepoint      ] Application time: 13.0014429 seconds
[2362.139s][info ][safepoint      ] Entering safepoint region: Cleanup
[2362.139s][info ][safepoint      ] Leaving safepoint region
[2362.139s][info ][safepoint      ] Total time for which application threads were stopped: 0.0000910 seconds, Stopping threads took: 0.0000194 seconds
[2365.140s][info ][safepoint      ] Application time: 3.0003130 seconds
[2365.140s][info ][safepoint      ] Entering safepoint region: Cleanup
[2365.140s][info ][safepoint      ] Leaving safepoint region
[2365.140s][info ][safepoint      ] Total time for which application threads were stopped: 0.0001017 seconds, Stopping threads took: 0.0000179 seconds
[2366.140s][info ][safepoint      ] Application time: 1.0000901 seconds
[2366.140s][info ][safepoint      ] Entering safepoint region: Cleanup
[2366.140s][info ][safepoint      ] Leaving safepoint region
[2366.140s][info ][safepoint      ] Total time for which application threads were stopped: 0.0000868 seconds, Stopping threads took: 0.0000173 seconds
[2378.807s][info ][safepoint      ] Application time: 12.6673739 seconds
[2378.807s][info ][safepoint      ] Entering safepoint region: RevokeBias
[2378.807s][info ][safepoint      ] Leaving safepoint region
[2378.807s][info ][safepoint      ] Total time for which application threads were stopped: 0.0002108 seconds, Stopping threads took: 0.0000770 seconds
[2379.808s][info ][safepoint      ] Application time: 1.0000927 seconds
[2379.808s][info ][safepoint      ] Entering safepoint region: Cleanup
[2379.808s][info ][safepoint      ] Leaving safepoint region
[2379.808s][info ][safepoint      ] Total time for which application threads were stopped: 0.0001176 seconds, Stopping threads took: 0.0000459 seconds
[2379.817s][info ][safepoint      ] Application time: 0.0096955 seconds
[2379.817s][info ][safepoint      ] Entering safepoint region: ParallelGCFailedAllocation
[2379.818s][info ][gc,start       ] GC(119) Pause Young (Allocation Failure)
[2379.835s][debug][gc,phases      ] GC(119) Scavenge 17.826ms
[2379.835s][debug][gc,ref         ] GC(119) Skipped phase1 of Reference Processing due to unavailable references
[2379.835s][debug][gc,ref         ] GC(119) Skipped phase3 of Reference Processing due to unavailable references
[2379.835s][debug][gc,phases      ] GC(119) Reference Processing 0.043ms
[2379.836s][debug][gc,phases      ] GC(119) Weak Processing 0.135ms
[2379.836s][debug][gc,phases      ] GC(119) Scrub String Table 0.543ms
[2379.836s][debug][gc,age         ] GC(119) Desired survivor size 85983232 bytes, new threshold 15 (max threshold 15)
[2379.836s][info ][gc,heap        ] GC(119) PSYoungGen: 1963786K->47257K(2013184K)
[2379.836s][info ][gc,heap        ] GC(119) ParOldGen: 363102K->368731K(384000K)
[2379.836s][info ][gc,metaspace   ] GC(119) Metaspace: 74469K->74469K(1118208K)
[2379.836s][info ][gc             ] GC(119) Pause Young (Allocation Failure) 2272M->406M(2341M) 18.698ms
[2379.836s][info ][gc,cpu         ] GC(119) User=0.07s Sys=0.01s Real=0.02s
[2379.836s][info ][safepoint      ] Leaving safepoint region
[2379.836s][info ][safepoint      ] Total time for which application threads were stopped: 0.0188520 seconds, Stopping threads took: 0.0000097 seconds
[2385.837s][info ][safepoint      ] Application time: 6.0006068 seconds
[2385.837s][info ][safepoint      ] Entering safepoint region: Cleanup
[2385.837s][info ][safepoint      ] Leaving safepoint region
[2385.837s][info ][safepoint      ] Total time for which application threads were stopped: 0.0000869 seconds, Stopping threads took: 0.0000174 seconds
[2389.989s][info ][safepoint      ] Application time: 4.1521009 seconds
[2389.989s][info ][safepoint      ] Entering safepoint region: BulkRevokeBias
[2389.990s][info ][safepoint      ] Leaving safepoint region
[2389.990s][info ][safepoint      ] Total time for which application threads were stopped: 0.0003951 seconds, Stopping threads took: 0.0000680 seconds
[2390.990s][info ][safepoint      ] Application time: 1.0001349 seconds
[2390.990s][info ][safepoint      ] Entering safepoint region: Cleanup
[2390.990s][info ][safepoint      ] Leaving safepoint region
[2390.990s][info ][safepoint      ] Total time for which application threads were stopped: 0.0001300 seconds, Stopping threads took: 0.0000286 seconds
[2391.990s][info ][safepoint      ] Application time: 1.0001551 seconds
[2391.990s][info ][safepoint      ] Entering safepoint region: Cleanup
[2391.990s][info ][safepoint      ] Leaving safepoint region
[2391.990s][info ][safepoint      ] Total time for which application threads were stopped: 0.0001147 seconds, Stopping threads took: 0.0000354 seconds
[2392.990s][info ][safepoint      ] Application time: 1.0000517 seconds
[2392.990s][info ][safepoint      ] Entering safepoint region: Cleanup
[2392.990s][info ][safepoint      ] Leaving safepoint region
[2392.990s][info ][safepoint      ] Total time for which application threads were stopped: 0.0001172 seconds, Stopping threads took: 0.0000159 seconds
[2396.991s][info ][safepoint      ] Application time: 4.0005751 seconds
[2396.991s][info ][safepoint      ] Entering safepoint region: Cleanup
[2396.991s][info ][safepoint      ] Leaving safepoint region
[2396.991s][info ][safepoint      ] Total time for which application threads were stopped: 0.0001151 seconds, Stopping threads took: 0.0000320 seconds
[2409.334s][info ][safepoint      ] Application time: 12.3432073 seconds
[2409.334s][info ][safepoint      ] Entering safepoint region: ParallelGCFailedAllocation
[2409.335s][info ][gc,start       ] GC(120) Pause Young (Allocation Failure)
[2409.350s][debug][gc,phases      ] GC(120) Scavenge 15.709ms
[2409.350s][debug][gc,ref         ] GC(120) Skipped phase1 of Reference Processing due to unavailable references
[2409.350s][debug][gc,ref         ] GC(120) Skipped phase3 of Reference Processing due to unavailable references
[2409.350s][debug][gc,phases      ] GC(120) Reference Processing 0.043ms
[2409.351s][debug][gc,phases      ] GC(120) Weak Processing 0.278ms
[2409.351s][debug][gc,phases      ] GC(120) Scrub String Table 0.785ms
[2409.351s][debug][gc,age         ] GC(120) Desired survivor size 83361792 bytes, new threshold 15 (max threshold 15)
[2409.352s][info ][gc,heap        ] GC(120) PSYoungGen: 1973401K->49097K(2010112K)
[2409.352s][info ][gc,heap        ] GC(120) ParOldGen: 368731K->368763K(384000K)
[2409.352s][info ][gc,metaspace   ] GC(120) Metaspace: 74480K->74480K(1118208K)
[2409.352s][info ][gc             ] GC(120) Pause Young (Allocation Failure) 2287M->408M(2338M) 16.994ms
[2409.352s][info ][gc,cpu         ] GC(120) User=0.06s Sys=0.00s Real=0.01s
[2409.352s][info ][safepoint      ] Leaving safepoint region
[2409.352s][info ][safepoint      ] Total time for which application threads were stopped: 0.0172342 seconds, Stopping threads took: 0.0000364 seconds
[2413.352s][info ][safepoint      ] Application time: 4.0004059 seconds
[2413.352s][info ][safepoint      ] Entering safepoint region: Cleanup
[2413.352s][info ][safepoint      ] Leaving safepoint region
[2413.352s][info ][safepoint      ] Total time for which application threads were stopped: 0.0002420 seconds, Stopping threads took: 0.0000805 seconds
[2414.352s][info ][safepoint      ] Application time: 1.0001307 seconds
[2414.353s][info ][safepoint      ] Entering safepoint region: Cleanup
[2414.353s][info ][safepoint      ] Leaving safepoint region
[2414.353s][info ][safepoint      ] Total time for which application threads were stopped: 0.0002958 seconds, Stopping threads took: 0.0002113 seconds
[2415.353s][info ][safepoint      ] Application time: 1.0000902 seconds
[2415.353s][info ][safepoint      ] Entering safepoint region: Cleanup
[2415.353s][info ][safepoint      ] Leaving safepoint region
[2415.353s][info ][safepoint      ] Total time for which application threads were stopped: 0.0002000 seconds, Stopping threads took: 0.0000876 seconds
[2417.353s][info ][safepoint      ] Application time: 2.0002044 seconds
[2417.353s][info ][safepoint      ] Entering safepoint region: Cleanup
[2417.354s][info ][safepoint      ] Leaving safepoint region
[2417.354s][info ][safepoint      ] Total time for which application threads were stopped: 0.0001417 seconds, Stopping threads took: 0.0000452 seconds
[2419.354s][info ][safepoint      ] Application time: 2.0002305 seconds
[2419.354s][info ][safepoint      ] Entering safepoint region: Cleanup
[2419.354s][info ][safepoint      ] Leaving safepoint region
[2419.354s][info ][safepoint      ] Total time for which application threads were stopped: 0.0001484 seconds, Stopping threads took: 0.0000653 seconds
[2427.355s][info ][safepoint      ] Application time: 8.0007108 seconds
[2427.355s][info ][safepoint      ] Entering safepoint region: Cleanup
[2427.355s][info ][safepoint      ] Leaving safepoint region
[2427.355s][info ][safepoint      ] Total time for which application threads were stopped: 0.0001768 seconds, Stopping threads took: 0.0000967 seconds
[2428.355s][info ][safepoint      ] Application time: 1.0001218 seconds
[2428.355s][info ][safepoint      ] Entering safepoint region: Cleanup
[2428.355s][info ][safepoint      ] Leaving safepoint region
[2428.355s][info ][safepoint      ] Total time for which application threads were stopped: 0.0001342 seconds, Stopping threads took: 0.0000569 seconds
[2429.355s][info ][safepoint      ] Application time: 1.0000991 seconds
[2429.356s][info ][safepoint      ] Entering safepoint region: Cleanup
[2429.356s][info ][safepoint      ] Leaving safepoint region
[2429.356s][info ][safepoint      ] Total time for which application threads were stopped: 0.0002650 seconds, Stopping threads took: 0.0001832 seconds
[2435.458s][info ][safepoint      ] Application time: 6.1022373 seconds
[2435.458s][info ][safepoint      ] Entering safepoint region: ParallelGCFailedAllocation
[2435.458s][info ][gc,start       ] GC(121) Pause Young (Allocation Failure)
[2435.474s][debug][gc,phases      ] GC(121) Scavenge 15.916ms
[2435.474s][debug][gc,ref         ] GC(121) Skipped phase1 of Reference Processing due to unavailable references
[2435.474s][debug][gc,ref         ] GC(121) Skipped phase3 of Reference Processing due to unavailable references
[2435.474s][debug][gc,phases      ] GC(121) Reference Processing 0.044ms
[2435.474s][debug][gc,phases      ] GC(121) Weak Processing 0.129ms
[2435.475s][debug][gc,phases      ] GC(121) Scrub String Table 0.431ms
[2435.475s][debug][gc,age         ] GC(121) Desired survivor size 81264640 bytes, new threshold 15 (max threshold 15)
[2435.475s][info ][gc,heap        ] GC(121) PSYoungGen: 1975241K->42906K(2017792K)
[2435.475s][info ][gc,heap        ] GC(121) ParOldGen: 368763K->368799K(384000K)
[2435.475s][info ][gc,metaspace   ] GC(121) Metaspace: 74496K->74496K(1118208K)
[2435.475s][info ][gc             ] GC(121) Pause Young (Allocation Failure) 2289M->402M(2345M) 16.687ms
[2435.475s][info ][gc,cpu         ] GC(121) User=0.06s Sys=0.00s Real=0.02s
[2435.475s][info ][safepoint      ] Leaving safepoint region
[2435.475s][info ][safepoint      ] Total time for which application threads were stopped: 0.0169514 seconds, Stopping threads took: 0.0000742 seconds
[2440.475s][info ][safepoint      ] Application time: 5.0004968 seconds
[2440.476s][info ][safepoint      ] Entering safepoint region: Cleanup
[2440.476s][info ][safepoint      ] Leaving safepoint region
[2440.476s][info ][safepoint      ] Total time for which application threads were stopped: 0.0001032 seconds, Stopping threads took: 0.0000346 seconds
[2444.476s][info ][safepoint      ] Application time: 4.0003693 seconds
[2444.476s][info ][safepoint      ] Entering safepoint region: Cleanup
[2444.476s][info ][safepoint      ] Leaving safepoint region
[2444.476s][info ][safepoint      ] Total time for which application threads were stopped: 0.0000877 seconds, Stopping threads took: 0.0000188 seconds
[2453.477s][info ][safepoint      ] Application time: 9.0009498 seconds
[2453.477s][info ][safepoint      ] Entering safepoint region: Cleanup
[2453.477s][info ][safepoint      ] Leaving safepoint region
[2453.477s][info ][safepoint      ] Total time for which application threads were stopped: 0.0001989 seconds, Stopping threads took: 0.0000209 seconds
[2454.477s][info ][safepoint      ] Application time: 1.0000802 seconds
[2454.477s][info ][safepoint      ] Entering safepoint region: Cleanup
[2454.478s][info ][safepoint      ] Leaving safepoint region
[2454.478s][info ][safepoint      ] Total time for which application threads were stopped: 0.0001123 seconds, Stopping threads took: 0.0000206 seconds
[2455.478s][info ][safepoint      ] Application time: 1.0001257 seconds
[2455.478s][info ][safepoint      ] Entering safepoint region: Cleanup
[2455.478s][info ][safepoint      ] Leaving safepoint region
[2455.478s][info ][safepoint      ] Total time for which application threads were stopped: 0.0000920 seconds, Stopping threads took: 0.0000188 seconds
[2457.478s][info ][safepoint      ] Application time: 2.0001979 seconds
[2457.478s][info ][safepoint      ] Entering safepoint region: Cleanup
[2457.478s][info ][safepoint      ] Leaving safepoint region
[2457.478s][info ][safepoint      ] Total time for which application threads were stopped: 0.0000944 seconds, Stopping threads took: 0.0000189 seconds
[2459.478s][info ][safepoint      ] Application time: 2.0001752 seconds
[2459.478s][info ][safepoint      ] Entering safepoint region: Cleanup
[2459.478s][info ][safepoint      ] Leaving safepoint region
[2459.478s][info ][safepoint      ] Total time for which application threads were stopped: 0.0000904 seconds, Stopping threads took: 0.0000192 seconds
[2461.479s][info ][safepoint      ] Application time: 2.0002038 seconds
[2461.479s][info ][safepoint      ] Entering safepoint region: Cleanup
[2461.479s][info ][safepoint      ] Leaving safepoint region
[2461.479s][info ][safepoint      ] Total time for which application threads were stopped: 0.0000937 seconds, Stopping threads took: 0.0000204 seconds
[2464.479s][info ][safepoint      ] Application time: 3.0003554 seconds
[2464.479s][info ][safepoint      ] Entering safepoint region: Cleanup
[2464.479s][info ][safepoint      ] Leaving safepoint region
[2464.479s][info ][safepoint      ] Total time for which application threads were stopped: 0.0000884 seconds, Stopping threads took: 0.0000181 seconds
[2465.909s][info ][safepoint      ] Application time: 1.4302006 seconds
[2465.910s][info ][safepoint      ] Entering safepoint region: ParallelGCFailedAllocation
[2465.910s][info ][gc,start       ] GC(122) Pause Young (Allocation Failure)
[2465.928s][debug][gc,phases      ] GC(122) Scavenge 18.100ms
[2465.928s][debug][gc,ref         ] GC(122) Skipped phase1 of Reference Processing due to unavailable references
[2465.928s][debug][gc,ref         ] GC(122) Skipped phase3 of Reference Processing due to unavailable references
[2465.928s][debug][gc,phases      ] GC(122) Reference Processing 0.058ms
[2465.928s][debug][gc,phases      ] GC(122) Weak Processing 0.258ms
[2465.929s][debug][gc,phases      ] GC(122) Scrub String Table 0.878ms
[2465.929s][debug][gc,age         ] GC(122) Desired survivor size 78643200 bytes, new threshold 15 (max threshold 15)
[2465.929s][info ][gc,heap        ] GC(122) PSYoungGen: 1979290K->50218K(2015744K)
[2465.929s][info ][gc,heap        ] GC(122) ParOldGen: 368799K->368831K(384000K)
[2465.929s][info ][gc,metaspace   ] GC(122) Metaspace: 74502K->74502K(1118208K)
[2465.929s][info ][gc             ] GC(122) Pause Young (Allocation Failure) 2293M->409M(2343M) 19.440ms
[2465.929s][info ][gc,cpu         ] GC(122) User=0.08s Sys=0.00s Real=0.02s
[2465.929s][info ][safepoint      ] Leaving safepoint region
[2465.929s][info ][safepoint      ] Total time for which application threads were stopped: 0.0196645 seconds, Stopping threads took: 0.0000319 seconds
[2472.581s][info ][safepoint      ] Application time: 6.6515849 seconds
[2472.581s][info ][safepoint      ] Entering safepoint region: RevokeBias
[2472.581s][info ][safepoint      ] Leaving safepoint region
[2472.581s][info ][safepoint      ] Total time for which application threads were stopped: 0.0001041 seconds, Stopping threads took: 0.0000180 seconds
[2491.584s][info ][safepoint      ] Application time: 19.0034792 seconds
[2491.584s][info ][safepoint      ] Entering safepoint region: Cleanup
[2491.585s][info ][safepoint      ] Leaving safepoint region
[2491.585s][info ][safepoint      ] Total time for which application threads were stopped: 0.0001074 seconds, Stopping threads took: 0.0000327 seconds
[2499.509s][info ][safepoint      ] Application time: 7.9244628 seconds
[2499.509s][info ][safepoint      ] Entering safepoint region: RevokeBias
[2499.509s][info ][safepoint      ] Leaving safepoint region
[2499.509s][info ][safepoint      ] Total time for which application threads were stopped: 0.0001823 seconds, Stopping threads took: 0.0000607 seconds
[2503.510s][info ][safepoint      ] Application time: 4.0003789 seconds
[2503.510s][info ][safepoint      ] Entering safepoint region: Cleanup
[2503.510s][info ][safepoint      ] Leaving safepoint region
[2503.510s][info ][safepoint      ] Total time for which application threads were stopped: 0.0001374 seconds, Stopping threads took: 0.0000425 seconds
[2504.510s][info ][safepoint      ] Application time: 1.0001476 seconds
[2504.510s][info ][safepoint      ] Entering safepoint region: Cleanup
[2504.510s][info ][safepoint      ] Leaving safepoint region
[2504.510s][info ][safepoint      ] Total time for which application threads were stopped: 0.0001315 seconds, Stopping threads took: 0.0000534 seconds
[2505.510s][info ][safepoint      ] Application time: 1.0000872 seconds
[2505.510s][info ][safepoint      ] Entering safepoint region: Cleanup
[2505.510s][info ][safepoint      ] Leaving safepoint region
[2505.510s][info ][safepoint      ] Total time for which application threads were stopped: 0.0001289 seconds, Stopping threads took: 0.0000463 seconds
[2506.235s][info ][safepoint      ] Application time: 0.7242238 seconds
[2506.235s][info ][safepoint      ] Entering safepoint region: ParallelGCFailedAllocation
[2506.235s][info ][gc,start       ] GC(123) Pause Young (Allocation Failure)
[2506.253s][debug][gc,phases      ] GC(123) Scavenge 18.421ms
[2506.253s][debug][gc,ref         ] GC(123) Skipped phase1 of Reference Processing due to unavailable references
[2506.253s][debug][gc,ref         ] GC(123) Skipped phase3 of Reference Processing due to unavailable references
[2506.253s][debug][gc,phases      ] GC(123) Reference Processing 0.105ms
[2506.253s][debug][gc,phases      ] GC(123) Weak Processing 0.124ms
[2506.254s][debug][gc,phases      ] GC(123) Scrub String Table 0.441ms
[2506.254s][debug][gc,age         ] GC(123) Desired survivor size 78118912 bytes, new threshold 15 (max threshold 15)
[2506.254s][info ][gc,heap        ] GC(123) PSYoungGen: 1986602K->55625K(2020864K)
[2506.254s][info ][gc,heap        ] GC(123) ParOldGen: 368831K->368919K(384000K)
[2506.254s][info ][gc,metaspace   ] GC(123) Metaspace: 74509K->74509K(1118208K)
[2506.254s][info ][gc             ] GC(123) Pause Young (Allocation Failure) 2300M->414M(2348M) 19.291ms
[2506.254s][info ][gc,cpu         ] GC(123) User=0.07s Sys=0.00s Real=0.02s
[2506.254s][info ][safepoint      ] Leaving safepoint region
[2506.254s][info ][safepoint      ] Total time for which application threads were stopped: 0.0195159 seconds, Stopping threads took: 0.0000168 seconds
[2517.255s][info ][safepoint      ] Application time: 11.0010662 seconds
[2517.255s][info ][safepoint      ] Entering safepoint region: Cleanup
[2517.255s][info ][safepoint      ] Leaving safepoint region
[2517.255s][info ][safepoint      ] Total time for which application threads were stopped: 0.0001505 seconds, Stopping threads took: 0.0000599 seconds
[2520.256s][info ][safepoint      ] Application time: 3.0002951 seconds
[2520.256s][info ][safepoint      ] Entering safepoint region: Cleanup
[2520.256s][info ][safepoint      ] Leaving safepoint region
[2520.256s][info ][safepoint      ] Total time for which application threads were stopped: 0.0001291 seconds, Stopping threads took: 0.0000396 seconds
[2522.256s][info ][safepoint      ] Application time: 2.0001601 seconds
[2522.256s][info ][safepoint      ] Entering safepoint region: Cleanup
[2522.256s][info ][safepoint      ] Leaving safepoint region
[2522.256s][info ][safepoint      ] Total time for which application threads were stopped: 0.0001481 seconds, Stopping threads took: 0.0000383 seconds
[2524.256s][info ][safepoint      ] Application time: 2.0001866 seconds
[2524.256s][info ][safepoint      ] Entering safepoint region: Cleanup
[2524.257s][info ][safepoint      ] Leaving safepoint region
[2524.257s][info ][safepoint      ] Total time for which application threads were stopped: 0.0001360 seconds, Stopping threads took: 0.0000508 seconds
[2535.257s][info ][safepoint      ] Application time: 11.0009035 seconds
[2535.258s][info ][safepoint      ] Entering safepoint region: Cleanup
[2535.258s][info ][safepoint      ] Leaving safepoint region
[2535.258s][info ][safepoint      ] Total time for which application threads were stopped: 0.0001313 seconds, Stopping threads took: 0.0000481 seconds
[2536.258s][info ][safepoint      ] Application time: 1.0001235 seconds
[2536.258s][info ][safepoint      ] Entering safepoint region: Cleanup
[2536.258s][info ][safepoint      ] Leaving safepoint region
[2536.258s][info ][safepoint      ] Total time for which application threads were stopped: 0.0001674 seconds, Stopping threads took: 0.0000889 seconds
[2546.259s][info ][safepoint      ] Application time: 10.0007561 seconds
[2546.259s][info ][safepoint      ] Entering safepoint region: Cleanup
[2546.259s][info ][safepoint      ] Leaving safepoint region
[2546.259s][info ][safepoint      ] Total time for which application threads were stopped: 0.0001305 seconds, Stopping threads took: 0.0000450 seconds
[2547.864s][info ][safepoint      ] Application time: 1.6048395 seconds
[2547.864s][info ][safepoint      ] Entering safepoint region: ParallelGCFailedAllocation
[2547.864s][info ][gc,start       ] GC(124) Pause Young (Allocation Failure)
[2547.884s][debug][gc,phases      ] GC(124) Scavenge 20.068ms
[2547.884s][debug][gc,ref         ] GC(124) Skipped phase1 of Reference Processing due to unavailable references
[2547.884s][debug][gc,ref         ] GC(124) Skipped phase3 of Reference Processing due to unavailable references
[2547.884s][debug][gc,phases      ] GC(124) Reference Processing 0.044ms
[2547.884s][debug][gc,phases      ] GC(124) Weak Processing 0.134ms
[2547.885s][debug][gc,phases      ] GC(124) Scrub String Table 0.521ms
[2547.885s][debug][gc,age         ] GC(124) Desired survivor size 78118912 bytes, new threshold 15 (max threshold 15)
[2547.885s][info ][gc,heap        ] GC(124) PSYoungGen: 1999689K->57209K(2020352K)
[2547.885s][info ][gc,heap        ] GC(124) ParOldGen: 368919K->373072K(384000K)
[2547.885s][info ][gc,metaspace   ] GC(124) Metaspace: 74512K->74512K(1118208K)
[2547.885s][info ][gc             ] GC(124) Pause Young (Allocation Failure) 2313M->420M(2348M) 21.599ms
[2547.886s][info ][gc,cpu         ] GC(124) User=0.08s Sys=0.00s Real=0.02s
[2547.886s][info ][safepoint      ] Leaving safepoint region
[2547.886s][info ][safepoint      ] Total time for which application threads were stopped: 0.0217882 seconds, Stopping threads took: 0.0000180 seconds
[2565.888s][info ][safepoint      ] Application time: 18.0028754 seconds
[2565.888s][info ][safepoint      ] Entering safepoint region: Cleanup
[2565.889s][info ][safepoint      ] Leaving safepoint region
[2565.889s][info ][safepoint      ] Total time for which application threads were stopped: 0.0000972 seconds, Stopping threads took: 0.0000320 seconds
[2589.299s][info ][safepoint      ] Application time: 23.4107333 seconds
[2589.299s][info ][safepoint      ] Entering safepoint region: RevokeBias
[2589.299s][info ][safepoint      ] Leaving safepoint region
[2589.299s][info ][safepoint      ] Total time for which application threads were stopped: 0.0001040 seconds, Stopping threads took: 0.0000321 seconds
[2591.704s][info ][safepoint      ] Application time: 2.4048354 seconds
[2591.704s][info ][safepoint      ] Entering safepoint region: ParallelGCFailedAllocation
[2591.704s][info ][gc,start       ] GC(125) Pause Young (Allocation Failure)
[2591.725s][debug][gc,phases      ] GC(125) Scavenge 20.066ms
[2591.725s][debug][gc,ref         ] GC(125) Skipped phase1 of Reference Processing due to unavailable references
[2591.725s][debug][gc,ref         ] GC(125) Skipped phase3 of Reference Processing due to unavailable references
[2591.725s][debug][gc,phases      ] GC(125) Reference Processing 0.075ms
[2591.725s][debug][gc,phases      ] GC(125) Weak Processing 0.127ms
[2591.725s][debug][gc,phases      ] GC(125) Scrub String Table 0.510ms
[2591.725s][debug][gc,age         ] GC(125) Desired survivor size 78643200 bytes, new threshold 15 (max threshold 15)
[2591.725s][info ][gc,heap        ] GC(125) PSYoungGen: 2001273K->59481K(2019840K)
[2591.725s][info ][gc,heap        ] GC(125) ParOldGen: 373072K->374432K(384000K)
[2591.725s][info ][gc,metaspace   ] GC(125) Metaspace: 74515K->74515K(1118208K)
[2591.725s][info ][gc             ] GC(125) Pause Young (Allocation Failure) 2318M->423M(2347M) 20.930ms
[2591.725s][info ][gc,cpu         ] GC(125) User=0.08s Sys=0.00s Real=0.02s
[2591.725s][debug][gc,phases      ] GC(126) Pre Compact 0.013ms
[2591.725s][info ][gc,start       ] GC(126) Pause Full (Ergonomics)
[2591.725s][info ][gc,phases,start] GC(126) Marking Phase
[2591.950s][debug][gc,phases      ] GC(126) Par Mark 224.801ms
[2591.950s][debug][gc,ref         ] GC(126) Skipped phase1 of Reference Processing due to unavailable references
[2591.951s][debug][gc,ref         ] GC(126) Skipped phase3 of Reference Processing due to unavailable references
[2591.951s][debug][gc,phases      ] GC(126) Reference Processing 0.429ms
[2591.951s][debug][gc,phases      ] GC(126) Weak Processing 0.259ms
[2591.952s][debug][gc,phases      ] GC(126) ClassLoaderData 0.599ms
[2591.952s][debug][gc,phases      ] GC(126) ProtectionDomainCacheTable 0.004ms
[2591.952s][debug][gc,phases      ] GC(126) ResolvedMethodTable 0.255ms
[2591.962s][debug][gc,phases      ] GC(126) Class Unloading 10.372ms
[2591.962s][debug][gc,phases      ] GC(126) Scrub String Table 0.526ms
[2591.969s][debug][gc,phases      ] GC(126) Scrub Symbol Table 7.262ms
[2591.969s][info ][gc,phases      ] GC(126) Marking Phase 243.965ms
[2591.969s][info ][gc,phases,start] GC(126) Summary Phase
[2591.969s][info ][gc,phases      ] GC(126) Summary Phase 0.039ms
[2591.969s][info ][gc,phases,start] GC(126) Adjust Roots
[2591.991s][info ][gc,phases      ] GC(126) Adjust Roots 21.686ms
[2591.991s][info ][gc,phases,start] GC(126) Compaction Phase
[2592.086s][info ][gc,phases      ] GC(126) Compaction Phase 94.527ms
[2592.086s][info ][gc,phases,start] GC(126) Post Compact
[2592.088s][info ][gc,phases      ] GC(126) Post Compact 2.621ms
[2592.089s][info ][gc,heap        ] GC(126) PSYoungGen: 59481K->0K(2020352K)
[2592.089s][info ][gc,heap        ] GC(126) ParOldGen: 374432K->346980K(447488K)
[2592.089s][info ][gc,metaspace   ] GC(126) Metaspace: 74515K->74515K(1118208K)
[2592.089s][info ][gc             ] GC(126) Pause Full (Ergonomics) 423M->338M(2410M) 363.239ms
[2592.089s][info ][gc,cpu         ] GC(126) User=1.32s Sys=0.00s Real=0.36s
[2592.089s][info ][safepoint      ] Leaving safepoint region
[2592.089s][info ][safepoint      ] Total time for which application threads were stopped: 0.3844279 seconds, Stopping threads took: 0.0000181 seconds
[2592.089s][info ][safepoint      ] Application time: 0.0001204 seconds
[2592.089s][info ][safepoint      ] Entering safepoint region: RevokeBias
[2592.089s][info ][safepoint      ] Leaving safepoint region
[2592.089s][info ][safepoint      ] Total time for which application threads were stopped: 0.0001589 seconds, Stopping threads took: 0.0000704 seconds
[2601.090s][info ][safepoint      ] Application time: 9.0006967 seconds
[2601.090s][info ][safepoint      ] Entering safepoint region: Cleanup
[2601.090s][info ][safepoint      ] Leaving safepoint region
[2601.090s][info ][safepoint      ] Total time for which application threads were stopped: 0.0001037 seconds, Stopping threads took: 0.0000207 seconds
[2604.090s][info ][safepoint      ] Application time: 3.0002801 seconds
[2604.090s][info ][safepoint      ] Entering safepoint region: Cleanup
[2604.090s][info ][safepoint      ] Leaving safepoint region
[2604.090s][info ][safepoint      ] Total time for which application threads were stopped: 0.0000845 seconds, Stopping threads took: 0.0000172 seconds
[2605.090s][info ][safepoint      ] Application time: 1.0001253 seconds
[2605.090s][info ][safepoint      ] Entering safepoint region: Cleanup
[2605.091s][info ][safepoint      ] Leaving safepoint region
[2605.091s][info ][safepoint      ] Total time for which application threads were stopped: 0.0000853 seconds, Stopping threads took: 0.0000170 seconds
[2629.093s][info ][safepoint      ] Application time: 24.0025311 seconds
[2629.093s][info ][safepoint      ] Entering safepoint region: Cleanup
[2629.093s][info ][safepoint      ] Leaving safepoint region
[2629.093s][info ][safepoint      ] Total time for which application threads were stopped: 0.0000867 seconds, Stopping threads took: 0.0000168 seconds
[2634.404s][info ][safepoint      ] Application time: 5.3102996 seconds
[2634.404s][info ][safepoint      ] Entering safepoint region: ParallelGCFailedAllocation
[2634.404s][info ][gc,start       ] GC(127) Pause Young (Allocation Failure)
[2634.408s][debug][gc,phases      ] GC(127) Scavenge 4.728ms
[2634.409s][debug][gc,ref         ] GC(127) Skipped phase1 of Reference Processing due to unavailable references
[2634.409s][debug][gc,ref         ] GC(127) Skipped phase2 of Reference Processing due to unavailable references
[2634.409s][debug][gc,ref         ] GC(127) Skipped phase3 of Reference Processing due to unavailable references
[2634.409s][debug][gc,ref         ] GC(127) Skipped phase4 of Reference Processing due to unavailable references
[2634.409s][debug][gc,phases      ] GC(127) Reference Processing 0.039ms
[2634.409s][debug][gc,phases      ] GC(127) Weak Processing 0.144ms
[2634.409s][debug][gc,phases      ] GC(127) Scrub String Table 0.422ms
[2634.409s][debug][gc,age         ] GC(127) Desired survivor size 83886080 bytes, new threshold 15 (max threshold 15)
[2634.409s][info ][gc,heap        ] GC(127) PSYoungGen: 1943552K->7456K(2010112K)
[2634.409s][info ][gc,heap        ] GC(127) ParOldGen: 346980K->346988K(447488K)
[2634.409s][info ][gc,metaspace   ] GC(127) Metaspace: 74516K->74516K(1118208K)
[2634.409s][info ][gc             ] GC(127) Pause Young (Allocation Failure) 2236M->346M(2400M) 5.476ms
[2634.409s][info ][gc,cpu         ] GC(127) User=0.02s Sys=0.00s Real=0.00s
[2634.409s][info ][safepoint      ] Leaving safepoint region
[2634.409s][info ][safepoint      ] Total time for which application threads were stopped: 0.0056814 seconds, Stopping threads took: 0.0000338 seconds
[2664.414s][info ][safepoint      ] Application time: 30.0048784 seconds
[2664.414s][info ][safepoint      ] Entering safepoint region: Cleanup
[2664.414s][info ][safepoint      ] Leaving safepoint region
[2664.414s][info ][safepoint      ] Total time for which application threads were stopped: 0.0001232 seconds, Stopping threads took: 0.0000519 seconds
[2675.359s][info ][safepoint      ] Application time: 10.9450785 seconds
[2675.359s][info ][safepoint      ] Entering safepoint region: ParallelGCFailedAllocation
[2675.360s][info ][gc,start       ] GC(128) Pause Young (Allocation Failure)
[2675.365s][debug][gc,phases      ] GC(128) Scavenge 5.473ms
[2675.365s][debug][gc,ref         ] GC(128) Skipped phase1 of Reference Processing due to unavailable references
[2675.365s][debug][gc,ref         ] GC(128) Skipped phase2 of Reference Processing due to unavailable references
[2675.365s][debug][gc,ref         ] GC(128) Skipped phase3 of Reference Processing due to unavailable references
[2675.365s][debug][gc,phases      ] GC(128) Reference Processing 0.039ms
[2675.365s][debug][gc,phases      ] GC(128) Weak Processing 0.235ms
[2675.366s][debug][gc,phases      ] GC(128) Scrub String Table 0.795ms
[2675.366s][debug][gc,age         ] GC(128) Desired survivor size 86507520 bytes, new threshold 15 (max threshold 15)
[2675.366s][info ][gc,heap        ] GC(128) PSYoungGen: 1940768K->11632K(1945088K)
[2675.366s][info ][gc,heap        ] GC(128) ParOldGen: 346988K->346988K(447488K)
[2675.366s][info ][gc,metaspace   ] GC(128) Metaspace: 74517K->74517K(1118208K)
[2675.366s][info ][gc             ] GC(128) Pause Young (Allocation Failure) 2234M->350M(2336M) 6.697ms
[2675.366s][info ][gc,cpu         ] GC(128) User=0.03s Sys=0.00s Real=0.01s
[2675.366s][info ][safepoint      ] Leaving safepoint region
[2675.366s][info ][safepoint      ] Total time for which application threads were stopped: 0.0068924 seconds, Stopping threads took: 0.0000188 seconds
[2708.370s][info ][safepoint      ] Application time: 33.0036932 seconds
[2708.370s][info ][safepoint      ] Entering safepoint region: Cleanup
[2708.370s][info ][safepoint      ] Leaving safepoint region
[2708.370s][info ][safepoint      ] Total time for which application threads were stopped: 0.0001034 seconds, Stopping threads took: 0.0000340 seconds
[2713.371s][info ][safepoint      ] Application time: 5.0004929 seconds
[2713.371s][info ][safepoint      ] Entering safepoint region: Cleanup
[2713.371s][info ][safepoint      ] Leaving safepoint region
[2713.371s][info ][safepoint      ] Total time for which application threads were stopped: 0.0001033 seconds, Stopping threads took: 0.0000178 seconds
[2714.806s][info ][safepoint      ] Application time: 1.4352068 seconds
[2714.806s][info ][safepoint      ] Entering safepoint region: ParallelGCFailedAllocation
[2714.806s][info ][gc,start       ] GC(129) Pause Young (Allocation Failure)
[2714.814s][debug][gc,phases      ] GC(129) Scavenge 7.397ms
[2714.814s][debug][gc,ref         ] GC(129) Skipped phase1 of Reference Processing due to unavailable references
[2714.814s][debug][gc,ref         ] GC(129) Skipped phase2 of Reference Processing due to unavailable references
[2714.814s][debug][gc,ref         ] GC(129) Skipped phase3 of Reference Processing due to unavailable references
[2714.814s][debug][gc,phases      ] GC(129) Reference Processing 0.040ms
[2714.814s][debug][gc,phases      ] GC(129) Weak Processing 0.127ms
[2714.814s][debug][gc,phases      ] GC(129) Scrub String Table 0.451ms
[2714.814s][debug][gc,age         ] GC(129) Desired survivor size 88080384 bytes, new threshold 15 (max threshold 15)
[2714.814s][info ][gc,heap        ] GC(129) PSYoungGen: 1944944K->11984K(2009600K)
[2714.814s][info ][gc,heap        ] GC(129) ParOldGen: 346988K->346988K(447488K)
[2714.814s][info ][gc,metaspace   ] GC(129) Metaspace: 74522K->74522K(1118208K)
[2714.814s][info ][gc             ] GC(129) Pause Young (Allocation Failure) 2238M->350M(2399M) 8.160ms
[2714.814s][info ][gc,cpu         ] GC(129) User=0.03s Sys=0.00s Real=0.01s
[2714.814s][info ][safepoint      ] Leaving safepoint region
[2714.814s][info ][safepoint      ] Total time for which application threads were stopped: 0.0083886 seconds, Stopping threads took: 0.0000607 seconds
[2743.817s][info ][safepoint      ] Application time: 29.0029807 seconds
[2743.818s][info ][safepoint      ] Entering safepoint region: Cleanup
[2743.818s][info ][safepoint      ] Leaving safepoint region
[2743.818s][info ][safepoint      ] Total time for which application threads were stopped: 0.0001042 seconds, Stopping threads took: 0.0000341 seconds
[2744.198s][info ][safepoint      ] Application time: 0.3800774 seconds
[2744.198s][info ][safepoint      ] Entering safepoint region: RevokeBias
[2744.198s][info ][safepoint      ] Leaving safepoint region
[2744.198s][info ][safepoint      ] Total time for which application threads were stopped: 0.0001430 seconds, Stopping threads took: 0.0000180 seconds
[2744.198s][info ][safepoint      ] Application time: 0.0000455 seconds
[2744.198s][info ][safepoint      ] Entering safepoint region: RevokeBias
[2744.198s][info ][safepoint      ] Leaving safepoint region
[2744.198s][info ][safepoint      ] Total time for which application threads were stopped: 0.0000464 seconds, Stopping threads took: 0.0000073 seconds
[2744.199s][info ][safepoint      ] Application time: 0.0007461 seconds
[2744.199s][info ][safepoint      ] Entering safepoint region: RevokeBias
[2744.199s][info ][safepoint      ] Leaving safepoint region
[2744.199s][info ][safepoint      ] Total time for which application threads were stopped: 0.0000625 seconds, Stopping threads took: 0.0000110 seconds
[2744.235s][info ][safepoint      ] Application time: 0.0358126 seconds
[2744.235s][info ][safepoint      ] Entering safepoint region: RevokeBias
[2744.235s][info ][safepoint      ] Leaving safepoint region
[2744.235s][info ][safepoint      ] Total time for which application threads were stopped: 0.0001542 seconds, Stopping threads took: 0.0000527 seconds
[2744.235s][info ][safepoint      ] Application time: 0.0000477 seconds
[2744.235s][info ][safepoint      ] Entering safepoint region: RevokeBias
[2744.235s][info ][safepoint      ] Leaving safepoint region
[2744.235s][info ][safepoint      ] Total time for which application threads were stopped: 0.0001789 seconds, Stopping threads took: 0.0001344 seconds
[2744.236s][info ][safepoint      ] Application time: 0.0005631 seconds
[2744.236s][info ][safepoint      ] Entering safepoint region: RevokeBias
[2744.236s][info ][safepoint      ] Leaving safepoint region
[2744.236s][info ][safepoint      ] Total time for which application threads were stopped: 0.0000598 seconds, Stopping threads took: 0.0000101 seconds
[2750.236s][info ][safepoint      ] Application time: 6.0008090 seconds
[2750.237s][info ][safepoint      ] Entering safepoint region: Cleanup
[2750.237s][info ][safepoint      ] Leaving safepoint region
[2750.237s][info ][safepoint      ] Total time for which application threads were stopped: 0.0001417 seconds, Stopping threads took: 0.0000183 seconds
[2752.237s][info ][safepoint      ] Application time: 2.0002008 seconds
[2752.237s][info ][safepoint      ] Entering safepoint region: Cleanup
[2752.237s][info ][safepoint      ] Leaving safepoint region
[2752.237s][info ][safepoint      ] Total time for which application threads were stopped: 0.0001095 seconds, Stopping threads took: 0.0000203 seconds
[2757.262s][info ][safepoint      ] Application time: 5.0251452 seconds
[2757.262s][info ][safepoint      ] Entering safepoint region: ParallelGCFailedAllocation
[2757.262s][info ][gc,start       ] GC(130) Pause Young (Allocation Failure)
[2757.269s][debug][gc,phases      ] GC(130) Scavenge 6.869ms
[2757.269s][debug][gc,ref         ] GC(130) Skipped phase1 of Reference Processing due to unavailable references
[2757.269s][debug][gc,ref         ] GC(130) Skipped phase2 of Reference Processing due to unavailable references
[2757.269s][debug][gc,ref         ] GC(130) Skipped phase3 of Reference Processing due to unavailable references
[2757.269s][debug][gc,phases      ] GC(130) Reference Processing 0.053ms
[2757.269s][debug][gc,phases      ] GC(130) Weak Processing 0.127ms
[2757.270s][debug][gc,phases      ] GC(130) Scrub String Table 0.525ms
[2757.270s][debug][gc,age         ] GC(130) Desired survivor size 87556096 bytes, new threshold 15 (max threshold 15)
[2757.270s][info ][gc,heap        ] GC(130) PSYoungGen: 1937104K->15904K(2011136K)
[2757.270s][info ][gc,heap        ] GC(130) ParOldGen: 346988K->346988K(447488K)
[2757.270s][info ][gc,metaspace   ] GC(130) Metaspace: 74523K->74523K(1118208K)
[2757.270s][info ][gc             ] GC(130) Pause Young (Allocation Failure) 2230M->354M(2401M) 7.740ms
[2757.270s][info ][gc,cpu         ] GC(130) User=0.03s Sys=0.00s Real=0.00s
[2757.270s][info ][safepoint      ] Leaving safepoint region
[2757.270s][info ][safepoint      ] Total time for which application threads were stopped: 0.0079390 seconds, Stopping threads took: 0.0000194 seconds
[2772.586s][info ][safepoint      ] Application time: 15.3157907 seconds
[2772.586s][info ][safepoint      ] Entering safepoint region: RevokeBias
[2772.586s][info ][safepoint      ] Leaving safepoint region
[2772.586s][info ][safepoint      ] Total time for which application threads were stopped: 0.0001839 seconds, Stopping threads took: 0.0000966 seconds
[2791.588s][info ][safepoint      ] Application time: 19.0019177 seconds
[2791.588s][info ][safepoint      ] Entering safepoint region: Cleanup
[2791.588s][info ][safepoint      ] Leaving safepoint region
[2791.588s][info ][safepoint      ] Total time for which application threads were stopped: 0.0000972 seconds, Stopping threads took: 0.0000203 seconds
[2801.154s][info ][safepoint      ] Application time: 9.5661882 seconds
[2801.154s][info ][safepoint      ] Entering safepoint region: ParallelGCFailedAllocation
[2801.155s][info ][gc,start       ] GC(131) Pause Young (Allocation Failure)
[2801.163s][debug][gc,phases      ] GC(131) Scavenge 8.271ms
[2801.163s][debug][gc,ref         ] GC(131) Skipped phase1 of Reference Processing due to unavailable references
[2801.163s][debug][gc,ref         ] GC(131) Skipped phase2 of Reference Processing due to unavailable references
[2801.163s][debug][gc,ref         ] GC(131) Skipped phase3 of Reference Processing due to unavailable references
[2801.163s][debug][gc,phases      ] GC(131) Reference Processing 0.056ms
[2801.163s][debug][gc,phases      ] GC(131) Weak Processing 0.128ms
[2801.164s][debug][gc,phases      ] GC(131) Scrub String Table 0.498ms
[2801.164s][debug][gc,age         ] GC(131) Desired survivor size 86507520 bytes, new threshold 15 (max threshold 15)
[2801.164s][info ][gc,heap        ] GC(131) PSYoungGen: 1941024K->18128K(2012672K)
[2801.164s][info ][gc,heap        ] GC(131) ParOldGen: 346988K->346988K(447488K)
[2801.164s][info ][gc,metaspace   ] GC(131) Metaspace: 74523K->74523K(1118208K)
[2801.164s][info ][gc             ] GC(131) Pause Young (Allocation Failure) 2234M->356M(2402M) 9.114ms
[2801.164s][info ][gc,cpu         ] GC(131) User=0.04s Sys=0.00s Real=0.01s
[2801.164s][info ][safepoint      ] Leaving safepoint region
[2801.164s][info ][safepoint      ] Total time for which application threads were stopped: 0.0092991 seconds, Stopping threads took: 0.0000186 seconds
[2813.532s][info ][safepoint      ] Application time: 12.3686583 seconds
[2813.532s][info ][safepoint      ] Entering safepoint region: RevokeBias
[2813.533s][info ][safepoint      ] Leaving safepoint region
[2813.533s][info ][safepoint      ] Total time for which application threads were stopped: 0.0001367 seconds, Stopping threads took: 0.0000177 seconds
[2822.534s][info ][safepoint      ] Application time: 9.0009641 seconds
[2822.534s][info ][safepoint      ] Entering safepoint region: Cleanup
[2822.534s][info ][safepoint      ] Leaving safepoint region
[2822.534s][info ][safepoint      ] Total time for which application threads were stopped: 0.0001039 seconds, Stopping threads took: 0.0000182 seconds
[2835.535s][info ][safepoint      ] Application time: 13.0017481 seconds
[2835.535s][info ][safepoint      ] Entering safepoint region: Cleanup
[2835.536s][info ][safepoint      ] Leaving safepoint region
[2835.536s][info ][safepoint      ] Total time for which application threads were stopped: 0.0000900 seconds, Stopping threads took: 0.0000181 seconds
[2838.536s][info ][safepoint      ] Application time: 3.0003048 seconds
[2838.536s][info ][safepoint      ] Entering safepoint region: Cleanup
[2838.536s][info ][safepoint      ] Leaving safepoint region
[2838.536s][info ][safepoint      ] Total time for which application threads were stopped: 0.0000916 seconds, Stopping threads took: 0.0000177 seconds
[2845.954s][info ][safepoint      ] Application time: 7.4184724 seconds
[2845.955s][info ][safepoint      ] Entering safepoint region: ParallelGCFailedAllocation
[2845.955s][info ][gc,start       ] GC(132) Pause Young (Allocation Failure)
[2845.963s][debug][gc,phases      ] GC(132) Scavenge 8.132ms
[2845.963s][debug][gc,ref         ] GC(132) Skipped phase1 of Reference Processing due to unavailable references
[2845.963s][debug][gc,ref         ] GC(132) Skipped phase3 of Reference Processing due to unavailable references
[2845.963s][debug][gc,phases      ] GC(132) Reference Processing 0.036ms
[2845.963s][debug][gc,phases      ] GC(132) Weak Processing 0.135ms
[2845.964s][debug][gc,phases      ] GC(132) Scrub String Table 0.454ms
[2845.964s][debug][gc,age         ] GC(132) Desired survivor size 84410368 bytes, new threshold 15 (max threshold 15)
[2845.964s][info ][gc,heap        ] GC(132) PSYoungGen: 1945296K->20880K(2011648K)
[2845.964s][info ][gc,heap        ] GC(132) ParOldGen: 346988K->346996K(447488K)
[2845.964s][info ][gc,metaspace   ] GC(132) Metaspace: 74541K->74541K(1118208K)
[2845.964s][info ][gc             ] GC(132) Pause Young (Allocation Failure) 2238M->359M(2401M) 8.920ms
[2845.964s][info ][gc,cpu         ] GC(132) User=0.04s Sys=0.00s Real=0.01s
[2845.964s][info ][safepoint      ] Leaving safepoint region
[2845.964s][info ][safepoint      ] Total time for which application threads were stopped: 0.0091403 seconds, Stopping threads took: 0.0000352 seconds
[2864.966s][info ][safepoint      ] Application time: 19.0018962 seconds
[2864.966s][info ][safepoint      ] Entering safepoint region: Cleanup
[2864.966s][info ][safepoint      ] Leaving safepoint region
[2864.966s][info ][safepoint      ] Total time for which application threads were stopped: 0.0000944 seconds, Stopping threads took: 0.0000182 seconds
[2874.967s][info ][safepoint      ] Application time: 10.0008860 seconds
[2874.967s][info ][safepoint      ] Entering safepoint region: Cleanup
[2874.967s][info ][safepoint      ] Leaving safepoint region
[2874.967s][info ][safepoint      ] Total time for which application threads were stopped: 0.0000869 seconds, Stopping threads took: 0.0000189 seconds
[2884.969s][info ][safepoint      ] Application time: 10.0025378 seconds
[2884.969s][info ][safepoint      ] Entering safepoint region: Cleanup
[2884.969s][info ][safepoint      ] Leaving safepoint region
[2884.969s][info ][safepoint      ] Total time for which application threads were stopped: 0.0001057 seconds, Stopping threads took: 0.0000201 seconds
[2885.970s][info ][safepoint      ] Application time: 1.0001217 seconds
[2885.970s][info ][safepoint      ] Entering safepoint region: Cleanup
[2885.970s][info ][safepoint      ] Leaving safepoint region
[2885.970s][info ][safepoint      ] Total time for which application threads were stopped: 0.0000937 seconds, Stopping threads took: 0.0000195 seconds
[2886.970s][info ][safepoint      ] Application time: 1.0000791 seconds
[2886.970s][info ][safepoint      ] Entering safepoint region: Cleanup
[2886.970s][info ][safepoint      ] Leaving safepoint region
[2886.970s][info ][safepoint      ] Total time for which application threads were stopped: 0.0001054 seconds, Stopping threads took: 0.0000200 seconds
[2889.311s][info ][safepoint      ] Application time: 2.3413332 seconds
[2889.311s][info ][safepoint      ] Entering safepoint region: ParallelGCFailedAllocation
[2889.311s][info ][gc,start       ] GC(133) Pause Young (Allocation Failure)
[2889.320s][debug][gc,phases      ] GC(133) Scavenge 9.113ms
[2889.321s][debug][gc,ref         ] GC(133) Skipped phase1 of Reference Processing due to unavailable references
[2889.321s][debug][gc,ref         ] GC(133) Skipped phase3 of Reference Processing due to unavailable references
[2889.321s][debug][gc,phases      ] GC(133) Reference Processing 0.037ms
[2889.321s][debug][gc,phases      ] GC(133) Weak Processing 0.125ms
[2889.321s][debug][gc,phases      ] GC(133) Scrub String Table 0.438ms
[2889.321s][debug][gc,age         ] GC(133) Desired survivor size 81264640 bytes, new threshold 15 (max threshold 15)
[2889.321s][info ][gc,heap        ] GC(133) PSYoungGen: 1948048K->23280K(2017792K)
[2889.321s][info ][gc,heap        ] GC(133) ParOldGen: 346996K->346996K(447488K)
[2889.321s][info ][gc,metaspace   ] GC(133) Metaspace: 74551K->74551K(1118208K)
[2889.321s][info ][gc             ] GC(133) Pause Young (Allocation Failure) 2241M->361M(2407M) 9.903ms
[2889.321s][info ][gc,cpu         ] GC(133) User=0.04s Sys=0.00s Real=0.02s
[2889.321s][info ][safepoint      ] Leaving safepoint region
[2889.321s][info ][safepoint      ] Total time for which application threads were stopped: 0.0100956 seconds, Stopping threads took: 0.0000166 seconds
[2893.322s][info ][safepoint      ] Application time: 4.0003930 seconds
[2893.322s][info ][safepoint      ] Entering safepoint region: Cleanup
[2893.322s][info ][safepoint      ] Leaving safepoint region
[2893.322s][info ][safepoint      ] Total time for which application threads were stopped: 0.0000899 seconds, Stopping threads took: 0.0000180 seconds
[2894.323s][info ][safepoint      ] Application time: 1.0013691 seconds
[2894.323s][info ][safepoint      ] Entering safepoint region: Cleanup
[2894.323s][info ][safepoint      ] Leaving safepoint region
[2894.323s][info ][safepoint      ] Total time for which application threads were stopped: 0.0001143 seconds, Stopping threads took: 0.0000369 seconds
[2895.323s][info ][safepoint      ] Application time: 1.0000756 seconds
[2895.324s][info ][safepoint      ] Entering safepoint region: Cleanup
[2895.324s][info ][safepoint      ] Leaving safepoint region
[2895.324s][info ][safepoint      ] Total time for which application threads were stopped: 0.0001529 seconds, Stopping threads took: 0.0000459 seconds
[2895.882s][info ][safepoint      ] Application time: 0.5585664 seconds
[2895.882s][info ][safepoint      ] Entering safepoint region: RevokeBias
[2895.882s][info ][safepoint      ] Leaving safepoint region
[2895.882s][info ][safepoint      ] Total time for which application threads were stopped: 0.0001395 seconds, Stopping threads took: 0.0000165 seconds
[2896.883s][info ][safepoint      ] Application time: 1.0000981 seconds
[2896.885s][info ][safepoint      ] Entering safepoint region: Cleanup
[2896.885s][info ][safepoint      ] Leaving safepoint region
[2896.885s][info ][safepoint      ] Total time for which application threads were stopped: 0.0024710 seconds, Stopping threads took: 0.0022880 seconds
[2898.885s][info ][safepoint      ] Application time: 2.0002038 seconds
[2898.885s][info ][safepoint      ] Entering safepoint region: Cleanup
[2898.885s][info ][safepoint      ] Leaving safepoint region
[2898.885s][info ][safepoint      ] Total time for which application threads were stopped: 0.0000968 seconds, Stopping threads took: 0.0000204 seconds
[2899.885s][info ][safepoint      ] Application time: 1.0000888 seconds
[2899.886s][info ][safepoint      ] Entering safepoint region: Cleanup
[2899.886s][info ][safepoint      ] Leaving safepoint region
[2899.886s][info ][safepoint      ] Total time for which application threads were stopped: 0.0001038 seconds, Stopping threads took: 0.0000272 seconds
[2900.886s][info ][safepoint      ] Application time: 1.0000706 seconds
[2900.886s][info ][safepoint      ] Entering safepoint region: Cleanup
[2900.886s][info ][safepoint      ] Leaving safepoint region
[2900.886s][info ][safepoint      ] Total time for which application threads were stopped: 0.0001748 seconds, Stopping threads took: 0.0000349 seconds
[2901.886s][info ][safepoint      ] Application time: 1.0001211 seconds
[2901.886s][info ][safepoint      ] Entering safepoint region: Cleanup
[2901.886s][info ][safepoint      ] Leaving safepoint region
[2901.886s][info ][safepoint      ] Total time for which application threads were stopped: 0.0000925 seconds, Stopping threads took: 0.0000182 seconds
[2902.886s][info ][safepoint      ] Application time: 1.0001052 seconds
[2902.886s][info ][safepoint      ] Entering safepoint region: Cleanup
[2902.887s][info ][safepoint      ] Leaving safepoint region
[2902.887s][info ][safepoint      ] Total time for which application threads were stopped: 0.0000926 seconds, Stopping threads took: 0.0000195 seconds
[2903.889s][info ][safepoint      ] Application time: 1.0020422 seconds
[2903.893s][info ][safepoint      ] Entering safepoint region: Cleanup
[2903.893s][info ][safepoint      ] Leaving safepoint region
[2903.893s][info ][safepoint      ] Total time for which application threads were stopped: 0.0041501 seconds, Stopping threads took: 0.0040596 seconds
[2904.893s][info ][safepoint      ] Application time: 1.0000937 seconds
[2904.893s][info ][safepoint      ] Entering safepoint region: Cleanup
[2904.893s][info ][safepoint      ] Leaving safepoint region
[2904.893s][info ][safepoint      ] Total time for which application threads were stopped: 0.0002963 seconds, Stopping threads took: 0.0000218 seconds
[2905.893s][info ][safepoint      ] Application time: 1.0000895 seconds
[2905.893s][info ][safepoint      ] Entering safepoint region: Cleanup
[2905.893s][info ][safepoint      ] Leaving safepoint region
[2905.893s][info ][safepoint      ] Total time for which application threads were stopped: 0.0001159 seconds, Stopping threads took: 0.0000362 seconds
[2907.894s][info ][safepoint      ] Application time: 2.0001471 seconds
[2907.894s][info ][safepoint      ] Entering safepoint region: Cleanup
[2907.894s][info ][safepoint      ] Leaving safepoint region
[2907.894s][info ][safepoint      ] Total time for which application threads were stopped: 0.0000967 seconds, Stopping threads took: 0.0000210 seconds
[2908.894s][info ][safepoint      ] Application time: 1.0000905 seconds
[2908.894s][info ][safepoint      ] Entering safepoint region: Cleanup
[2908.894s][info ][safepoint      ] Leaving safepoint region
[2908.894s][info ][safepoint      ] Total time for which application threads were stopped: 0.0001285 seconds, Stopping threads took: 0.0000213 seconds
[2910.894s][info ][safepoint      ] Application time: 2.0001933 seconds
[2910.894s][info ][safepoint      ] Entering safepoint region: Cleanup
[2910.894s][info ][safepoint      ] Leaving safepoint region
[2910.894s][info ][safepoint      ] Total time for which application threads were stopped: 0.0000939 seconds, Stopping threads took: 0.0000225 seconds
[2911.895s][info ][safepoint      ] Application time: 1.0001012 seconds
[2911.895s][info ][safepoint      ] Entering safepoint region: Cleanup
[2911.895s][info ][safepoint      ] Leaving safepoint region
[2911.895s][info ][safepoint      ] Total time for which application threads were stopped: 0.0000990 seconds, Stopping threads took: 0.0000179 seconds
[2916.895s][info ][safepoint      ] Application time: 5.0005001 seconds
[2916.895s][info ][safepoint      ] Entering safepoint region: Cleanup
[2916.895s][info ][safepoint      ] Leaving safepoint region
[2916.895s][info ][safepoint      ] Total time for which application threads were stopped: 0.0001002 seconds, Stopping threads took: 0.0000179 seconds
[2917.895s][info ][safepoint      ] Application time: 1.0000562 seconds
[2917.895s][info ][safepoint      ] Entering safepoint region: Cleanup
[2917.896s][info ][safepoint      ] Leaving safepoint region
[2917.896s][info ][safepoint      ] Total time for which application threads were stopped: 0.0001106 seconds, Stopping threads took: 0.0000189 seconds
[2918.896s][info ][safepoint      ] Application time: 1.0002027 seconds
[2918.896s][info ][safepoint      ] Entering safepoint region: Cleanup
[2918.896s][info ][safepoint      ] Leaving safepoint region
[2918.896s][info ][safepoint      ] Total time for which application threads were stopped: 0.0001070 seconds, Stopping threads took: 0.0000177 seconds
[2919.896s][info ][safepoint      ] Application time: 1.0000881 seconds
[2919.896s][info ][safepoint      ] Entering safepoint region: Cleanup
[2919.896s][info ][safepoint      ] Leaving safepoint region
[2919.896s][info ][safepoint      ] Total time for which application threads were stopped: 0.0001269 seconds, Stopping threads took: 0.0000490 seconds
[2923.720s][info ][safepoint      ] Application time: 3.8239834 seconds
[2923.720s][info ][safepoint      ] Entering safepoint region: ParallelGCFailedAllocation
[2923.720s][info ][gc,start       ] GC(134) Pause Young (Allocation Failure)
[2923.735s][debug][gc,phases      ] GC(134) Scavenge 14.877ms
[2923.735s][debug][gc,ref         ] GC(134) Skipped phase1 of Reference Processing due to unavailable references
[2923.735s][debug][gc,ref         ] GC(134) Skipped phase3 of Reference Processing due to unavailable references
[2923.735s][debug][gc,phases      ] GC(134) Reference Processing 0.038ms
[2923.736s][debug][gc,phases      ] GC(134) Weak Processing 0.132ms
[2923.736s][debug][gc,phases      ] GC(134) Scrub String Table 0.434ms
[2923.736s][debug][gc,age         ] GC(134) Desired survivor size 81264640 bytes, new threshold 15 (max threshold 15)
[2923.736s][info ][gc,heap        ] GC(134) PSYoungGen: 1958625K->45088K(2014720K)
[2923.736s][info ][gc,heap        ] GC(134) ParOldGen: 346996K->347004K(447488K)
[2923.736s][info ][gc,metaspace   ] GC(134) Metaspace: 74649K->74649K(1118208K)
[2923.736s][info ][gc             ] GC(134) Pause Young (Allocation Failure) 2251M->382M(2404M) 15.663ms
[2923.736s][info ][gc,cpu         ] GC(134) User=0.07s Sys=0.00s Real=0.02s
[2923.736s][info ][safepoint      ] Leaving safepoint region
[2923.736s][info ][safepoint      ] Total time for which application threads were stopped: 0.0159458 seconds, Stopping threads took: 0.0000800 seconds
[2924.736s][info ][safepoint      ] Application time: 1.0001027 seconds
[2924.736s][info ][safepoint      ] Entering safepoint region: Cleanup
[2924.736s][info ][safepoint      ] Leaving safepoint region
[2924.736s][info ][safepoint      ] Total time for which application threads were stopped: 0.0001552 seconds, Stopping threads took: 0.0000603 seconds
[2925.737s][info ][safepoint      ] Application time: 1.0000873 seconds
[2925.737s][info ][safepoint      ] Entering safepoint region: Cleanup
[2925.737s][info ][safepoint      ] Leaving safepoint region
[2925.737s][info ][safepoint      ] Total time for which application threads were stopped: 0.0000921 seconds, Stopping threads took: 0.0000209 seconds
[2926.737s][info ][safepoint      ] Application time: 1.0000707 seconds
[2926.737s][info ][safepoint      ] Entering safepoint region: Cleanup
[2926.737s][info ][safepoint      ] Leaving safepoint region
[2926.737s][info ][safepoint      ] Total time for which application threads were stopped: 0.0000943 seconds, Stopping threads took: 0.0000185 seconds
[2927.737s][info ][safepoint      ] Application time: 1.0001298 seconds
[2927.737s][info ][safepoint      ] Entering safepoint region: Cleanup
[2927.737s][info ][safepoint      ] Leaving safepoint region
[2927.737s][info ][safepoint      ] Total time for which application threads were stopped: 0.0001082 seconds, Stopping threads took: 0.0000175 seconds
[2928.737s][info ][safepoint      ] Application time: 1.0001159 seconds
[2928.737s][info ][safepoint      ] Entering safepoint region: Cleanup
[2928.737s][info ][safepoint      ] Leaving safepoint region
[2928.737s][info ][safepoint      ] Total time for which application threads were stopped: 0.0000864 seconds, Stopping threads took: 0.0000177 seconds
[2929.738s][info ][safepoint      ] Application time: 1.0001153 seconds
[2929.738s][info ][safepoint      ] Entering safepoint region: Cleanup
[2929.738s][info ][safepoint      ] Leaving safepoint region
[2929.738s][info ][safepoint      ] Total time for which application threads were stopped: 0.0000884 seconds, Stopping threads took: 0.0000159 seconds
[2930.738s][info ][safepoint      ] Application time: 1.0000957 seconds
[2930.738s][info ][safepoint      ] Entering safepoint region: Cleanup
[2930.738s][info ][safepoint      ] Leaving safepoint region
[2930.738s][info ][safepoint      ] Total time for which application threads were stopped: 0.0001012 seconds, Stopping threads took: 0.0000159 seconds
[2931.738s][info ][safepoint      ] Application time: 1.0000749 seconds
[2931.738s][info ][safepoint      ] Entering safepoint region: Cleanup
[2931.738s][info ][safepoint      ] Leaving safepoint region
[2931.738s][info ][safepoint      ] Total time for which application threads were stopped: 0.0000968 seconds, Stopping threads took: 0.0000186 seconds
[2932.738s][info ][safepoint      ] Application time: 1.0001118 seconds
[2932.738s][info ][safepoint      ] Entering safepoint region: Cleanup
[2932.738s][info ][safepoint      ] Leaving safepoint region
[2932.738s][info ][safepoint      ] Total time for which application threads were stopped: 0.0000895 seconds, Stopping threads took: 0.0000178 seconds
[2933.738s][info ][safepoint      ] Application time: 1.0000999 seconds
[2933.738s][info ][safepoint      ] Entering safepoint region: Cleanup
[2933.739s][info ][safepoint      ] Leaving safepoint region
[2933.739s][info ][safepoint      ] Total time for which application threads were stopped: 0.0001119 seconds, Stopping threads took: 0.0000182 seconds
[2934.739s][info ][safepoint      ] Application time: 1.0001249 seconds
[2934.739s][info ][safepoint      ] Entering safepoint region: Cleanup
[2934.739s][info ][safepoint      ] Leaving safepoint region
[2934.739s][info ][safepoint      ] Total time for which application threads were stopped: 0.0000960 seconds, Stopping threads took: 0.0000309 seconds
[2936.739s][info ][safepoint      ] Application time: 2.0001614 seconds
[2936.739s][info ][safepoint      ] Entering safepoint region: Cleanup
[2936.739s][info ][safepoint      ] Leaving safepoint region
[2936.739s][info ][safepoint      ] Total time for which application threads were stopped: 0.0000966 seconds, Stopping threads took: 0.0000178 seconds
[2939.740s][info ][safepoint      ] Application time: 3.0003757 seconds
[2939.740s][info ][safepoint      ] Entering safepoint region: Cleanup
[2939.740s][info ][safepoint      ] Leaving safepoint region
[2939.740s][info ][safepoint      ] Total time for which application threads were stopped: 0.0001211 seconds, Stopping threads took: 0.0000341 seconds
[2941.740s][info ][safepoint      ] Application time: 2.0002484 seconds
[2941.740s][info ][safepoint      ] Entering safepoint region: Cleanup
[2941.740s][info ][safepoint      ] Leaving safepoint region
[2941.740s][info ][safepoint      ] Total time for which application threads were stopped: 0.0000901 seconds, Stopping threads took: 0.0000174 seconds
[2943.740s][info ][safepoint      ] Application time: 2.0001587 seconds
[2943.740s][info ][safepoint      ] Entering safepoint region: Cleanup
[2943.741s][info ][safepoint      ] Leaving safepoint region
[2943.741s][info ][safepoint      ] Total time for which application threads were stopped: 0.0002832 seconds, Stopping threads took: 0.0001007 seconds
[2944.741s][info ][safepoint      ] Application time: 1.0000858 seconds
[2944.741s][info ][safepoint      ] Entering safepoint region: Cleanup
[2944.741s][info ][safepoint      ] Leaving safepoint region
[2944.741s][info ][safepoint      ] Total time for which application threads were stopped: 0.0001045 seconds, Stopping threads took: 0.0000199 seconds
[2945.741s][info ][safepoint      ] Application time: 1.0000813 seconds
[2945.741s][info ][safepoint      ] Entering safepoint region: Cleanup
[2945.741s][info ][safepoint      ] Leaving safepoint region
[2945.741s][info ][safepoint      ] Total time for which application threads were stopped: 0.0001396 seconds, Stopping threads took: 0.0000593 seconds
[2949.741s][info ][safepoint      ] Application time: 4.0004097 seconds
[2949.742s][info ][safepoint      ] Entering safepoint region: Cleanup
[2949.742s][info ][safepoint      ] Leaving safepoint region
[2949.742s][info ][safepoint      ] Total time for which application threads were stopped: 0.0000953 seconds, Stopping threads took: 0.0000189 seconds
[2951.742s][info ][safepoint      ] Application time: 2.0001882 seconds
[2951.742s][info ][safepoint      ] Entering safepoint region: Cleanup
[2951.742s][info ][safepoint      ] Leaving safepoint region
[2951.742s][info ][safepoint      ] Total time for which application threads were stopped: 0.0001087 seconds, Stopping threads took: 0.0000178 seconds
[2955.466s][info ][safepoint      ] Application time: 3.7241278 seconds
[2955.466s][info ][safepoint      ] Entering safepoint region: RevokeBias
[2955.466s][info ][safepoint      ] Leaving safepoint region
[2955.466s][info ][safepoint      ] Total time for which application threads were stopped: 0.0001389 seconds, Stopping threads took: 0.0000348 seconds
[2955.696s][info ][safepoint      ] Application time: 0.2301008 seconds
[2955.696s][info ][safepoint      ] Entering safepoint region: RevokeBias
[2955.696s][info ][safepoint      ] Leaving safepoint region
[2955.696s][info ][safepoint      ] Total time for which application threads were stopped: 0.0001034 seconds, Stopping threads took: 0.0000178 seconds
[2957.697s][info ][safepoint      ] Application time: 2.0002270 seconds
[2957.697s][info ][safepoint      ] Entering safepoint region: Cleanup
[2957.697s][info ][safepoint      ] Leaving safepoint region
[2957.697s][info ][safepoint      ] Total time for which application threads were stopped: 0.0001039 seconds, Stopping threads took: 0.0000185 seconds
[2960.697s][info ][safepoint      ] Application time: 3.0003181 seconds
[2960.697s][info ][safepoint      ] Entering safepoint region: Cleanup
[2960.697s][info ][safepoint      ] Leaving safepoint region
[2960.697s][info ][safepoint      ] Total time for which application threads were stopped: 0.0002071 seconds, Stopping threads took: 0.0000860 seconds
[2960.963s][info ][safepoint      ] Application time: 0.2651300 seconds
[2960.963s][info ][safepoint      ] Entering safepoint region: ParallelGCFailedAllocation
[2960.963s][info ][gc,start       ] GC(135) Pause Young (Allocation Failure)
[2960.978s][debug][gc,phases      ] GC(135) Scavenge 15.638ms
[2960.978s][debug][gc,ref         ] GC(135) Skipped phase1 of Reference Processing due to unavailable references
[2960.978s][debug][gc,ref         ] GC(135) Skipped phase3 of Reference Processing due to unavailable references
[2960.978s][debug][gc,phases      ] GC(135) Reference Processing 0.035ms
[2960.979s][debug][gc,phases      ] GC(135) Weak Processing 0.130ms
[2960.979s][debug][gc,phases      ] GC(135) Scrub String Table 0.432ms
[2960.979s][debug][gc,age         ] GC(135) Desired survivor size 81788928 bytes, new threshold 15 (max threshold 15)
[2960.979s][info ][gc,heap        ] GC(135) PSYoungGen: 1980431K->49312K(2016768K)
[2960.979s][info ][gc,heap        ] GC(135) ParOldGen: 347004K->347012K(447488K)
[2960.979s][info ][gc,metaspace   ] GC(135) Metaspace: 74681K->74681K(1118208K)
[2960.979s][info ][gc             ] GC(135) Pause Young (Allocation Failure) 2272M->387M(2406M) 16.385ms
[2960.979s][info ][gc,cpu         ] GC(135) User=0.06s Sys=0.00s Real=0.01s
[2960.979s][info ][safepoint      ] Leaving safepoint region
[2960.979s][info ][safepoint      ] Total time for which application threads were stopped: 0.0165657 seconds, Stopping threads took: 0.0000178 seconds
[2964.980s][info ][safepoint      ] Application time: 4.0003358 seconds
[2964.980s][info ][safepoint      ] Entering safepoint region: Cleanup
[2964.980s][info ][safepoint      ] Leaving safepoint region
[2964.980s][info ][safepoint      ] Total time for which application threads were stopped: 0.0001082 seconds, Stopping threads took: 0.0000316 seconds
[2966.980s][info ][safepoint      ] Application time: 2.0001890 seconds
[2966.980s][info ][safepoint      ] Entering safepoint region: Cleanup
[2966.980s][info ][safepoint      ] Leaving safepoint region
[2966.980s][info ][safepoint      ] Total time for which application threads were stopped: 0.0001016 seconds, Stopping threads took: 0.0000190 seconds
[2967.980s][info ][safepoint      ] Application time: 1.0000453 seconds
[2967.980s][info ][safepoint      ] Entering safepoint region: Cleanup
[2967.980s][info ][safepoint      ] Leaving safepoint region
[2967.980s][info ][safepoint      ] Total time for which application threads were stopped: 0.0001047 seconds, Stopping threads took: 0.0000187 seconds
[2968.980s][info ][safepoint      ] Application time: 1.0002037 seconds
[2968.980s][info ][safepoint      ] Entering safepoint region: Cleanup
[2968.980s][info ][safepoint      ] Leaving safepoint region
[2968.980s][info ][safepoint      ] Total time for which application threads were stopped: 0.0000894 seconds, Stopping threads took: 0.0000185 seconds
[2972.981s][info ][safepoint      ] Application time: 4.0004006 seconds
[2972.981s][info ][safepoint      ] Entering safepoint region: Cleanup
[2972.981s][info ][safepoint      ] Leaving safepoint region
[2972.981s][info ][safepoint      ] Total time for which application threads were stopped: 0.0000947 seconds, Stopping threads took: 0.0000198 seconds
[2975.981s][info ][safepoint      ] Application time: 3.0002733 seconds
[2975.981s][info ][safepoint      ] Entering safepoint region: Cleanup
[2975.981s][info ][safepoint      ] Leaving safepoint region
[2975.981s][info ][safepoint      ] Total time for which application threads were stopped: 0.0001501 seconds, Stopping threads took: 0.0000520 seconds
[2976.982s][info ][safepoint      ] Application time: 1.0001197 seconds
[2976.982s][info ][safepoint      ] Entering safepoint region: Cleanup
[2976.982s][info ][safepoint      ] Leaving safepoint region
[2976.982s][info ][safepoint      ] Total time for which application threads were stopped: 0.0001336 seconds, Stopping threads took: 0.0000408 seconds
[2977.982s][info ][safepoint      ] Application time: 1.0001070 seconds
[2977.982s][info ][safepoint      ] Entering safepoint region: Cleanup
[2977.982s][info ][safepoint      ] Leaving safepoint region
[2977.982s][info ][safepoint      ] Total time for which application threads were stopped: 0.0001133 seconds, Stopping threads took: 0.0000310 seconds
[2985.983s][info ][safepoint      ] Application time: 8.0007139 seconds
[2985.983s][info ][safepoint      ] Entering safepoint region: Cleanup
[2985.983s][info ][safepoint      ] Leaving safepoint region
[2985.983s][info ][safepoint      ] Total time for which application threads were stopped: 0.0001048 seconds, Stopping threads took: 0.0000185 seconds
[2988.983s][info ][safepoint      ] Application time: 3.0003011 seconds
[2988.983s][info ][safepoint      ] Entering safepoint region: Cleanup
[2988.983s][info ][safepoint      ] Leaving safepoint region
[2988.983s][info ][safepoint      ] Total time for which application threads were stopped: 0.0001812 seconds, Stopping threads took: 0.0000715 seconds
[2989.984s][info ][safepoint      ] Application time: 1.0000638 seconds
[2989.984s][info ][safepoint      ] Entering safepoint region: Cleanup
[2989.984s][info ][safepoint      ] Leaving safepoint region
[2989.984s][info ][safepoint      ] Total time for which application threads were stopped: 0.0001160 seconds, Stopping threads took: 0.0000198 seconds
[2992.984s][info ][safepoint      ] Application time: 3.0002792 seconds
[2992.984s][info ][safepoint      ] Entering safepoint region: Cleanup
[2992.984s][info ][safepoint      ] Leaving safepoint region
[2992.984s][info ][safepoint      ] Total time for which application threads were stopped: 0.0001032 seconds, Stopping threads took: 0.0000208 seconds
[2993.984s][info ][safepoint      ] Application time: 1.0000849 seconds
[2993.984s][info ][safepoint      ] Entering safepoint region: Cleanup
[2993.984s][info ][safepoint      ] Leaving safepoint region
[2993.984s][info ][safepoint      ] Total time for which application threads were stopped: 0.0000926 seconds, Stopping threads took: 0.0000201 seconds
[2994.764s][info ][safepoint      ] Application time: 0.7791647 seconds
[2994.764s][info ][safepoint      ] Entering safepoint region: ParallelGCFailedAllocation
[2994.764s][info ][gc,start       ] GC(136) Pause Young (Allocation Failure)
[2994.780s][debug][gc,phases      ] GC(136) Scavenge 16.132ms
[2994.780s][debug][gc,ref         ] GC(136) Skipped phase1 of Reference Processing due to unavailable references
[2994.780s][debug][gc,ref         ] GC(136) Skipped phase3 of Reference Processing due to unavailable references
[2994.780s][debug][gc,phases      ] GC(136) Reference Processing 0.039ms
[2994.780s][debug][gc,phases      ] GC(136) Weak Processing 0.133ms
[2994.781s][debug][gc,phases      ] GC(136) Scrub String Table 0.466ms
[2994.781s][debug][gc,age         ] GC(136) Desired survivor size 84934656 bytes, new threshold 15 (max threshold 15)
[2994.781s][info ][gc,heap        ] GC(136) PSYoungGen: 1986720K->55920K(1993728K)
[2994.781s][info ][gc,heap        ] GC(136) ParOldGen: 347012K->347020K(447488K)
[2994.781s][info ][gc,metaspace   ] GC(136) Metaspace: 74788K->74788K(1118208K)
[2994.781s][info ][gc             ] GC(136) Pause Young (Allocation Failure) 2279M->393M(2384M) 16.969ms
[2994.781s][info ][gc,cpu         ] GC(136) User=0.06s Sys=0.00s Real=0.02s
[2994.781s][info ][safepoint      ] Leaving safepoint region
[2994.781s][info ][safepoint      ] Total time for which application threads were stopped: 0.0171604 seconds, Stopping threads took: 0.0000162 seconds
[2997.781s][info ][safepoint      ] Application time: 3.0003396 seconds
[2997.781s][info ][safepoint      ] Entering safepoint region: Cleanup
[2997.781s][info ][safepoint      ] Leaving safepoint region
[2997.781s][info ][safepoint      ] Total time for which application threads were stopped: 0.0001048 seconds, Stopping threads took: 0.0000176 seconds
[3000.782s][info ][safepoint      ] Application time: 3.0003507 seconds
[3000.782s][info ][safepoint      ] Entering safepoint region: Cleanup
[3000.782s][info ][safepoint      ] Leaving safepoint region
[3000.782s][info ][safepoint      ] Total time for which application threads were stopped: 0.0000874 seconds, Stopping threads took: 0.0000181 seconds
[3001.782s][info ][safepoint      ] Application time: 1.0001614 seconds
[3001.782s][info ][safepoint      ] Entering safepoint region: Cleanup
[3001.782s][info ][safepoint      ] Leaving safepoint region
[3001.782s][info ][safepoint      ] Total time for which application threads were stopped: 0.0000961 seconds, Stopping threads took: 0.0000182 seconds
[3004.782s][info ][safepoint      ] Application time: 3.0003201 seconds
[3004.782s][info ][safepoint      ] Entering safepoint region: Cleanup
[3004.782s][info ][safepoint      ] Leaving safepoint region
[3004.782s][info ][safepoint      ] Total time for which application threads were stopped: 0.0001247 seconds, Stopping threads took: 0.0000175 seconds
[3005.783s][info ][safepoint      ] Application time: 1.0001263 seconds
[3005.783s][info ][safepoint      ] Entering safepoint region: Cleanup
[3005.783s][info ][safepoint      ] Leaving safepoint region
[3005.783s][info ][safepoint      ] Total time for which application threads were stopped: 0.0000870 seconds, Stopping threads took: 0.0000182 seconds
[3011.783s][info ][safepoint      ] Application time: 6.0005889 seconds
[3011.783s][info ][safepoint      ] Entering safepoint region: Cleanup
[3011.783s][info ][safepoint      ] Leaving safepoint region
[3011.783s][info ][safepoint      ] Total time for which application threads were stopped: 0.0000862 seconds, Stopping threads took: 0.0000166 seconds
[3012.784s][info ][safepoint      ] Application time: 1.0001237 seconds
[3012.784s][info ][safepoint      ] Entering safepoint region: Cleanup
[3012.784s][info ][safepoint      ] Leaving safepoint region
[3012.784s][info ][safepoint      ] Total time for which application threads were stopped: 0.0001610 seconds, Stopping threads took: 0.0000590 seconds
[3013.784s][info ][safepoint      ] Application time: 1.0001315 seconds
[3013.784s][info ][safepoint      ] Entering safepoint region: Cleanup
[3013.784s][info ][safepoint      ] Leaving safepoint region
[3013.784s][info ][safepoint      ] Total time for which application threads were stopped: 0.0001076 seconds, Stopping threads took: 0.0000190 seconds
[3019.785s][info ][safepoint      ] Application time: 6.0006667 seconds
[3019.785s][info ][safepoint      ] Entering safepoint region: Cleanup
[3019.785s][info ][safepoint      ] Leaving safepoint region
[3019.785s][info ][safepoint      ] Total time for which application threads were stopped: 0.0001048 seconds, Stopping threads took: 0.0000190 seconds
[3020.785s][info ][safepoint      ] Application time: 1.0001376 seconds
[3020.785s][info ][safepoint      ] Entering safepoint region: Cleanup
[3020.785s][info ][safepoint      ] Leaving safepoint region
[3020.785s][info ][safepoint      ] Total time for which application threads were stopped: 0.0000956 seconds, Stopping threads took: 0.0000189 seconds
[3026.786s][info ][safepoint      ] Application time: 6.0005747 seconds
[3026.786s][info ][safepoint      ] Entering safepoint region: Cleanup
[3026.786s][info ][safepoint      ] Leaving safepoint region
[3026.786s][info ][safepoint      ] Total time for which application threads were stopped: 0.0001706 seconds, Stopping threads took: 0.0000730 seconds
[3028.786s][info ][safepoint      ] Application time: 2.0002394 seconds
[3028.786s][info ][safepoint      ] Entering safepoint region: Cleanup
[3028.786s][info ][safepoint      ] Leaving safepoint region
[3028.786s][info ][safepoint      ] Total time for which application threads were stopped: 0.0001526 seconds, Stopping threads took: 0.0000582 seconds
[3029.787s][info ][safepoint      ] Application time: 1.0001274 seconds
[3029.787s][info ][safepoint      ] Entering safepoint region: Cleanup
[3029.787s][info ][safepoint      ] Leaving safepoint region
[3029.787s][info ][safepoint      ] Total time for which application threads were stopped: 0.0001422 seconds, Stopping threads took: 0.0000579 seconds
[3030.559s][info ][safepoint      ] Application time: 0.7720908 seconds
[3030.559s][info ][safepoint      ] Entering safepoint region: ParallelGCFailedAllocation
[3030.559s][info ][gc,start       ] GC(137) Pause Young (Allocation Failure)
[3030.577s][debug][gc,phases      ] GC(137) Scavenge 17.634ms
[3030.577s][debug][gc,ref         ] GC(137) Skipped phase1 of Reference Processing due to unavailable references
[3030.577s][debug][gc,ref         ] GC(137) Skipped phase3 of Reference Processing due to unavailable references
[3030.577s][debug][gc,phases      ] GC(137) Reference Processing 0.041ms
[3030.577s][debug][gc,phases      ] GC(137) Weak Processing 0.135ms
[3030.577s][debug][gc,phases      ] GC(137) Scrub String Table 0.471ms
[3030.577s][debug][gc,age         ] GC(137) Desired survivor size 88080384 bytes, new threshold 15 (max threshold 15)
[3030.577s][info ][gc,heap        ] GC(137) PSYoungGen: 1993328K->58432K(2008064K)
[3030.577s][info ][gc,heap        ] GC(137) ParOldGen: 347020K->347020K(447488K)
[3030.577s][info ][gc,metaspace   ] GC(137) Metaspace: 74793K->74793K(1118208K)
[3030.577s][info ][gc             ] GC(137) Pause Young (Allocation Failure) 2285M->395M(2398M) 18.440ms
[3030.577s][info ][gc,cpu         ] GC(137) User=0.07s Sys=0.00s Real=0.02s
[3030.577s][info ][safepoint      ] Leaving safepoint region
[3030.578s][info ][safepoint      ] Total time for which application threads were stopped: 0.0186606 seconds, Stopping threads took: 0.0000161 seconds
[3031.578s][info ][safepoint      ] Application time: 1.0000867 seconds
[3031.578s][info ][safepoint      ] Entering safepoint region: Cleanup
[3031.578s][info ][safepoint      ] Leaving safepoint region
[3031.578s][info ][safepoint      ] Total time for which application threads were stopped: 0.0000993 seconds, Stopping threads took: 0.0000178 seconds
[3032.578s][info ][safepoint      ] Application time: 1.0000866 seconds
[3032.578s][info ][safepoint      ] Entering safepoint region: Cleanup
[3032.578s][info ][safepoint      ] Leaving safepoint region
[3032.578s][info ][safepoint      ] Total time for which application threads were stopped: 0.0000890 seconds, Stopping threads took: 0.0000176 seconds
[3033.578s][info ][safepoint      ] Application time: 1.0001247 seconds
[3033.578s][info ][safepoint      ] Entering safepoint region: Cleanup
[3033.578s][info ][safepoint      ] Leaving safepoint region
[3033.578s][info ][safepoint      ] Total time for which application threads were stopped: 0.0001314 seconds, Stopping threads took: 0.0000171 seconds
[3034.578s][info ][safepoint      ] Application time: 1.0000884 seconds
[3034.578s][info ][safepoint      ] Entering safepoint region: Cleanup
[3034.578s][info ][safepoint      ] Leaving safepoint region
[3034.579s][info ][safepoint      ] Total time for which application threads were stopped: 0.0001259 seconds, Stopping threads took: 0.0000528 seconds
[3035.579s][info ][safepoint      ] Application time: 1.0001015 seconds
[3035.579s][info ][safepoint      ] Entering safepoint region: Cleanup
[3035.579s][info ][safepoint      ] Leaving safepoint region
[3035.579s][info ][safepoint      ] Total time for which application threads were stopped: 0.0001457 seconds, Stopping threads took: 0.0000170 seconds
[3037.579s][info ][safepoint      ] Application time: 2.0001330 seconds
[3037.579s][info ][safepoint      ] Entering safepoint region: Cleanup
[3037.579s][info ][safepoint      ] Leaving safepoint region
[3037.579s][info ][safepoint      ] Total time for which application threads were stopped: 0.0001047 seconds, Stopping threads took: 0.0000324 seconds
[3039.579s][info ][safepoint      ] Application time: 2.0002139 seconds
[3039.579s][info ][safepoint      ] Entering safepoint region: Cleanup
[3039.579s][info ][safepoint      ] Leaving safepoint region
[3039.579s][info ][safepoint      ] Total time for which application threads were stopped: 0.0001276 seconds, Stopping threads took: 0.0000328 seconds
[3041.580s][info ][safepoint      ] Application time: 2.0002437 seconds
[3041.580s][info ][safepoint      ] Entering safepoint region: Cleanup
[3041.580s][info ][safepoint      ] Leaving safepoint region
[3041.580s][info ][safepoint      ] Total time for which application threads were stopped: 0.0000948 seconds, Stopping threads took: 0.0000192 seconds
[3045.580s][info ][safepoint      ] Application time: 4.0003743 seconds
[3045.580s][info ][safepoint      ] Entering safepoint region: Cleanup
[3045.580s][info ][safepoint      ] Leaving safepoint region
[3045.580s][info ][safepoint      ] Total time for which application threads were stopped: 0.0000908 seconds, Stopping threads took: 0.0000174 seconds
[3046.581s][info ][safepoint      ] Application time: 1.0001144 seconds
[3046.581s][info ][safepoint      ] Entering safepoint region: Cleanup
[3046.581s][info ][safepoint      ] Leaving safepoint region
[3046.581s][info ][safepoint      ] Total time for which application threads were stopped: 0.0001117 seconds, Stopping threads took: 0.0000182 seconds
[3051.581s][info ][safepoint      ] Application time: 5.0006276 seconds
[3051.581s][info ][safepoint      ] Entering safepoint region: Cleanup
[3051.581s][info ][safepoint      ] Leaving safepoint region
[3051.581s][info ][safepoint      ] Total time for which application threads were stopped: 0.0001143 seconds, Stopping threads took: 0.0000286 seconds
[3052.582s][info ][safepoint      ] Application time: 1.0001132 seconds
[3052.582s][info ][safepoint      ] Entering safepoint region: Cleanup
[3052.582s][info ][safepoint      ] Leaving safepoint region
[3052.582s][info ][safepoint      ] Total time for which application threads were stopped: 0.0000896 seconds, Stopping threads took: 0.0000192 seconds
[3055.582s][info ][safepoint      ] Application time: 3.0003683 seconds
[3055.582s][info ][safepoint      ] Entering safepoint region: Cleanup
[3055.582s][info ][safepoint      ] Leaving safepoint region
[3055.582s][info ][safepoint      ] Total time for which application threads were stopped: 0.0000934 seconds, Stopping threads took: 0.0000189 seconds
[3057.582s][info ][safepoint      ] Application time: 2.0001639 seconds
[3057.582s][info ][safepoint      ] Entering safepoint region: Cleanup
[3057.582s][info ][safepoint      ] Leaving safepoint region
[3057.582s][info ][safepoint      ] Total time for which application threads were stopped: 0.0001068 seconds, Stopping threads took: 0.0000189 seconds
[3065.583s][info ][safepoint      ] Application time: 8.0008276 seconds
[3065.583s][info ][safepoint      ] Entering safepoint region: Cleanup
[3065.583s][info ][safepoint      ] Leaving safepoint region
[3065.583s][info ][safepoint      ] Total time for which application threads were stopped: 0.0001107 seconds, Stopping threads took: 0.0000203 seconds
[3068.015s][info ][safepoint      ] Application time: 2.4310867 seconds
[3068.015s][info ][safepoint      ] Entering safepoint region: ParallelGCFailedAllocation
[3068.015s][info ][gc,start       ] GC(138) Pause Young (Allocation Failure)
[3068.032s][debug][gc,phases      ] GC(138) Scavenge 16.920ms
[3068.032s][debug][gc,ref         ] GC(138) Skipped phase1 of Reference Processing due to unavailable references
[3068.032s][debug][gc,ref         ] GC(138) Skipped phase3 of Reference Processing due to unavailable references
[3068.032s][debug][gc,phases      ] GC(138) Reference Processing 0.049ms
[3068.032s][debug][gc,phases      ] GC(138) Weak Processing 0.277ms
[3068.033s][debug][gc,phases      ] GC(138) Scrub String Table 0.867ms
[3068.033s][debug][gc,age         ] GC(138) Desired survivor size 91226112 bytes, new threshold 15 (max threshold 15)
[3068.033s][info ][gc,heap        ] GC(138) PSYoungGen: 1983552K->60432K(1986048K)
[3068.033s][info ][gc,heap        ] GC(138) ParOldGen: 347020K->347020K(447488K)
[3068.033s][info ][gc,metaspace   ] GC(138) Metaspace: 74806K->74806K(1118208K)
[3068.033s][info ][gc             ] GC(138) Pause Young (Allocation Failure) 2275M->397M(2376M) 18.298ms
[3068.033s][info ][gc,cpu         ] GC(138) User=0.07s Sys=0.00s Real=0.02s
[3068.033s][info ][safepoint      ] Leaving safepoint region
[3068.033s][info ][safepoint      ] Total time for which application threads were stopped: 0.0184774 seconds, Stopping threads took: 0.0000195 seconds
[3069.033s][info ][safepoint      ] Application time: 1.0000967 seconds
[3069.033s][info ][safepoint      ] Entering safepoint region: Cleanup
[3069.033s][info ][safepoint      ] Leaving safepoint region
[3069.033s][info ][safepoint      ] Total time for which application threads were stopped: 0.0001321 seconds, Stopping threads took: 0.0000548 seconds
[3072.576s][info ][safepoint      ] Application time: 3.5424450 seconds
[3072.576s][info ][safepoint      ] Entering safepoint region: RevokeBias
[3072.576s][info ][safepoint      ] Leaving safepoint region
[3072.576s][info ][safepoint      ] Total time for which application threads were stopped: 0.0001079 seconds, Stopping threads took: 0.0000185 seconds
[3073.545s][info ][safepoint      ] Application time: 0.9693552 seconds
[3073.545s][info ][safepoint      ] Entering safepoint region: RevokeBias
[3073.545s][info ][safepoint      ] Leaving safepoint region
[3073.545s][info ][safepoint      ] Total time for which application threads were stopped: 0.0001136 seconds, Stopping threads took: 0.0000254 seconds
[3074.546s][info ][safepoint      ] Application time: 1.0001006 seconds
[3074.546s][info ][safepoint      ] Entering safepoint region: Cleanup
[3074.546s][info ][safepoint      ] Leaving safepoint region
[3074.546s][info ][safepoint      ] Total time for which application threads were stopped: 0.0001029 seconds, Stopping threads took: 0.0000334 seconds
[3095.548s][info ][safepoint      ] Application time: 21.0021212 seconds
[3095.548s][info ][safepoint      ] Entering safepoint region: Cleanup
[3095.548s][info ][safepoint      ] Leaving safepoint region
[3095.548s][info ][safepoint      ] Total time for which application threads were stopped: 0.0001208 seconds, Stopping threads took: 0.0000176 seconds
[3101.012s][info ][safepoint      ] Application time: 5.4642630 seconds
[3101.012s][info ][safepoint      ] Entering safepoint region: RevokeBias
[3101.012s][info ][safepoint      ] Leaving safepoint region
[3101.012s][info ][safepoint      ] Total time for which application threads were stopped: 0.0000885 seconds, Stopping threads took: 0.0000177 seconds
[3106.013s][info ][safepoint      ] Application time: 5.0004847 seconds
[3106.013s][info ][safepoint      ] Entering safepoint region: Cleanup
[3106.013s][info ][safepoint      ] Leaving safepoint region
[3106.013s][info ][safepoint      ] Total time for which application threads were stopped: 0.0001703 seconds, Stopping threads took: 0.0000370 seconds
[3106.316s][info ][safepoint      ] Application time: 0.3027142 seconds
[3106.316s][info ][safepoint      ] Entering safepoint region: ParallelGCFailedAllocation
[3106.316s][info ][gc,start       ] GC(139) Pause Young (Allocation Failure)
[3106.334s][debug][gc,phases      ] GC(139) Scavenge 18.204ms
[3106.334s][debug][gc,ref         ] GC(139) Skipped phase1 of Reference Processing due to unavailable references
[3106.334s][debug][gc,ref         ] GC(139) Skipped phase3 of Reference Processing due to unavailable references
[3106.334s][debug][gc,phases      ] GC(139) Reference Processing 0.042ms
[3106.334s][debug][gc,phases      ] GC(139) Weak Processing 0.139ms
[3106.335s][debug][gc,phases      ] GC(139) Scrub String Table 0.439ms
[3106.335s][debug][gc,age         ] GC(139) Desired survivor size 93847552 bytes, new threshold 15 (max threshold 15)
[3106.335s][info ][gc,heap        ] GC(139) PSYoungGen: 1985552K->62560K(2002944K)
[3106.335s][info ][gc,heap        ] GC(139) ParOldGen: 347020K->347020K(447488K)
[3106.335s][info ][gc,metaspace   ] GC(139) Metaspace: 74818K->74818K(1118208K)
[3106.335s][info ][gc             ] GC(139) Pause Young (Allocation Failure) 2277M->399M(2393M) 18.984ms
[3106.335s][info ][gc,cpu         ] GC(139) User=0.07s Sys=0.00s Real=0.02s
[3106.335s][info ][safepoint      ] Leaving safepoint region
[3106.335s][info ][safepoint      ] Total time for which application threads were stopped: 0.0191835 seconds, Stopping threads took: 0.0000180 seconds
[3110.335s][info ][safepoint      ] Application time: 4.0003460 seconds
[3110.335s][info ][safepoint      ] Entering safepoint region: Cleanup
[3110.336s][info ][safepoint      ] Leaving safepoint region
[3110.336s][info ][safepoint      ] Total time for which application threads were stopped: 0.0001733 seconds, Stopping threads took: 0.0000760 seconds
[3112.336s][info ][safepoint      ] Application time: 2.0001711 seconds
[3112.336s][info ][safepoint      ] Entering safepoint region: Cleanup
[3112.336s][info ][safepoint      ] Leaving safepoint region
[3112.336s][info ][safepoint      ] Total time for which application threads were stopped: 0.0000865 seconds, Stopping threads took: 0.0000177 seconds
[3116.336s][info ][safepoint      ] Application time: 4.0003921 seconds
[3116.336s][info ][safepoint      ] Entering safepoint region: Cleanup
[3116.336s][info ][safepoint      ] Leaving safepoint region
[3116.336s][info ][safepoint      ] Total time for which application threads were stopped: 0.0000911 seconds, Stopping threads took: 0.0000198 seconds
[3117.337s][info ][safepoint      ] Application time: 1.0001329 seconds
[3117.337s][info ][safepoint      ] Entering safepoint region: Cleanup
[3117.337s][info ][safepoint      ] Leaving safepoint region
[3117.337s][info ][safepoint      ] Total time for which application threads were stopped: 0.0001225 seconds, Stopping threads took: 0.0000411 seconds
[3118.337s][info ][safepoint      ] Application time: 1.0001372 seconds
[3118.337s][info ][safepoint      ] Entering safepoint region: Cleanup
[3118.337s][info ][safepoint      ] Leaving safepoint region
[3118.337s][info ][safepoint      ] Total time for which application threads were stopped: 0.0001056 seconds, Stopping threads took: 0.0000314 seconds
[3120.900s][info ][safepoint      ] Application time: 2.5627401 seconds
[3120.900s][info ][safepoint      ] Entering safepoint region: RevokeBias
[3120.900s][info ][safepoint      ] Leaving safepoint region
[3120.900s][info ][safepoint      ] Total time for which application threads were stopped: 0.0001103 seconds, Stopping threads took: 0.0000153 seconds
[3120.900s][info ][safepoint      ] Application time: 0.0003996 seconds
[3120.900s][info ][safepoint      ] Entering safepoint region: RevokeBias
[3120.900s][info ][safepoint      ] Leaving safepoint region
[3120.900s][info ][safepoint      ] Total time for which application threads were stopped: 0.0000573 seconds, Stopping threads took: 0.0000097 seconds
[3121.901s][info ][safepoint      ] Application time: 1.0001463 seconds
[3121.901s][info ][safepoint      ] Entering safepoint region: Cleanup
[3121.901s][info ][safepoint      ] Leaving safepoint region
[3121.901s][info ][safepoint      ] Total time for which application threads were stopped: 0.0001050 seconds, Stopping threads took: 0.0000306 seconds
[3125.901s][info ][safepoint      ] Application time: 4.0004127 seconds
[3125.901s][info ][safepoint      ] Entering safepoint region: Cleanup
[3125.901s][info ][safepoint      ] Leaving safepoint region
[3125.901s][info ][safepoint      ] Total time for which application threads were stopped: 0.0000948 seconds, Stopping threads took: 0.0000194 seconds
[3137.462s][info ][safepoint      ] Application time: 11.5609122 seconds
[3137.462s][info ][safepoint      ] Entering safepoint region: ParallelGCFailedAllocation
[3137.462s][info ][gc,start       ] GC(140) Pause Young (Allocation Failure)
[3137.481s][debug][gc,phases      ] GC(140) Scavenge 18.370ms
[3137.481s][debug][gc,ref         ] GC(140) Skipped phase1 of Reference Processing due to unavailable references
[3137.481s][debug][gc,ref         ] GC(140) Skipped phase3 of Reference Processing due to unavailable references
[3137.481s][debug][gc,phases      ] GC(140) Reference Processing 0.061ms
[3137.481s][debug][gc,phases      ] GC(140) Weak Processing 0.316ms
[3137.482s][debug][gc,phases      ] GC(140) Scrub String Table 0.976ms
[3137.482s][debug][gc,age         ] GC(140) Desired survivor size 98041856 bytes, new threshold 15 (max threshold 15)
[3137.482s][info ][gc,heap        ] GC(140) PSYoungGen: 1976416K->67696K(1981952K)
[3137.482s][info ][gc,heap        ] GC(140) ParOldGen: 347020K->347020K(447488K)
[3137.482s][info ][gc,metaspace   ] GC(140) Metaspace: 74819K->74819K(1118208K)
[3137.482s][info ][gc             ] GC(140) Pause Young (Allocation Failure) 2268M->404M(2372M) 19.908ms
[3137.482s][info ][gc,cpu         ] GC(140) User=0.08s Sys=0.00s Real=0.02s
[3137.482s][info ][safepoint      ] Leaving safepoint region
[3137.482s][info ][safepoint      ] Total time for which application threads were stopped: 0.0200846 seconds, Stopping threads took: 0.0000174 seconds
[3138.226s][info ][safepoint      ] Application time: 0.7434157 seconds
[3138.226s][info ][safepoint      ] Entering safepoint region: RevokeBias
[3138.226s][info ][safepoint      ] Leaving safepoint region
[3138.226s][info ][safepoint      ] Total time for which application threads were stopped: 0.0001186 seconds, Stopping threads took: 0.0000165 seconds
[3139.226s][info ][safepoint      ] Application time: 1.0000947 seconds
[3139.226s][info ][safepoint      ] Entering safepoint region: Cleanup
[3139.226s][info ][safepoint      ] Leaving safepoint region
[3139.226s][info ][safepoint      ] Total time for which application threads were stopped: 0.0001026 seconds, Stopping threads took: 0.0000191 seconds
[3140.226s][info ][safepoint      ] Application time: 1.0001122 seconds
[3140.226s][info ][safepoint      ] Entering safepoint region: Cleanup
[3140.226s][info ][safepoint      ] Leaving safepoint region
[3140.226s][info ][safepoint      ] Total time for which application threads were stopped: 0.0001242 seconds, Stopping threads took: 0.0000368 seconds
[3144.227s][info ][safepoint      ] Application time: 4.0004267 seconds
[3144.227s][info ][safepoint      ] Entering safepoint region: Cleanup
[3144.227s][info ][safepoint      ] Leaving safepoint region
[3144.227s][info ][safepoint      ] Total time for which application threads were stopped: 0.0000918 seconds, Stopping threads took: 0.0000186 seconds
[3147.227s][info ][safepoint      ] Application time: 3.0002458 seconds
[3147.227s][info ][safepoint      ] Entering safepoint region: Cleanup
[3147.227s][info ][safepoint      ] Leaving safepoint region
[3147.227s][info ][safepoint      ] Total time for which application threads were stopped: 0.0001246 seconds, Stopping threads took: 0.0000183 seconds
[3155.228s][info ][safepoint      ] Application time: 8.0008131 seconds
[3155.228s][info ][safepoint      ] Entering safepoint region: Cleanup
[3155.228s][info ][safepoint      ] Leaving safepoint region
[3155.228s][info ][safepoint      ] Total time for which application threads were stopped: 0.0000863 seconds, Stopping threads took: 0.0000187 seconds
[3157.782s][info ][safepoint      ] Application time: 2.5538225 seconds
[3157.782s][info ][safepoint      ] Entering safepoint region: RevokeBias
[3157.782s][info ][safepoint      ] Leaving safepoint region
[3157.782s][info ][safepoint      ] Total time for which application threads were stopped: 0.0001799 seconds, Stopping threads took: 0.0000389 seconds
[3158.782s][info ][safepoint      ] Application time: 1.0000752 seconds
[3158.783s][info ][safepoint      ] Entering safepoint region: Cleanup
[3158.783s][info ][safepoint      ] Leaving safepoint region
[3158.783s][info ][safepoint      ] Total time for which application threads were stopped: 0.0001209 seconds, Stopping threads took: 0.0000202 seconds
[3164.783s][info ][safepoint      ] Application time: 6.0005418 seconds
[3164.783s][info ][safepoint      ] Entering safepoint region: Cleanup
[3164.783s][info ][safepoint      ] Leaving safepoint region
[3164.783s][info ][safepoint      ] Total time for which application threads were stopped: 0.0000911 seconds, Stopping threads took: 0.0000190 seconds
[3165.783s][info ][safepoint      ] Application time: 1.0000871 seconds
[3165.783s][info ][safepoint      ] Entering safepoint region: Cleanup
[3165.784s][info ][safepoint      ] Leaving safepoint region
[3165.784s][info ][safepoint      ] Total time for which application threads were stopped: 0.0001458 seconds, Stopping threads took: 0.0000555 seconds
[3166.784s][info ][safepoint      ] Application time: 1.0000921 seconds
[3166.784s][info ][safepoint      ] Entering safepoint region: Cleanup
[3166.784s][info ][safepoint      ] Leaving safepoint region
[3166.784s][info ][safepoint      ] Total time for which application threads were stopped: 0.0001030 seconds, Stopping threads took: 0.0000182 seconds
[3166.862s][info ][safepoint      ] Application time: 0.0782611 seconds
[3166.862s][info ][safepoint      ] Entering safepoint region: ParallelGCFailedAllocation
[3166.862s][info ][gc,start       ] GC(141) Pause Young (Allocation Failure)
[3166.883s][debug][gc,phases      ] GC(141) Scavenge 20.806ms
[3166.883s][debug][gc,ref         ] GC(141) Skipped phase1 of Reference Processing due to unavailable references
[3166.883s][debug][gc,ref         ] GC(141) Skipped phase3 of Reference Processing due to unavailable references
[3166.883s][debug][gc,phases      ] GC(141) Reference Processing 0.044ms
[3166.883s][debug][gc,phases      ] GC(141) Weak Processing 0.232ms
[3166.884s][debug][gc,phases      ] GC(141) Scrub String Table 0.781ms
[3166.884s][debug][gc,age         ] GC(141) Desired survivor size 103284736 bytes, new threshold 15 (max threshold 15)
[3166.884s][info ][gc,heap        ] GC(141) PSYoungGen: 1981552K->73697K(1991168K)
[3166.884s][info ][gc,heap        ] GC(141) ParOldGen: 347020K->347028K(447488K)
[3166.884s][info ][gc,metaspace   ] GC(141) Metaspace: 74918K->74918K(1118208K)
[3166.884s][info ][gc             ] GC(141) Pause Young (Allocation Failure) 2273M->410M(2381M) 22.162ms
[3166.884s][info ][gc,cpu         ] GC(141) User=0.09s Sys=0.00s Real=0.02s
[3166.884s][info ][safepoint      ] Leaving safepoint region
[3166.884s][info ][safepoint      ] Total time for which application threads were stopped: 0.0223492 seconds, Stopping threads took: 0.0000167 seconds
[3171.889s][info ][safepoint      ] Application time: 5.0045604 seconds
[3171.889s][info ][safepoint      ] Entering safepoint region: Cleanup
[3171.889s][info ][safepoint      ] Leaving safepoint region
[3171.889s][info ][safepoint      ] Total time for which application threads were stopped: 0.0001095 seconds, Stopping threads took: 0.0000165 seconds
[3173.889s][info ][safepoint      ] Application time: 2.0001600 seconds
[3173.889s][info ][safepoint      ] Entering safepoint region: Cleanup
[3173.889s][info ][safepoint      ] Leaving safepoint region
[3173.889s][info ][safepoint      ] Total time for which application threads were stopped: 0.0000876 seconds, Stopping threads took: 0.0000179 seconds
[3178.890s][info ][safepoint      ] Application time: 5.0004467 seconds
[3178.890s][info ][safepoint      ] Entering safepoint region: Cleanup
[3178.890s][info ][safepoint      ] Leaving safepoint region
[3178.890s][info ][safepoint      ] Total time for which application threads were stopped: 0.0000849 seconds, Stopping threads took: 0.0000170 seconds
[3179.890s][info ][safepoint      ] Application time: 1.0000799 seconds
[3179.890s][info ][safepoint      ] Entering safepoint region: Cleanup
[3179.890s][info ][safepoint      ] Leaving safepoint region
[3179.890s][info ][safepoint      ] Total time for which application threads were stopped: 0.0001375 seconds, Stopping threads took: 0.0000581 seconds
[3183.891s][info ][safepoint      ] Application time: 4.0003825 seconds
[3183.891s][info ][safepoint      ] Entering safepoint region: Cleanup
[3183.891s][info ][safepoint      ] Leaving safepoint region
[3183.891s][info ][safepoint      ] Total time for which application threads were stopped: 0.0000910 seconds, Stopping threads took: 0.0000171 seconds
[3184.891s][info ][safepoint      ] Application time: 1.0001024 seconds
[3184.891s][info ][safepoint      ] Entering safepoint region: Cleanup
[3184.891s][info ][safepoint      ] Leaving safepoint region
[3184.891s][info ][safepoint      ] Total time for which application threads were stopped: 0.0000891 seconds, Stopping threads took: 0.0000174 seconds
[3186.891s][info ][safepoint      ] Application time: 2.0002256 seconds
[3186.891s][info ][safepoint      ] Entering safepoint region: Cleanup
[3186.891s][info ][safepoint      ] Leaving safepoint region
[3186.891s][info ][safepoint      ] Total time for which application threads were stopped: 0.0001169 seconds, Stopping threads took: 0.0000190 seconds
[3187.892s][info ][safepoint      ] Application time: 1.0001261 seconds
[3187.892s][info ][safepoint      ] Entering safepoint region: Cleanup
[3187.892s][info ][safepoint      ] Leaving safepoint region
[3187.892s][info ][safepoint      ] Total time for which application threads were stopped: 0.0000958 seconds, Stopping threads took: 0.0000175 seconds
[3188.892s][info ][safepoint      ] Application time: 1.0001312 seconds
[3188.892s][info ][safepoint      ] Entering safepoint region: Cleanup
[3188.892s][info ][safepoint      ] Leaving safepoint region
[3188.892s][info ][safepoint      ] Total time for which application threads were stopped: 0.0000960 seconds, Stopping threads took: 0.0000163 seconds
[3189.892s][info ][safepoint      ] Application time: 1.0000816 seconds
[3189.892s][info ][safepoint      ] Entering safepoint region: Cleanup
[3189.892s][info ][safepoint      ] Leaving safepoint region
[3189.892s][info ][safepoint      ] Total time for which application threads were stopped: 0.0001038 seconds, Stopping threads took: 0.0000198 seconds
[3192.892s][info ][safepoint      ] Application time: 3.0002902 seconds
[3192.893s][info ][safepoint      ] Entering safepoint region: Cleanup
[3192.893s][info ][safepoint      ] Leaving safepoint region
[3192.893s][info ][safepoint      ] Total time for which application threads were stopped: 0.0001302 seconds, Stopping threads took: 0.0000166 seconds
[3194.893s][info ][safepoint      ] Application time: 2.0001633 seconds
[3194.893s][info ][safepoint      ] Entering safepoint region: Cleanup
[3194.893s][info ][safepoint      ] Leaving safepoint region
[3194.893s][info ][safepoint      ] Total time for which application threads were stopped: 0.0001424 seconds, Stopping threads took: 0.0000367 seconds
[3195.893s][info ][safepoint      ] Application time: 1.0001276 seconds
[3195.893s][info ][safepoint      ] Entering safepoint region: Cleanup
[3195.893s][info ][safepoint      ] Leaving safepoint region
[3195.893s][info ][safepoint      ] Total time for which application threads were stopped: 0.0000844 seconds, Stopping threads took: 0.0000160 seconds
[3196.766s][info ][safepoint      ] Application time: 0.8723300 seconds
[3196.766s][info ][safepoint      ] Entering safepoint region: ParallelGCFailedAllocation
[3196.766s][info ][gc,start       ] GC(142) Pause Young (Allocation Failure)
[3196.787s][debug][gc,phases      ] GC(142) Scavenge 21.454ms
[3196.787s][debug][gc,ref         ] GC(142) Skipped phase1 of Reference Processing due to unavailable references
[3196.787s][debug][gc,ref         ] GC(142) Skipped phase3 of Reference Processing due to unavailable references
[3196.787s][debug][gc,phases      ] GC(142) Reference Processing 0.043ms
[3196.788s][debug][gc,phases      ] GC(142) Weak Processing 0.236ms
[3196.788s][debug][gc,phases      ] GC(142) Scrub String Table 0.798ms
[3196.788s][debug][gc,age         ] GC(142) Desired survivor size 108003328 bytes, new threshold 15 (max threshold 15)
[3196.788s][info ][gc,heap        ] GC(142) PSYoungGen: 1969121K->74945K(1970688K)
[3196.788s][info ][gc,heap        ] GC(142) ParOldGen: 347028K->352062K(447488K)
[3196.788s][info ][gc,metaspace   ] GC(142) Metaspace: 74923K->74923K(1118208K)
[3196.788s][info ][gc             ] GC(142) Pause Young (Allocation Failure) 2261M->416M(2361M) 22.692ms
[3196.788s][info ][gc,cpu         ] GC(142) User=0.09s Sys=0.00s Real=0.02s
[3196.789s][info ][safepoint      ] Leaving safepoint region
[3196.789s][info ][safepoint      ] Total time for which application threads were stopped: 0.0228959 seconds, Stopping threads took: 0.0000179 seconds
[3205.790s][info ][safepoint      ] Application time: 9.0013342 seconds
[3205.790s][info ][safepoint      ] Entering safepoint region: Cleanup
[3205.790s][info ][safepoint      ] Leaving safepoint region
[3205.790s][info ][safepoint      ] Total time for which application threads were stopped: 0.0001250 seconds, Stopping threads took: 0.0000503 seconds
[3209.790s][info ][safepoint      ] Application time: 4.0004406 seconds
[3209.791s][info ][safepoint      ] Entering safepoint region: Cleanup
[3209.791s][info ][safepoint      ] Leaving safepoint region
[3209.791s][info ][safepoint      ] Total time for which application threads were stopped: 0.0000874 seconds, Stopping threads took: 0.0000163 seconds
[3220.792s][info ][safepoint      ] Application time: 11.0012470 seconds
[3220.792s][info ][safepoint      ] Entering safepoint region: Cleanup
[3220.792s][info ][safepoint      ] Leaving safepoint region
[3220.792s][info ][safepoint      ] Total time for which application threads were stopped: 0.0001513 seconds, Stopping threads took: 0.0000525 seconds
[3221.792s][info ][safepoint      ] Application time: 1.0001262 seconds
[3221.792s][info ][safepoint      ] Entering safepoint region: Cleanup
[3221.792s][info ][safepoint      ] Leaving safepoint region
[3221.792s][info ][safepoint      ] Total time for which application threads were stopped: 0.0001265 seconds, Stopping threads took: 0.0000178 seconds
[3222.792s][info ][safepoint      ] Application time: 1.0000848 seconds
[3222.792s][info ][safepoint      ] Entering safepoint region: Cleanup
[3222.793s][info ][safepoint      ] Leaving safepoint region
[3222.793s][info ][safepoint      ] Total time for which application threads were stopped: 0.0001420 seconds, Stopping threads took: 0.0000200 seconds
[3223.793s][info ][safepoint      ] Application time: 1.0000753 seconds
[3223.793s][info ][safepoint      ] Entering safepoint region: Cleanup
[3223.793s][info ][safepoint      ] Leaving safepoint region
[3223.793s][info ][safepoint      ] Total time for which application threads were stopped: 0.0001137 seconds, Stopping threads took: 0.0000364 seconds
[3224.793s][info ][safepoint      ] Application time: 1.0001448 seconds
[3224.793s][info ][safepoint      ] Entering safepoint region: Cleanup
[3224.793s][info ][safepoint      ] Leaving safepoint region
[3224.793s][info ][safepoint      ] Total time for which application threads were stopped: 0.0000877 seconds, Stopping threads took: 0.0000188 seconds
[3225.793s][info ][safepoint      ] Application time: 1.0001371 seconds
[3225.793s][info ][safepoint      ] Entering safepoint region: Cleanup
[3225.793s][info ][safepoint      ] Leaving safepoint region
[3225.793s][info ][safepoint      ] Total time for which application threads were stopped: 0.0000933 seconds, Stopping threads took: 0.0000181 seconds
[3228.367s][info ][safepoint      ] Application time: 2.5734957 seconds
[3228.367s][info ][safepoint      ] Entering safepoint region: ParallelGCFailedAllocation
[3228.367s][info ][gc,start       ] GC(143) Pause Young (Allocation Failure)
[3228.389s][debug][gc,phases      ] GC(143) Scavenge 22.228ms
[3228.389s][debug][gc,ref         ] GC(143) Skipped phase1 of Reference Processing due to unavailable references
[3228.389s][debug][gc,ref         ] GC(143) Skipped phase3 of Reference Processing due to unavailable references
[3228.389s][debug][gc,phases      ] GC(143) Reference Processing 0.047ms
[3228.390s][debug][gc,phases      ] GC(143) Weak Processing 0.135ms
[3228.390s][debug][gc,phases      ] GC(143) Scrub String Table 0.509ms
[3228.390s][debug][gc,age         ] GC(143) Desired survivor size 111149056 bytes, new threshold 15 (max threshold 15)
[3228.390s][info ][gc,heap        ] GC(143) PSYoungGen: 1970369K->75057K(1985536K)
[3228.390s][info ][gc,heap        ] GC(143) ParOldGen: 352062K->355494K(447488K)
[3228.390s][info ][gc,metaspace   ] GC(143) Metaspace: 74936K->74936K(1118208K)
[3228.390s][info ][gc             ] GC(143) Pause Young (Allocation Failure) 2267M->420M(2376M) 23.107ms
[3228.390s][info ][gc,cpu         ] GC(143) User=0.09s Sys=0.00s Real=0.02s
[3228.390s][info ][safepoint      ] Leaving safepoint region
[3228.390s][info ][safepoint      ] Total time for which application threads were stopped: 0.0232869 seconds, Stopping threads took: 0.0000187 seconds
[3229.390s][info ][safepoint      ] Application time: 1.0001644 seconds
[3229.390s][info ][safepoint      ] Entering safepoint region: Cleanup
[3229.391s][info ][safepoint      ] Leaving safepoint region
[3229.391s][info ][safepoint      ] Total time for which application threads were stopped: 0.0000872 seconds, Stopping threads took: 0.0000168 seconds
[3239.416s][info ][safepoint      ] Application time: 10.0257263 seconds
[3239.416s][info ][safepoint      ] Entering safepoint region: RevokeBias
[3239.416s][info ][safepoint      ] Leaving safepoint region
[3239.416s][info ][safepoint      ] Total time for which application threads were stopped: 0.0001397 seconds, Stopping threads took: 0.0000546 seconds
[3241.417s][info ][safepoint      ] Application time: 2.0002459 seconds
[3241.417s][info ][safepoint      ] Entering safepoint region: Cleanup
[3241.417s][info ][safepoint      ] Leaving safepoint region
[3241.417s][info ][safepoint      ] Total time for which application threads were stopped: 0.0000925 seconds, Stopping threads took: 0.0000169 seconds
[3248.418s][info ][safepoint      ] Application time: 7.0007806 seconds
[3248.418s][info ][safepoint      ] Entering safepoint region: Cleanup
[3248.418s][info ][safepoint      ] Leaving safepoint region
[3248.418s][info ][safepoint      ] Total time for which application threads were stopped: 0.0003027 seconds, Stopping threads took: 0.0000354 seconds
[3249.418s][info ][safepoint      ] Application time: 1.0001152 seconds
[3249.418s][info ][safepoint      ] Entering safepoint region: Cleanup
[3249.418s][info ][safepoint      ] Leaving safepoint region
[3249.418s][info ][safepoint      ] Total time for which application threads were stopped: 0.0000922 seconds, Stopping threads took: 0.0000188 seconds
[3254.419s][info ][safepoint      ] Application time: 5.0004069 seconds
[3254.419s][info ][safepoint      ] Entering safepoint region: Cleanup
[3254.419s][info ][safepoint      ] Leaving safepoint region
[3254.419s][info ][safepoint      ] Total time for which application threads were stopped: 0.0000867 seconds, Stopping threads took: 0.0000180 seconds
[3255.323s][info ][safepoint      ] Application time: 0.9043046 seconds
[3255.323s][info ][safepoint      ] Entering safepoint region: ParallelGCFailedAllocation
[3255.323s][info ][gc,start       ] GC(144) Pause Young (Allocation Failure)
[3255.346s][debug][gc,phases      ] GC(144) Scavenge 22.811ms
[3255.346s][debug][gc,ref         ] GC(144) Skipped phase1 of Reference Processing due to unavailable references
[3255.346s][debug][gc,ref         ] GC(144) Skipped phase3 of Reference Processing due to unavailable references
[3255.346s][debug][gc,phases      ] GC(144) Reference Processing 0.046ms
[3255.346s][debug][gc,phases      ] GC(144) Weak Processing 0.276ms
[3255.348s][debug][gc,phases      ] GC(144) Scrub String Table 1.149ms
[3255.348s][debug][gc,age         ] GC(144) Desired survivor size 115867648 bytes, new threshold 15 (max threshold 15)
[3255.348s][info ][gc,heap        ] GC(144) PSYoungGen: 1955121K->80718K(1960960K)
[3255.348s][info ][gc,heap        ] GC(144) ParOldGen: 355494K->356171K(447488K)
[3255.348s][info ][gc,metaspace   ] GC(144) Metaspace: 74949K->74949K(1118208K)
[3255.348s][info ][gc             ] GC(144) Pause Young (Allocation Failure) 2256M->426M(2352M) 24.477ms
[3255.348s][info ][gc,cpu         ] GC(144) User=0.10s Sys=0.00s Real=0.02s
[3255.348s][info ][safepoint      ] Leaving safepoint region
[3255.348s][info ][safepoint      ] Total time for which application threads were stopped: 0.0246888 seconds, Stopping threads took: 0.0000182 seconds
[3256.348s][info ][safepoint      ] Application time: 1.0001206 seconds
[3256.348s][info ][safepoint      ] Entering safepoint region: Cleanup
[3256.348s][info ][safepoint      ] Leaving safepoint region
[3256.348s][info ][safepoint      ] Total time for which application threads were stopped: 0.0000913 seconds, Stopping threads took: 0.0000197 seconds
[3258.348s][info ][safepoint      ] Application time: 2.0001560 seconds
[3258.348s][info ][safepoint      ] Entering safepoint region: Cleanup
[3258.348s][info ][safepoint      ] Leaving safepoint region
[3258.348s][info ][safepoint      ] Total time for which application threads were stopped: 0.0001056 seconds, Stopping threads took: 0.0000180 seconds
[3259.348s][info ][safepoint      ] Application time: 1.0000846 seconds
[3259.348s][info ][safepoint      ] Entering safepoint region: Cleanup
[3259.349s][info ][safepoint      ] Leaving safepoint region
[3259.349s][info ][safepoint      ] Total time for which application threads were stopped: 0.0001162 seconds, Stopping threads took: 0.0000175 seconds
[3260.350s][info ][safepoint      ] Application time: 1.0017473 seconds
[3260.350s][info ][safepoint      ] Entering safepoint region: Cleanup
[3260.350s][info ][safepoint      ] Leaving safepoint region
[3260.351s][info ][safepoint      ] Total time for which application threads were stopped: 0.0001064 seconds, Stopping threads took: 0.0000183 seconds
[3284.815s][info ][safepoint      ] Application time: 24.4649239 seconds
[3284.815s][info ][safepoint      ] Entering safepoint region: ParallelGCFailedAllocation
[3284.816s][info ][gc,start       ] GC(145) Pause Young (Allocation Failure)
[3284.840s][debug][gc,phases      ] GC(145) Scavenge 24.276ms
[3284.840s][debug][gc,ref         ] GC(145) Skipped phase1 of Reference Processing due to unavailable references
[3284.840s][debug][gc,ref         ] GC(145) Skipped phase3 of Reference Processing due to unavailable references
[3284.840s][debug][gc,phases      ] GC(145) Reference Processing 0.047ms
[3284.840s][debug][gc,phases      ] GC(145) Weak Processing 0.138ms
[3284.841s][debug][gc,phases      ] GC(145) Scrub String Table 0.452ms
[3284.841s][debug][gc,age         ] GC(145) Desired survivor size 117440512 bytes, new threshold 15 (max threshold 15)
[3284.841s][info ][gc,heap        ] GC(145) PSYoungGen: 1960782K->77246K(1980928K)
[3284.841s][info ][gc,heap        ] GC(145) ParOldGen: 356171K->360324K(447488K)
[3284.841s][info ][gc,metaspace   ] GC(145) Metaspace: 74949K->74949K(1118208K)
[3284.841s][info ][gc             ] GC(145) Pause Young (Allocation Failure) 2262M->427M(2371M) 25.062ms
[3284.841s][info ][gc,cpu         ] GC(145) User=0.10s Sys=0.00s Real=0.03s
[3284.841s][info ][safepoint      ] Leaving safepoint region
[3284.841s][info ][safepoint      ] Total time for which application threads were stopped: 0.0252655 seconds, Stopping threads took: 0.0000170 seconds
[3288.841s][info ][safepoint      ] Application time: 4.0004657 seconds
[3288.841s][info ][safepoint      ] Entering safepoint region: Cleanup
[3288.841s][info ][safepoint      ] Leaving safepoint region
[3288.841s][info ][safepoint      ] Total time for which application threads were stopped: 0.0000853 seconds, Stopping threads took: 0.0000171 seconds
[3290.841s][info ][safepoint      ] Application time: 2.0001552 seconds
[3290.842s][info ][safepoint      ] Entering safepoint region: Cleanup
[3290.842s][info ][safepoint      ] Leaving safepoint region
[3290.842s][info ][safepoint      ] Total time for which application threads were stopped: 0.0001024 seconds, Stopping threads took: 0.0000171 seconds
[3292.842s][info ][safepoint      ] Application time: 2.0002171 seconds
[3292.842s][info ][safepoint      ] Entering safepoint region: Cleanup
[3292.842s][info ][safepoint      ] Leaving safepoint region
[3292.842s][info ][safepoint      ] Total time for which application threads were stopped: 0.0001898 seconds, Stopping threads took: 0.0000773 seconds
[3295.842s][info ][safepoint      ] Application time: 3.0003348 seconds
[3295.842s][info ][safepoint      ] Entering safepoint region: Cleanup
[3295.843s][info ][safepoint      ] Leaving safepoint region
[3295.843s][info ][safepoint      ] Total time for which application threads were stopped: 0.0001000 seconds, Stopping threads took: 0.0000342 seconds
[3296.843s][info ][safepoint      ] Application time: 1.0000884 seconds
[3296.843s][info ][safepoint      ] Entering safepoint region: Cleanup
[3296.843s][info ][safepoint      ] Leaving safepoint region
[3296.843s][info ][safepoint      ] Total time for which application threads were stopped: 0.0000946 seconds, Stopping threads took: 0.0000177 seconds
[3297.843s][info ][safepoint      ] Application time: 1.0001197 seconds
[3297.843s][info ][safepoint      ] Entering safepoint region: Cleanup
[3297.843s][info ][safepoint      ] Leaving safepoint region
[3297.843s][info ][safepoint      ] Total time for which application threads were stopped: 0.0000815 seconds, Stopping threads took: 0.0000169 seconds
[3298.843s][info ][safepoint      ] Application time: 1.0001216 seconds
[3298.843s][info ][safepoint      ] Entering safepoint region: Cleanup
[3298.843s][info ][safepoint      ] Leaving safepoint region
[3298.843s][info ][safepoint      ] Total time for which application threads were stopped: 0.0000829 seconds, Stopping threads took: 0.0000173 seconds
[3299.843s][info ][safepoint      ] Application time: 1.0001170 seconds
[3299.843s][info ][safepoint      ] Entering safepoint region: Cleanup
[3299.844s][info ][safepoint      ] Leaving safepoint region
[3299.844s][info ][safepoint      ] Total time for which application threads were stopped: 0.0000893 seconds, Stopping threads took: 0.0000177 seconds
[3300.844s][info ][safepoint      ] Application time: 1.0001192 seconds
[3300.844s][info ][safepoint      ] Entering safepoint region: Cleanup
[3300.844s][info ][safepoint      ] Leaving safepoint region
[3300.844s][info ][safepoint      ] Total time for which application threads were stopped: 0.0001166 seconds, Stopping threads took: 0.0000186 seconds
[3301.844s][info ][safepoint      ] Application time: 1.0001594 seconds
[3301.844s][info ][safepoint      ] Entering safepoint region: Cleanup
[3301.844s][info ][safepoint      ] Leaving safepoint region
[3301.844s][info ][safepoint      ] Total time for which application threads were stopped: 0.0000888 seconds, Stopping threads took: 0.0000174 seconds
[3302.844s][info ][safepoint      ] Application time: 1.0000986 seconds
[3302.844s][info ][safepoint      ] Entering safepoint region: Cleanup
[3302.844s][info ][safepoint      ] Leaving safepoint region
[3302.844s][info ][safepoint      ] Total time for which application threads were stopped: 0.0001025 seconds, Stopping threads took: 0.0000329 seconds
[3303.844s][info ][safepoint      ] Application time: 1.0000697 seconds
[3303.844s][info ][safepoint      ] Entering safepoint region: Cleanup
[3303.845s][info ][safepoint      ] Leaving safepoint region
[3303.845s][info ][safepoint      ] Total time for which application threads were stopped: 0.0001045 seconds, Stopping threads took: 0.0000351 seconds
[3304.845s][info ][safepoint      ] Application time: 1.0001076 seconds
[3304.845s][info ][safepoint      ] Entering safepoint region: Cleanup
[3304.845s][info ][safepoint      ] Leaving safepoint region
[3304.845s][info ][safepoint      ] Total time for which application threads were stopped: 0.0000994 seconds, Stopping threads took: 0.0000191 seconds
[3305.845s][info ][safepoint      ] Application time: 1.0001281 seconds
[3305.845s][info ][safepoint      ] Entering safepoint region: Cleanup
[3305.845s][info ][safepoint      ] Leaving safepoint region
[3305.845s][info ][safepoint      ] Total time for which application threads were stopped: 0.0000939 seconds, Stopping threads took: 0.0000192 seconds
[3306.845s][info ][safepoint      ] Application time: 1.0000670 seconds
[3306.845s][info ][safepoint      ] Entering safepoint region: Cleanup
[3306.845s][info ][safepoint      ] Leaving safepoint region
[3306.845s][info ][safepoint      ] Total time for which application threads were stopped: 0.0001013 seconds, Stopping threads took: 0.0000351 seconds
[3307.845s][info ][safepoint      ] Application time: 1.0000860 seconds
[3307.845s][info ][safepoint      ] Entering safepoint region: Cleanup
[3307.845s][info ][safepoint      ] Leaving safepoint region
[3307.845s][info ][safepoint      ] Total time for which application threads were stopped: 0.0000864 seconds, Stopping threads took: 0.0000196 seconds
[3308.846s][info ][safepoint      ] Application time: 1.0000814 seconds
[3308.846s][info ][safepoint      ] Entering safepoint region: Cleanup
[3308.846s][info ][safepoint      ] Leaving safepoint region
[3308.846s][info ][safepoint      ] Total time for which application threads were stopped: 0.0000864 seconds, Stopping threads took: 0.0000201 seconds
[3309.846s][info ][safepoint      ] Application time: 1.0000370 seconds
[3309.846s][info ][safepoint      ] Entering safepoint region: Cleanup
[3309.846s][info ][safepoint      ] Leaving safepoint region
[3309.846s][info ][safepoint      ] Total time for which application threads were stopped: 0.0001369 seconds, Stopping threads took: 0.0000504 seconds
[3310.846s][info ][safepoint      ] Application time: 1.0000936 seconds
[3310.846s][info ][safepoint      ] Entering safepoint region: Cleanup
[3310.846s][info ][safepoint      ] Leaving safepoint region
[3310.846s][info ][safepoint      ] Total time for which application threads were stopped: 0.0000904 seconds, Stopping threads took: 0.0000210 seconds
[3311.463s][info ][safepoint      ] Application time: 0.6172483 seconds
[3311.463s][info ][safepoint      ] Entering safepoint region: ParallelGCFailedAllocation
[3311.464s][info ][gc,start       ] GC(146) Pause Young (Allocation Failure)
[3311.486s][debug][gc,phases      ] GC(146) Scavenge 22.326ms
[3311.486s][debug][gc,ref         ] GC(146) Skipped phase1 of Reference Processing due to unavailable references
[3311.486s][debug][gc,ref         ] GC(146) Skipped phase3 of Reference Processing due to unavailable references
[3311.486s][debug][gc,phases      ] GC(146) Reference Processing 0.061ms
[3311.486s][debug][gc,phases      ] GC(146) Weak Processing 0.292ms
[3311.487s][debug][gc,phases      ] GC(146) Scrub String Table 0.842ms
[3311.487s][debug][gc,age         ] GC(146) Desired survivor size 119013376 bytes, new threshold 15 (max threshold 15)
[3311.487s][info ][gc,heap        ] GC(146) PSYoungGen: 1945022K->77758K(1945600K)
[3311.487s][info ][gc,heap        ] GC(146) ParOldGen: 360324K->362857K(447488K)
[3311.487s][info ][gc,metaspace   ] GC(146) Metaspace: 74956K->74956K(1118208K)
[3311.487s][info ][gc             ] GC(146) Pause Young (Allocation Failure) 2251M->430M(2337M) 23.677ms
[3311.487s][info ][gc,cpu         ] GC(146) User=0.09s Sys=0.00s Real=0.02s
[3311.487s][info ][safepoint      ] Leaving safepoint region
[3311.487s][info ][safepoint      ] Total time for which application threads were stopped: 0.0238807 seconds, Stopping threads took: 0.0000178 seconds
[3312.488s][info ][safepoint      ] Application time: 1.0001497 seconds
[3312.488s][info ][safepoint      ] Entering safepoint region: Cleanup
[3312.488s][info ][safepoint      ] Leaving safepoint region
[3312.488s][info ][safepoint      ] Total time for which application threads were stopped: 0.0000859 seconds, Stopping threads took: 0.0000190 seconds
[3312.980s][info ][safepoint      ] Application time: 0.4924037 seconds
[3312.980s][info ][safepoint      ] Entering safepoint region: RevokeBias
[3312.980s][info ][safepoint      ] Leaving safepoint region
[3312.980s][info ][safepoint      ] Total time for which application threads were stopped: 0.0001393 seconds, Stopping threads took: 0.0000163 seconds
[3313.710s][info ][safepoint      ] Application time: 0.7295934 seconds
[3313.710s][info ][safepoint      ] Entering safepoint region: RevokeBias
[3313.710s][info ][safepoint      ] Leaving safepoint region
[3313.710s][info ][safepoint      ] Total time for which application threads were stopped: 0.0001522 seconds, Stopping threads took: 0.0000428 seconds
[3313.744s][info ][safepoint      ] Application time: 0.0342209 seconds
[3313.744s][info ][safepoint      ] Entering safepoint region: RevokeBias
[3313.744s][info ][safepoint      ] Leaving safepoint region
[3313.744s][info ][safepoint      ] Total time for which application threads were stopped: 0.0001218 seconds, Stopping threads took: 0.0000249 seconds
[3314.744s][info ][safepoint      ] Application time: 1.0001210 seconds
[3314.745s][info ][safepoint      ] Entering safepoint region: Cleanup
[3314.745s][info ][safepoint      ] Leaving safepoint region
[3314.745s][info ][safepoint      ] Total time for which application threads were stopped: 0.0001136 seconds, Stopping threads took: 0.0000201 seconds
[3315.745s][info ][safepoint      ] Application time: 1.0001163 seconds
[3315.745s][info ][safepoint      ] Entering safepoint region: Cleanup
[3315.745s][info ][safepoint      ] Leaving safepoint region
[3315.745s][info ][safepoint      ] Total time for which application threads were stopped: 0.0000886 seconds, Stopping threads took: 0.0000190 seconds
[3316.745s][info ][safepoint      ] Application time: 1.0000817 seconds
[3316.745s][info ][safepoint      ] Entering safepoint region: Cleanup
[3316.745s][info ][safepoint      ] Leaving safepoint region
[3316.745s][info ][safepoint      ] Total time for which application threads were stopped: 0.0000930 seconds, Stopping threads took: 0.0000205 seconds
[3317.745s][info ][safepoint      ] Application time: 1.0000978 seconds
[3317.745s][info ][safepoint      ] Entering safepoint region: Cleanup
[3317.745s][info ][safepoint      ] Leaving safepoint region
[3317.745s][info ][safepoint      ] Total time for which application threads were stopped: 0.0000859 seconds, Stopping threads took: 0.0000182 seconds
[3318.745s][info ][safepoint      ] Application time: 1.0001035 seconds
[3318.746s][info ][safepoint      ] Entering safepoint region: Cleanup
[3318.746s][info ][safepoint      ] Leaving safepoint region
[3318.746s][info ][safepoint      ] Total time for which application threads were stopped: 0.0000922 seconds, Stopping threads took: 0.0000211 seconds
[3319.746s][info ][safepoint      ] Application time: 1.0000844 seconds
[3319.746s][info ][safepoint      ] Entering safepoint region: Cleanup
[3319.746s][info ][safepoint      ] Leaving safepoint region
[3319.746s][info ][safepoint      ] Total time for which application threads were stopped: 0.0001076 seconds, Stopping threads took: 0.0000203 seconds
[3320.746s][info ][safepoint      ] Application time: 1.0001309 seconds
[3320.746s][info ][safepoint      ] Entering safepoint region: Cleanup
[3320.746s][info ][safepoint      ] Leaving safepoint region
[3320.746s][info ][safepoint      ] Total time for which application threads were stopped: 0.0000975 seconds, Stopping threads took: 0.0000185 seconds
[3321.746s][info ][safepoint      ] Application time: 1.0001148 seconds
[3321.746s][info ][safepoint      ] Entering safepoint region: Cleanup
[3321.746s][info ][safepoint      ] Leaving safepoint region
[3321.746s][info ][safepoint      ] Total time for which application threads were stopped: 0.0000911 seconds, Stopping threads took: 0.0000220 seconds
[3322.746s][info ][safepoint      ] Application time: 1.0001020 seconds
[3322.747s][info ][safepoint      ] Entering safepoint region: Cleanup
[3322.747s][info ][safepoint      ] Leaving safepoint region
[3322.747s][info ][safepoint      ] Total time for which application threads were stopped: 0.0000931 seconds, Stopping threads took: 0.0000211 seconds
[3323.747s][info ][safepoint      ] Application time: 1.0000844 seconds
[3323.747s][info ][safepoint      ] Entering safepoint region: Cleanup
[3323.747s][info ][safepoint      ] Leaving safepoint region
[3323.747s][info ][safepoint      ] Total time for which application threads were stopped: 0.0001016 seconds, Stopping threads took: 0.0000325 seconds
[3324.747s][info ][safepoint      ] Application time: 1.0001156 seconds
[3324.747s][info ][safepoint      ] Entering safepoint region: Cleanup
[3324.747s][info ][safepoint      ] Leaving safepoint region
[3324.747s][info ][safepoint      ] Total time for which application threads were stopped: 0.0000902 seconds, Stopping threads took: 0.0000200 seconds
[3325.747s][info ][safepoint      ] Application time: 1.0001261 seconds
[3325.747s][info ][safepoint      ] Entering safepoint region: Cleanup
[3325.747s][info ][safepoint      ] Leaving safepoint region
[3325.747s][info ][safepoint      ] Total time for which application threads were stopped: 0.0000869 seconds, Stopping threads took: 0.0000200 seconds
[3326.747s][info ][safepoint      ] Application time: 1.0000785 seconds
[3326.747s][info ][safepoint      ] Entering safepoint region: Cleanup
[3326.748s][info ][safepoint      ] Leaving safepoint region
[3326.748s][info ][safepoint      ] Total time for which application threads were stopped: 0.0000920 seconds, Stopping threads took: 0.0000208 seconds
[3327.748s][info ][safepoint      ] Application time: 1.0001147 seconds
[3327.748s][info ][safepoint      ] Entering safepoint region: Cleanup
[3327.748s][info ][safepoint      ] Leaving safepoint region
[3327.748s][info ][safepoint      ] Total time for which application threads were stopped: 0.0000876 seconds, Stopping threads took: 0.0000188 seconds
[3328.748s][info ][safepoint      ] Application time: 1.0000870 seconds
[3328.748s][info ][safepoint      ] Entering safepoint region: Cleanup
[3328.748s][info ][safepoint      ] Leaving safepoint region
[3328.748s][info ][safepoint      ] Total time for which application threads were stopped: 0.0000851 seconds, Stopping threads took: 0.0000186 seconds
[3329.748s][info ][safepoint      ] Application time: 1.0001317 seconds
[3329.748s][info ][safepoint      ] Entering safepoint region: Cleanup
[3329.748s][info ][safepoint      ] Leaving safepoint region
[3329.748s][info ][safepoint      ] Total time for which application threads were stopped: 0.0000953 seconds, Stopping threads took: 0.0000196 seconds
[3330.748s][info ][safepoint      ] Application time: 1.0001204 seconds
[3330.748s][info ][safepoint      ] Entering safepoint region: Cleanup
[3330.749s][info ][safepoint      ] Leaving safepoint region
[3330.749s][info ][safepoint      ] Total time for which application threads were stopped: 0.0000882 seconds, Stopping threads took: 0.0000197 seconds
[3331.749s][info ][safepoint      ] Application time: 1.0001115 seconds
[3331.749s][info ][safepoint      ] Entering safepoint region: Cleanup
[3331.749s][info ][safepoint      ] Leaving safepoint region
[3331.749s][info ][safepoint      ] Total time for which application threads were stopped: 0.0000913 seconds, Stopping threads took: 0.0000201 seconds
[3332.749s][info ][safepoint      ] Application time: 1.0000827 seconds
[3332.749s][info ][safepoint      ] Entering safepoint region: Cleanup
[3332.749s][info ][safepoint      ] Leaving safepoint region
[3332.749s][info ][safepoint      ] Total time for which application threads were stopped: 0.0001022 seconds, Stopping threads took: 0.0000188 seconds
[3333.749s][info ][safepoint      ] Application time: 1.0000783 seconds
[3333.749s][info ][safepoint      ] Entering safepoint region: Cleanup
[3333.749s][info ][safepoint      ] Leaving safepoint region
[3333.749s][info ][safepoint      ] Total time for which application threads were stopped: 0.0001078 seconds, Stopping threads took: 0.0000210 seconds
[3334.749s][info ][safepoint      ] Application time: 1.0001158 seconds
[3334.749s][info ][safepoint      ] Entering safepoint region: Cleanup
[3334.750s][info ][safepoint      ] Leaving safepoint region
[3334.750s][info ][safepoint      ] Total time for which application threads were stopped: 0.0000916 seconds, Stopping threads took: 0.0000198 seconds
[3335.750s][info ][safepoint      ] Application time: 1.0000733 seconds
[3335.750s][info ][safepoint      ] Entering safepoint region: Cleanup
[3335.750s][info ][safepoint      ] Leaving safepoint region
[3335.750s][info ][safepoint      ] Total time for which application threads were stopped: 0.0001205 seconds, Stopping threads took: 0.0000339 seconds
[3336.750s][info ][safepoint      ] Application time: 1.0001874 seconds
[3336.750s][info ][safepoint      ] Entering safepoint region: Cleanup
[3336.750s][info ][safepoint      ] Leaving safepoint region
[3336.750s][info ][safepoint      ] Total time for which application threads were stopped: 0.0001050 seconds, Stopping threads took: 0.0000350 seconds
[3337.750s][info ][safepoint      ] Application time: 1.0001307 seconds
[3337.750s][info ][safepoint      ] Entering safepoint region: Cleanup
[3337.750s][info ][safepoint      ] Leaving safepoint region
[3337.750s][info ][safepoint      ] Total time for which application threads were stopped: 0.0000923 seconds, Stopping threads took: 0.0000201 seconds
[3338.118s][info ][safepoint      ] Application time: 0.3671250 seconds
[3338.118s][info ][safepoint      ] Entering safepoint region: ParallelGCFailedAllocation
[3338.118s][info ][gc,start       ] GC(147) Pause Young (Allocation Failure)
[3338.142s][debug][gc,phases      ] GC(147) Scavenge 24.325ms
[3338.142s][debug][gc,ref         ] GC(147) Skipped phase1 of Reference Processing due to unavailable references
[3338.142s][debug][gc,ref         ] GC(147) Skipped phase3 of Reference Processing due to unavailable references
[3338.142s][debug][gc,phases      ] GC(147) Reference Processing 0.045ms
[3338.142s][debug][gc,phases      ] GC(147) Weak Processing 0.156ms
[3338.143s][debug][gc,phases      ] GC(147) Scrub String Table 0.453ms
[3338.143s][debug][gc,age         ] GC(147) Desired survivor size 119013376 bytes, new threshold 15 (max threshold 15)
[3338.143s][info ][gc,heap        ] GC(147) PSYoungGen: 1945534K->75838K(1980928K)
[3338.143s][info ][gc,heap        ] GC(147) ParOldGen: 362857K->365594K(447488K)
[3338.143s][info ][gc,metaspace   ] GC(147) Metaspace: 74963K->74963K(1118208K)
[3338.143s][info ][gc             ] GC(147) Pause Young (Allocation Failure) 2254M->431M(2371M) 25.139ms
[3338.143s][info ][gc,cpu         ] GC(147) User=0.10s Sys=0.00s Real=0.03s
[3338.143s][info ][safepoint      ] Leaving safepoint region
[3338.143s][info ][safepoint      ] Total time for which application threads were stopped: 0.0253212 seconds, Stopping threads took: 0.0000180 seconds
[3339.143s][info ][safepoint      ] Application time: 1.0000940 seconds
[3339.143s][info ][safepoint      ] Entering safepoint region: Cleanup
[3339.143s][info ][safepoint      ] Leaving safepoint region
[3339.143s][info ][safepoint      ] Total time for which application threads were stopped: 0.0001024 seconds, Stopping threads took: 0.0000224 seconds
[3340.143s][info ][safepoint      ] Application time: 1.0000920 seconds
[3340.143s][info ][safepoint      ] Entering safepoint region: Cleanup
[3340.143s][info ][safepoint      ] Leaving safepoint region
[3340.143s][info ][safepoint      ] Total time for which application threads were stopped: 0.0000915 seconds, Stopping threads took: 0.0000198 seconds
[3341.143s][info ][safepoint      ] Application time: 1.0000545 seconds
[3341.143s][info ][safepoint      ] Entering safepoint region: Cleanup
[3341.144s][info ][safepoint      ] Leaving safepoint region
[3341.144s][info ][safepoint      ] Total time for which application threads were stopped: 0.0000897 seconds, Stopping threads took: 0.0000198 seconds
[3342.144s][info ][safepoint      ] Application time: 1.0002079 seconds
[3342.144s][info ][safepoint      ] Entering safepoint region: Cleanup
[3342.144s][info ][safepoint      ] Leaving safepoint region
[3342.144s][info ][safepoint      ] Total time for which application threads were stopped: 0.0000887 seconds, Stopping threads took: 0.0000211 seconds
[3343.144s][info ][safepoint      ] Application time: 1.0000795 seconds
[3343.144s][info ][safepoint      ] Entering safepoint region: Cleanup
[3343.144s][info ][safepoint      ] Leaving safepoint region
[3343.144s][info ][safepoint      ] Total time for which application threads were stopped: 0.0000856 seconds, Stopping threads took: 0.0000190 seconds
[3344.144s][info ][safepoint      ] Application time: 1.0000794 seconds
[3344.144s][info ][safepoint      ] Entering safepoint region: Cleanup
[3344.144s][info ][safepoint      ] Leaving safepoint region
[3344.144s][info ][safepoint      ] Total time for which application threads were stopped: 0.0000861 seconds, Stopping threads took: 0.0000189 seconds
[3345.144s][info ][safepoint      ] Application time: 1.0000707 seconds
[3345.144s][info ][safepoint      ] Entering safepoint region: Cleanup
[3345.145s][info ][safepoint      ] Leaving safepoint region
[3345.145s][info ][safepoint      ] Total time for which application threads were stopped: 0.0001087 seconds, Stopping threads took: 0.0000191 seconds
[3346.145s][info ][safepoint      ] Application time: 1.0000895 seconds
[3346.145s][info ][safepoint      ] Entering safepoint region: Cleanup
[3346.145s][info ][safepoint      ] Leaving safepoint region
[3346.145s][info ][safepoint      ] Total time for which application threads were stopped: 0.0000924 seconds, Stopping threads took: 0.0000214 seconds
[3347.145s][info ][safepoint      ] Application time: 1.0000742 seconds
[3347.145s][info ][safepoint      ] Entering safepoint region: Cleanup
[3347.145s][info ][safepoint      ] Leaving safepoint region
[3347.145s][info ][safepoint      ] Total time for which application threads were stopped: 0.0000891 seconds, Stopping threads took: 0.0000197 seconds
[3348.145s][info ][safepoint      ] Application time: 1.0000865 seconds
[3348.145s][info ][safepoint      ] Entering safepoint region: Cleanup
[3348.145s][info ][safepoint      ] Leaving safepoint region
[3348.145s][info ][safepoint      ] Total time for which application threads were stopped: 0.0000994 seconds, Stopping threads took: 0.0000198 seconds
[3349.145s][info ][safepoint      ] Application time: 1.0001547 seconds
[3349.146s][info ][safepoint      ] Entering safepoint region: Cleanup
[3349.146s][info ][safepoint      ] Leaving safepoint region
[3349.146s][info ][safepoint      ] Total time for which application threads were stopped: 0.0001140 seconds, Stopping threads took: 0.0000422 seconds
[3350.146s][info ][safepoint      ] Application time: 1.0001198 seconds
[3350.146s][info ][safepoint      ] Entering safepoint region: Cleanup
[3350.146s][info ][safepoint      ] Leaving safepoint region
[3350.146s][info ][safepoint      ] Total time for which application threads were stopped: 0.0000894 seconds, Stopping threads took: 0.0000192 seconds
[3351.146s][info ][safepoint      ] Application time: 1.0001385 seconds
[3351.146s][info ][safepoint      ] Entering safepoint region: Cleanup
[3351.147s][info ][safepoint      ] Leaving safepoint region
[3351.147s][info ][safepoint      ] Total time for which application threads were stopped: 0.0001134 seconds, Stopping threads took: 0.0000410 seconds
[3352.147s][info ][safepoint      ] Application time: 1.0001194 seconds
[3352.147s][info ][safepoint      ] Entering safepoint region: Cleanup
[3352.147s][info ][safepoint      ] Leaving safepoint region
[3352.147s][info ][safepoint      ] Total time for which application threads were stopped: 0.0001120 seconds, Stopping threads took: 0.0000203 seconds
[3353.147s][info ][safepoint      ] Application time: 1.0001148 seconds
[3353.147s][info ][safepoint      ] Entering safepoint region: Cleanup
[3353.147s][info ][safepoint      ] Leaving safepoint region
[3353.147s][info ][safepoint      ] Total time for which application threads were stopped: 0.0000900 seconds, Stopping threads took: 0.0000209 seconds
[3354.147s][info ][safepoint      ] Application time: 1.0000717 seconds
[3354.147s][info ][safepoint      ] Entering safepoint region: Cleanup
[3354.147s][info ][safepoint      ] Leaving safepoint region
[3354.147s][info ][safepoint      ] Total time for which application threads were stopped: 0.0001034 seconds, Stopping threads took: 0.0000332 seconds
[3355.147s][info ][safepoint      ] Application time: 1.0000915 seconds
[3355.147s][info ][safepoint      ] Entering safepoint region: Cleanup
[3355.148s][info ][safepoint      ] Leaving safepoint region
[3355.148s][info ][safepoint      ] Total time for which application threads were stopped: 0.0000989 seconds, Stopping threads took: 0.0000190 seconds
[3356.148s][info ][safepoint      ] Application time: 1.0001056 seconds
[3356.148s][info ][safepoint      ] Entering safepoint region: Cleanup
[3356.148s][info ][safepoint      ] Leaving safepoint region
[3356.148s][info ][safepoint      ] Total time for which application threads were stopped: 0.0000870 seconds, Stopping threads took: 0.0000201 seconds
[3357.148s][info ][safepoint      ] Application time: 1.0004391 seconds
[3357.148s][info ][safepoint      ] Entering safepoint region: Cleanup
[3357.148s][info ][safepoint      ] Leaving safepoint region
[3357.148s][info ][safepoint      ] Total time for which application threads were stopped: 0.0000895 seconds, Stopping threads took: 0.0000185 seconds
[3358.149s][info ][safepoint      ] Application time: 1.0000935 seconds
[3358.149s][info ][safepoint      ] Entering safepoint region: Cleanup
[3358.149s][info ][safepoint      ] Leaving safepoint region
[3358.149s][info ][safepoint      ] Total time for which application threads were stopped: 0.0001297 seconds, Stopping threads took: 0.0000208 seconds
[3359.149s][info ][safepoint      ] Application time: 1.0000885 seconds
[3359.149s][info ][safepoint      ] Entering safepoint region: Cleanup
[3359.149s][info ][safepoint      ] Leaving safepoint region
[3359.149s][info ][safepoint      ] Total time for which application threads were stopped: 0.0000893 seconds, Stopping threads took: 0.0000199 seconds
[3360.149s][info ][safepoint      ] Application time: 1.0001777 seconds
[3360.149s][info ][safepoint      ] Entering safepoint region: Cleanup
[3360.149s][info ][safepoint      ] Leaving safepoint region
[3360.149s][info ][safepoint      ] Total time for which application threads were stopped: 0.0000887 seconds, Stopping threads took: 0.0000191 seconds
[3361.149s][info ][safepoint      ] Application time: 1.0001009 seconds
[3361.149s][info ][safepoint      ] Entering safepoint region: Cleanup
[3361.149s][info ][safepoint      ] Leaving safepoint region
[3361.149s][info ][safepoint      ] Total time for which application threads were stopped: 0.0000865 seconds, Stopping threads took: 0.0000190 seconds
[3362.150s][info ][safepoint      ] Application time: 1.0001331 seconds
[3362.150s][info ][safepoint      ] Entering safepoint region: Cleanup
[3362.150s][info ][safepoint      ] Leaving safepoint region
[3362.150s][info ][safepoint      ] Total time for which application threads were stopped: 0.0000926 seconds, Stopping threads took: 0.0000212 seconds
[3363.150s][info ][safepoint      ] Application time: 1.0001350 seconds
[3363.150s][info ][safepoint      ] Entering safepoint region: Cleanup
[3363.150s][info ][safepoint      ] Leaving safepoint region
[3363.150s][info ][safepoint      ] Total time for which application threads were stopped: 0.0000851 seconds, Stopping threads took: 0.0000181 seconds
[3363.557s][info ][safepoint      ] Application time: 0.4072416 seconds
[3363.557s][info ][safepoint      ] Entering safepoint region: ParallelGCFailedAllocation
[3363.557s][info ][gc,start       ] GC(148) Pause Young (Allocation Failure)
[3363.579s][debug][gc,phases      ] GC(148) Scavenge 21.554ms
[3363.579s][debug][gc,ref         ] GC(148) Skipped phase1 of Reference Processing due to unavailable references
[3363.579s][debug][gc,ref         ] GC(148) Skipped phase3 of Reference Processing due to unavailable references
[3363.579s][debug][gc,phases      ] GC(148) Reference Processing 0.060ms
[3363.579s][debug][gc,phases      ] GC(148) Weak Processing 0.140ms
[3363.580s][debug][gc,phases      ] GC(148) Scrub String Table 0.497ms
[3363.580s][debug][gc,age         ] GC(148) Desired survivor size 119013376 bytes, new threshold 15 (max threshold 15)
[3363.580s][info ][gc,heap        ] GC(148) PSYoungGen: 1940542K->76830K(1980928K)
[3363.580s][info ][gc,heap        ] GC(148) ParOldGen: 365594K->368900K(447488K)
[3363.580s][info ][gc,metaspace   ] GC(148) Metaspace: 74966K->74966K(1118208K)
[3363.580s][info ][gc             ] GC(148) Pause Young (Allocation Failure) 2252M->435M(2371M) 22.429ms
[3363.580s][info ][gc,cpu         ] GC(148) User=0.08s Sys=0.00s Real=0.02s
[3363.580s][info ][safepoint      ] Leaving safepoint region
[3363.580s][info ][safepoint      ] Total time for which application threads were stopped: 0.0227576 seconds, Stopping threads took: 0.0000942 seconds
[3364.580s][info ][safepoint      ] Application time: 1.0001471 seconds
[3364.580s][info ][safepoint      ] Entering safepoint region: Cleanup
[3364.580s][info ][safepoint      ] Leaving safepoint region
[3364.580s][info ][safepoint      ] Total time for which application threads were stopped: 0.0000831 seconds, Stopping threads took: 0.0000168 seconds
[3365.580s][info ][safepoint      ] Application time: 1.0000538 seconds
[3365.580s][info ][safepoint      ] Entering safepoint region: Cleanup
[3365.580s][info ][safepoint      ] Leaving safepoint region
[3365.580s][info ][safepoint      ] Total time for which application threads were stopped: 0.0000832 seconds, Stopping threads took: 0.0000171 seconds
[3366.581s][info ][safepoint      ] Application time: 1.0001304 seconds
[3366.581s][info ][safepoint      ] Entering safepoint region: Cleanup
[3366.581s][info ][safepoint      ] Leaving safepoint region
[3366.581s][info ][safepoint      ] Total time for which application threads were stopped: 0.0000842 seconds, Stopping threads took: 0.0000172 seconds
[3367.581s][info ][safepoint      ] Application time: 1.0001175 seconds
[3367.581s][info ][safepoint      ] Entering safepoint region: Cleanup
[3367.581s][info ][safepoint      ] Leaving safepoint region
[3367.581s][info ][safepoint      ] Total time for which application threads were stopped: 0.0000852 seconds, Stopping threads took: 0.0000181 seconds
[3368.581s][info ][safepoint      ] Application time: 1.0000788 seconds
[3368.581s][info ][safepoint      ] Entering safepoint region: Cleanup
[3368.581s][info ][safepoint      ] Leaving safepoint region
[3368.581s][info ][safepoint      ] Total time for which application threads were stopped: 0.0001147 seconds, Stopping threads took: 0.0000161 seconds
[3369.581s][info ][safepoint      ] Application time: 1.0001095 seconds
[3369.581s][info ][safepoint      ] Entering safepoint region: Cleanup
[3369.581s][info ][safepoint      ] Leaving safepoint region
[3369.581s][info ][safepoint      ] Total time for which application threads were stopped: 0.0001053 seconds, Stopping threads took: 0.0000357 seconds
[3370.582s][info ][safepoint      ] Application time: 1.0000856 seconds
[3370.582s][info ][safepoint      ] Entering safepoint region: Cleanup
[3370.582s][info ][safepoint      ] Leaving safepoint region
[3370.582s][info ][safepoint      ] Total time for which application threads were stopped: 0.0000842 seconds, Stopping threads took: 0.0000176 seconds
[3371.582s][info ][safepoint      ] Application time: 1.0000880 seconds
[3371.582s][info ][safepoint      ] Entering safepoint region: Cleanup
[3371.582s][info ][safepoint      ] Leaving safepoint region
[3371.582s][info ][safepoint      ] Total time for which application threads were stopped: 0.0000841 seconds, Stopping threads took: 0.0000177 seconds
[3372.582s][info ][safepoint      ] Application time: 1.0001165 seconds
[3372.582s][info ][safepoint      ] Entering safepoint region: Cleanup
[3372.582s][info ][safepoint      ] Leaving safepoint region
[3372.582s][info ][safepoint      ] Total time for which application threads were stopped: 0.0000870 seconds, Stopping threads took: 0.0000187 seconds
[3372.583s][info ][safepoint      ] Application time: 0.0013688 seconds
[3372.583s][info ][safepoint      ] Entering safepoint region: RevokeBias
[3372.584s][info ][safepoint      ] Leaving safepoint region
[3372.584s][info ][safepoint      ] Total time for which application threads were stopped: 0.0000660 seconds, Stopping threads took: 0.0000104 seconds
[3373.584s][info ][safepoint      ] Application time: 1.0000976 seconds
[3373.584s][info ][safepoint      ] Entering safepoint region: Cleanup
[3373.584s][info ][safepoint      ] Leaving safepoint region
[3373.584s][info ][safepoint      ] Total time for which application threads were stopped: 0.0000877 seconds, Stopping threads took: 0.0000196 seconds
[3373.760s][info ][safepoint      ] Application time: 0.1765989 seconds
[3373.760s][info ][safepoint      ] Entering safepoint region: RevokeBias
[3373.761s][info ][safepoint      ] Leaving safepoint region
[3373.761s][info ][safepoint      ] Total time for which application threads were stopped: 0.0001824 seconds, Stopping threads took: 0.0000604 seconds
[3374.761s][info ][safepoint      ] Application time: 1.0001395 seconds
[3374.761s][info ][safepoint      ] Entering safepoint region: Cleanup
[3374.761s][info ][safepoint      ] Leaving safepoint region
[3374.761s][info ][safepoint      ] Total time for which application threads were stopped: 0.0001372 seconds, Stopping threads took: 0.0000477 seconds
[3375.761s][info ][safepoint      ] Application time: 1.0000838 seconds
[3375.761s][info ][safepoint      ] Entering safepoint region: Cleanup
[3375.761s][info ][safepoint      ] Leaving safepoint region
[3375.761s][info ][safepoint      ] Total time for which application threads were stopped: 0.0001320 seconds, Stopping threads took: 0.0000447 seconds
[3376.761s][info ][safepoint      ] Application time: 1.0001342 seconds
[3376.761s][info ][safepoint      ] Entering safepoint region: Cleanup
[3376.761s][info ][safepoint      ] Leaving safepoint region
[3376.761s][info ][safepoint      ] Total time for which application threads were stopped: 0.0001324 seconds, Stopping threads took: 0.0000591 seconds
[3377.762s][info ][safepoint      ] Application time: 1.0001257 seconds
[3377.762s][info ][safepoint      ] Entering safepoint region: Cleanup
[3377.762s][info ][safepoint      ] Leaving safepoint region
[3377.762s][info ][safepoint      ] Total time for which application threads were stopped: 0.0001211 seconds, Stopping threads took: 0.0000443 seconds
[3378.762s][info ][safepoint      ] Application time: 1.0000987 seconds
[3378.762s][info ][safepoint      ] Entering safepoint region: Cleanup
[3378.762s][info ][safepoint      ] Leaving safepoint region
[3378.762s][info ][safepoint      ] Total time for which application threads were stopped: 0.0001383 seconds, Stopping threads took: 0.0000574 seconds
[3379.762s][info ][safepoint      ] Application time: 1.0000794 seconds
[3379.762s][info ][safepoint      ] Entering safepoint region: Cleanup
[3379.762s][info ][safepoint      ] Leaving safepoint region
[3379.762s][info ][safepoint      ] Total time for which application threads were stopped: 0.0001649 seconds, Stopping threads took: 0.0000826 seconds
[3380.762s][info ][safepoint      ] Application time: 1.0001345 seconds
[3380.763s][info ][safepoint      ] Entering safepoint region: Cleanup
[3380.763s][info ][safepoint      ] Leaving safepoint region
[3380.763s][info ][safepoint      ] Total time for which application threads were stopped: 0.0001297 seconds, Stopping threads took: 0.0000598 seconds
[3381.763s][info ][safepoint      ] Application time: 1.0000939 seconds
[3381.763s][info ][safepoint      ] Entering safepoint region: Cleanup
[3381.763s][info ][safepoint      ] Leaving safepoint region
[3381.763s][info ][safepoint      ] Total time for which application threads were stopped: 0.0001455 seconds, Stopping threads took: 0.0000605 seconds
[3382.763s][info ][safepoint      ] Application time: 1.0001257 seconds
[3382.763s][info ][safepoint      ] Entering safepoint region: Cleanup
[3382.763s][info ][safepoint      ] Leaving safepoint region
[3382.763s][info ][safepoint      ] Total time for which application threads were stopped: 0.0001286 seconds, Stopping threads took: 0.0000448 seconds
[3383.763s][info ][safepoint      ] Application time: 1.0001239 seconds
[3383.763s][info ][safepoint      ] Entering safepoint region: Cleanup
[3383.763s][info ][safepoint      ] Leaving safepoint region
[3383.763s][info ][safepoint      ] Total time for which application threads were stopped: 0.0001218 seconds, Stopping threads took: 0.0000449 seconds
[3384.764s][info ][safepoint      ] Application time: 1.0001289 seconds
[3384.764s][info ][safepoint      ] Entering safepoint region: Cleanup
[3384.764s][info ][safepoint      ] Leaving safepoint region
[3384.764s][info ][safepoint      ] Total time for which application threads were stopped: 0.0001807 seconds, Stopping threads took: 0.0000826 seconds
[3385.764s][info ][safepoint      ] Application time: 1.0001059 seconds
[3385.764s][info ][safepoint      ] Entering safepoint region: Cleanup
[3385.764s][info ][safepoint      ] Leaving safepoint region
[3385.764s][info ][safepoint      ] Total time for which application threads were stopped: 0.0001813 seconds, Stopping threads took: 0.0000995 seconds
[3386.764s][info ][safepoint      ] Application time: 1.0000886 seconds
[3386.764s][info ][safepoint      ] Entering safepoint region: Cleanup
[3386.764s][info ][safepoint      ] Leaving safepoint region
[3386.764s][info ][safepoint      ] Total time for which application threads were stopped: 0.0001434 seconds, Stopping threads took: 0.0000472 seconds
[3387.765s][info ][safepoint      ] Application time: 1.0001146 seconds
[3387.765s][info ][safepoint      ] Entering safepoint region: Cleanup
[3387.765s][info ][safepoint      ] Leaving safepoint region
[3387.765s][info ][safepoint      ] Total time for which application threads were stopped: 0.0001312 seconds, Stopping threads took: 0.0000450 seconds
[3388.765s][info ][safepoint      ] Application time: 1.0000894 seconds
[3388.765s][info ][safepoint      ] Entering safepoint region: Cleanup
[3388.765s][info ][safepoint      ] Leaving safepoint region
[3388.765s][info ][safepoint      ] Total time for which application threads were stopped: 0.0001695 seconds, Stopping threads took: 0.0000803 seconds
[3389.765s][info ][safepoint      ] Application time: 1.0001314 seconds
[3389.765s][info ][safepoint      ] Entering safepoint region: Cleanup
[3389.765s][info ][safepoint      ] Leaving safepoint region
[3389.765s][info ][safepoint      ] Total time for which application threads were stopped: 0.0001293 seconds, Stopping threads took: 0.0000558 seconds
[3390.618s][info ][safepoint      ] Application time: 0.8528050 seconds
[3390.618s][info ][safepoint      ] Entering safepoint region: ParallelGCFailedAllocation
[3390.618s][info ][gc,start       ] GC(149) Pause Young (Allocation Failure)
[3390.643s][debug][gc,phases      ] GC(149) Scavenge 24.909ms
[3390.643s][debug][gc,ref         ] GC(149) Skipped phase1 of Reference Processing due to unavailable references
[3390.643s][debug][gc,ref         ] GC(149) Skipped phase3 of Reference Processing due to unavailable references
[3390.643s][debug][gc,phases      ] GC(149) Reference Processing 0.046ms
[3390.644s][debug][gc,phases      ] GC(149) Weak Processing 0.260ms
[3390.644s][debug][gc,phases      ] GC(149) Scrub String Table 0.703ms
[3390.644s][debug][gc,age         ] GC(149) Desired survivor size 114294784 bytes, new threshold 15 (max threshold 15)
[3390.644s][info ][gc,heap        ] GC(149) PSYoungGen: 1941534K->60622K(1985536K)
[3390.644s][info ][gc,heap        ] GC(149) ParOldGen: 368900K->387271K(447488K)
[3390.644s][info ][gc,metaspace   ] GC(149) Metaspace: 74968K->74968K(1118208K)
[3390.644s][info ][gc             ] GC(149) Pause Young (Allocation Failure) 2256M->437M(2376M) 26.100ms
[3390.644s][info ][gc,cpu         ] GC(149) User=0.10s Sys=0.00s Real=0.03s
[3390.644s][info ][safepoint      ] Leaving safepoint region
[3390.644s][info ][safepoint      ] Total time for which application threads were stopped: 0.0262923 seconds, Stopping threads took: 0.0000174 seconds
[3391.645s][info ][safepoint      ] Application time: 1.0001053 seconds
[3391.645s][info ][safepoint      ] Entering safepoint region: Cleanup
[3391.645s][info ][safepoint      ] Leaving safepoint region
[3391.645s][info ][safepoint      ] Total time for which application threads were stopped: 0.0001035 seconds, Stopping threads took: 0.0000178 seconds
[3392.645s][info ][safepoint      ] Application time: 1.0000762 seconds
[3392.645s][info ][safepoint      ] Entering safepoint region: Cleanup
[3392.645s][info ][safepoint      ] Leaving safepoint region
[3392.645s][info ][safepoint      ] Total time for which application threads were stopped: 0.0000957 seconds, Stopping threads took: 0.0000168 seconds
[3393.645s][info ][safepoint      ] Application time: 1.0000842 seconds
[3393.645s][info ][safepoint      ] Entering safepoint region: Cleanup
[3393.645s][info ][safepoint      ] Leaving safepoint region
[3393.645s][info ][safepoint      ] Total time for which application threads were stopped: 0.0000830 seconds, Stopping threads took: 0.0000182 seconds
[3394.645s][info ][safepoint      ] Application time: 1.0000843 seconds
[3394.645s][info ][safepoint      ] Entering safepoint region: Cleanup
[3394.645s][info ][safepoint      ] Leaving safepoint region
[3394.645s][info ][safepoint      ] Total time for which application threads were stopped: 0.0001730 seconds, Stopping threads took: 0.0000990 seconds
[3395.646s][info ][safepoint      ] Application time: 1.0001201 seconds
[3395.646s][info ][safepoint      ] Entering safepoint region: Cleanup
[3395.646s][info ][safepoint      ] Leaving safepoint region
[3395.646s][info ][safepoint      ] Total time for which application threads were stopped: 0.0000926 seconds, Stopping threads took: 0.0000186 seconds
[3396.646s][info ][safepoint      ] Application time: 1.0000886 seconds
[3396.646s][info ][safepoint      ] Entering safepoint region: Cleanup
[3396.646s][info ][safepoint      ] Leaving safepoint region
[3396.646s][info ][safepoint      ] Total time for which application threads were stopped: 0.0000851 seconds, Stopping threads took: 0.0000180 seconds
[3397.646s][info ][safepoint      ] Application time: 1.0000821 seconds
[3397.646s][info ][safepoint      ] Entering safepoint region: Cleanup
[3397.646s][info ][safepoint      ] Leaving safepoint region
[3397.646s][info ][safepoint      ] Total time for which application threads were stopped: 0.0000882 seconds, Stopping threads took: 0.0000201 seconds
[3398.646s][info ][safepoint      ] Application time: 1.0001779 seconds
[3398.646s][info ][safepoint      ] Entering safepoint region: Cleanup
[3398.647s][info ][safepoint      ] Leaving safepoint region
[3398.647s][info ][safepoint      ] Total time for which application threads were stopped: 0.0001047 seconds, Stopping threads took: 0.0000385 seconds
[3399.647s][info ][safepoint      ] Application time: 1.0001329 seconds
[3399.647s][info ][safepoint      ] Entering safepoint region: Cleanup
[3399.647s][info ][safepoint      ] Leaving safepoint region
[3399.647s][info ][safepoint      ] Total time for which application threads were stopped: 0.0000839 seconds, Stopping threads took: 0.0000185 seconds
[3400.647s][info ][safepoint      ] Application time: 1.0000957 seconds
[3400.647s][info ][safepoint      ] Entering safepoint region: Cleanup
[3400.647s][info ][safepoint      ] Leaving safepoint region
[3400.647s][info ][safepoint      ] Total time for which application threads were stopped: 0.0000903 seconds, Stopping threads took: 0.0000219 seconds
[3401.647s][info ][safepoint      ] Application time: 1.0000819 seconds
[3401.647s][info ][safepoint      ] Entering safepoint region: Cleanup
[3401.647s][info ][safepoint      ] Leaving safepoint region
[3401.647s][info ][safepoint      ] Total time for which application threads were stopped: 0.0000902 seconds, Stopping threads took: 0.0000194 seconds
[3402.647s][info ][safepoint      ] Application time: 1.0000717 seconds
[3402.647s][info ][safepoint      ] Entering safepoint region: Cleanup
[3402.647s][info ][safepoint      ] Leaving safepoint region
[3402.647s][info ][safepoint      ] Total time for which application threads were stopped: 0.0000993 seconds, Stopping threads took: 0.0000323 seconds
[3403.648s][info ][safepoint      ] Application time: 1.0001036 seconds
[3403.648s][info ][safepoint      ] Entering safepoint region: Cleanup
[3403.648s][info ][safepoint      ] Leaving safepoint region
[3403.648s][info ][safepoint      ] Total time for which application threads were stopped: 0.0000868 seconds, Stopping threads took: 0.0000206 seconds
[3404.648s][info ][safepoint      ] Application time: 1.0000995 seconds
[3404.648s][info ][safepoint      ] Entering safepoint region: Cleanup
[3404.648s][info ][safepoint      ] Leaving safepoint region
[3404.648s][info ][safepoint      ] Total time for which application threads were stopped: 0.0001530 seconds, Stopping threads took: 0.0000719 seconds
[3405.648s][info ][safepoint      ] Application time: 1.0000848 seconds
[3405.648s][info ][safepoint      ] Entering safepoint region: Cleanup
[3405.648s][info ][safepoint      ] Leaving safepoint region
[3405.648s][info ][safepoint      ] Total time for which application threads were stopped: 0.0001139 seconds, Stopping threads took: 0.0000201 seconds
[3406.648s][info ][safepoint      ] Application time: 1.0000896 seconds
[3406.648s][info ][safepoint      ] Entering safepoint region: Cleanup
[3406.648s][info ][safepoint      ] Leaving safepoint region
[3406.648s][info ][safepoint      ] Total time for which application threads were stopped: 0.0000901 seconds, Stopping threads took: 0.0000182 seconds
[3407.649s][info ][safepoint      ] Application time: 1.0001168 seconds
[3407.649s][info ][safepoint      ] Entering safepoint region: Cleanup
[3407.649s][info ][safepoint      ] Leaving safepoint region
[3407.649s][info ][safepoint      ] Total time for which application threads were stopped: 0.0000851 seconds, Stopping threads took: 0.0000187 seconds
[3408.649s][info ][safepoint      ] Application time: 1.0000872 seconds
[3408.649s][info ][safepoint      ] Entering safepoint region: Cleanup
[3408.649s][info ][safepoint      ] Leaving safepoint region
[3408.649s][info ][safepoint      ] Total time for which application threads were stopped: 0.0000996 seconds, Stopping threads took: 0.0000196 seconds
[3409.649s][info ][safepoint      ] Application time: 1.0001371 seconds
[3409.649s][info ][safepoint      ] Entering safepoint region: Cleanup
[3409.649s][info ][safepoint      ] Leaving safepoint region
[3409.649s][info ][safepoint      ] Total time for which application threads were stopped: 0.0000850 seconds, Stopping threads took: 0.0000192 seconds
[3410.649s][info ][safepoint      ] Application time: 1.0000772 seconds
[3410.649s][info ][safepoint      ] Entering safepoint region: Cleanup
[3410.649s][info ][safepoint      ] Leaving safepoint region
[3410.649s][info ][safepoint      ] Total time for which application threads were stopped: 0.0001153 seconds, Stopping threads took: 0.0000191 seconds
[3411.650s][info ][safepoint      ] Application time: 1.0001170 seconds
[3411.650s][info ][safepoint      ] Entering safepoint region: Cleanup
[3411.650s][info ][safepoint      ] Leaving safepoint region
[3411.650s][info ][safepoint      ] Total time for which application threads were stopped: 0.0000873 seconds, Stopping threads took: 0.0000193 seconds
[3414.661s][info ][safepoint      ] Application time: 3.0107844 seconds
[3414.661s][info ][safepoint      ] Entering safepoint region: ParallelGCFailedAllocation
[3414.661s][info ][gc,start       ] GC(150) Pause Young (Allocation Failure)
[3414.682s][debug][gc,phases      ] GC(150) Scavenge 21.124ms
[3414.682s][debug][gc,ref         ] GC(150) Skipped phase1 of Reference Processing due to unavailable references
[3414.682s][debug][gc,ref         ] GC(150) Skipped phase3 of Reference Processing due to unavailable references
[3414.682s][debug][gc,phases      ] GC(150) Reference Processing 0.045ms
[3414.682s][debug][gc,phases      ] GC(150) Weak Processing 0.246ms
[3414.683s][debug][gc,phases      ] GC(150) Scrub String Table 0.951ms
[3414.683s][debug][gc,age         ] GC(150) Desired survivor size 111673344 bytes, new threshold 15 (max threshold 15)
[3414.683s][info ][gc,heap        ] GC(150) PSYoungGen: 1929934K->69496K(1980928K)
[3414.683s][info ][gc,heap        ] GC(150) ParOldGen: 387271K->392504K(447488K)
[3414.683s][info ][gc,metaspace   ] GC(150) Metaspace: 74971K->74971K(1118208K)
[3414.683s][info ][gc             ] GC(150) Pause Young (Allocation Failure) 2262M->451M(2371M) 22.546ms
[3414.683s][info ][gc,cpu         ] GC(150) User=0.08s Sys=0.01s Real=0.02s
[3414.683s][info ][safepoint      ] Leaving safepoint region
[3414.683s][info ][safepoint      ] Total time for which application threads were stopped: 0.0227866 seconds, Stopping threads took: 0.0000556 seconds
[3415.683s][info ][safepoint      ] Application time: 1.0000965 seconds
[3415.683s][info ][safepoint      ] Entering safepoint region: Cleanup
[3415.684s][info ][safepoint      ] Leaving safepoint region
[3415.684s][info ][safepoint      ] Total time for which application threads were stopped: 0.0001165 seconds, Stopping threads took: 0.0000193 seconds
[3416.684s][info ][safepoint      ] Application time: 1.0001156 seconds
[3416.684s][info ][safepoint      ] Entering safepoint region: Cleanup
[3416.684s][info ][safepoint      ] Leaving safepoint region
[3416.684s][info ][safepoint      ] Total time for which application threads were stopped: 0.0001030 seconds, Stopping threads took: 0.0000340 seconds
[3418.684s][info ][safepoint      ] Application time: 2.0002733 seconds
[3418.684s][info ][safepoint      ] Entering safepoint region: Cleanup
[3418.684s][info ][safepoint      ] Leaving safepoint region
[3418.684s][info ][safepoint      ] Total time for which application threads were stopped: 0.0001171 seconds, Stopping threads took: 0.0000388 seconds
[3428.685s][info ][safepoint      ] Application time: 10.0009170 seconds
[3428.685s][info ][safepoint      ] Entering safepoint region: Cleanup
[3428.686s][info ][safepoint      ] Leaving safepoint region
[3428.686s][info ][safepoint      ] Total time for which application threads were stopped: 0.0002537 seconds, Stopping threads took: 0.0001554 seconds
[3440.163s][info ][safepoint      ] Application time: 11.4774577 seconds
[3440.163s][info ][safepoint      ] Entering safepoint region: ParallelGCFailedAllocation
[3440.163s][info ][gc,start       ] GC(151) Pause Young (Allocation Failure)
[3440.187s][debug][gc,phases      ] GC(151) Scavenge 23.282ms
[3440.187s][debug][gc,ref         ] GC(151) Skipped phase1 of Reference Processing due to unavailable references
[3440.187s][debug][gc,ref         ] GC(151) Skipped phase3 of Reference Processing due to unavailable references
[3440.187s][debug][gc,phases      ] GC(151) Reference Processing 0.043ms
[3440.187s][debug][gc,phases      ] GC(151) Weak Processing 0.256ms
[3440.188s][debug][gc,phases      ] GC(151) Scrub String Table 0.813ms
[3440.188s][debug][gc,age         ] GC(151) Desired survivor size 109051904 bytes, new threshold 15 (max threshold 15)
[3440.188s][info ][gc,heap        ] GC(151) PSYoungGen: 1938808K->69298K(1990656K)
[3440.188s][info ][gc,heap        ] GC(151) ParOldGen: 392504K->399150K(447488K)
[3440.188s][info ][gc,metaspace   ] GC(151) Metaspace: 74987K->74987K(1118208K)
[3440.188s][info ][gc             ] GC(151) Pause Young (Allocation Failure) 2276M->457M(2381M) 24.566ms
[3440.188s][info ][gc,cpu         ] GC(151) User=0.09s Sys=0.00s Real=0.02s
[3440.188s][info ][safepoint      ] Leaving safepoint region
[3440.188s][info ][safepoint      ] Total time for which application threads were stopped: 0.0248260 seconds, Stopping threads took: 0.0000599 seconds
[3451.189s][info ][safepoint      ] Application time: 11.0011833 seconds
[3451.189s][info ][safepoint      ] Entering safepoint region: Cleanup
[3451.189s][info ][safepoint      ] Leaving safepoint region
[3451.189s][info ][safepoint      ] Total time for which application threads were stopped: 0.0001143 seconds, Stopping threads took: 0.0000194 seconds
[3453.189s][info ][safepoint      ] Application time: 2.0001962 seconds
[3453.189s][info ][safepoint      ] Entering safepoint region: Cleanup
[3453.190s][info ][safepoint      ] Leaving safepoint region
[3453.190s][info ][safepoint      ] Total time for which application threads were stopped: 0.0001415 seconds, Stopping threads took: 0.0000176 seconds
[3465.118s][info ][safepoint      ] Application time: 11.9286642 seconds
[3465.118s][info ][safepoint      ] Entering safepoint region: ParallelGCFailedAllocation
[3465.118s][info ][gc,start       ] GC(152) Pause Young (Allocation Failure)
[3465.140s][debug][gc,phases      ] GC(152) Scavenge 21.720ms
[3465.140s][debug][gc,ref         ] GC(152) Skipped phase1 of Reference Processing due to unavailable references
[3465.140s][debug][gc,ref         ] GC(152) Skipped phase3 of Reference Processing due to unavailable references
[3465.140s][debug][gc,phases      ] GC(152) Reference Processing 0.068ms
[3465.140s][debug][gc,phases      ] GC(152) Weak Processing 0.138ms
[3465.141s][debug][gc,phases      ] GC(152) Scrub String Table 0.452ms
[3465.141s][debug][gc,age         ] GC(152) Desired survivor size 106954752 bytes, new threshold 15 (max threshold 15)
[3465.141s][info ][gc,heap        ] GC(152) PSYoungGen: 1950898K->69681K(1988096K)
[3465.141s][info ][gc,heap        ] GC(152) ParOldGen: 399150K->402550K(447488K)
[3465.141s][info ][gc,metaspace   ] GC(152) Metaspace: 74990K->74990K(1118208K)
[3465.141s][info ][gc             ] GC(152) Pause Young (Allocation Failure) 2294M->461M(2378M) 22.554ms
[3465.141s][info ][gc,cpu         ] GC(152) User=0.09s Sys=0.00s Real=0.03s
[3465.141s][info ][safepoint      ] Leaving safepoint region
[3465.141s][info ][safepoint      ] Total time for which application threads were stopped: 0.0227679 seconds, Stopping threads took: 0.0000185 seconds
[3476.142s][info ][safepoint      ] Application time: 11.0013816 seconds
[3476.142s][info ][safepoint      ] Entering safepoint region: Cleanup
[3476.143s][info ][safepoint      ] Leaving safepoint region
[3476.143s][info ][safepoint      ] Total time for which application threads were stopped: 0.0000932 seconds, Stopping threads took: 0.0000185 seconds
[3479.143s][info ][safepoint      ] Application time: 3.0001636 seconds
[3479.143s][info ][safepoint      ] Entering safepoint region: Cleanup
[3479.143s][info ][safepoint      ] Leaving safepoint region
[3479.143s][info ][safepoint      ] Total time for which application threads were stopped: 0.0001764 seconds, Stopping threads took: 0.0000758 seconds
[3480.143s][info ][safepoint      ] Application time: 1.0000980 seconds
[3480.143s][info ][safepoint      ] Entering safepoint region: Cleanup
[3480.143s][info ][safepoint      ] Leaving safepoint region
[3480.143s][info ][safepoint      ] Total time for which application threads were stopped: 0.0001004 seconds, Stopping threads took: 0.0000177 seconds
[3482.926s][info ][safepoint      ] Application time: 2.7826672 seconds
[3482.926s][info ][safepoint      ] Entering safepoint region: RevokeBias
[3482.926s][info ][safepoint      ] Leaving safepoint region
[3482.926s][info ][safepoint      ] Total time for which application threads were stopped: 0.0002027 seconds, Stopping threads took: 0.0000929 seconds
[3486.418s][info ][safepoint      ] Application time: 3.4914286 seconds
[3486.418s][info ][safepoint      ] Entering safepoint region: ParallelGCFailedAllocation
[3486.418s][info ][gc,start       ] GC(153) Pause Young (Allocation Failure)
[3486.441s][debug][gc,phases      ] GC(153) Scavenge 23.299ms
[3486.441s][debug][gc,ref         ] GC(153) Skipped phase1 of Reference Processing due to unavailable references
[3486.441s][debug][gc,ref         ] GC(153) Skipped phase3 of Reference Processing due to unavailable references
[3486.441s][debug][gc,phases      ] GC(153) Reference Processing 0.046ms
[3486.441s][debug][gc,phases      ] GC(153) Weak Processing 0.137ms
[3486.442s][debug][gc,phases      ] GC(153) Scrub String Table 0.471ms
[3486.442s][debug][gc,age         ] GC(153) Desired survivor size 106954752 bytes, new threshold 15 (max threshold 15)
[3486.442s][info ][gc,heap        ] GC(153) PSYoungGen: 1951281K->75420K(1992704K)
[3486.442s][info ][gc,heap        ] GC(153) ParOldGen: 402550K->404291K(447488K)
[3486.442s][info ][gc,metaspace   ] GC(153) Metaspace: 75008K->75008K(1118208K)
[3486.442s][info ][gc             ] GC(153) Pause Young (Allocation Failure) 2298M->468M(2383M) 24.129ms
[3486.442s][info ][gc,cpu         ] GC(153) User=0.09s Sys=0.00s Real=0.03s
[3486.442s][info ][safepoint      ] Leaving safepoint region
[3486.442s][info ][safepoint      ] Total time for which application threads were stopped: 0.0243109 seconds, Stopping threads took: 0.0000178 seconds
[3491.442s][info ][safepoint      ] Application time: 5.0004014 seconds
[3491.442s][info ][safepoint      ] Entering safepoint region: Cleanup
[3491.442s][info ][safepoint      ] Leaving safepoint region
[3491.442s][info ][safepoint      ] Total time for which application threads were stopped: 0.0001077 seconds, Stopping threads took: 0.0000186 seconds
[3494.443s][info ][safepoint      ] Application time: 3.0002965 seconds
[3494.443s][info ][safepoint      ] Entering safepoint region: Cleanup
[3494.443s][info ][safepoint      ] Leaving safepoint region
[3494.443s][info ][safepoint      ] Total time for which application threads were stopped: 0.0001103 seconds, Stopping threads took: 0.0000189 seconds
[3500.444s][info ][safepoint      ] Application time: 6.0007337 seconds
[3500.444s][info ][safepoint      ] Entering safepoint region: Cleanup
[3500.444s][info ][safepoint      ] Leaving safepoint region
[3500.444s][info ][safepoint      ] Total time for which application threads were stopped: 0.0000959 seconds, Stopping threads took: 0.0000201 seconds
[3501.877s][info ][safepoint      ] Application time: 1.4328364 seconds
[3501.877s][info ][safepoint      ] Entering safepoint region: RevokeBias
[3501.877s][info ][safepoint      ] Leaving safepoint region
[3501.877s][info ][safepoint      ] Total time for which application threads were stopped: 0.0001821 seconds, Stopping threads took: 0.0000800 seconds
[3509.878s][info ][safepoint      ] Application time: 8.0006599 seconds
[3509.878s][info ][safepoint      ] Entering safepoint region: Cleanup
[3509.878s][info ][safepoint      ] Leaving safepoint region
[3509.878s][info ][safepoint      ] Total time for which application threads were stopped: 0.0001510 seconds, Stopping threads took: 0.0000337 seconds
[3513.878s][info ][safepoint      ] Application time: 4.0003304 seconds
[3513.878s][info ][safepoint      ] Entering safepoint region: Cleanup
[3513.878s][info ][safepoint      ] Leaving safepoint region
[3513.878s][info ][safepoint      ] Total time for which application threads were stopped: 0.0000934 seconds, Stopping threads took: 0.0000189 seconds
[3514.263s][info ][safepoint      ] Application time: 0.3848542 seconds
[3514.263s][info ][safepoint      ] Entering safepoint region: ParallelGCFailedAllocation
[3514.263s][info ][gc,start       ] GC(154) Pause Young (Allocation Failure)
[3514.285s][debug][gc,phases      ] GC(154) Scavenge 21.929ms
[3514.285s][debug][gc,ref         ] GC(154) Skipped phase1 of Reference Processing due to unavailable references
[3514.285s][debug][gc,ref         ] GC(154) Skipped phase3 of Reference Processing due to unavailable references
[3514.285s][debug][gc,phases      ] GC(154) Reference Processing 0.044ms
[3514.286s][debug][gc,phases      ] GC(154) Weak Processing 0.243ms
[3514.286s][debug][gc,phases      ] GC(154) Scrub String Table 0.808ms
[3514.286s][debug][gc,age         ] GC(154) Desired survivor size 106954752 bytes, new threshold 15 (max threshold 15)
[3514.286s][info ][gc,heap        ] GC(154) PSYoungGen: 1963676K->76631K(1992704K)
[3514.286s][info ][gc,heap        ] GC(154) ParOldGen: 404291K->406059K(447488K)
[3514.286s][info ][gc,metaspace   ] GC(154) Metaspace: 75008K->75008K(1118208K)
[3514.287s][info ][gc             ] GC(154) Pause Young (Allocation Failure) 2312M->471M(2383M) 23.176ms
[3514.287s][info ][gc,cpu         ] GC(154) User=0.09s Sys=0.00s Real=0.02s
[3514.287s][info ][safepoint      ] Leaving safepoint region
[3514.287s][info ][safepoint      ] Total time for which application threads were stopped: 0.0234465 seconds, Stopping threads took: 0.0000983 seconds
[3515.287s][info ][safepoint      ] Application time: 1.0001203 seconds
[3515.287s][info ][safepoint      ] Entering safepoint region: Cleanup
[3515.287s][info ][safepoint      ] Leaving safepoint region
[3515.287s][info ][safepoint      ] Total time for which application threads were stopped: 0.0001353 seconds, Stopping threads took: 0.0000183 seconds
[3516.287s][info ][safepoint      ] Application time: 1.0000764 seconds
[3516.287s][info ][safepoint      ] Entering safepoint region: Cleanup
[3516.287s][info ][safepoint      ] Leaving safepoint region
[3516.287s][info ][safepoint      ] Total time for which application threads were stopped: 0.0001537 seconds, Stopping threads took: 0.0000644 seconds
[3517.287s][info ][safepoint      ] Application time: 1.0000842 seconds
[3517.287s][info ][safepoint      ] Entering safepoint region: Cleanup
[3517.287s][info ][safepoint      ] Leaving safepoint region
[3517.287s][info ][safepoint      ] Total time for which application threads were stopped: 0.0000962 seconds, Stopping threads took: 0.0000170 seconds
[3518.287s][info ][safepoint      ] Application time: 1.0001022 seconds
[3518.288s][info ][safepoint      ] Entering safepoint region: Cleanup
[3518.288s][info ][safepoint      ] Leaving safepoint region
[3518.288s][info ][safepoint      ] Total time for which application threads were stopped: 0.0000993 seconds, Stopping threads took: 0.0000172 seconds
[3519.288s][info ][safepoint      ] Application time: 1.0001343 seconds
[3519.288s][info ][safepoint      ] Entering safepoint region: Cleanup
[3519.288s][info ][safepoint      ] Leaving safepoint region
[3519.288s][info ][safepoint      ] Total time for which application threads were stopped: 0.0000936 seconds, Stopping threads took: 0.0000179 seconds
[3520.288s][info ][safepoint      ] Application time: 1.0000709 seconds
[3520.288s][info ][safepoint      ] Entering safepoint region: Cleanup
[3520.288s][info ][safepoint      ] Leaving safepoint region
[3520.288s][info ][safepoint      ] Total time for which application threads were stopped: 0.0000884 seconds, Stopping threads took: 0.0000178 seconds
[3527.289s][info ][safepoint      ] Application time: 7.0006208 seconds
[3527.289s][info ][safepoint      ] Entering safepoint region: Cleanup
[3527.289s][info ][safepoint      ] Leaving safepoint region
[3527.289s][info ][safepoint      ] Total time for which application threads were stopped: 0.0000951 seconds, Stopping threads took: 0.0000197 seconds
[3528.289s][info ][safepoint      ] Application time: 1.0000715 seconds
[3528.289s][info ][safepoint      ] Entering safepoint region: Cleanup
[3528.289s][info ][safepoint      ] Leaving safepoint region
[3528.289s][info ][safepoint      ] Total time for which application threads were stopped: 0.0000901 seconds, Stopping threads took: 0.0000185 seconds
[3531.289s][info ][safepoint      ] Application time: 3.0002677 seconds
[3531.289s][info ][safepoint      ] Entering safepoint region: Cleanup
[3531.289s][info ][safepoint      ] Leaving safepoint region
[3531.289s][info ][safepoint      ] Total time for which application threads were stopped: 0.0001368 seconds, Stopping threads took: 0.0000203 seconds
[3538.290s][info ][safepoint      ] Application time: 7.0006760 seconds
[3538.290s][info ][safepoint      ] Entering safepoint region: Cleanup
[3538.290s][info ][safepoint      ] Leaving safepoint region
[3538.290s][info ][safepoint      ] Total time for which application threads were stopped: 0.0000946 seconds, Stopping threads took: 0.0000182 seconds
[3541.384s][info ][safepoint      ] Application time: 3.0938826 seconds
[3541.384s][info ][safepoint      ] Entering safepoint region: RevokeBias
[3541.384s][info ][safepoint      ] Leaving safepoint region
[3541.384s][info ][safepoint      ] Total time for which application threads were stopped: 0.0001229 seconds, Stopping threads took: 0.0000158 seconds
[3541.385s][info ][safepoint      ] Application time: 0.0005458 seconds
[3541.385s][info ][safepoint      ] Entering safepoint region: RevokeBias
[3541.385s][info ][safepoint      ] Leaving safepoint region
[3541.385s][info ][safepoint      ] Total time for which application threads were stopped: 0.0000601 seconds, Stopping threads took: 0.0000106 seconds
[3541.407s][info ][safepoint      ] Application time: 0.0221183 seconds
[3541.407s][info ][safepoint      ] Entering safepoint region: ParallelGCFailedAllocation
[3541.407s][info ][gc,start       ] GC(155) Pause Young (Allocation Failure)
[3541.433s][debug][gc,phases      ] GC(155) Scavenge 25.713ms
[3541.433s][debug][gc,ref         ] GC(155) Skipped phase1 of Reference Processing due to unavailable references
[3541.433s][debug][gc,ref         ] GC(155) Skipped phase3 of Reference Processing due to unavailable references
[3541.433s][debug][gc,phases      ] GC(155) Reference Processing 0.056ms
[3541.433s][debug][gc,phases      ] GC(155) Weak Processing 0.149ms
[3541.434s][debug][gc,phases      ] GC(155) Scrub String Table 0.487ms
[3541.434s][debug][gc,age         ] GC(155) Desired survivor size 107479040 bytes, new threshold 15 (max threshold 15)
[3541.434s][info ][gc,heap        ] GC(155) PSYoungGen: 1964887K->78363K(1991680K)
[3541.434s][info ][gc,heap        ] GC(155) ParOldGen: 406059K->411072K(447488K)
[3541.434s][info ][gc,metaspace   ] GC(155) Metaspace: 75016K->75016K(1118208K)
[3541.434s][info ][gc             ] GC(155) Pause Young (Allocation Failure) 2315M->477M(2382M) 26.579ms
[3541.434s][info ][gc,cpu         ] GC(155) User=0.11s Sys=0.00s Real=0.03s
[3541.434s][info ][safepoint      ] Leaving safepoint region
[3541.434s][info ][safepoint      ] Total time for which application threads were stopped: 0.0268314 seconds, Stopping threads took: 0.0000571 seconds
[3542.434s][info ][safepoint      ] Application time: 1.0001434 seconds
[3542.434s][info ][safepoint      ] Entering safepoint region: Cleanup
[3542.434s][info ][safepoint      ] Leaving safepoint region
[3542.434s][info ][safepoint      ] Total time for which application threads were stopped: 0.0000941 seconds, Stopping threads took: 0.0000186 seconds
[3543.434s][info ][safepoint      ] Application time: 1.0000762 seconds
[3543.434s][info ][safepoint      ] Entering safepoint region: Cleanup
[3543.434s][info ][safepoint      ] Leaving safepoint region
[3543.434s][info ][safepoint      ] Total time for which application threads were stopped: 0.0000918 seconds, Stopping threads took: 0.0000170 seconds
[3559.437s][info ][safepoint      ] Application time: 16.0028280 seconds
[3559.437s][info ][safepoint      ] Entering safepoint region: Cleanup
[3559.437s][info ][safepoint      ] Leaving safepoint region
[3559.437s][info ][safepoint      ] Total time for which application threads were stopped: 0.0000881 seconds, Stopping threads took: 0.0000176 seconds
[3562.438s][info ][safepoint      ] Application time: 3.0002407 seconds
[3562.438s][info ][safepoint      ] Entering safepoint region: Cleanup
[3562.438s][info ][safepoint      ] Leaving safepoint region
[3562.438s][info ][safepoint      ] Total time for which application threads were stopped: 0.0000924 seconds, Stopping threads took: 0.0000193 seconds
[3566.454s][info ][safepoint      ] Application time: 4.0157454 seconds
[3566.454s][info ][safepoint      ] Entering safepoint region: ParallelGCFailedAllocation
[3566.454s][info ][gc,start       ] GC(156) Pause Young (Allocation Failure)
[3566.481s][debug][gc,phases      ] GC(156) Scavenge 27.566ms
[3566.481s][debug][gc,ref         ] GC(156) Skipped phase1 of Reference Processing due to unavailable references
[3566.481s][debug][gc,ref         ] GC(156) Skipped phase3 of Reference Processing due to unavailable references
[3566.481s][debug][gc,phases      ] GC(156) Reference Processing 0.039ms
[3566.482s][debug][gc,phases      ] GC(156) Weak Processing 0.134ms
[3566.482s][debug][gc,phases      ] GC(156) Scrub String Table 0.522ms
[3566.482s][debug][gc,age         ] GC(156) Desired survivor size 108003328 bytes, new threshold 15 (max threshold 15)
[3566.482s][info ][gc,heap        ] GC(156) PSYoungGen: 1965595K->80456K(1968128K)
[3566.482s][info ][gc,heap        ] GC(156) ParOldGen: 411072K->415849K(447488K)
[3566.482s][info ][gc,metaspace   ] GC(156) Metaspace: 75016K->75016K(1118208K)
[3566.482s][info ][gc             ] GC(156) Pause Young (Allocation Failure) 2320M->484M(2359M) 28.449ms
[3566.482s][info ][gc,cpu         ] GC(156) User=0.09s Sys=0.02s Real=0.03s
[3566.482s][info ][safepoint      ] Leaving safepoint region
[3566.482s][info ][safepoint      ] Total time for which application threads were stopped: 0.0286611 seconds, Stopping threads took: 0.0000195 seconds
[3567.482s][info ][safepoint      ] Application time: 1.0000863 seconds
[3567.482s][info ][safepoint      ] Entering safepoint region: Cleanup
[3567.483s][info ][safepoint      ] Leaving safepoint region
[3567.483s][info ][safepoint      ] Total time for which application threads were stopped: 0.0001550 seconds, Stopping threads took: 0.0000632 seconds
[3572.483s][info ][safepoint      ] Application time: 5.0005510 seconds
[3572.483s][info ][safepoint      ] Entering safepoint region: Cleanup
[3572.483s][info ][safepoint      ] Leaving safepoint region
[3572.483s][info ][safepoint      ] Total time for which application threads were stopped: 0.0001060 seconds, Stopping threads took: 0.0000220 seconds
[3585.484s][info ][safepoint      ] Application time: 13.0011816 seconds
[3585.485s][info ][safepoint      ] Entering safepoint region: Cleanup
[3585.485s][info ][safepoint      ] Leaving safepoint region
[3585.485s][info ][safepoint      ] Total time for which application threads were stopped: 0.0001186 seconds, Stopping threads took: 0.0000187 seconds
[3587.854s][info ][safepoint      ] Application time: 2.3693893 seconds
[3587.854s][info ][safepoint      ] Entering safepoint region: ParallelGCFailedAllocation
[3587.854s][info ][gc,start       ] GC(157) Pause Young (Allocation Failure)
[3587.881s][debug][gc,phases      ] GC(157) Scavenge 26.604ms
[3587.881s][debug][gc,ref         ] GC(157) Skipped phase1 of Reference Processing due to unavailable references
[3587.881s][debug][gc,ref         ] GC(157) Skipped phase3 of Reference Processing due to unavailable references
[3587.881s][debug][gc,phases      ] GC(157) Reference Processing 0.040ms
[3587.881s][debug][gc,phases      ] GC(157) Weak Processing 0.251ms
[3587.882s][debug][gc,phases      ] GC(157) Scrub String Table 0.790ms
[3587.882s][debug][gc,age         ] GC(157) Desired survivor size 109051904 bytes, new threshold 15 (max threshold 15)
[3587.882s][info ][gc,heap        ] GC(157) PSYoungGen: 1967688K->81148K(1989632K)
[3587.882s][info ][gc,heap        ] GC(157) ParOldGen: 415849K->420016K(447488K)
[3587.882s][info ][gc,metaspace   ] GC(157) Metaspace: 75016K->75016K(1118208K)
[3587.882s][info ][gc             ] GC(157) Pause Young (Allocation Failure) 2327M->489M(2380M) 27.861ms
[3587.882s][info ][gc,cpu         ] GC(157) User=0.10s Sys=0.01s Real=0.03s
[3587.882s][info ][safepoint      ] Leaving safepoint region
[3587.882s][info ][safepoint      ] Total time for which application threads were stopped: 0.0280430 seconds, Stopping threads took: 0.0000185 seconds
[3605.160s][info ][safepoint      ] Application time: 17.2776761 seconds
[3605.160s][info ][safepoint      ] Entering safepoint region: BulkRevokeBias
[3605.160s][info ][safepoint      ] Leaving safepoint region
[3605.160s][info ][safepoint      ] Total time for which application threads were stopped: 0.0003949 seconds, Stopping threads took: 0.0000581 seconds
[3608.161s][info ][safepoint      ] Application time: 3.0004066 seconds
[3608.161s][info ][safepoint      ] Entering safepoint region: Cleanup
[3608.161s][info ][safepoint      ] Leaving safepoint region
[3608.161s][info ][safepoint      ] Total time for which application threads were stopped: 0.0001463 seconds, Stopping threads took: 0.0000450 seconds
[3613.161s][info ][safepoint      ] Application time: 5.0005805 seconds
[3613.162s][info ][safepoint      ] Entering safepoint region: Cleanup
[3613.162s][info ][safepoint      ] Leaving safepoint region
[3613.162s][info ][safepoint      ] Total time for which application threads were stopped: 0.0002948 seconds, Stopping threads took: 0.0001153 seconds
[3613.306s][info ][safepoint      ] Application time: 0.1440233 seconds
[3613.306s][info ][safepoint      ] Entering safepoint region: ParallelGCFailedAllocation
[3613.306s][info ][gc,start       ] GC(158) Pause Young (Allocation Failure)
[3613.334s][debug][gc,phases      ] GC(158) Scavenge 28.332ms
[3613.334s][debug][gc,ref         ] GC(158) Skipped phase1 of Reference Processing due to unavailable references
[3613.334s][debug][gc,ref         ] GC(158) Skipped phase2 of Reference Processing due to unavailable references
[3613.334s][debug][gc,ref         ] GC(158) Skipped phase3 of Reference Processing due to unavailable references
[3613.334s][debug][gc,phases      ] GC(158) Reference Processing 0.056ms
[3613.335s][debug][gc,phases      ] GC(158) Weak Processing 0.141ms
[3613.335s][debug][gc,phases      ] GC(158) Scrub String Table 0.502ms
[3613.335s][debug][gc,age         ] GC(158) Desired survivor size 114819072 bytes, new threshold 15 (max threshold 15)
[3613.335s][info ][gc,heap        ] GC(158) PSYoungGen: 1965308K->95591K(1979904K)
[3613.335s][info ][gc,heap        ] GC(158) ParOldGen: 420016K->422146K(447488K)
[3613.335s][info ][gc,metaspace   ] GC(158) Metaspace: 75022K->75022K(1118208K)
[3613.335s][info ][gc             ] GC(158) Pause Young (Allocation Failure) 2329M->505M(2370M) 29.202ms
[3613.335s][info ][gc,cpu         ] GC(158) User=0.11s Sys=0.00s Real=0.03s
[3613.335s][info ][safepoint      ] Leaving safepoint region
[3613.335s][info ][safepoint      ] Total time for which application threads were stopped: 0.0294267 seconds, Stopping threads took: 0.0000564 seconds
[3630.337s][info ][safepoint      ] Application time: 17.0018275 seconds
[3630.337s][info ][safepoint      ] Entering safepoint region: Cleanup
[3630.337s][info ][safepoint      ] Leaving safepoint region
[3630.337s][info ][safepoint      ] Total time for which application threads were stopped: 0.0000883 seconds, Stopping threads took: 0.0000170 seconds
[3641.056s][info ][safepoint      ] Application time: 10.7185503 seconds
[3641.056s][info ][safepoint      ] Entering safepoint region: ParallelGCFailedAllocation
[3641.056s][info ][gc,start       ] GC(159) Pause Young (Allocation Failure)
[3641.081s][debug][gc,phases      ] GC(159) Scavenge 24.693ms
[3641.081s][debug][gc,ref         ] GC(159) Skipped phase1 of Reference Processing due to unavailable references
[3641.081s][debug][gc,ref         ] GC(159) Skipped phase2 of Reference Processing due to unavailable references
[3641.081s][debug][gc,ref         ] GC(159) Skipped phase3 of Reference Processing due to unavailable references
[3641.081s][debug][gc,phases      ] GC(159) Reference Processing 0.041ms
[3641.081s][debug][gc,phases      ] GC(159) Weak Processing 0.270ms
[3641.082s][debug][gc,phases      ] GC(159) Scrub String Table 0.922ms
[3641.082s][debug][gc,age         ] GC(159) Desired survivor size 111673344 bytes, new threshold 15 (max threshold 15)
[3641.082s][info ][gc,heap        ] GC(159) PSYoungGen: 1979751K->75422K(1988096K)
[3641.082s][info ][gc,heap        ] GC(159) ParOldGen: 422146K->428117K(447488K)
[3641.082s][info ][gc,metaspace   ] GC(159) Metaspace: 75022K->75022K(1118208K)
[3641.082s][info ][gc             ] GC(159) Pause Young (Allocation Failure) 2345M->491M(2378M) 26.165ms
[3641.082s][info ][gc,cpu         ] GC(159) User=0.09s Sys=0.01s Real=0.03s
[3641.082s][info ][safepoint      ] Leaving safepoint region
[3641.082s][info ][safepoint      ] Total time for which application threads were stopped: 0.0264108 seconds, Stopping threads took: 0.0000426 seconds
[3669.431s][info ][safepoint      ] Application time: 28.3486160 seconds
[3669.431s][info ][safepoint      ] Entering safepoint region: ParallelGCFailedAllocation
[3669.431s][info ][gc,start       ] GC(160) Pause Young (Allocation Failure)
[3669.453s][debug][gc,phases      ] GC(160) Scavenge 21.759ms
[3669.453s][debug][gc,ref         ] GC(160) Skipped phase1 of Reference Processing due to unavailable references
[3669.453s][debug][gc,ref         ] GC(160) Skipped phase2 of Reference Processing due to unavailable references
[3669.453s][debug][gc,ref         ] GC(160) Skipped phase3 of Reference Processing due to unavailable references
[3669.453s][debug][gc,phases      ] GC(160) Reference Processing 0.042ms
[3669.453s][debug][gc,phases      ] GC(160) Weak Processing 0.138ms
[3669.454s][debug][gc,phases      ] GC(160) Scrub String Table 0.530ms
[3669.454s][debug][gc,age         ] GC(160) Desired survivor size 109051904 bytes, new threshold 15 (max threshold 15)
[3669.454s][info ][gc,heap        ] GC(160) PSYoungGen: 1951390K->76170K(1985024K)
[3669.454s][info ][gc,heap        ] GC(160) ParOldGen: 428117K->428790K(447488K)
[3669.454s][info ][gc,metaspace   ] GC(160) Metaspace: 75024K->75024K(1118208K)
[3669.454s][info ][gc             ] GC(160) Pause Young (Allocation Failure) 2323M->493M(2375M) 22.662ms
[3669.454s][info ][gc,cpu         ] GC(160) User=0.09s Sys=0.00s Real=0.03s
[3669.454s][info ][safepoint      ] Leaving safepoint region
[3669.454s][info ][safepoint      ] Total time for which application threads were stopped: 0.0228880 seconds, Stopping threads took: 0.0000290 seconds
[3670.454s][info ][safepoint      ] Application time: 1.0001079 seconds
[3670.454s][info ][safepoint      ] Entering safepoint region: Cleanup
[3670.454s][info ][safepoint      ] Leaving safepoint region
[3670.454s][info ][safepoint      ] Total time for which application threads were stopped: 0.0001255 seconds, Stopping threads took: 0.0000459 seconds
[3683.144s][info ][safepoint      ] Application time: 12.6898414 seconds
[3683.144s][info ][safepoint      ] Entering safepoint region: RevokeBias
[3683.144s][info ][safepoint      ] Leaving safepoint region
[3683.144s][info ][safepoint      ] Total time for which application threads were stopped: 0.0001294 seconds, Stopping threads took: 0.0000321 seconds
[3683.151s][info ][safepoint      ] Application time: 0.0067943 seconds
[3683.151s][info ][safepoint      ] Entering safepoint region: RevokeBias
[3683.151s][info ][safepoint      ] Leaving safepoint region
[3683.151s][info ][safepoint      ] Total time for which application threads were stopped: 0.0000687 seconds, Stopping threads took: 0.0000108 seconds
[3684.151s][info ][safepoint      ] Application time: 1.0000911 seconds
[3684.151s][info ][safepoint      ] Entering safepoint region: Cleanup
[3684.151s][info ][safepoint      ] Leaving safepoint region
[3684.151s][info ][safepoint      ] Total time for which application threads were stopped: 0.0000983 seconds, Stopping threads took: 0.0000205 seconds
[3690.153s][info ][safepoint      ] Application time: 6.0017551 seconds
[3690.153s][info ][safepoint      ] Entering safepoint region: Cleanup
[3690.153s][info ][safepoint      ] Leaving safepoint region
[3690.153s][info ][safepoint      ] Total time for which application threads were stopped: 0.0001493 seconds, Stopping threads took: 0.0000461 seconds
[3691.416s][info ][safepoint      ] Application time: 1.2632762 seconds
[3691.416s][info ][safepoint      ] Entering safepoint region: ParallelGCFailedAllocation
[3691.417s][info ][gc,start       ] GC(161) Pause Young (Allocation Failure)
[3691.440s][debug][gc,phases      ] GC(161) Scavenge 23.065ms
[3691.440s][debug][gc,ref         ] GC(161) Skipped phase1 of Reference Processing due to unavailable references
[3691.440s][debug][gc,ref         ] GC(161) Skipped phase2 of Reference Processing due to unavailable references
[3691.440s][debug][gc,ref         ] GC(161) Skipped phase3 of Reference Processing due to unavailable references
[3691.440s][debug][gc,phases      ] GC(161) Reference Processing 0.043ms
[3691.440s][debug][gc,phases      ] GC(161) Weak Processing 0.277ms
[3691.441s][debug][gc,phases      ] GC(161) Scrub String Table 0.841ms
[3691.441s][debug][gc,age         ] GC(161) Desired survivor size 106430464 bytes, new threshold 15 (max threshold 15)
[3691.441s][info ][gc,heap        ] GC(161) PSYoungGen: 1952138K->75958K(1993216K)
[3691.441s][info ][gc,heap        ] GC(161) ParOldGen: 428790K->431820K(447488K)
[3691.441s][info ][gc,metaspace   ] GC(161) Metaspace: 75025K->75025K(1118208K)
[3691.441s][info ][gc             ] GC(161) Pause Young (Allocation Failure) 2325M->495M(2383M) 24.401ms
[3691.441s][info ][gc,cpu         ] GC(161) User=0.09s Sys=0.01s Real=0.03s
[3691.441s][info ][safepoint      ] Leaving safepoint region
[3691.441s][info ][safepoint      ] Total time for which application threads were stopped: 0.0246771 seconds, Stopping threads took: 0.0000181 seconds
[3699.442s][info ][safepoint      ] Application time: 8.0007474 seconds
[3699.442s][info ][safepoint      ] Entering safepoint region: Cleanup
[3699.442s][info ][safepoint      ] Leaving safepoint region
[3699.442s][info ][safepoint      ] Total time for which application threads were stopped: 0.0001133 seconds, Stopping threads took: 0.0000348 seconds
[3700.442s][info ][safepoint      ] Application time: 1.0000794 seconds
[3700.442s][info ][safepoint      ] Entering safepoint region: Cleanup
[3700.442s][info ][safepoint      ] Leaving safepoint region
[3700.442s][info ][safepoint      ] Total time for which application threads were stopped: 0.0000921 seconds, Stopping threads took: 0.0000168 seconds
[3704.443s][info ][safepoint      ] Application time: 4.0004128 seconds
[3704.443s][info ][safepoint      ] Entering safepoint region: Cleanup
[3704.443s][info ][safepoint      ] Leaving safepoint region
[3704.443s][info ][safepoint      ] Total time for which application threads were stopped: 0.0000925 seconds, Stopping threads took: 0.0000185 seconds
[3711.443s][info ][safepoint      ] Application time: 7.0006913 seconds
[3711.444s][info ][safepoint      ] Entering safepoint region: Cleanup
[3711.444s][info ][safepoint      ] Leaving safepoint region
[3711.444s][info ][safepoint      ] Total time for which application threads were stopped: 0.0001320 seconds, Stopping threads took: 0.0000544 seconds
[3718.444s][info ][safepoint      ] Application time: 7.0007615 seconds
[3718.444s][info ][safepoint      ] Entering safepoint region: Cleanup
[3718.444s][info ][safepoint      ] Leaving safepoint region
[3718.445s][info ][safepoint      ] Total time for which application threads were stopped: 0.0000952 seconds, Stopping threads took: 0.0000195 seconds
[3718.913s][info ][safepoint      ] Application time: 0.4689753 seconds
[3718.914s][info ][safepoint      ] Entering safepoint region: ParallelGCFailedAllocation
[3718.914s][info ][gc,start       ] GC(162) Pause Young (Allocation Failure)
[3718.936s][debug][gc,phases      ] GC(162) Scavenge 22.340ms
[3718.936s][debug][gc,ref         ] GC(162) Skipped phase1 of Reference Processing due to unavailable references
[3718.936s][debug][gc,ref         ] GC(162) Skipped phase2 of Reference Processing due to unavailable references
[3718.936s][debug][gc,ref         ] GC(162) Skipped phase3 of Reference Processing due to unavailable references
[3718.936s][debug][gc,phases      ] GC(162) Reference Processing 0.042ms
[3718.936s][debug][gc,phases      ] GC(162) Weak Processing 0.138ms
[3718.937s][debug][gc,phases      ] GC(162) Scrub String Table 0.567ms
[3718.937s][debug][gc,age         ] GC(162) Desired survivor size 104857600 bytes, new threshold 15 (max threshold 15)
[3718.937s][info ][gc,heap        ] GC(162) PSYoungGen: 1962678K->76842K(1990656K)
[3718.937s][info ][gc,heap        ] GC(162) ParOldGen: 431820K->432168K(447488K)
[3718.937s][info ][gc,metaspace   ] GC(162) Metaspace: 75026K->75026K(1118208K)
[3718.937s][info ][gc             ] GC(162) Pause Young (Allocation Failure) 2338M->497M(2381M) 23.255ms
[3718.937s][info ][gc,cpu         ] GC(162) User=0.09s Sys=0.00s Real=0.02s
[3718.937s][info ][safepoint      ] Leaving safepoint region
[3718.937s][info ][safepoint      ] Total time for which application threads were stopped: 0.0234418 seconds, Stopping threads took: 0.0000180 seconds
[3719.937s][info ][safepoint      ] Application time: 1.0001389 seconds
[3719.937s][info ][safepoint      ] Entering safepoint region: Cleanup
[3719.937s][info ][safepoint      ] Leaving safepoint region
[3719.937s][info ][safepoint      ] Total time for which application threads were stopped: 0.0001092 seconds, Stopping threads took: 0.0000352 seconds
[3724.938s][info ][safepoint      ] Application time: 5.0006529 seconds
[3724.938s][info ][safepoint      ] Entering safepoint region: Cleanup
[3724.938s][info ][safepoint      ] Leaving safepoint region
[3724.938s][info ][safepoint      ] Total time for which application threads were stopped: 0.0000925 seconds, Stopping threads took: 0.0000181 seconds
[3747.940s][info ][safepoint      ] Application time: 23.0023221 seconds
[3747.940s][info ][safepoint      ] Entering safepoint region: Cleanup
[3747.941s][info ][safepoint      ] Leaving safepoint region
[3747.941s][info ][safepoint      ] Total time for which application threads were stopped: 0.0001018 seconds, Stopping threads took: 0.0000334 seconds
[3749.807s][info ][safepoint      ] Application time: 1.8664843 seconds
[3749.807s][info ][safepoint      ] Entering safepoint region: ParallelGCFailedAllocation
[3749.807s][info ][gc,start       ] GC(163) Pause Young (Allocation Failure)
[3749.831s][debug][gc,phases      ] GC(163) Scavenge 23.314ms
[3749.831s][debug][gc,ref         ] GC(163) Skipped phase1 of Reference Processing due to unavailable references
[3749.831s][debug][gc,ref         ] GC(163) Skipped phase2 of Reference Processing due to unavailable references
[3749.831s][debug][gc,ref         ] GC(163) Skipped phase3 of Reference Processing due to unavailable references
[3749.831s][debug][gc,phases      ] GC(163) Reference Processing 0.041ms
[3749.831s][debug][gc,phases      ] GC(163) Weak Processing 0.241ms
[3749.832s][debug][gc,phases      ] GC(163) Scrub String Table 0.785ms
[3749.832s][debug][gc,age         ] GC(163) Desired survivor size 102236160 bytes, new threshold 15 (max threshold 15)
[3749.832s][info ][gc,heap        ] GC(163) PSYoungGen: 1963562K->71978K(1997312K)
[3749.832s][info ][gc,heap        ] GC(163) ParOldGen: 432168K->437137K(447488K)
[3749.832s][info ][gc,metaspace   ] GC(163) Metaspace: 75029K->75029K(1118208K)
[3749.832s][info ][gc             ] GC(163) Pause Young (Allocation Failure) 2339M->497M(2387M) 24.545ms
[3749.832s][info ][gc,cpu         ] GC(163) User=0.10s Sys=0.00s Real=0.02s
[3749.832s][info ][safepoint      ] Leaving safepoint region
[3749.832s][info ][safepoint      ] Total time for which application threads were stopped: 0.0247342 seconds, Stopping threads took: 0.0000184 seconds
[3750.832s][info ][safepoint      ] Application time: 1.0001553 seconds
[3750.832s][info ][safepoint      ] Entering safepoint region: Cleanup
[3750.832s][info ][safepoint      ] Leaving safepoint region
[3750.832s][info ][safepoint      ] Total time for which application threads were stopped: 0.0000902 seconds, Stopping threads took: 0.0000193 seconds
[3763.835s][info ][safepoint      ] Application time: 13.0026116 seconds
[3763.835s][info ][safepoint      ] Entering safepoint region: Cleanup
[3763.835s][info ][safepoint      ] Leaving safepoint region
[3763.835s][info ][safepoint      ] Total time for which application threads were stopped: 0.0001131 seconds, Stopping threads took: 0.0000399 seconds
[3764.835s][info ][safepoint      ] Application time: 1.0001347 seconds
[3764.835s][info ][safepoint      ] Entering safepoint region: Cleanup
[3764.835s][info ][safepoint      ] Leaving safepoint region
[3764.835s][info ][safepoint      ] Total time for which application threads were stopped: 0.0000927 seconds, Stopping threads took: 0.0000185 seconds
[3770.869s][info ][safepoint      ] Application time: 6.0340117 seconds
[3770.869s][info ][safepoint      ] Entering safepoint region: RevokeBias
[3770.869s][info ][safepoint      ] Leaving safepoint region
[3770.869s][info ][safepoint      ] Total time for which application threads were stopped: 0.0000812 seconds, Stopping threads took: 0.0000174 seconds
[3781.610s][info ][safepoint      ] Application time: 10.7407035 seconds
[3781.610s][info ][safepoint      ] Entering safepoint region: ParallelGCFailedAllocation
[3781.610s][info ][gc,start       ] GC(164) Pause Young (Allocation Failure)
[3781.631s][debug][gc,phases      ] GC(164) Scavenge 21.186ms
[3781.631s][debug][gc,ref         ] GC(164) Skipped phase1 of Reference Processing due to unavailable references
[3781.631s][debug][gc,ref         ] GC(164) Skipped phase2 of Reference Processing due to unavailable references
[3781.631s][debug][gc,ref         ] GC(164) Skipped phase3 of Reference Processing due to unavailable references
[3781.631s][debug][gc,phases      ] GC(164) Reference Processing 0.040ms
[3781.632s][debug][gc,phases      ] GC(164) Weak Processing 0.277ms
[3781.633s][debug][gc,phases      ] GC(164) Scrub String Table 1.010ms
[3781.633s][debug][gc,age         ] GC(164) Desired survivor size 100139008 bytes, new threshold 15 (max threshold 15)
[3781.633s][info ][gc,heap        ] GC(164) PSYoungGen: 1966890K->69330K(1994752K)
[3781.633s][info ][gc,heap        ] GC(164) ParOldGen: 437137K->439838K(447488K)
[3781.633s][info ][gc,metaspace   ] GC(164) Metaspace: 75029K->75029K(1118208K)
[3781.633s][info ][gc             ] GC(164) Pause Young (Allocation Failure) 2347M->497M(2385M) 22.709ms
[3781.633s][info ][gc,cpu         ] GC(164) User=0.09s Sys=0.00s Real=0.03s
[3781.633s][debug][gc,phases      ] GC(165) Pre Compact 0.013ms
[3781.633s][info ][gc,start       ] GC(165) Pause Full (Ergonomics)
[3781.633s][info ][gc,phases,start] GC(165) Marking Phase
[3781.864s][debug][gc,phases      ] GC(165) Par Mark 230.280ms
[3781.865s][debug][gc,ref         ] GC(165) Skipped phase3 of Reference Processing due to unavailable references
[3781.865s][debug][gc,phases      ] GC(165) Reference Processing 1.032ms
[3781.865s][debug][gc,phases      ] GC(165) Weak Processing 0.164ms
[3781.866s][debug][gc,phases      ] GC(165) ClassLoaderData 1.303ms
[3781.866s][debug][gc,phases      ] GC(165) Dictionary 0.023ms
[3781.866s][debug][gc,phases      ] GC(165) ProtectionDomainCacheTable 0.002ms
[3781.867s][debug][gc,phases      ] GC(165) ResolvedMethodTable 0.244ms
[3781.909s][debug][gc,phases      ] GC(165) Class Unloading 43.934ms
[3781.910s][debug][gc,phases      ] GC(165) Scrub String Table 0.581ms
[3781.917s][debug][gc,phases      ] GC(165) Scrub Symbol Table 7.555ms
[3781.917s][info ][gc,phases      ] GC(165) Marking Phase 284.283ms
[3781.917s][info ][gc,phases,start] GC(165) Summary Phase
[3781.917s][info ][gc,phases      ] GC(165) Summary Phase 0.026ms
[3781.917s][info ][gc,phases,start] GC(165) Adjust Roots
[3781.937s][info ][gc,phases      ] GC(165) Adjust Roots 20.143ms
[3781.937s][info ][gc,phases,start] GC(165) Compaction Phase
[3782.025s][info ][gc,phases      ] GC(165) Compaction Phase 87.158ms
[3782.025s][info ][gc,phases,start] GC(165) Post Compact
[3782.028s][info ][gc,phases      ] GC(165) Post Compact 3.417ms
[3782.028s][info ][gc,heap        ] GC(165) PSYoungGen: 69330K->0K(1999360K)
[3782.028s][info ][gc,heap        ] GC(165) ParOldGen: 439838K->350119K(477696K)
[3782.028s][info ][gc,metaspace   ] GC(165) Metaspace: 75029K->74803K(1118208K)
[3782.028s][info ][gc             ] GC(165) Pause Full (Ergonomics) 497M->341M(2419M) 395.362ms
[3782.028s][info ][gc,cpu         ] GC(165) User=1.34s Sys=0.00s Real=0.39s
[3782.028s][info ][safepoint      ] Leaving safepoint region
[3782.028s][info ][safepoint      ] Total time for which application threads were stopped: 0.4183161 seconds, Stopping threads took: 0.0000179 seconds
[3782.035s][info ][safepoint      ] Application time: 0.0062819 seconds
[3782.035s][info ][safepoint      ] Entering safepoint region: ICBufferFull
[3782.035s][info ][safepoint      ] Leaving safepoint region
[3782.035s][info ][safepoint      ] Total time for which application threads were stopped: 0.0002255 seconds, Stopping threads took: 0.0000134 seconds
[3782.124s][info ][safepoint      ] Application time: 0.0892021 seconds
[3782.124s][info ][safepoint      ] Entering safepoint region: ICBufferFull
[3782.124s][info ][safepoint      ] Leaving safepoint region
[3782.124s][info ][safepoint      ] Total time for which application threads were stopped: 0.0003063 seconds, Stopping threads took: 0.0000141 seconds
[3783.125s][info ][safepoint      ] Application time: 1.0001272 seconds
[3783.125s][info ][safepoint      ] Entering safepoint region: Cleanup
[3783.125s][info ][safepoint      ] Leaving safepoint region
[3783.125s][info ][safepoint      ] Total time for which application threads were stopped: 0.0001953 seconds, Stopping threads took: 0.0000155 seconds
[3784.125s][info ][safepoint      ] Application time: 1.0000705 seconds
[3784.125s][info ][safepoint      ] Entering safepoint region: Cleanup
[3784.125s][info ][safepoint      ] Leaving safepoint region
[3784.125s][info ][safepoint      ] Total time for which application threads were stopped: 0.0001430 seconds, Stopping threads took: 0.0000243 seconds
[3785.125s][info ][safepoint      ] Application time: 1.0001042 seconds
[3785.125s][info ][safepoint      ] Entering safepoint region: Cleanup
[3785.125s][info ][safepoint      ] Leaving safepoint region
[3785.125s][info ][safepoint      ] Total time for which application threads were stopped: 0.0001276 seconds, Stopping threads took: 0.0000396 seconds
[3786.125s][info ][safepoint      ] Application time: 1.0000914 seconds
[3786.126s][info ][safepoint      ] Entering safepoint region: Cleanup
[3786.126s][info ][safepoint      ] Leaving safepoint region
[3786.126s][info ][safepoint      ] Total time for which application threads were stopped: 0.0001946 seconds, Stopping threads took: 0.0001140 seconds
[3787.126s][info ][safepoint      ] Application time: 1.0001401 seconds
[3787.126s][info ][safepoint      ] Entering safepoint region: Cleanup
[3787.126s][info ][safepoint      ] Leaving safepoint region
[3787.126s][info ][safepoint      ] Total time for which application threads were stopped: 0.0001020 seconds, Stopping threads took: 0.0000271 seconds
[3788.126s][info ][safepoint      ] Application time: 1.0001094 seconds
[3788.126s][info ][safepoint      ] Entering safepoint region: Cleanup
[3788.126s][info ][safepoint      ] Leaving safepoint region
[3788.126s][info ][safepoint      ] Total time for which application threads were stopped: 0.0000993 seconds, Stopping threads took: 0.0000146 seconds
[3789.126s][info ][safepoint      ] Application time: 1.0000558 seconds
[3789.126s][info ][safepoint      ] Entering safepoint region: Cleanup
[3789.126s][info ][safepoint      ] Leaving safepoint region
[3789.126s][info ][safepoint      ] Total time for which application threads were stopped: 0.0000821 seconds, Stopping threads took: 0.0000168 seconds
[3790.127s][info ][safepoint      ] Application time: 1.0001311 seconds
[3790.127s][info ][safepoint      ] Entering safepoint region: Cleanup
[3790.127s][info ][safepoint      ] Leaving safepoint region
[3790.127s][info ][safepoint      ] Total time for which application threads were stopped: 0.0000821 seconds, Stopping threads took: 0.0000156 seconds
[3791.127s][info ][safepoint      ] Application time: 1.0001187 seconds
[3791.127s][info ][safepoint      ] Entering safepoint region: Cleanup
[3791.127s][info ][safepoint      ] Leaving safepoint region
[3791.127s][info ][safepoint      ] Total time for which application threads were stopped: 0.0001408 seconds, Stopping threads took: 0.0000169 seconds
[3792.127s][info ][safepoint      ] Application time: 1.0000961 seconds
[3792.127s][info ][safepoint      ] Entering safepoint region: Cleanup
[3792.127s][info ][safepoint      ] Leaving safepoint region
[3792.127s][info ][safepoint      ] Total time for which application threads were stopped: 0.0000969 seconds, Stopping threads took: 0.0000187 seconds
[3793.127s][info ][safepoint      ] Application time: 1.0000724 seconds
[3793.127s][info ][safepoint      ] Entering safepoint region: Cleanup
[3793.127s][info ][safepoint      ] Leaving safepoint region
[3793.127s][info ][safepoint      ] Total time for which application threads were stopped: 0.0000910 seconds, Stopping threads took: 0.0000169 seconds
[3797.128s][info ][safepoint      ] Application time: 4.0004373 seconds
[3797.128s][info ][safepoint      ] Entering safepoint region: Cleanup
[3797.128s][info ][safepoint      ] Leaving safepoint region
[3797.128s][info ][safepoint      ] Total time for which application threads were stopped: 0.0001209 seconds, Stopping threads took: 0.0000154 seconds
[3798.128s][info ][safepoint      ] Application time: 1.0001209 seconds
[3798.128s][info ][safepoint      ] Entering safepoint region: Cleanup
[3798.128s][info ][safepoint      ] Leaving safepoint region
[3798.128s][info ][safepoint      ] Total time for which application threads were stopped: 0.0000772 seconds, Stopping threads took: 0.0000164 seconds
[3799.128s][info ][safepoint      ] Application time: 1.0000986 seconds
[3799.128s][info ][safepoint      ] Entering safepoint region: Cleanup
[3799.128s][info ][safepoint      ] Leaving safepoint region
[3799.128s][info ][safepoint      ] Total time for which application threads were stopped: 0.0000972 seconds, Stopping threads took: 0.0000323 seconds
[3801.129s][info ][safepoint      ] Application time: 2.0001591 seconds
[3801.129s][info ][safepoint      ] Entering safepoint region: Cleanup
[3801.129s][info ][safepoint      ] Leaving safepoint region
[3801.129s][info ][safepoint      ] Total time for which application threads were stopped: 0.0000932 seconds, Stopping threads took: 0.0000162 seconds
[3802.129s][info ][safepoint      ] Application time: 1.0000998 seconds
[3802.129s][info ][safepoint      ] Entering safepoint region: Cleanup
[3802.129s][info ][safepoint      ] Leaving safepoint region
[3802.129s][info ][safepoint      ] Total time for which application threads were stopped: 0.0000870 seconds, Stopping threads took: 0.0000147 seconds
[3803.129s][info ][safepoint      ] Application time: 1.0000526 seconds
[3803.129s][info ][safepoint      ] Entering safepoint region: Cleanup
[3803.129s][info ][safepoint      ] Leaving safepoint region
[3803.129s][info ][safepoint      ] Total time for which application threads were stopped: 0.0002777 seconds, Stopping threads took: 0.0000223 seconds
[3809.130s][info ][safepoint      ] Application time: 6.0006294 seconds
[3809.130s][info ][safepoint      ] Entering safepoint region: Cleanup
[3809.130s][info ][safepoint      ] Leaving safepoint region
[3809.130s][info ][safepoint      ] Total time for which application threads were stopped: 0.0001869 seconds, Stopping threads took: 0.0000145 seconds
[3810.130s][info ][safepoint      ] Application time: 1.0001245 seconds
[3810.130s][info ][safepoint      ] Entering safepoint region: Cleanup
[3810.131s][info ][safepoint      ] Leaving safepoint region
[3810.131s][info ][safepoint      ] Total time for which application threads were stopped: 0.0001100 seconds, Stopping threads took: 0.0000147 seconds
[3811.131s][info ][safepoint      ] Application time: 1.0000987 seconds
[3811.131s][info ][safepoint      ] Entering safepoint region: Cleanup
[3811.131s][info ][safepoint      ] Leaving safepoint region
[3811.131s][info ][safepoint      ] Total time for which application threads were stopped: 0.0001318 seconds, Stopping threads took: 0.0000322 seconds
[3811.656s][info ][safepoint      ] Application time: 0.5250344 seconds
[3811.656s][info ][safepoint      ] Entering safepoint region: ParallelGCFailedAllocation
[3811.656s][info ][gc,start       ] GC(166) Pause Young (Allocation Failure)
[3811.660s][debug][gc,phases      ] GC(166) Scavenge 4.056ms
[3811.660s][debug][gc,ref         ] GC(166) Skipped phase1 of Reference Processing due to unavailable references
[3811.660s][debug][gc,ref         ] GC(166) Skipped phase2 of Reference Processing due to unavailable references
[3811.660s][debug][gc,ref         ] GC(166) Skipped phase3 of Reference Processing due to unavailable references
[3811.660s][debug][gc,phases      ] GC(166) Reference Processing 0.036ms
[3811.661s][debug][gc,phases      ] GC(166) Weak Processing 0.258ms
[3811.662s][debug][gc,phases      ] GC(166) Scrub String Table 0.986ms
[3811.662s][debug][gc,age         ] GC(166) Desired survivor size 109576192 bytes, new threshold 15 (max threshold 15)
[3811.662s][info ][gc,heap        ] GC(166) PSYoungGen: 1901568K->5264K(1907200K)
[3811.662s][info ][gc,heap        ] GC(166) ParOldGen: 350119K->350119K(477696K)
[3811.662s][info ][gc,metaspace   ] GC(166) Metaspace: 74804K->74804K(1118208K)
[3811.662s][info ][gc             ] GC(166) Pause Young (Allocation Failure) 2198M->347M(2329M) 5.513ms
[3811.662s][info ][gc,cpu         ] GC(166) User=0.01s Sys=0.00s Real=0.01s
[3811.662s][info ][safepoint      ] Leaving safepoint region
[3811.662s][info ][safepoint      ] Total time for which application threads were stopped: 0.0057003 seconds, Stopping threads took: 0.0000182 seconds
[3812.662s][info ][safepoint      ] Application time: 1.0001238 seconds
[3812.662s][info ][safepoint      ] Entering safepoint region: Cleanup
[3812.662s][info ][safepoint      ] Leaving safepoint region
[3812.662s][info ][safepoint      ] Total time for which application threads were stopped: 0.0001689 seconds, Stopping threads took: 0.0000771 seconds
[3816.662s][info ][safepoint      ] Application time: 4.0004166 seconds
[3816.662s][info ][safepoint      ] Entering safepoint region: Cleanup
[3816.663s][info ][safepoint      ] Leaving safepoint region
[3816.663s][info ][safepoint      ] Total time for which application threads were stopped: 0.0001525 seconds, Stopping threads took: 0.0000706 seconds
[3818.663s][info ][safepoint      ] Application time: 2.0002725 seconds
[3818.663s][info ][safepoint      ] Entering safepoint region: Cleanup
[3818.663s][info ][safepoint      ] Leaving safepoint region
[3818.663s][info ][safepoint      ] Total time for which application threads were stopped: 0.0001244 seconds, Stopping threads took: 0.0000392 seconds
[3819.663s][info ][safepoint      ] Application time: 1.0001245 seconds
[3819.663s][info ][safepoint      ] Entering safepoint region: Cleanup
[3819.663s][info ][safepoint      ] Leaving safepoint region
[3819.663s][info ][safepoint      ] Total time for which application threads were stopped: 0.0001739 seconds, Stopping threads took: 0.0000935 seconds
[3820.663s][info ][safepoint      ] Application time: 1.0001044 seconds
[3820.663s][info ][safepoint      ] Entering safepoint region: Cleanup
[3820.664s][info ][safepoint      ] Leaving safepoint region
[3820.664s][info ][safepoint      ] Total time for which application threads were stopped: 0.0001221 seconds, Stopping threads took: 0.0000373 seconds
[3821.664s][info ][safepoint      ] Application time: 1.0000794 seconds
[3821.664s][info ][safepoint      ] Entering safepoint region: Cleanup
[3821.664s][info ][safepoint      ] Leaving safepoint region
[3821.664s][info ][safepoint      ] Total time for which application threads were stopped: 0.0001423 seconds, Stopping threads took: 0.0000486 seconds
[3822.664s][info ][safepoint      ] Application time: 1.0000840 seconds
[3822.664s][info ][safepoint      ] Entering safepoint region: Cleanup
[3822.664s][info ][safepoint      ] Leaving safepoint region
[3822.664s][info ][safepoint      ] Total time for which application threads were stopped: 0.0001328 seconds, Stopping threads took: 0.0000526 seconds
[3826.665s][info ][safepoint      ] Application time: 4.0004312 seconds
[3826.665s][info ][safepoint      ] Entering safepoint region: Cleanup
[3826.665s][info ][safepoint      ] Leaving safepoint region
[3826.665s][info ][safepoint      ] Total time for which application threads were stopped: 0.0000849 seconds, Stopping threads took: 0.0000175 seconds
[3827.665s][info ][safepoint      ] Application time: 1.0000859 seconds
[3827.665s][info ][safepoint      ] Entering safepoint region: Cleanup
[3827.665s][info ][safepoint      ] Leaving safepoint region
[3827.665s][info ][safepoint      ] Total time for which application threads were stopped: 0.0000770 seconds, Stopping threads took: 0.0000157 seconds
[3828.665s][info ][safepoint      ] Application time: 1.0000824 seconds
[3828.665s][info ][safepoint      ] Entering safepoint region: Cleanup
[3828.665s][info ][safepoint      ] Leaving safepoint region
[3828.665s][info ][safepoint      ] Total time for which application threads were stopped: 0.0001630 seconds, Stopping threads took: 0.0000497 seconds
[3829.665s][info ][safepoint      ] Application time: 1.0001271 seconds
[3829.665s][info ][safepoint      ] Entering safepoint region: Cleanup
[3829.665s][info ][safepoint      ] Leaving safepoint region
[3829.665s][info ][safepoint      ] Total time for which application threads were stopped: 0.0000852 seconds, Stopping threads took: 0.0000168 seconds
[3830.666s][info ][safepoint      ] Application time: 1.0001351 seconds
[3830.666s][info ][safepoint      ] Entering safepoint region: Cleanup
[3830.666s][info ][safepoint      ] Leaving safepoint region
[3830.666s][info ][safepoint      ] Total time for which application threads were stopped: 0.0001266 seconds, Stopping threads took: 0.0000177 seconds
[3834.666s][info ][safepoint      ] Application time: 4.0004301 seconds
[3834.666s][info ][safepoint      ] Entering safepoint region: Cleanup
[3834.666s][info ][safepoint      ] Leaving safepoint region
[3834.666s][info ][safepoint      ] Total time for which application threads were stopped: 0.0000978 seconds, Stopping threads took: 0.0000176 seconds
[3835.666s][info ][safepoint      ] Application time: 1.0001237 seconds
[3835.666s][info ][safepoint      ] Entering safepoint region: Cleanup
[3835.667s][info ][safepoint      ] Leaving safepoint region
[3835.667s][info ][safepoint      ] Total time for which application threads were stopped: 0.0000992 seconds, Stopping threads took: 0.0000186 seconds
[3836.626s][info ][safepoint      ] Application time: 0.9598221 seconds
[3836.627s][info ][safepoint      ] Entering safepoint region: RevokeBias
[3836.627s][info ][safepoint      ] Leaving safepoint region
[3836.627s][info ][safepoint      ] Total time for which application threads were stopped: 0.0002318 seconds, Stopping threads took: 0.0000936 seconds
[3836.789s][info ][safepoint      ] Application time: 0.1621437 seconds
[3836.789s][info ][safepoint      ] Entering safepoint region: ParallelGCFailedAllocation
[3836.789s][info ][gc,start       ] GC(167) Pause Young (Allocation Failure)
[3836.796s][debug][gc,phases      ] GC(167) Scavenge 7.279ms
[3836.796s][debug][gc,ref         ] GC(167) Skipped phase1 of Reference Processing due to unavailable references
[3836.796s][debug][gc,ref         ] GC(167) Skipped phase3 of Reference Processing due to unavailable references
[3836.796s][debug][gc,phases      ] GC(167) Reference Processing 0.037ms
[3836.797s][debug][gc,phases      ] GC(167) Weak Processing 0.241ms
[3836.797s][debug][gc,phases      ] GC(167) Scrub String Table 0.843ms
[3836.797s][debug][gc,age         ] GC(167) Desired survivor size 114294784 bytes, new threshold 15 (max threshold 15)
[3836.797s][info ][gc,heap        ] GC(167) PSYoungGen: 1906832K->18465K(1980928K)
[3836.797s][info ][gc,heap        ] GC(167) ParOldGen: 350119K->350127K(477696K)
[3836.797s][info ][gc,metaspace   ] GC(167) Metaspace: 74854K->74854K(1118208K)
[3836.798s][info ][gc             ] GC(167) Pause Young (Allocation Failure) 2204M->359M(2401M) 8.564ms
[3836.798s][info ][gc,cpu         ] GC(167) User=0.03s Sys=0.00s Real=0.01s
[3836.798s][info ][safepoint      ] Leaving safepoint region
[3836.798s][info ][safepoint      ] Total time for which application threads were stopped: 0.0087867 seconds, Stopping threads took: 0.0000162 seconds
[3837.798s][info ][safepoint      ] Application time: 1.0001092 seconds
[3837.798s][info ][safepoint      ] Entering safepoint region: Cleanup
[3837.798s][info ][safepoint      ] Leaving safepoint region
[3837.798s][info ][safepoint      ] Total time for which application threads were stopped: 0.0000990 seconds, Stopping threads took: 0.0000179 seconds
[3838.798s][info ][safepoint      ] Application time: 1.0001516 seconds
[3838.798s][info ][safepoint      ] Entering safepoint region: Cleanup
[3838.798s][info ][safepoint      ] Leaving safepoint region
[3838.798s][info ][safepoint      ] Total time for which application threads were stopped: 0.0000966 seconds, Stopping threads took: 0.0000182 seconds
[3847.799s][info ][safepoint      ] Application time: 9.0008382 seconds
[3847.799s][info ][safepoint      ] Entering safepoint region: Cleanup
[3847.799s][info ][safepoint      ] Leaving safepoint region
[3847.799s][info ][safepoint      ] Total time for which application threads were stopped: 0.0001038 seconds, Stopping threads took: 0.0000341 seconds
[3848.799s][info ][safepoint      ] Application time: 1.0000686 seconds
[3848.799s][info ][safepoint      ] Entering safepoint region: Cleanup
[3848.799s][info ][safepoint      ] Leaving safepoint region
[3848.799s][info ][safepoint      ] Total time for which application threads were stopped: 0.0002477 seconds, Stopping threads took: 0.0000169 seconds
[3854.800s][info ][safepoint      ] Application time: 6.0005815 seconds
[3854.800s][info ][safepoint      ] Entering safepoint region: Cleanup
[3854.800s][info ][safepoint      ] Leaving safepoint region
[3854.800s][info ][safepoint      ] Total time for which application threads were stopped: 0.0000991 seconds, Stopping threads took: 0.0000169 seconds
[3859.801s][info ][safepoint      ] Application time: 5.0004378 seconds
[3859.801s][info ][safepoint      ] Entering safepoint region: Cleanup
[3859.801s][info ][safepoint      ] Leaving safepoint region
[3859.801s][info ][safepoint      ] Total time for which application threads were stopped: 0.0001240 seconds, Stopping threads took: 0.0000169 seconds
[3864.801s][info ][safepoint      ] Application time: 5.0004650 seconds
[3864.801s][info ][safepoint      ] Entering safepoint region: Cleanup
[3864.802s][info ][safepoint      ] Leaving safepoint region
[3864.802s][info ][safepoint      ] Total time for which application threads were stopped: 0.0001717 seconds, Stopping threads took: 0.0000751 seconds
[3865.802s][info ][safepoint      ] Application time: 1.0001224 seconds
[3865.802s][info ][safepoint      ] Entering safepoint region: Cleanup
[3865.802s][info ][safepoint      ] Leaving safepoint region
[3865.802s][info ][safepoint      ] Total time for which application threads were stopped: 0.0001642 seconds, Stopping threads took: 0.0000190 seconds
[3867.061s][info ][safepoint      ] Application time: 1.2587992 seconds
[3867.061s][info ][safepoint      ] Entering safepoint region: ParallelGCFailedAllocation
[3867.061s][info ][gc,start       ] GC(168) Pause Young (Allocation Failure)
[3867.069s][debug][gc,phases      ] GC(168) Scavenge 8.226ms
[3867.069s][debug][gc,ref         ] GC(168) Skipped phase1 of Reference Processing due to unavailable references
[3867.069s][debug][gc,ref         ] GC(168) Skipped phase3 of Reference Processing due to unavailable references
[3867.069s][debug][gc,phases      ] GC(168) Reference Processing 0.041ms
[3867.070s][debug][gc,phases      ] GC(168) Weak Processing 0.300ms
[3867.070s][debug][gc,phases      ] GC(168) Scrub String Table 0.872ms
[3867.070s][debug][gc,age         ] GC(168) Desired survivor size 115867648 bytes, new threshold 15 (max threshold 15)
[3867.070s][info ][gc,heap        ] GC(168) PSYoungGen: 1892385K->22033K(1896448K)
[3867.070s][info ][gc,heap        ] GC(168) ParOldGen: 350127K->350127K(477696K)
[3867.070s][info ][gc,metaspace   ] GC(168) Metaspace: 74860K->74860K(1118208K)
[3867.071s][info ][gc             ] GC(168) Pause Young (Allocation Failure) 2189M->363M(2318M) 9.678ms
[3867.071s][info ][gc,cpu         ] GC(168) User=0.04s Sys=0.00s Real=0.00s
[3867.071s][info ][safepoint      ] Leaving safepoint region
[3867.071s][info ][safepoint      ] Total time for which application threads were stopped: 0.0098598 seconds, Stopping threads took: 0.0000188 seconds
[3868.071s][info ][safepoint      ] Application time: 1.0000849 seconds
[3868.071s][info ][safepoint      ] Entering safepoint region: Cleanup
[3868.071s][info ][safepoint      ] Leaving safepoint region
[3868.071s][info ][safepoint      ] Total time for which application threads were stopped: 0.0000926 seconds, Stopping threads took: 0.0000183 seconds
[3869.071s][info ][safepoint      ] Application time: 1.0001138 seconds
[3869.071s][info ][safepoint      ] Entering safepoint region: Cleanup
[3869.071s][info ][safepoint      ] Leaving safepoint region
[3869.071s][info ][safepoint      ] Total time for which application threads were stopped: 0.0001257 seconds, Stopping threads took: 0.0000385 seconds
[3888.511s][info ][safepoint      ] Application time: 19.4396196 seconds
[3888.511s][info ][safepoint      ] Entering safepoint region: RevokeBias
[3888.511s][info ][safepoint      ] Leaving safepoint region
[3888.511s][info ][safepoint      ] Total time for which application threads were stopped: 0.0001060 seconds, Stopping threads took: 0.0000192 seconds
[3889.511s][info ][safepoint      ] Application time: 1.0001347 seconds
[3889.511s][info ][safepoint      ] Entering safepoint region: Cleanup
[3889.511s][info ][safepoint      ] Leaving safepoint region
[3889.511s][info ][safepoint      ] Total time for which application threads were stopped: 0.0001391 seconds, Stopping threads took: 0.0000459 seconds
[3893.512s][info ][safepoint      ] Application time: 4.0003641 seconds
[3893.512s][info ][safepoint      ] Entering safepoint region: Cleanup
[3893.512s][info ][safepoint      ] Leaving safepoint region
[3893.512s][info ][safepoint      ] Total time for which application threads were stopped: 0.0001381 seconds, Stopping threads took: 0.0000546 seconds
[3896.960s][info ][safepoint      ] Application time: 3.4485011 seconds
[3896.960s][info ][safepoint      ] Entering safepoint region: ParallelGCFailedAllocation
[3896.960s][info ][gc,start       ] GC(169) Pause Young (Allocation Failure)
[3896.970s][debug][gc,phases      ] GC(169) Scavenge 9.769ms
[3896.970s][debug][gc,ref         ] GC(169) Skipped phase1 of Reference Processing due to unavailable references
[3896.970s][debug][gc,ref         ] GC(169) Skipped phase3 of Reference Processing due to unavailable references
[3896.970s][debug][gc,phases      ] GC(169) Reference Processing 0.037ms
[3896.970s][debug][gc,phases      ] GC(169) Weak Processing 0.141ms
[3896.971s][debug][gc,phases      ] GC(169) Scrub String Table 0.521ms
[3896.971s][debug][gc,age         ] GC(169) Desired survivor size 115343360 bytes, new threshold 15 (max threshold 15)
[3896.971s][info ][gc,heap        ] GC(169) PSYoungGen: 1895953K->29649K(1984512K)
[3896.971s][info ][gc,heap        ] GC(169) ParOldGen: 350127K->350135K(477696K)
[3896.971s][info ][gc,metaspace   ] GC(169) Metaspace: 74865K->74865K(1118208K)
[3896.971s][info ][gc             ] GC(169) Pause Young (Allocation Failure) 2193M->370M(2404M) 10.614ms
[3896.971s][info ][gc,cpu         ] GC(169) User=0.04s Sys=0.00s Real=0.01s
[3896.971s][info ][safepoint      ] Leaving safepoint region
[3896.971s][info ][safepoint      ] Total time for which application threads were stopped: 0.0108118 seconds, Stopping threads took: 0.0000281 seconds
[3897.971s][info ][safepoint      ] Application time: 1.0001054 seconds
[3897.971s][info ][safepoint      ] Entering safepoint region: Cleanup
[3897.971s][info ][safepoint      ] Leaving safepoint region
[3897.971s][info ][safepoint      ] Total time for which application threads were stopped: 0.0001006 seconds, Stopping threads took: 0.0000193 seconds
[3904.972s][info ][safepoint      ] Application time: 7.0007623 seconds
[3904.972s][info ][safepoint      ] Entering safepoint region: Cleanup
[3904.972s][info ][safepoint      ] Leaving safepoint region
[3904.972s][info ][safepoint      ] Total time for which application threads were stopped: 0.0001485 seconds, Stopping threads took: 0.0000200 seconds
[3909.973s][info ][safepoint      ] Application time: 5.0004926 seconds
[3909.973s][info ][safepoint      ] Entering safepoint region: Cleanup
[3909.973s][info ][safepoint      ] Leaving safepoint region
[3909.973s][info ][safepoint      ] Total time for which application threads were stopped: 0.0001009 seconds, Stopping threads took: 0.0000298 seconds
[3911.973s][info ][safepoint      ] Application time: 2.0002164 seconds
[3911.973s][info ][safepoint      ] Entering safepoint region: Cleanup
[3911.973s][info ][safepoint      ] Leaving safepoint region
[3911.973s][info ][safepoint      ] Total time for which application threads were stopped: 0.0000879 seconds, Stopping threads took: 0.0000172 seconds
[3912.973s][info ][safepoint      ] Application time: 1.0001339 seconds
[3912.973s][info ][safepoint      ] Entering safepoint region: Cleanup
[3912.974s][info ][safepoint      ] Leaving safepoint region
[3912.974s][info ][safepoint      ] Total time for which application threads were stopped: 0.0002288 seconds, Stopping threads took: 0.0000848 seconds
[3913.974s][info ][safepoint      ] Application time: 1.0000808 seconds
[3913.974s][info ][safepoint      ] Entering safepoint region: Cleanup
[3913.974s][info ][safepoint      ] Leaving safepoint region
[3913.974s][info ][safepoint      ] Total time for which application threads were stopped: 0.0000976 seconds, Stopping threads took: 0.0000179 seconds
[3914.974s][info ][safepoint      ] Application time: 1.0000905 seconds
[3914.974s][info ][safepoint      ] Entering safepoint region: Cleanup
[3914.974s][info ][safepoint      ] Leaving safepoint region
[3914.974s][info ][safepoint      ] Total time for which application threads were stopped: 0.0000976 seconds, Stopping threads took: 0.0000236 seconds
[3916.974s][info ][safepoint      ] Application time: 2.0002373 seconds
[3916.974s][info ][safepoint      ] Entering safepoint region: Cleanup
[3916.974s][info ][safepoint      ] Leaving safepoint region
[3916.974s][info ][safepoint      ] Total time for which application threads were stopped: 0.0000898 seconds, Stopping threads took: 0.0000173 seconds
[3924.903s][info ][safepoint      ] Application time: 7.9283780 seconds
[3924.903s][info ][safepoint      ] Entering safepoint region: ParallelGCFailedAllocation
[3924.903s][info ][gc,start       ] GC(170) Pause Young (Allocation Failure)
[3924.916s][debug][gc,phases      ] GC(170) Scavenge 12.454ms
[3924.916s][debug][gc,ref         ] GC(170) Skipped phase1 of Reference Processing due to unavailable references
[3924.916s][debug][gc,ref         ] GC(170) Skipped phase3 of Reference Processing due to unavailable references
[3924.916s][debug][gc,phases      ] GC(170) Reference Processing 0.037ms
[3924.916s][debug][gc,phases      ] GC(170) Weak Processing 0.175ms
[3924.916s][debug][gc,phases      ] GC(170) Scrub String Table 0.457ms
[3924.916s][debug][gc,age         ] GC(170) Desired survivor size 112721920 bytes, new threshold 15 (max threshold 15)
[3924.916s][info ][gc,heap        ] GC(170) PSYoungGen: 1900913K->36369K(1984000K)
[3924.916s][info ][gc,heap        ] GC(170) ParOldGen: 350135K->350135K(477696K)
[3924.916s][info ][gc,metaspace   ] GC(170) Metaspace: 74870K->74870K(1118208K)
[3924.916s][info ][gc             ] GC(170) Pause Young (Allocation Failure) 2198M->377M(2404M) 13.268ms
[3924.916s][info ][gc,cpu         ] GC(170) User=0.05s Sys=0.00s Real=0.01s
[3924.916s][info ][safepoint      ] Leaving safepoint region
[3924.916s][info ][safepoint      ] Total time for which application threads were stopped: 0.0135213 seconds, Stopping threads took: 0.0000818 seconds
[3925.916s][info ][safepoint      ] Application time: 1.0001032 seconds
[3925.917s][info ][safepoint      ] Entering safepoint region: Cleanup
[3925.917s][info ][safepoint      ] Leaving safepoint region
[3925.917s][info ][safepoint      ] Total time for which application threads were stopped: 0.0001391 seconds, Stopping threads took: 0.0000186 seconds
[3940.918s][info ][safepoint      ] Application time: 15.0015306 seconds
[3940.918s][info ][safepoint      ] Entering safepoint region: Cleanup
[3940.918s][info ][safepoint      ] Leaving safepoint region
[3940.918s][info ][safepoint      ] Total time for which application threads were stopped: 0.0001592 seconds, Stopping threads took: 0.0000197 seconds
[3941.919s][info ][safepoint      ] Application time: 1.0001331 seconds
[3941.919s][info ][safepoint      ] Entering safepoint region: Cleanup
[3941.919s][info ][safepoint      ] Leaving safepoint region
[3941.919s][info ][safepoint      ] Total time for which application threads were stopped: 0.0001079 seconds, Stopping threads took: 0.0000195 seconds
[3943.919s][info ][safepoint      ] Application time: 2.0002745 seconds
[3943.919s][info ][safepoint      ] Entering safepoint region: Cleanup
[3943.919s][info ][safepoint      ] Leaving safepoint region
[3943.919s][info ][safepoint      ] Total time for which application threads were stopped: 0.0002001 seconds, Stopping threads took: 0.0000194 seconds
[3947.920s][info ][safepoint      ] Application time: 4.0003794 seconds
[3947.920s][info ][safepoint      ] Entering safepoint region: Cleanup
[3947.920s][info ][safepoint      ] Leaving safepoint region
[3947.920s][info ][safepoint      ] Total time for which application threads were stopped: 0.0000948 seconds, Stopping threads took: 0.0000194 seconds
[3960.823s][info ][safepoint      ] Application time: 12.9032995 seconds
[3960.823s][info ][safepoint      ] Entering safepoint region: ParallelGCFailedAllocation
[3960.823s][info ][gc,start       ] GC(171) Pause Young (Allocation Failure)
[3960.837s][debug][gc,phases      ] GC(171) Scavenge 13.317ms
[3960.837s][debug][gc,ref         ] GC(171) Skipped phase1 of Reference Processing due to unavailable references
[3960.837s][debug][gc,ref         ] GC(171) Skipped phase3 of Reference Processing due to unavailable references
[3960.837s][debug][gc,phases      ] GC(171) Reference Processing 0.036ms
[3960.837s][debug][gc,phases      ] GC(171) Weak Processing 0.246ms
[3960.838s][debug][gc,phases      ] GC(171) Scrub String Table 0.783ms
[3960.838s][debug][gc,age         ] GC(171) Desired survivor size 109051904 bytes, new threshold 15 (max threshold 15)
[3960.838s][info ][gc,heap        ] GC(171) PSYoungGen: 1907729K->40321K(1990656K)
[3960.838s][info ][gc,heap        ] GC(171) ParOldGen: 350135K->350135K(477696K)
[3960.838s][info ][gc,metaspace   ] GC(171) Metaspace: 74871K->74871K(1118208K)
[3960.838s][info ][gc             ] GC(171) Pause Young (Allocation Failure) 2204M->381M(2410M) 14.540ms
[3960.838s][info ][gc,cpu         ] GC(171) User=0.05s Sys=0.00s Real=0.01s
[3960.838s][info ][safepoint      ] Leaving safepoint region
[3960.838s][info ][safepoint      ] Total time for which application threads were stopped: 0.0147860 seconds, Stopping threads took: 0.0000377 seconds
[3972.577s][info ][safepoint      ] Application time: 11.7396211 seconds
[3972.577s][info ][safepoint      ] Entering safepoint region: RevokeBias
[3972.578s][info ][safepoint      ] Leaving safepoint region
[3972.578s][info ][safepoint      ] Total time for which application threads were stopped: 0.0001112 seconds, Stopping threads took: 0.0000191 seconds
[3977.578s][info ][safepoint      ] Application time: 5.0004244 seconds
[3977.578s][info ][safepoint      ] Entering safepoint region: Cleanup
[3977.578s][info ][safepoint      ] Leaving safepoint region
[3977.578s][info ][safepoint      ] Total time for which application threads were stopped: 0.0001141 seconds, Stopping threads took: 0.0000352 seconds
[3986.579s][info ][safepoint      ] Application time: 9.0008281 seconds
[3986.579s][info ][safepoint      ] Entering safepoint region: Cleanup
[3986.579s][info ][safepoint      ] Leaving safepoint region
[3986.579s][info ][safepoint      ] Total time for which application threads were stopped: 0.0001285 seconds, Stopping threads took: 0.0000528 seconds
[3988.579s][info ][safepoint      ] Application time: 2.0001466 seconds
[3988.579s][info ][safepoint      ] Entering safepoint region: Cleanup
[3988.579s][info ][safepoint      ] Leaving safepoint region
[3988.579s][info ][safepoint      ] Total time for which application threads were stopped: 0.0001107 seconds, Stopping threads took: 0.0000388 seconds
[3989.580s][info ][safepoint      ] Application time: 1.0000816 seconds
[3989.580s][info ][safepoint      ] Entering safepoint region: Cleanup
[3989.580s][info ][safepoint      ] Leaving safepoint region
[3989.580s][info ][safepoint      ] Total time for which application threads were stopped: 0.0001119 seconds, Stopping threads took: 0.0000179 seconds
[3990.051s][info ][safepoint      ] Application time: 0.4713073 seconds
[3990.051s][info ][safepoint      ] Entering safepoint region: ParallelGCFailedAllocation
[3990.051s][info ][gc,start       ] GC(172) Pause Young (Allocation Failure)
[3990.067s][debug][gc,phases      ] GC(172) Scavenge 15.295ms
[3990.067s][debug][gc,ref         ] GC(172) Skipped phase1 of Reference Processing due to unavailable references
[3990.067s][debug][gc,ref         ] GC(172) Skipped phase3 of Reference Processing due to unavailable references
[3990.067s][debug][gc,phases      ] GC(172) Reference Processing 0.039ms
[3990.067s][debug][gc,phases      ] GC(172) Weak Processing 0.146ms
[3990.067s][debug][gc,phases      ] GC(172) Scrub String Table 0.444ms
[3990.067s][debug][gc,age         ] GC(172) Desired survivor size 103809024 bytes, new threshold 15 (max threshold 15)
[3990.067s][info ][gc,heap        ] GC(172) PSYoungGen: 1920897K->48977K(1987072K)
[3990.067s][info ][gc,heap        ] GC(172) ParOldGen: 350135K->350143K(477696K)
[3990.067s][info ][gc,metaspace   ] GC(172) Metaspace: 74891K->74891K(1118208K)
[3990.067s][info ][gc             ] GC(172) Pause Young (Allocation Failure) 2217M->389M(2407M) 16.179ms
[3990.067s][info ][gc,cpu         ] GC(172) User=0.06s Sys=0.00s Real=0.02s
[3990.067s][info ][safepoint      ] Leaving safepoint region
[3990.067s][info ][safepoint      ] Total time for which application threads were stopped: 0.0163700 seconds, Stopping threads took: 0.0000186 seconds
[3997.068s][info ][safepoint      ] Application time: 7.0006926 seconds
[3997.068s][info ][safepoint      ] Entering safepoint region: Cleanup
[3997.068s][info ][safepoint      ] Leaving safepoint region
[3997.068s][info ][safepoint      ] Total time for which application threads were stopped: 0.0000912 seconds, Stopping threads took: 0.0000198 seconds
[3998.068s][info ][safepoint      ] Application time: 1.0000844 seconds
[3998.068s][info ][safepoint      ] Entering safepoint region: Cleanup
[3998.068s][info ][safepoint      ] Leaving safepoint region
[3998.068s][info ][safepoint      ] Total time for which application threads were stopped: 0.0000913 seconds, Stopping threads took: 0.0000197 seconds
[4004.069s][info ][safepoint      ] Application time: 6.0006486 seconds
[4004.069s][info ][safepoint      ] Entering safepoint region: Cleanup
[4004.069s][info ][safepoint      ] Leaving safepoint region
[4004.069s][info ][safepoint      ] Total time for which application threads were stopped: 0.0000922 seconds, Stopping threads took: 0.0000198 seconds
[4004.134s][info ][safepoint      ] Application time: 0.0649610 seconds
[4004.134s][info ][safepoint      ] Entering safepoint region: RevokeBias
[4004.134s][info ][safepoint      ] Leaving safepoint region
[4004.134s][info ][safepoint      ] Total time for which application threads were stopped: 0.0001435 seconds, Stopping threads took: 0.0000243 seconds
[4004.135s][info ][safepoint      ] Application time: 0.0004743 seconds
[4004.135s][info ][safepoint      ] Entering safepoint region: RevokeBias
[4004.135s][info ][safepoint      ] Leaving safepoint region
[4004.135s][info ][safepoint      ] Total time for which application threads were stopped: 0.0000812 seconds, Stopping threads took: 0.0000103 seconds
[4008.135s][info ][safepoint      ] Application time: 4.0004469 seconds
[4008.135s][info ][safepoint      ] Entering safepoint region: Cleanup
[4008.136s][info ][safepoint      ] Leaving safepoint region
[4008.136s][info ][safepoint      ] Total time for which application threads were stopped: 0.0000927 seconds, Stopping threads took: 0.0000171 seconds
[4020.923s][info ][safepoint      ] Application time: 12.7872460 seconds
[4020.923s][info ][safepoint      ] Entering safepoint region: ParallelGCFailedAllocation
[4020.923s][info ][gc,start       ] GC(173) Pause Young (Allocation Failure)
[4020.939s][debug][gc,phases      ] GC(173) Scavenge 15.642ms
[4020.939s][debug][gc,ref         ] GC(173) Skipped phase1 of Reference Processing due to unavailable references
[4020.939s][debug][gc,ref         ] GC(173) Skipped phase3 of Reference Processing due to unavailable references
[4020.939s][debug][gc,phases      ] GC(173) Reference Processing 0.039ms
[4020.939s][debug][gc,phases      ] GC(173) Weak Processing 0.142ms
[4020.939s][debug][gc,phases      ] GC(173) Scrub String Table 0.513ms
[4020.939s][debug][gc,age         ] GC(173) Desired survivor size 99090432 bytes, new threshold 15 (max threshold 15)
[4020.939s][info ][gc,heap        ] GC(173) PSYoungGen: 1929553K->51744K(2000384K)
[4020.939s][info ][gc,heap        ] GC(173) ParOldGen: 350143K->350143K(477696K)
[4020.939s][info ][gc,metaspace   ] GC(173) Metaspace: 74893K->74893K(1118208K)
[4020.939s][info ][gc             ] GC(173) Pause Young (Allocation Failure) 2226M->392M(2420M) 16.550ms
[4020.940s][info ][gc,cpu         ] GC(173) User=0.06s Sys=0.01s Real=0.01s
[4020.940s][info ][safepoint      ] Leaving safepoint region
[4020.940s][info ][safepoint      ] Total time for which application threads were stopped: 0.0167530 seconds, Stopping threads took: 0.0000193 seconds
[4028.940s][info ][safepoint      ] Application time: 8.0006821 seconds
[4028.940s][info ][safepoint      ] Entering safepoint region: Cleanup
[4028.940s][info ][safepoint      ] Leaving safepoint region
[4028.940s][info ][safepoint      ] Total time for which application threads were stopped: 0.0001136 seconds, Stopping threads took: 0.0000172 seconds
[4055.731s][info ][safepoint      ] Application time: 26.7905576 seconds
[4055.731s][info ][safepoint      ] Entering safepoint region: ParallelGCFailedAllocation
[4055.731s][info ][gc,start       ] GC(174) Pause Young (Allocation Failure)
[4055.748s][debug][gc,phases      ] GC(174) Scavenge 16.821ms
[4055.748s][debug][gc,ref         ] GC(174) Skipped phase1 of Reference Processing due to unavailable references
[4055.748s][debug][gc,ref         ] GC(174) Skipped phase3 of Reference Processing due to unavailable references
[4055.748s][debug][gc,phases      ] GC(174) Reference Processing 0.039ms
[4055.748s][debug][gc,phases      ] GC(174) Weak Processing 0.235ms
[4055.749s][debug][gc,phases      ] GC(174) Scrub String Table 0.828ms
[4055.749s][debug][gc,age         ] GC(174) Desired survivor size 96468992 bytes, new threshold 15 (max threshold 15)
[4055.749s][info ][gc,heap        ] GC(174) PSYoungGen: 1950742K->57233K(1995776K)
[4055.749s][info ][gc,heap        ] GC(174) ParOldGen: 350143K->350143K(477696K)
[4055.749s][info ][gc,metaspace   ] GC(174) Metaspace: 74893K->74893K(1118208K)
[4055.749s][info ][gc             ] GC(174) Pause Young (Allocation Failure) 2246M->397M(2415M) 18.082ms
[4055.749s][info ][gc,cpu         ] GC(174) User=0.06s Sys=0.00s Real=0.02s
[4055.749s][info ][safepoint      ] Leaving safepoint region
[4055.749s][info ][safepoint      ] Total time for which application threads were stopped: 0.0183482 seconds, Stopping threads took: 0.0000702 seconds
[4056.749s][info ][safepoint      ] Application time: 1.0000956 seconds
[4056.750s][info ][safepoint      ] Entering safepoint region: Cleanup
[4056.750s][info ][safepoint      ] Leaving safepoint region
[4056.750s][info ][safepoint      ] Total time for which application threads were stopped: 0.0001278 seconds, Stopping threads took: 0.0000517 seconds
[4068.751s][info ][safepoint      ] Application time: 12.0011451 seconds
[4068.751s][info ][safepoint      ] Entering safepoint region: Cleanup
[4068.751s][info ][safepoint      ] Leaving safepoint region
[4068.751s][info ][safepoint      ] Total time for which application threads were stopped: 0.0001018 seconds, Stopping threads took: 0.0000196 seconds
[4086.752s][info ][safepoint      ] Application time: 18.0015164 seconds
[4086.753s][info ][safepoint      ] Entering safepoint region: Cleanup
[4086.753s][info ][safepoint      ] Leaving safepoint region
[4086.753s][info ][safepoint      ] Total time for which application threads were stopped: 0.0001777 seconds, Stopping threads took: 0.0000989 seconds
[4087.753s][info ][safepoint      ] Application time: 1.0000800 seconds
[4087.753s][info ][safepoint      ] Entering safepoint region: Cleanup
[4087.753s][info ][safepoint      ] Leaving safepoint region
[4087.753s][info ][safepoint      ] Total time for which application threads were stopped: 0.0001538 seconds, Stopping threads took: 0.0000447 seconds
[4088.630s][info ][safepoint      ] Application time: 0.8771565 seconds
[4088.630s][info ][safepoint      ] Entering safepoint region: ParallelGCFailedAllocation
[4088.630s][info ][gc,start       ] GC(175) Pause Young (Allocation Failure)
[4088.653s][debug][gc,phases      ] GC(175) Scavenge 22.795ms
[4088.653s][debug][gc,ref         ] GC(175) Skipped phase1 of Reference Processing due to unavailable references
[4088.653s][debug][gc,ref         ] GC(175) Skipped phase3 of Reference Processing due to unavailable references
[4088.653s][debug][gc,phases      ] GC(175) Reference Processing 0.039ms
[4088.653s][debug][gc,phases      ] GC(175) Weak Processing 0.151ms
[4088.654s][debug][gc,phases      ] GC(175) Scrub String Table 0.550ms
[4088.654s][debug][gc,age         ] GC(175) Desired survivor size 95420416 bytes, new threshold 15 (max threshold 15)
[4088.654s][info ][gc,heap        ] GC(175) PSYoungGen: 1956241K->59985K(2003968K)
[4088.654s][info ][gc,heap        ] GC(175) ParOldGen: 350143K->350143K(477696K)
[4088.654s][info ][gc,metaspace   ] GC(175) Metaspace: 74894K->74894K(1118208K)
[4088.654s][info ][gc             ] GC(175) Pause Young (Allocation Failure) 2252M->400M(2423M) 23.739ms
[4088.654s][info ][gc,cpu         ] GC(175) User=0.07s Sys=0.00s Real=0.03s
[4088.654s][info ][safepoint      ] Leaving safepoint region
[4088.654s][info ][safepoint      ] Total time for which application threads were stopped: 0.0239303 seconds, Stopping threads took: 0.0000173 seconds
[4093.655s][info ][safepoint      ] Application time: 5.0004167 seconds
[4093.655s][info ][safepoint      ] Entering safepoint region: Cleanup
[4093.655s][info ][safepoint      ] Leaving safepoint region
[4093.655s][info ][safepoint      ] Total time for which application threads were stopped: 0.0001593 seconds, Stopping threads took: 0.0000468 seconds
[4095.655s][info ][safepoint      ] Application time: 2.0002403 seconds
[4095.655s][info ][safepoint      ] Entering safepoint region: Cleanup
[4095.655s][info ][safepoint      ] Leaving safepoint region
[4095.655s][info ][safepoint      ] Total time for which application threads were stopped: 0.0001191 seconds, Stopping threads took: 0.0000428 seconds
[4114.657s][info ][safepoint      ] Application time: 19.0016518 seconds
[4114.657s][info ][safepoint      ] Entering safepoint region: Cleanup
[4114.657s][info ][safepoint      ] Leaving safepoint region
[4114.657s][info ][safepoint      ] Total time for which application threads were stopped: 0.0001608 seconds, Stopping threads took: 0.0000711 seconds
[4115.657s][info ][safepoint      ] Application time: 1.0000679 seconds
[4115.657s][info ][safepoint      ] Entering safepoint region: Cleanup
[4115.657s][info ][safepoint      ] Leaving safepoint region
[4115.657s][info ][safepoint      ] Total time for which application threads were stopped: 0.0001995 seconds, Stopping threads took: 0.0000441 seconds
[4128.006s][info ][safepoint      ] Application time: 12.3490136 seconds
[4128.006s][info ][safepoint      ] Entering safepoint region: RevokeBias
[4128.007s][info ][safepoint      ] Leaving safepoint region
[4128.007s][info ][safepoint      ] Total time for which application threads were stopped: 0.0001888 seconds, Stopping threads took: 0.0000607 seconds
[4129.507s][info ][safepoint      ] Application time: 1.5008254 seconds
[4129.507s][info ][safepoint      ] Entering safepoint region: ParallelGCFailedAllocation
[4129.508s][info ][gc,start       ] GC(176) Pause Young (Allocation Failure)
[4129.525s][debug][gc,phases      ] GC(176) Scavenge 17.725ms
[4129.525s][debug][gc,ref         ] GC(176) Skipped phase1 of Reference Processing due to unavailable references
[4129.525s][debug][gc,ref         ] GC(176) Skipped phase3 of Reference Processing due to unavailable references
[4129.525s][debug][gc,phases      ] GC(176) Reference Processing 0.039ms
[4129.526s][debug][gc,phases      ] GC(176) Weak Processing 0.137ms
[4129.526s][debug][gc,phases      ] GC(176) Scrub String Table 0.439ms
[4129.526s][debug][gc,age         ] GC(176) Desired survivor size 93847552 bytes, new threshold 15 (max threshold 15)
[4129.526s][info ][gc,heap        ] GC(176) PSYoungGen: 1969745K->60417K(2002944K)
[4129.526s][info ][gc,heap        ] GC(176) ParOldGen: 350143K->350143K(477696K)
[4129.526s][info ][gc,metaspace   ] GC(176) Metaspace: 74894K->74894K(1118208K)
[4129.526s][info ][gc             ] GC(176) Pause Young (Allocation Failure) 2265M->400M(2422M) 18.501ms
[4129.526s][info ][gc,cpu         ] GC(176) User=0.07s Sys=0.00s Real=0.02s
[4129.526s][info ][safepoint      ] Leaving safepoint region
[4129.526s][info ][safepoint      ] Total time for which application threads were stopped: 0.0186942 seconds, Stopping threads took: 0.0000191 seconds
[4145.902s][info ][safepoint      ] Application time: 16.3758049 seconds
[4145.902s][info ][safepoint      ] Entering safepoint region: RevokeBias
[4145.902s][info ][safepoint      ] Leaving safepoint region
[4145.902s][info ][safepoint      ] Total time for which application threads were stopped: 0.0001695 seconds, Stopping threads took: 0.0000565 seconds
[4158.904s][info ][safepoint      ] Application time: 13.0013926 seconds
[4158.904s][info ][safepoint      ] Entering safepoint region: Cleanup
[4158.904s][info ][safepoint      ] Leaving safepoint region
[4158.904s][info ][safepoint      ] Total time for which application threads were stopped: 0.0001322 seconds, Stopping threads took: 0.0000607 seconds
[4168.523s][info ][safepoint      ] Application time: 9.6195987 seconds
[4168.523s][info ][safepoint      ] Entering safepoint region: ParallelGCFailedAllocation
[4168.524s][info ][gc,start       ] GC(177) Pause Young (Allocation Failure)
[4168.540s][debug][gc,phases      ] GC(177) Scavenge 16.863ms
[4168.541s][debug][gc,ref         ] GC(177) Skipped phase1 of Reference Processing due to unavailable references
[4168.541s][debug][gc,ref         ] GC(177) Skipped phase3 of Reference Processing due to unavailable references
[4168.541s][debug][gc,phases      ] GC(177) Reference Processing 0.040ms
[4168.541s][debug][gc,phases      ] GC(177) Weak Processing 0.235ms
[4168.542s][debug][gc,phases      ] GC(177) Scrub String Table 0.824ms
[4168.542s][debug][gc,age         ] GC(177) Desired survivor size 92798976 bytes, new threshold 15 (max threshold 15)
[4168.542s][info ][gc,heap        ] GC(177) PSYoungGen: 1970177K->60241K(2006528K)
[4168.542s][info ][gc,heap        ] GC(177) ParOldGen: 350143K->350143K(477696K)
[4168.542s][info ][gc,metaspace   ] GC(177) Metaspace: 74897K->74897K(1118208K)
[4168.542s][info ][gc             ] GC(177) Pause Young (Allocation Failure) 2265M->400M(2426M) 18.145ms
[4168.542s][info ][gc,cpu         ] GC(177) User=0.06s Sys=0.00s Real=0.02s
[4168.542s][info ][safepoint      ] Leaving safepoint region
[4168.542s][info ][safepoint      ] Total time for which application threads were stopped: 0.0184379 seconds, Stopping threads took: 0.0000189 seconds
[4170.263s][info ][safepoint      ] Application time: 1.7207833 seconds
[4170.263s][info ][safepoint      ] Entering safepoint region: RevokeBias
[4170.263s][info ][safepoint      ] Leaving safepoint region
[4170.263s][info ][safepoint      ] Total time for which application threads were stopped: 0.0001706 seconds, Stopping threads took: 0.0000708 seconds
[4171.263s][info ][safepoint      ] Application time: 1.0001369 seconds
[4171.263s][info ][safepoint      ] Entering safepoint region: Cleanup
[4171.263s][info ][safepoint      ] Leaving safepoint region
[4171.263s][info ][safepoint      ] Total time for which application threads were stopped: 0.0000902 seconds, Stopping threads took: 0.0000178 seconds
[4175.263s][info ][safepoint      ] Application time: 4.0003721 seconds
[4175.264s][info ][safepoint      ] Entering safepoint region: Cleanup
[4175.264s][info ][safepoint      ] Leaving safepoint region
[4175.264s][info ][safepoint      ] Total time for which application threads were stopped: 0.0001074 seconds, Stopping threads took: 0.0000370 seconds
[4190.265s][info ][safepoint      ] Application time: 15.0015494 seconds
[4190.265s][info ][safepoint      ] Entering safepoint region: Cleanup
[4190.265s][info ][safepoint      ] Leaving safepoint region
[4190.265s][info ][safepoint      ] Total time for which application threads were stopped: 0.0001072 seconds, Stopping threads took: 0.0000191 seconds
[4200.208s][info ][safepoint      ] Application time: 9.9426066 seconds
[4200.208s][info ][safepoint      ] Entering safepoint region: ParallelGCFailedAllocation
[4200.208s][info ][gc,start       ] GC(178) Pause Young (Allocation Failure)
[4200.226s][debug][gc,phases      ] GC(178) Scavenge 18.048ms
[4200.226s][debug][gc,ref         ] GC(178) Skipped phase1 of Reference Processing due to unavailable references
[4200.226s][debug][gc,ref         ] GC(178) Skipped phase3 of Reference Processing due to unavailable references
[4200.226s][debug][gc,phases      ] GC(178) Reference Processing 0.057ms
[4200.226s][debug][gc,phases      ] GC(178) Weak Processing 0.132ms
[4200.227s][debug][gc,phases      ] GC(178) Scrub String Table 0.464ms
[4200.227s][debug][gc,age         ] GC(178) Desired survivor size 92274688 bytes, new threshold 15 (max threshold 15)
[4200.227s][info ][gc,heap        ] GC(178) PSYoungGen: 1975121K->63969K(2005504K)
[4200.227s][info ][gc,heap        ] GC(178) ParOldGen: 350143K->350143K(477696K)
[4200.227s][info ][gc,metaspace   ] GC(178) Metaspace: 74897K->74897K(1118208K)
[4200.227s][info ][gc             ] GC(178) Pause Young (Allocation Failure) 2270M->404M(2425M) 18.857ms
[4200.227s][info ][gc,cpu         ] GC(178) User=0.07s Sys=0.01s Real=0.02s
[4200.227s][info ][safepoint      ] Leaving safepoint region
[4200.227s][info ][safepoint      ] Total time for which application threads were stopped: 0.0190636 seconds, Stopping threads took: 0.0000187 seconds
[4201.227s][info ][safepoint      ] Application time: 1.0000969 seconds
[4201.227s][info ][safepoint      ] Entering safepoint region: Cleanup
[4201.227s][info ][safepoint      ] Leaving safepoint region
[4201.227s][info ][safepoint      ] Total time for which application threads were stopped: 0.0001418 seconds, Stopping threads took: 0.0000656 seconds
[4202.227s][info ][safepoint      ] Application time: 1.0000876 seconds
[4202.227s][info ][safepoint      ] Entering safepoint region: Cleanup
[4202.228s][info ][safepoint      ] Leaving safepoint region
[4202.228s][info ][safepoint      ] Total time for which application threads were stopped: 0.0001020 seconds, Stopping threads took: 0.0000165 seconds
[4210.228s][info ][safepoint      ] Application time: 8.0007993 seconds
[4210.228s][info ][safepoint      ] Entering safepoint region: Cleanup
[4210.228s][info ][safepoint      ] Leaving safepoint region
[4210.228s][info ][safepoint      ] Total time for which application threads were stopped: 0.0001283 seconds, Stopping threads took: 0.0000346 seconds
[4213.229s][info ][safepoint      ] Application time: 3.0003748 seconds
[4213.229s][info ][safepoint      ] Entering safepoint region: Cleanup
[4213.229s][info ][safepoint      ] Leaving safepoint region
[4213.229s][info ][safepoint      ] Total time for which application threads were stopped: 0.0001136 seconds, Stopping threads took: 0.0000173 seconds
[4216.229s][info ][safepoint      ] Application time: 3.0003239 seconds
[4216.229s][info ][safepoint      ] Entering safepoint region: Cleanup
[4216.229s][info ][safepoint      ] Leaving safepoint region
[4216.229s][info ][safepoint      ] Total time for which application threads were stopped: 0.0000902 seconds, Stopping threads took: 0.0000181 seconds
[4217.708s][info ][safepoint      ] Application time: 1.4781495 seconds
[4217.708s][info ][safepoint      ] Entering safepoint region: RevokeBias
[4217.708s][info ][safepoint      ] Leaving safepoint region
[4217.708s][info ][safepoint      ] Total time for which application threads were stopped: 0.0001445 seconds, Stopping threads took: 0.0000596 seconds
[4233.724s][info ][safepoint      ] Application time: 16.0158718 seconds
[4233.724s][info ][safepoint      ] Entering safepoint region: ParallelGCFailedAllocation
[4233.724s][info ][gc,start       ] GC(179) Pause Young (Allocation Failure)
[4233.747s][debug][gc,phases      ] GC(179) Scavenge 23.131ms
[4233.747s][debug][gc,ref         ] GC(179) Skipped phase1 of Reference Processing due to unavailable references
[4233.747s][debug][gc,ref         ] GC(179) Skipped phase3 of Reference Processing due to unavailable references
[4233.747s][debug][gc,phases      ] GC(179) Reference Processing 0.058ms
[4233.747s][debug][gc,phases      ] GC(179) Weak Processing 0.243ms
[4233.748s][debug][gc,phases      ] GC(179) Scrub String Table 0.867ms
[4233.748s][debug][gc,age         ] GC(179) Desired survivor size 92274688 bytes, new threshold 15 (max threshold 15)
[4233.748s][info ][gc,heap        ] GC(179) PSYoungGen: 1978849K->64129K(2007040K)
[4233.748s][info ][gc,heap        ] GC(179) ParOldGen: 350143K->350143K(477696K)
[4233.748s][info ][gc,metaspace   ] GC(179) Metaspace: 74901K->74901K(1118208K)
[4233.748s][info ][gc             ] GC(179) Pause Young (Allocation Failure) 2274M->404M(2426M) 24.493ms
[4233.748s][info ][gc,cpu         ] GC(179) User=0.09s Sys=0.00s Real=0.02s
[4233.748s][info ][safepoint      ] Leaving safepoint region
[4233.748s][info ][safepoint      ] Total time for which application threads were stopped: 0.0246944 seconds, Stopping threads took: 0.0000329 seconds
[4237.749s][info ][safepoint      ] Application time: 4.0004680 seconds
[4237.749s][info ][safepoint      ] Entering safepoint region: Cleanup
[4237.749s][info ][safepoint      ] Leaving safepoint region
[4237.749s][info ][safepoint      ] Total time for which application threads were stopped: 0.0001275 seconds, Stopping threads took: 0.0000483 seconds
[4241.749s][info ][safepoint      ] Application time: 4.0002800 seconds
[4241.749s][info ][safepoint      ] Entering safepoint region: Cleanup
[4241.749s][info ][safepoint      ] Leaving safepoint region
[4241.749s][info ][safepoint      ] Total time for which application threads were stopped: 0.0000987 seconds, Stopping threads took: 0.0000216 seconds
[4250.750s][info ][safepoint      ] Application time: 9.0009345 seconds
[4250.750s][info ][safepoint      ] Entering safepoint region: Cleanup
[4250.751s][info ][safepoint      ] Leaving safepoint region
[4250.751s][info ][safepoint      ] Total time for which application threads were stopped: 0.0000962 seconds, Stopping threads took: 0.0000196 seconds
[4264.958s][info ][safepoint      ] Application time: 14.2075862 seconds
[4264.958s][info ][safepoint      ] Entering safepoint region: ParallelGCFailedAllocation
[4264.958s][info ][gc,start       ] GC(180) Pause Young (Allocation Failure)
[4264.977s][debug][gc,phases      ] GC(180) Scavenge 19.067ms
[4264.977s][debug][gc,ref         ] GC(180) Skipped phase1 of Reference Processing due to unavailable references
[4264.977s][debug][gc,ref         ] GC(180) Skipped phase3 of Reference Processing due to unavailable references
[4264.978s][debug][gc,phases      ] GC(180) Reference Processing 0.041ms
[4264.978s][debug][gc,phases      ] GC(180) Weak Processing 0.138ms
[4264.978s][debug][gc,phases      ] GC(180) Scrub String Table 0.499ms
[4264.978s][debug][gc,age         ] GC(180) Desired survivor size 92798976 bytes, new threshold 15 (max threshold 15)
[4264.978s][info ][gc,heap        ] GC(180) PSYoungGen: 1981057K->67265K(1984512K)
[4264.978s][info ][gc,heap        ] GC(180) ParOldGen: 350143K->350143K(477696K)
[4264.978s][info ][gc,metaspace   ] GC(180) Metaspace: 74902K->74902K(1118208K)
[4264.978s][info ][gc             ] GC(180) Pause Young (Allocation Failure) 2276M->407M(2404M) 19.983ms
[4264.978s][info ][gc,cpu         ] GC(180) User=0.08s Sys=0.00s Real=0.02s
[4264.978s][info ][safepoint      ] Leaving safepoint region
[4264.978s][info ][safepoint      ] Total time for which application threads were stopped: 0.0202109 seconds, Stopping threads took: 0.0000189 seconds
[4272.581s][info ][safepoint      ] Application time: 7.6023814 seconds
[4272.581s][info ][safepoint      ] Entering safepoint region: RevokeBias
[4272.581s][info ][safepoint      ] Leaving safepoint region
[4272.581s][info ][safepoint      ] Total time for which application threads were stopped: 0.0001224 seconds, Stopping threads took: 0.0000186 seconds
[4274.581s][info ][safepoint      ] Application time: 2.0002224 seconds
[4274.581s][info ][safepoint      ] Entering safepoint region: Cleanup
[4274.581s][info ][safepoint      ] Leaving safepoint region
[4274.581s][info ][safepoint      ] Total time for which application threads were stopped: 0.0001296 seconds, Stopping threads took: 0.0000470 seconds
[4276.582s][info ][safepoint      ] Application time: 2.0002458 seconds
[4276.582s][info ][safepoint      ] Entering safepoint region: Cleanup
[4276.582s][info ][safepoint      ] Leaving safepoint region
[4276.582s][info ][safepoint      ] Total time for which application threads were stopped: 0.0001100 seconds, Stopping threads took: 0.0000176 seconds
[4277.754s][info ][safepoint      ] Application time: 1.1723047 seconds
[4277.754s][info ][safepoint      ] Entering safepoint region: RevokeBias
[4277.754s][info ][safepoint      ] Leaving safepoint region
[4277.754s][info ][safepoint      ] Total time for which application threads were stopped: 0.0001461 seconds, Stopping threads took: 0.0000727 seconds
[4283.755s][info ][safepoint      ] Application time: 6.0006392 seconds
[4283.755s][info ][safepoint      ] Entering safepoint region: Cleanup
[4283.755s][info ][safepoint      ] Leaving safepoint region
[4283.755s][info ][safepoint      ] Total time for which application threads were stopped: 0.0001395 seconds, Stopping threads took: 0.0000623 seconds
[4293.756s][info ][safepoint      ] Application time: 10.0010071 seconds
[4293.756s][info ][safepoint      ] Entering safepoint region: Cleanup
[4293.756s][info ][safepoint      ] Leaving safepoint region
[4293.756s][info ][safepoint      ] Total time for which application threads were stopped: 0.0001584 seconds, Stopping threads took: 0.0000730 seconds
[4294.706s][info ][safepoint      ] Application time: 0.9499908 seconds
[4294.706s][info ][safepoint      ] Entering safepoint region: ParallelGCFailedAllocation
[4294.707s][info ][gc,start       ] GC(181) Pause Young (Allocation Failure)
[4294.728s][debug][gc,phases      ] GC(181) Scavenge 21.158ms
[4294.728s][debug][gc,ref         ] GC(181) Skipped phase1 of Reference Processing due to unavailable references
[4294.728s][debug][gc,ref         ] GC(181) Skipped phase3 of Reference Processing due to unavailable references
[4294.728s][debug][gc,phases      ] GC(181) Reference Processing 0.040ms
[4294.728s][debug][gc,phases      ] GC(181) Weak Processing 0.291ms
[4294.729s][debug][gc,phases      ] GC(181) Scrub String Table 0.658ms
[4294.729s][debug][gc,age         ] GC(181) Desired survivor size 92798976 bytes, new threshold 15 (max threshold 15)
[4294.729s][info ][gc,heap        ] GC(181) PSYoungGen: 1984193K->66321K(2006528K)
[4294.729s][info ][gc,heap        ] GC(181) ParOldGen: 350143K->353808K(477696K)
[4294.729s][info ][gc,metaspace   ] GC(181) Metaspace: 74902K->74902K(1118208K)
[4294.729s][info ][gc             ] GC(181) Pause Young (Allocation Failure) 2279M->410M(2426M) 22.334ms
[4294.729s][info ][gc,cpu         ] GC(181) User=0.08s Sys=0.00s Real=0.02s
[4294.729s][info ][safepoint      ] Leaving safepoint region
[4294.729s][info ][safepoint      ] Total time for which application threads were stopped: 0.0225987 seconds, Stopping threads took: 0.0000584 seconds
[4324.106s][info ][safepoint      ] Application time: 29.3773463 seconds
[4324.106s][info ][safepoint      ] Entering safepoint region: ParallelGCFailedAllocation
[4324.106s][info ][gc,start       ] GC(182) Pause Young (Allocation Failure)
[4324.127s][debug][gc,phases      ] GC(182) Scavenge 20.410ms
[4324.127s][debug][gc,ref         ] GC(182) Skipped phase1 of Reference Processing due to unavailable references
[4324.127s][debug][gc,ref         ] GC(182) Skipped phase2 of Reference Processing due to unavailable references
[4324.127s][debug][gc,ref         ] GC(182) Skipped phase3 of Reference Processing due to unavailable references
[4324.127s][debug][gc,phases      ] GC(182) Reference Processing 0.043ms
[4324.127s][debug][gc,phases      ] GC(182) Weak Processing 0.262ms
[4324.128s][debug][gc,phases      ] GC(182) Scrub String Table 0.791ms
[4324.128s][debug][gc,age         ] GC(182) Desired survivor size 90177536 bytes, new threshold 15 (max threshold 15)
[4324.128s][info ][gc,heap        ] GC(182) PSYoungGen: 1982225K->56496K(2006528K)
[4324.128s][info ][gc,heap        ] GC(182) ParOldGen: 353808K->366130K(477696K)
[4324.128s][info ][gc,metaspace   ] GC(182) Metaspace: 74907K->74907K(1118208K)
[4324.128s][info ][gc             ] GC(182) Pause Young (Allocation Failure) 2281M->412M(2426M) 21.680ms
[4324.128s][info ][gc,cpu         ] GC(182) User=0.08s Sys=0.00s Real=0.02s
[4324.128s][info ][safepoint      ] Leaving safepoint region
[4324.128s][info ][safepoint      ] Total time for which application threads were stopped: 0.0218881 seconds, Stopping threads took: 0.0000194 seconds
[4325.128s][info ][safepoint      ] Application time: 1.0000886 seconds
[4325.128s][info ][safepoint      ] Entering safepoint region: Cleanup
[4325.128s][info ][safepoint      ] Leaving safepoint region
[4325.128s][info ][safepoint      ] Total time for which application threads were stopped: 0.0001199 seconds, Stopping threads took: 0.0000163 seconds
[4326.129s][info ][safepoint      ] Application time: 1.0001425 seconds
[4326.129s][info ][safepoint      ] Entering safepoint region: Cleanup
[4326.129s][info ][safepoint      ] Leaving safepoint region
[4326.129s][info ][safepoint      ] Total time for which application threads were stopped: 0.0000851 seconds, Stopping threads took: 0.0000164 seconds
[4357.956s][info ][safepoint      ] Application time: 31.8271188 seconds
[4357.956s][info ][safepoint      ] Entering safepoint region: ParallelGCFailedAllocation
[4357.956s][info ][gc,start       ] GC(183) Pause Young (Allocation Failure)
[4357.971s][debug][gc,phases      ] GC(183) Scavenge 15.327ms
[4357.971s][debug][gc,ref         ] GC(183) Skipped phase1 of Reference Processing due to unavailable references
[4357.971s][debug][gc,ref         ] GC(183) Skipped phase2 of Reference Processing due to unavailable references
[4357.971s][debug][gc,ref         ] GC(183) Skipped phase3 of Reference Processing due to unavailable references
[4357.972s][debug][gc,phases      ] GC(183) Reference Processing 0.041ms
[4357.972s][debug][gc,phases      ] GC(183) Weak Processing 0.248ms
[4357.973s][debug][gc,phases      ] GC(183) Scrub String Table 0.773ms
[4357.973s][debug][gc,age         ] GC(183) Desired survivor size 88080384 bytes, new threshold 15 (max threshold 15)
[4357.973s][info ][gc,heap        ] GC(183) PSYoungGen: 1972400K->53184K(2011136K)
[4357.973s][info ][gc,heap        ] GC(183) ParOldGen: 366130K->369683K(477696K)
[4357.973s][info ][gc,metaspace   ] GC(183) Metaspace: 74908K->74908K(1118208K)
[4357.973s][info ][gc             ] GC(183) Pause Young (Allocation Failure) 2283M->412M(2430M) 16.574ms
[4357.973s][info ][gc,cpu         ] GC(183) User=0.06s Sys=0.00s Real=0.02s
[4357.973s][info ][safepoint      ] Leaving safepoint region
[4357.973s][info ][safepoint      ] Total time for which application threads were stopped: 0.0167921 seconds, Stopping threads took: 0.0000224 seconds
[4381.613s][info ][safepoint      ] Application time: 23.6406914 seconds
[4381.614s][info ][safepoint      ] Entering safepoint region: RevokeBias
[4381.614s][info ][safepoint      ] Leaving safepoint region
[4381.614s][info ][safepoint      ] Total time for which application threads were stopped: 0.0001622 seconds, Stopping threads took: 0.0000924 seconds
[4387.323s][info ][safepoint      ] Application time: 5.7098185 seconds
[4387.323s][info ][safepoint      ] Entering safepoint region: RevokeBias
[4387.324s][info ][safepoint      ] Leaving safepoint region
[4387.324s][info ][safepoint      ] Total time for which application threads were stopped: 0.0000823 seconds, Stopping threads took: 0.0000178 seconds
[4392.905s][info ][safepoint      ] Application time: 5.5811579 seconds
[4392.905s][info ][safepoint      ] Entering safepoint region: ParallelGCFailedAllocation
[4392.905s][info ][gc,start       ] GC(184) Pause Young (Allocation Failure)
[4392.919s][debug][gc,phases      ] GC(184) Scavenge 14.129ms
[4392.919s][debug][gc,ref         ] GC(184) Skipped phase1 of Reference Processing due to unavailable references
[4392.919s][debug][gc,ref         ] GC(184) Skipped phase2 of Reference Processing due to unavailable references
[4392.919s][debug][gc,ref         ] GC(184) Skipped phase3 of Reference Processing due to unavailable references
[4392.919s][debug][gc,phases      ] GC(184) Reference Processing 0.040ms
[4392.919s][debug][gc,phases      ] GC(184) Weak Processing 0.314ms
[4392.920s][debug][gc,phases      ] GC(184) Scrub String Table 0.756ms
[4392.920s][debug][gc,age         ] GC(184) Desired survivor size 87031808 bytes, new threshold 15 (max threshold 15)
[4392.920s][info ][gc,heap        ] GC(184) PSYoungGen: 1976256K->46272K(2009088K)
[4392.920s][info ][gc,heap        ] GC(184) ParOldGen: 369683K->376765K(477696K)
[4392.920s][info ][gc,metaspace   ] GC(184) Metaspace: 74908K->74908K(1118208K)
[4392.920s][info ][gc             ] GC(184) Pause Young (Allocation Failure) 2290M->413M(2428M) 15.426ms
[4392.920s][info ][gc,cpu         ] GC(184) User=0.06s Sys=0.00s Real=0.01s
[4392.920s][info ][safepoint      ] Leaving safepoint region
[4392.920s][info ][safepoint      ] Total time for which application threads were stopped: 0.0156659 seconds, Stopping threads took: 0.0000369 seconds
[4412.932s][info ][safepoint      ] Application time: 20.0115477 seconds
[4412.932s][info ][safepoint      ] Entering safepoint region: Cleanup
[4412.932s][info ][safepoint      ] Leaving safepoint region
[4412.932s][info ][safepoint      ] Total time for which application threads were stopped: 0.0001022 seconds, Stopping threads took: 0.0000177 seconds
[4420.405s][info ][safepoint      ] Application time: 7.4724938 seconds
[4420.405s][info ][safepoint      ] Entering safepoint region: ParallelGCFailedAllocation
[4420.405s][info ][gc,start       ] GC(185) Pause Young (Allocation Failure)
[4420.418s][debug][gc,phases      ] GC(185) Scavenge 13.570ms
[4420.418s][debug][gc,ref         ] GC(185) Skipped phase1 of Reference Processing due to unavailable references
[4420.418s][debug][gc,ref         ] GC(185) Skipped phase2 of Reference Processing due to unavailable references
[4420.418s][debug][gc,ref         ] GC(185) Skipped phase3 of Reference Processing due to unavailable references
[4420.418s][debug][gc,phases      ] GC(185) Reference Processing 0.042ms
[4420.419s][debug][gc,phases      ] GC(185) Weak Processing 0.271ms
[4420.420s][debug][gc,phases      ] GC(185) Scrub String Table 0.855ms
[4420.420s][debug][gc,age         ] GC(185) Desired survivor size 85983232 bytes, new threshold 15 (max threshold 15)
[4420.420s][info ][gc,heap        ] GC(185) PSYoungGen: 1969344K->44800K(2013184K)
[4420.420s][info ][gc,heap        ] GC(185) ParOldGen: 376765K->381579K(477696K)
[4420.420s][info ][gc,metaspace   ] GC(185) Metaspace: 74914K->74914K(1118208K)
[4420.420s][info ][gc             ] GC(185) Pause Young (Allocation Failure) 2291M->416M(2432M) 14.900ms
[4420.420s][info ][gc,cpu         ] GC(185) User=0.05s Sys=0.00s Real=0.01s
[4420.420s][info ][safepoint      ] Leaving safepoint region
[4420.420s][info ][safepoint      ] Total time for which application threads were stopped: 0.0151189 seconds, Stopping threads took: 0.0000173 seconds
[4426.420s][info ][safepoint      ] Application time: 6.0005632 seconds
[4426.420s][info ][safepoint      ] Entering safepoint region: Cleanup
[4426.421s][info ][safepoint      ] Leaving safepoint region
[4426.421s][info ][safepoint      ] Total time for which application threads were stopped: 0.0001071 seconds, Stopping threads took: 0.0000350 seconds
[4436.421s][info ][safepoint      ] Application time: 10.0009570 seconds
[4436.422s][info ][safepoint      ] Entering safepoint region: Cleanup
[4436.422s][info ][safepoint      ] Leaving safepoint region
[4436.422s][info ][safepoint      ] Total time for which application threads were stopped: 0.0000895 seconds, Stopping threads took: 0.0000187 seconds
[4437.951s][info ][safepoint      ] Application time: 1.5296075 seconds
[4437.951s][info ][safepoint      ] Entering safepoint region: RevokeBias
[4437.951s][info ][safepoint      ] Leaving safepoint region
[4437.951s][info ][safepoint      ] Total time for which application threads were stopped: 0.0001868 seconds, Stopping threads took: 0.0000781 seconds
[4438.952s][info ][safepoint      ] Application time: 1.0000943 seconds
[4438.952s][info ][safepoint      ] Entering safepoint region: Cleanup
[4438.952s][info ][safepoint      ] Leaving safepoint region
[4438.952s][info ][safepoint      ] Total time for which application threads were stopped: 0.0001248 seconds, Stopping threads took: 0.0000185 seconds
[4441.952s][info ][safepoint      ] Application time: 3.0003369 seconds
[4441.952s][info ][safepoint      ] Entering safepoint region: Cleanup
[4441.952s][info ][safepoint      ] Leaving safepoint region
[4441.952s][info ][safepoint      ] Total time for which application threads were stopped: 0.0002752 seconds, Stopping threads took: 0.0001707 seconds
[4449.216s][info ][safepoint      ] Application time: 7.2638053 seconds
[4449.216s][info ][safepoint      ] Entering safepoint region: ParallelGCFailedAllocation
[4449.216s][info ][gc,start       ] GC(186) Pause Young (Allocation Failure)
[4449.245s][debug][gc,phases      ] GC(186) Scavenge 28.555ms
[4449.245s][debug][gc,ref         ] GC(186) Skipped phase1 of Reference Processing due to unavailable references
[4449.245s][debug][gc,ref         ] GC(186) Skipped phase3 of Reference Processing due to unavailable references
[4449.245s][debug][gc,phases      ] GC(186) Reference Processing 0.040ms
[4449.245s][debug][gc,phases      ] GC(186) Weak Processing 0.137ms
[4449.246s][debug][gc,phases      ] GC(186) Scrub String Table 0.441ms
[4449.246s][debug][gc,age         ] GC(186) Desired survivor size 84934656 bytes, new threshold 15 (max threshold 15)
[4449.246s][info ][gc,heap        ] GC(186) PSYoungGen: 1972992K->45440K(2012160K)
[4449.246s][info ][gc,heap        ] GC(186) ParOldGen: 381579K->384158K(477696K)
[4449.246s][info ][gc,metaspace   ] GC(186) Metaspace: 74921K->74921K(1118208K)
[4449.246s][info ][gc             ] GC(186) Pause Young (Allocation Failure) 2299M->419M(2431M) 29.337ms
[4449.246s][info ][gc,cpu         ] GC(186) User=0.10s Sys=0.00s Real=0.03s
[4449.246s][info ][safepoint      ] Leaving safepoint region
[4449.246s][info ][safepoint      ] Total time for which application threads were stopped: 0.0295702 seconds, Stopping threads took: 0.0000201 seconds
[4462.247s][info ][safepoint      ] Application time: 13.0011249 seconds
[4462.247s][info ][safepoint      ] Entering safepoint region: Cleanup
[4462.247s][info ][safepoint      ] Leaving safepoint region
[4462.247s][info ][safepoint      ] Total time for which application threads were stopped: 0.0001016 seconds, Stopping threads took: 0.0000204 seconds
[4474.248s][info ][safepoint      ] Application time: 12.0012656 seconds
[4474.249s][info ][safepoint      ] Entering safepoint region: Cleanup
[4474.249s][info ][safepoint      ] Leaving safepoint region
[4474.249s][info ][safepoint      ] Total time for which application threads were stopped: 0.0003733 seconds, Stopping threads took: 0.0002376 seconds
[4478.457s][info ][safepoint      ] Application time: 4.2077973 seconds
[4478.457s][info ][safepoint      ] Entering safepoint region: ParallelGCFailedAllocation
[4478.457s][info ][gc,start       ] GC(187) Pause Young (Allocation Failure)
[4478.471s][debug][gc,phases      ] GC(187) Scavenge 14.231ms
[4478.471s][debug][gc,ref         ] GC(187) Skipped phase1 of Reference Processing due to unavailable references
[4478.471s][debug][gc,ref         ] GC(187) Skipped phase3 of Reference Processing due to unavailable references
[4478.471s][debug][gc,phases      ] GC(187) Reference Processing 0.038ms
[4478.471s][debug][gc,phases      ] GC(187) Weak Processing 0.225ms
[4478.472s][debug][gc,phases      ] GC(187) Scrub String Table 0.808ms
[4478.472s][debug][gc,age         ] GC(187) Desired survivor size 83886080 bytes, new threshold 15 (max threshold 15)
[4478.472s][info ][gc,heap        ] GC(187) PSYoungGen: 1973632K->42016K(2015232K)
[4478.472s][info ][gc,heap        ] GC(187) ParOldGen: 384158K->392322K(477696K)
[4478.472s][info ][gc,metaspace   ] GC(187) Metaspace: 74925K->74925K(1118208K)
[4478.472s][info ][gc             ] GC(187) Pause Young (Allocation Failure) 2302M->424M(2434M) 15.472ms
[4478.472s][info ][gc,cpu         ] GC(187) User=0.06s Sys=0.00s Real=0.01s
[4478.472s][info ][safepoint      ] Leaving safepoint region
[4478.472s][info ][safepoint      ] Total time for which application threads were stopped: 0.0156695 seconds, Stopping threads took: 0.0000182 seconds
[4479.472s][info ][safepoint      ] Application time: 1.0000865 seconds
[4479.472s][info ][safepoint      ] Entering safepoint region: Cleanup
[4479.473s][info ][safepoint      ] Leaving safepoint region
[4479.473s][info ][safepoint      ] Total time for which application threads were stopped: 0.0001275 seconds, Stopping threads took: 0.0000322 seconds
[4487.473s][info ][safepoint      ] Application time: 8.0008437 seconds
[4487.474s][info ][safepoint      ] Entering safepoint region: Cleanup
[4487.474s][info ][safepoint      ] Leaving safepoint region
[4487.474s][info ][safepoint      ] Total time for which application threads were stopped: 0.0001695 seconds, Stopping threads took: 0.0000806 seconds
[4488.474s][info ][safepoint      ] Application time: 1.0000998 seconds
[4488.474s][info ][safepoint      ] Entering safepoint region: Cleanup
[4488.474s][info ][safepoint      ] Leaving safepoint region
[4488.474s][info ][safepoint      ] Total time for which application threads were stopped: 0.0001667 seconds, Stopping threads took: 0.0000771 seconds
[4500.475s][info ][safepoint      ] Application time: 12.0011941 seconds
[4500.475s][info ][safepoint      ] Entering safepoint region: Cleanup
[4500.475s][info ][safepoint      ] Leaving safepoint region
[4500.475s][info ][safepoint      ] Total time for which application threads were stopped: 0.0001118 seconds, Stopping threads took: 0.0000335 seconds
[4501.475s][info ][safepoint      ] Application time: 1.0001270 seconds
[4501.475s][info ][safepoint      ] Entering safepoint region: Cleanup
[4501.476s][info ][safepoint      ] Leaving safepoint region
[4501.476s][info ][safepoint      ] Total time for which application threads were stopped: 0.0000948 seconds, Stopping threads took: 0.0000182 seconds
[4504.414s][info ][safepoint      ] Application time: 2.9386241 seconds
[4504.414s][info ][safepoint      ] Entering safepoint region: ParallelGCFailedAllocation
[4504.414s][info ][gc,start       ] GC(188) Pause Young (Allocation Failure)
[4504.427s][debug][gc,phases      ] GC(188) Scavenge 12.762ms
[4504.427s][debug][gc,ref         ] GC(188) Skipped phase1 of Reference Processing due to unavailable references
[4504.427s][debug][gc,ref         ] GC(188) Skipped phase3 of Reference Processing due to unavailable references
[4504.427s][debug][gc,phases      ] GC(188) Reference Processing 0.036ms
[4504.427s][debug][gc,phases      ] GC(188) Weak Processing 0.134ms
[4504.428s][debug][gc,phases      ] GC(188) Scrub String Table 0.441ms
[4504.428s][debug][gc,age         ] GC(188) Desired survivor size 82837504 bytes, new threshold 15 (max threshold 15)
[4504.428s][info ][gc,heap        ] GC(188) PSYoungGen: 1974304K->42913K(2014208K)
[4504.428s][info ][gc,heap        ] GC(188) ParOldGen: 392322K->396559K(477696K)
[4504.428s][info ][gc,metaspace   ] GC(188) Metaspace: 74937K->74937K(1118208K)
[4504.428s][info ][gc             ] GC(188) Pause Young (Allocation Failure) 2311M->429M(2433M) 13.551ms
[4504.428s][info ][gc,cpu         ] GC(188) User=0.05s Sys=0.00s Real=0.01s
[4504.428s][info ][safepoint      ] Leaving safepoint region
[4504.428s][info ][safepoint      ] Total time for which application threads were stopped: 0.0137332 seconds, Stopping threads took: 0.0000190 seconds
[4512.982s][info ][safepoint      ] Application time: 8.5539011 seconds
[4512.982s][info ][safepoint      ] Entering safepoint region: RevokeBias
[4512.982s][info ][safepoint      ] Leaving safepoint region
[4512.982s][info ][safepoint      ] Total time for which application threads were stopped: 0.0001344 seconds, Stopping threads took: 0.0000176 seconds
[4513.982s][info ][safepoint      ] Application time: 1.0000922 seconds
[4513.982s][info ][safepoint      ] Entering safepoint region: Cleanup
[4513.982s][info ][safepoint      ] Leaving safepoint region
[4513.982s][info ][safepoint      ] Total time for which application threads were stopped: 0.0001114 seconds, Stopping threads took: 0.0000180 seconds
[4515.983s][info ][safepoint      ] Application time: 2.0003564 seconds
[4515.983s][info ][safepoint      ] Entering safepoint region: Cleanup
[4515.983s][info ][safepoint      ] Leaving safepoint region
[4515.983s][info ][safepoint      ] Total time for which application threads were stopped: 0.0001150 seconds, Stopping threads took: 0.0000434 seconds
[4519.983s][info ][safepoint      ] Application time: 4.0003277 seconds
[4519.983s][info ][safepoint      ] Entering safepoint region: Cleanup
[4519.983s][info ][safepoint      ] Leaving safepoint region
[4519.983s][info ][safepoint      ] Total time for which application threads were stopped: 0.0001158 seconds, Stopping threads took: 0.0000195 seconds
[4521.983s][info ][safepoint      ] Application time: 2.0001984 seconds
[4521.983s][info ][safepoint      ] Entering safepoint region: Cleanup
[4521.984s][info ][safepoint      ] Leaving safepoint region
[4521.984s][info ][safepoint      ] Total time for which application threads were stopped: 0.0001123 seconds, Stopping threads took: 0.0000198 seconds
[4522.984s][info ][safepoint      ] Application time: 1.0000877 seconds
[4522.984s][info ][safepoint      ] Entering safepoint region: Cleanup
[4522.984s][info ][safepoint      ] Leaving safepoint region
[4522.984s][info ][safepoint      ] Total time for which application threads were stopped: 0.0002121 seconds, Stopping threads took: 0.0000210 seconds
[4525.984s][info ][safepoint      ] Application time: 3.0003285 seconds
[4525.984s][info ][safepoint      ] Entering safepoint region: Cleanup
[4525.984s][info ][safepoint      ] Leaving safepoint region
[4525.984s][info ][safepoint      ] Total time for which application threads were stopped: 0.0000923 seconds, Stopping threads took: 0.0000174 seconds
[4529.985s][info ][safepoint      ] Application time: 4.0003861 seconds
[4529.985s][info ][safepoint      ] Entering safepoint region: Cleanup
[4529.985s][info ][safepoint      ] Leaving safepoint region
[4529.985s][info ][safepoint      ] Total time for which application threads were stopped: 0.0001102 seconds, Stopping threads took: 0.0000172 seconds
[4531.755s][info ][safepoint      ] Application time: 1.7702705 seconds
[4531.755s][info ][safepoint      ] Entering safepoint region: ParallelGCFailedAllocation
[4531.755s][info ][gc,start       ] GC(189) Pause Young (Allocation Failure)
[4531.769s][debug][gc,phases      ] GC(189) Scavenge 13.679ms
[4531.769s][debug][gc,ref         ] GC(189) Skipped phase1 of Reference Processing due to unavailable references
[4531.769s][debug][gc,ref         ] GC(189) Skipped phase3 of Reference Processing due to unavailable references
[4531.769s][debug][gc,phases      ] GC(189) Reference Processing 0.038ms
[4531.769s][debug][gc,phases      ] GC(189) Weak Processing 0.261ms
[4531.770s][debug][gc,phases      ] GC(189) Scrub String Table 0.851ms
[4531.770s][debug][gc,age         ] GC(189) Desired survivor size 82313216 bytes, new threshold 15 (max threshold 15)
[4531.770s][info ][gc,heap        ] GC(189) PSYoungGen: 1975201K->39632K(2016768K)
[4531.770s][info ][gc,heap        ] GC(189) ParOldGen: 396559K->400699K(477696K)
[4531.770s][info ][gc,metaspace   ] GC(189) Metaspace: 74938K->74938K(1118208K)
[4531.770s][info ][gc             ] GC(189) Pause Young (Allocation Failure) 2316M->430M(2436M) 14.991ms
[4531.770s][info ][gc,cpu         ] GC(189) User=0.05s Sys=0.00s Real=0.01s
[4531.770s][info ][safepoint      ] Leaving safepoint region
[4531.770s][info ][safepoint      ] Total time for which application threads were stopped: 0.0151962 seconds, Stopping threads took: 0.0000194 seconds
[4532.771s][info ][safepoint      ] Application time: 1.0000871 seconds
[4532.771s][info ][safepoint      ] Entering safepoint region: Cleanup
[4532.771s][info ][safepoint      ] Leaving safepoint region
[4532.771s][info ][safepoint      ] Total time for which application threads were stopped: 0.0001129 seconds, Stopping threads took: 0.0000345 seconds
[4533.771s][info ][safepoint      ] Application time: 1.0001254 seconds
[4533.771s][info ][safepoint      ] Entering safepoint region: Cleanup
[4533.771s][info ][safepoint      ] Leaving safepoint region
[4533.771s][info ][safepoint      ] Total time for which application threads were stopped: 0.0000949 seconds, Stopping threads took: 0.0000194 seconds
[4539.772s][info ][safepoint      ] Application time: 6.0006263 seconds
[4539.772s][info ][safepoint      ] Entering safepoint region: Cleanup
[4539.772s][info ][safepoint      ] Leaving safepoint region
[4539.772s][info ][safepoint      ] Total time for which application threads were stopped: 0.0000954 seconds, Stopping threads took: 0.0000191 seconds
[4543.772s][info ][safepoint      ] Application time: 4.0003951 seconds
[4543.772s][info ][safepoint      ] Entering safepoint region: Cleanup
[4543.772s][info ][safepoint      ] Leaving safepoint region
[4543.772s][info ][safepoint      ] Total time for which application threads were stopped: 0.0001084 seconds, Stopping threads took: 0.0000187 seconds
[4549.773s][info ][safepoint      ] Application time: 6.0006582 seconds
[4549.773s][info ][safepoint      ] Entering safepoint region: Cleanup
[4549.773s][info ][safepoint      ] Leaving safepoint region
[4549.773s][info ][safepoint      ] Total time for which application threads were stopped: 0.0001531 seconds, Stopping threads took: 0.0000483 seconds
[4563.453s][info ][safepoint      ] Application time: 13.6800318 seconds
[4563.453s][info ][safepoint      ] Entering safepoint region: ParallelGCFailedAllocation
[4563.453s][info ][gc,start       ] GC(190) Pause Young (Allocation Failure)
[4563.466s][debug][gc,phases      ] GC(190) Scavenge 12.318ms
[4563.466s][debug][gc,ref         ] GC(190) Skipped phase1 of Reference Processing due to unavailable references
[4563.466s][debug][gc,ref         ] GC(190) Skipped phase3 of Reference Processing due to unavailable references
[4563.466s][debug][gc,phases      ] GC(190) Reference Processing 0.036ms
[4563.466s][debug][gc,phases      ] GC(190) Weak Processing 0.127ms
[4563.466s][debug][gc,phases      ] GC(190) Scrub String Table 0.530ms
[4563.466s][debug][gc,age         ] GC(190) Desired survivor size 81788928 bytes, new threshold 15 (max threshold 15)
[4563.466s][info ][gc,heap        ] GC(190) PSYoungGen: 1975504K->35328K(2016256K)
[4563.466s][info ][gc,heap        ] GC(190) ParOldGen: 400699K->405348K(477696K)
[4563.466s][info ][gc,metaspace   ] GC(190) Metaspace: 74941K->74941K(1118208K)
[4563.467s][info ][gc             ] GC(190) Pause Young (Allocation Failure) 2320M->430M(2435M) 13.159ms
[4563.467s][info ][gc,cpu         ] GC(190) User=0.05s Sys=0.00s Real=0.01s
[4563.467s][info ][safepoint      ] Leaving safepoint region
[4563.467s][info ][safepoint      ] Total time for which application threads were stopped: 0.0133524 seconds, Stopping threads took: 0.0000327 seconds
[4569.467s][info ][safepoint      ] Application time: 6.0005721 seconds
[4569.467s][info ][safepoint      ] Entering safepoint region: Cleanup
[4569.467s][info ][safepoint      ] Leaving safepoint region
[4569.467s][info ][safepoint      ] Total time for which application threads were stopped: 0.0000885 seconds, Stopping threads took: 0.0000183 seconds
[4572.568s][info ][safepoint      ] Application time: 3.1008746 seconds
[4572.568s][info ][safepoint      ] Entering safepoint region: RevokeBias
[4572.568s][info ][safepoint      ] Leaving safepoint region
[4572.568s][info ][safepoint      ] Total time for which application threads were stopped: 0.0001790 seconds, Stopping threads took: 0.0000865 seconds
[4572.580s][info ][safepoint      ] Application time: 0.0116008 seconds
[4572.580s][info ][safepoint      ] Entering safepoint region: RevokeBias
[4572.580s][info ][safepoint      ] Leaving safepoint region
[4572.580s][info ][safepoint      ] Total time for which application threads were stopped: 0.0000542 seconds, Stopping threads took: 0.0000102 seconds
[4573.780s][info ][safepoint      ] Application time: 1.2004492 seconds
[4573.781s][info ][safepoint      ] Entering safepoint region: RevokeBias
[4573.781s][info ][safepoint      ] Leaving safepoint region
[4573.781s][info ][safepoint      ] Total time for which application threads were stopped: 0.0001205 seconds, Stopping threads took: 0.0000182 seconds
[4587.784s][info ][safepoint      ] Application time: 14.0030549 seconds
[4587.784s][info ][safepoint      ] Entering safepoint region: Cleanup
[4587.784s][info ][safepoint      ] Leaving safepoint region
[4587.784s][info ][safepoint      ] Total time for which application threads were stopped: 0.0001181 seconds, Stopping threads took: 0.0000352 seconds
[4593.806s][info ][safepoint      ] Application time: 6.0219551 seconds
[4593.806s][info ][safepoint      ] Entering safepoint region: ParallelGCFailedAllocation
[4593.806s][info ][gc,start       ] GC(191) Pause Young (Allocation Failure)
[4593.818s][debug][gc,phases      ] GC(191) Scavenge 11.534ms
[4593.818s][debug][gc,ref         ] GC(191) Skipped phase1 of Reference Processing due to unavailable references
[4593.818s][debug][gc,ref         ] GC(191) Skipped phase3 of Reference Processing due to unavailable references
[4593.818s][debug][gc,ref         ] GC(191) Skipped phase4 of Reference Processing due to unavailable references
[4593.818s][debug][gc,phases      ] GC(191) Reference Processing 0.038ms
[4593.818s][debug][gc,phases      ] GC(191) Weak Processing 0.129ms
[4593.818s][debug][gc,phases      ] GC(191) Scrub String Table 0.491ms
[4593.818s][debug][gc,age         ] GC(191) Desired survivor size 81264640 bytes, new threshold 15 (max threshold 15)
[4593.818s][info ][gc,heap        ] GC(191) PSYoungGen: 1971200K->35168K(2017792K)
[4593.818s][info ][gc,heap        ] GC(191) ParOldGen: 405348K->405468K(477696K)
[4593.818s][info ][gc,metaspace   ] GC(191) Metaspace: 74942K->74942K(1118208K)
[4593.818s][info ][gc             ] GC(191) Pause Young (Allocation Failure) 2320M->430M(2437M) 12.351ms
[4593.818s][info ][gc,cpu         ] GC(191) User=0.05s Sys=0.00s Real=0.01s
[4593.818s][info ][safepoint      ] Leaving safepoint region
[4593.818s][info ][safepoint      ] Total time for which application threads were stopped: 0.0126110 seconds, Stopping threads took: 0.0000611 seconds
[4614.821s][info ][safepoint      ] Application time: 21.0020353 seconds
[4614.821s][info ][safepoint      ] Entering safepoint region: Cleanup
[4614.821s][info ][safepoint      ] Leaving safepoint region
[4614.821s][info ][safepoint      ] Total time for which application threads were stopped: 0.0000965 seconds, Stopping threads took: 0.0000179 seconds
[4615.821s][info ][safepoint      ] Application time: 1.0001572 seconds
[4615.821s][info ][safepoint      ] Entering safepoint region: Cleanup
[4615.821s][info ][safepoint      ] Leaving safepoint region
[4615.821s][info ][safepoint      ] Total time for which application threads were stopped: 0.0001232 seconds, Stopping threads took: 0.0000185 seconds
[4621.822s][info ][safepoint      ] Application time: 6.0007032 seconds
[4621.822s][info ][safepoint      ] Entering safepoint region: Cleanup
[4621.822s][info ][safepoint      ] Leaving safepoint region
[4621.822s][info ][safepoint      ] Total time for which application threads were stopped: 0.0000887 seconds, Stopping threads took: 0.0000182 seconds
[4622.465s][info ][safepoint      ] Application time: 0.6433659 seconds
[4622.465s][info ][safepoint      ] Entering safepoint region: ParallelGCFailedAllocation
[4622.465s][info ][gc,start       ] GC(192) Pause Young (Allocation Failure)
[4622.477s][debug][gc,phases      ] GC(192) Scavenge 11.838ms
[4622.477s][debug][gc,ref         ] GC(192) Skipped phase1 of Reference Processing due to unavailable references
[4622.477s][debug][gc,ref         ] GC(192) Skipped phase3 of Reference Processing due to unavailable references
[4622.477s][debug][gc,phases      ] GC(192) Reference Processing 0.037ms
[4622.478s][debug][gc,phases      ] GC(192) Weak Processing 0.228ms
[4622.478s][debug][gc,phases      ] GC(192) Scrub String Table 0.832ms
[4622.478s][debug][gc,age         ] GC(192) Desired survivor size 79691776 bytes, new threshold 15 (max threshold 15)
[4622.478s][info ][gc,heap        ] GC(192) PSYoungGen: 1973088K->37761K(2017280K)
[4622.478s][info ][gc,heap        ] GC(192) ParOldGen: 405468K->405588K(477696K)
[4622.478s][info ][gc,metaspace   ] GC(192) Metaspace: 74942K->74942K(1118208K)
[4622.478s][info ][gc             ] GC(192) Pause Young (Allocation Failure) 2322M->432M(2436M) 13.100ms
[4622.479s][info ][gc,cpu         ] GC(192) User=0.05s Sys=0.00s Real=0.01s
[4622.479s][info ][safepoint      ] Leaving safepoint region
[4622.479s][info ][safepoint      ] Total time for which application threads were stopped: 0.0132886 seconds, Stopping threads took: 0.0000171 seconds
[4623.479s][info ][safepoint      ] Application time: 1.0001373 seconds
[4623.479s][info ][safepoint      ] Entering safepoint region: Cleanup
[4623.479s][info ][safepoint      ] Leaving safepoint region
[4623.479s][info ][safepoint      ] Total time for which application threads were stopped: 0.0000842 seconds, Stopping threads took: 0.0000168 seconds
[4629.479s][info ][safepoint      ] Application time: 6.0005126 seconds
[4629.479s][info ][safepoint      ] Entering safepoint region: Cleanup
[4629.479s][info ][safepoint      ] Leaving safepoint region
[4629.479s][info ][safepoint      ] Total time for which application threads were stopped: 0.0001038 seconds, Stopping threads took: 0.0000155 seconds
[4635.480s][info ][safepoint      ] Application time: 6.0006294 seconds
[4635.480s][info ][safepoint      ] Entering safepoint region: Cleanup
[4635.480s][info ][safepoint      ] Leaving safepoint region
[4635.480s][info ][safepoint      ] Total time for which application threads were stopped: 0.0000913 seconds, Stopping threads took: 0.0000172 seconds
[4647.715s][info ][safepoint      ] Application time: 12.2344479 seconds
[4647.715s][info ][safepoint      ] Entering safepoint region: ParallelGCFailedAllocation
[4647.715s][info ][gc,start       ] GC(193) Pause Young (Allocation Failure)
[4647.729s][debug][gc,phases      ] GC(193) Scavenge 13.593ms
[4647.729s][debug][gc,ref         ] GC(193) Skipped phase1 of Reference Processing due to unavailable references
[4647.729s][debug][gc,ref         ] GC(193) Skipped phase3 of Reference Processing due to unavailable references
[4647.729s][debug][gc,phases      ] GC(193) Reference Processing 0.051ms
[4647.729s][debug][gc,phases      ] GC(193) Weak Processing 0.246ms
[4647.730s][debug][gc,phases      ] GC(193) Scrub String Table 0.916ms
[4647.730s][debug][gc,age         ] GC(193) Desired survivor size 78643200 bytes, new threshold 15 (max threshold 15)
[4647.730s][info ][gc,heap        ] GC(193) PSYoungGen: 1975681K->36145K(2020352K)
[4647.730s][info ][gc,heap        ] GC(193) ParOldGen: 405588K->410439K(477696K)
[4647.730s][info ][gc,metaspace   ] GC(193) Metaspace: 74942K->74942K(1118208K)
[4647.730s][info ][gc             ] GC(193) Pause Young (Allocation Failure) 2325M->436M(2439M) 14.962ms
[4647.730s][info ][gc,cpu         ] GC(193) User=0.06s Sys=0.00s Real=0.01s
[4647.730s][info ][safepoint      ] Leaving safepoint region
[4647.730s][info ][safepoint      ] Total time for which application threads were stopped: 0.0151635 seconds, Stopping threads took: 0.0000177 seconds
[4649.730s][info ][safepoint      ] Application time: 2.0002555 seconds
[4649.730s][info ][safepoint      ] Entering safepoint region: Cleanup
[4649.730s][info ][safepoint      ] Leaving safepoint region
[4649.730s][info ][safepoint      ] Total time for which application threads were stopped: 0.0000907 seconds, Stopping threads took: 0.0000184 seconds
[4653.731s][info ][safepoint      ] Application time: 4.0003966 seconds
[4653.731s][info ][safepoint      ] Entering safepoint region: Cleanup
[4653.731s][info ][safepoint      ] Leaving safepoint region
[4653.731s][info ][safepoint      ] Total time for which application threads were stopped: 0.0000930 seconds, Stopping threads took: 0.0000178 seconds
[4655.731s][info ][safepoint      ] Application time: 2.0001903 seconds
[4655.731s][info ][safepoint      ] Entering safepoint region: Cleanup
[4655.731s][info ][safepoint      ] Leaving safepoint region
[4655.731s][info ][safepoint      ] Total time for which application threads were stopped: 0.0001070 seconds, Stopping threads took: 0.0000190 seconds
[4657.731s][info ][safepoint      ] Application time: 2.0001567 seconds
[4657.731s][info ][safepoint      ] Entering safepoint region: Cleanup
[4657.732s][info ][safepoint      ] Leaving safepoint region
[4657.732s][info ][safepoint      ] Total time for which application threads were stopped: 0.0000863 seconds, Stopping threads took: 0.0000184 seconds
[4664.732s][info ][safepoint      ] Application time: 7.0007377 seconds
[4664.732s][info ][safepoint      ] Entering safepoint region: Cleanup
[4664.732s][info ][safepoint      ] Leaving safepoint region
[4664.732s][info ][safepoint      ] Total time for which application threads were stopped: 0.0001112 seconds, Stopping threads took: 0.0000341 seconds
[4669.733s][info ][safepoint      ] Application time: 5.0005345 seconds
[4669.733s][info ][safepoint      ] Entering safepoint region: Cleanup
[4669.733s][info ][safepoint      ] Leaving safepoint region
[4669.733s][info ][safepoint      ] Total time for which application threads were stopped: 0.0001010 seconds, Stopping threads took: 0.0000302 seconds
[4672.018s][info ][safepoint      ] Application time: 2.2844976 seconds
[4672.018s][info ][safepoint      ] Entering safepoint region: ParallelGCFailedAllocation
[4672.018s][info ][gc,start       ] GC(194) Pause Young (Allocation Failure)
[4672.029s][debug][gc,phases      ] GC(194) Scavenge 11.309ms
[4672.029s][debug][gc,ref         ] GC(194) Skipped phase1 of Reference Processing due to unavailable references
[4672.029s][debug][gc,ref         ] GC(194) Skipped phase3 of Reference Processing due to unavailable references
[4672.029s][debug][gc,phases      ] GC(194) Reference Processing 0.049ms
[4672.029s][debug][gc,phases      ] GC(194) Weak Processing 0.130ms
[4672.030s][debug][gc,phases      ] GC(194) Scrub String Table 0.708ms
[4672.030s][debug][gc,age         ] GC(194) Desired survivor size 76546048 bytes, new threshold 15 (max threshold 15)
[4672.030s][info ][gc,heap        ] GC(194) PSYoungGen: 1978673K->37841K(2019328K)
[4672.030s][info ][gc,heap        ] GC(194) ParOldGen: 410439K->410591K(477696K)
[4672.030s][info ][gc,metaspace   ] GC(194) Metaspace: 74948K->74948K(1118208K)
[4672.030s][info ][gc             ] GC(194) Pause Young (Allocation Failure) 2333M->437M(2438M) 12.426ms
[4672.030s][info ][gc,cpu         ] GC(194) User=0.04s Sys=0.00s Real=0.01s
[4672.030s][info ][safepoint      ] Leaving safepoint region
[4672.030s][info ][safepoint      ] Total time for which application threads were stopped: 0.0126187 seconds, Stopping threads took: 0.0000187 seconds
[4673.030s][info ][safepoint      ] Application time: 1.0000778 seconds
[4673.030s][info ][safepoint      ] Entering safepoint region: Cleanup
[4673.030s][info ][safepoint      ] Leaving safepoint region
[4673.031s][info ][safepoint      ] Total time for which application threads were stopped: 0.0000893 seconds, Stopping threads took: 0.0000181 seconds
[4675.031s][info ][safepoint      ] Application time: 2.0002211 seconds
[4675.031s][info ][safepoint      ] Entering safepoint region: Cleanup
[4675.031s][info ][safepoint      ] Leaving safepoint region
[4675.031s][info ][safepoint      ] Total time for which application threads were stopped: 0.0001534 seconds, Stopping threads took: 0.0000341 seconds
[4677.031s][info ][safepoint      ] Application time: 2.0002378 seconds
[4677.031s][info ][safepoint      ] Entering safepoint region: Cleanup
[4677.031s][info ][safepoint      ] Leaving safepoint region
[4677.031s][info ][safepoint      ] Total time for which application threads were stopped: 0.0000992 seconds, Stopping threads took: 0.0000187 seconds
[4687.032s][info ][safepoint      ] Application time: 10.0009264 seconds
[4687.032s][info ][safepoint      ] Entering safepoint region: Cleanup
[4687.032s][info ][safepoint      ] Leaving safepoint region
[4687.032s][info ][safepoint      ] Total time for which application threads were stopped: 0.0001116 seconds, Stopping threads took: 0.0000182 seconds
[4697.037s][info ][safepoint      ] Application time: 10.0044662 seconds
[4697.037s][info ][safepoint      ] Entering safepoint region: Cleanup
[4697.037s][info ][safepoint      ] Leaving safepoint region
[4697.037s][info ][safepoint      ] Total time for which application threads were stopped: 0.0001466 seconds, Stopping threads took: 0.0000409 seconds
[4697.384s][info ][safepoint      ] Application time: 0.3472673 seconds
[4697.384s][info ][safepoint      ] Entering safepoint region: ParallelGCFailedAllocation
[4697.385s][info ][gc,start       ] GC(195) Pause Young (Allocation Failure)
[4697.400s][debug][gc,phases      ] GC(195) Scavenge 15.774ms
[4697.400s][debug][gc,ref         ] GC(195) Skipped phase1 of Reference Processing due to unavailable references
[4697.400s][debug][gc,ref         ] GC(195) Skipped phase3 of Reference Processing due to unavailable references
[4697.400s][debug][gc,phases      ] GC(195) Reference Processing 0.037ms
[4697.401s][debug][gc,phases      ] GC(195) Weak Processing 0.147ms
[4697.401s][debug][gc,phases      ] GC(195) Scrub String Table 0.523ms
[4697.401s][debug][gc,age         ] GC(195) Desired survivor size 74973184 bytes, new threshold 15 (max threshold 15)
[4697.401s][info ][gc,heap        ] GC(195) PSYoungGen: 1980348K->37761K(2023936K)
[4697.401s][info ][gc,heap        ] GC(195) ParOldGen: 410591K->414256K(477696K)
[4697.401s][info ][gc,metaspace   ] GC(195) Metaspace: 74950K->74950K(1118208K)
[4697.401s][info ][gc             ] GC(195) Pause Young (Allocation Failure) 2334M->441M(2443M) 16.669ms
[4697.401s][info ][gc,cpu         ] GC(195) User=0.07s Sys=0.00s Real=0.02s
[4697.401s][info ][safepoint      ] Leaving safepoint region
[4697.401s][info ][safepoint      ] Total time for which application threads were stopped: 0.0168526 seconds, Stopping threads took: 0.0000184 seconds
[4701.402s][info ][safepoint      ] Application time: 4.0004874 seconds
[4701.402s][info ][safepoint      ] Entering safepoint region: Cleanup
[4701.402s][info ][safepoint      ] Leaving safepoint region
[4701.402s][info ][safepoint      ] Total time for which application threads were stopped: 0.0000945 seconds, Stopping threads took: 0.0000191 seconds
[4702.402s][info ][safepoint      ] Application time: 1.0001313 seconds
[4702.402s][info ][safepoint      ] Entering safepoint region: Cleanup
[4702.402s][info ][safepoint      ] Leaving safepoint region
[4702.402s][info ][safepoint      ] Total time for which application threads were stopped: 0.0001347 seconds, Stopping threads took: 0.0000569 seconds
[4703.402s][info ][safepoint      ] Application time: 1.0000786 seconds
[4703.402s][info ][safepoint      ] Entering safepoint region: Cleanup
[4703.402s][info ][safepoint      ] Leaving safepoint region
[4703.402s][info ][safepoint      ] Total time for which application threads were stopped: 0.0001484 seconds, Stopping threads took: 0.0000720 seconds
[4704.403s][info ][safepoint      ] Application time: 1.0001387 seconds
[4704.403s][info ][safepoint      ] Entering safepoint region: Cleanup
[4704.403s][info ][safepoint      ] Leaving safepoint region
[4704.403s][info ][safepoint      ] Total time for which application threads were stopped: 0.0001741 seconds, Stopping threads took: 0.0000912 seconds
[4711.404s][info ][safepoint      ] Application time: 7.0007598 seconds
[4711.404s][info ][safepoint      ] Entering safepoint region: Cleanup
[4711.404s][info ][safepoint      ] Leaving safepoint region
[4711.404s][info ][safepoint      ] Total time for which application threads were stopped: 0.0001467 seconds, Stopping threads took: 0.0000660 seconds
[4712.404s][info ][safepoint      ] Application time: 1.0000779 seconds
[4712.404s][info ][safepoint      ] Entering safepoint region: Cleanup
[4712.404s][info ][safepoint      ] Leaving safepoint region
[4712.404s][info ][safepoint      ] Total time for which application threads were stopped: 0.0001979 seconds, Stopping threads took: 0.0001169 seconds
[4721.915s][info ][safepoint      ] Application time: 9.5104968 seconds
[4721.915s][info ][safepoint      ] Entering safepoint region: ParallelGCFailedAllocation
[4721.915s][info ][gc,start       ] GC(196) Pause Young (Allocation Failure)
[4721.927s][debug][gc,phases      ] GC(196) Scavenge 12.008ms
[4721.927s][debug][gc,ref         ] GC(196) Skipped phase1 of Reference Processing due to unavailable references
[4721.927s][debug][gc,ref         ] GC(196) Skipped phase3 of Reference Processing due to unavailable references
[4721.927s][debug][gc,phases      ] GC(196) Reference Processing 0.039ms
[4721.927s][debug][gc,phases      ] GC(196) Weak Processing 0.252ms
[4721.928s][debug][gc,phases      ] GC(196) Scrub String Table 0.791ms
[4721.928s][debug][gc,age         ] GC(196) Desired survivor size 73400320 bytes, new threshold 15 (max threshold 15)
[4721.928s][info ][gc,heap        ] GC(196) PSYoungGen: 1986945K->36400K(2022400K)
[4721.928s][info ][gc,heap        ] GC(196) ParOldGen: 414256K->417726K(477696K)
[4721.928s][info ][gc,metaspace   ] GC(196) Metaspace: 74950K->74950K(1118208K)
[4721.928s][info ][gc             ] GC(196) Pause Young (Allocation Failure) 2344M->443M(2441M) 13.251ms
[4721.928s][info ][gc,cpu         ] GC(196) User=0.05s Sys=0.00s Real=0.01s
[4721.928s][info ][safepoint      ] Leaving safepoint region
[4721.928s][info ][safepoint      ] Total time for which application threads were stopped: 0.0134456 seconds, Stopping threads took: 0.0000183 seconds
[4744.407s][info ][safepoint      ] Application time: 22.4790385 seconds
[4744.407s][info ][safepoint      ] Entering safepoint region: RevokeBias
[4744.407s][info ][safepoint      ] Leaving safepoint region
[4744.407s][info ][safepoint      ] Total time for which application threads were stopped: 0.0002278 seconds, Stopping threads took: 0.0000746 seconds
[4749.715s][info ][safepoint      ] Application time: 5.3070745 seconds
[4749.715s][info ][safepoint      ] Entering safepoint region: ParallelGCFailedAllocation
[4749.715s][info ][gc,start       ] GC(197) Pause Young (Allocation Failure)
[4749.727s][debug][gc,phases      ] GC(197) Scavenge 11.872ms
[4749.727s][debug][gc,ref         ] GC(197) Skipped phase1 of Reference Processing due to unavailable references
[4749.727s][debug][gc,ref         ] GC(197) Skipped phase3 of Reference Processing due to unavailable references
[4749.727s][debug][gc,phases      ] GC(197) Reference Processing 0.036ms
[4749.727s][debug][gc,phases      ] GC(197) Weak Processing 0.139ms
[4749.727s][debug][gc,phases      ] GC(197) Scrub String Table 0.497ms
[4749.727s][debug][gc,age         ] GC(197) Desired survivor size 71827456 bytes, new threshold 15 (max threshold 15)
[4749.727s][info ][gc,heap        ] GC(197) PSYoungGen: 1985584K->36113K(2027008K)
[4749.727s][info ][gc,heap        ] GC(197) ParOldGen: 417726K->421292K(477696K)
[4749.727s][info ][gc,metaspace   ] GC(197) Metaspace: 74950K->74950K(1118208K)
[4749.727s][info ][gc             ] GC(197) Pause Young (Allocation Failure) 2346M->446M(2446M) 12.687ms
[4749.727s][info ][gc,cpu         ] GC(197) User=0.05s Sys=0.00s Real=0.01s
[4749.727s][info ][safepoint      ] Leaving safepoint region
[4749.727s][info ][safepoint      ] Total time for which application threads were stopped: 0.0128853 seconds, Stopping threads took: 0.0000159 seconds
[4753.728s][info ][safepoint      ] Application time: 4.0004920 seconds
[4753.728s][info ][safepoint      ] Entering safepoint region: Cleanup
[4753.728s][info ][safepoint      ] Leaving safepoint region
[4753.728s][info ][safepoint      ] Total time for which application threads were stopped: 0.0001010 seconds, Stopping threads took: 0.0000182 seconds
[4759.729s][info ][safepoint      ] Application time: 6.0005216 seconds
[4759.729s][info ][safepoint      ] Entering safepoint region: Cleanup
[4759.729s][info ][safepoint      ] Leaving safepoint region
[4759.729s][info ][safepoint      ] Total time for which application threads were stopped: 0.0001096 seconds, Stopping threads took: 0.0000337 seconds
[4772.730s][info ][safepoint      ] Application time: 13.0009943 seconds
[4772.730s][info ][safepoint      ] Entering safepoint region: Cleanup
[4772.730s][info ][safepoint      ] Leaving safepoint region
[4772.730s][info ][safepoint      ] Total time for which application threads were stopped: 0.0001608 seconds, Stopping threads took: 0.0000760 seconds
[4773.730s][info ][safepoint      ] Application time: 1.0001470 seconds
[4773.730s][info ][safepoint      ] Entering safepoint region: Cleanup
[4773.730s][info ][safepoint      ] Leaving safepoint region
[4773.730s][info ][safepoint      ] Total time for which application threads were stopped: 0.0000893 seconds, Stopping threads took: 0.0000184 seconds
[4776.166s][info ][safepoint      ] Application time: 2.4357676 seconds
[4776.166s][info ][safepoint      ] Entering safepoint region: ParallelGCFailedAllocation
[4776.166s][info ][gc,start       ] GC(198) Pause Young (Allocation Failure)
[4776.177s][debug][gc,phases      ] GC(198) Scavenge 10.851ms
[4776.177s][debug][gc,ref         ] GC(198) Skipped phase1 of Reference Processing due to unavailable references
[4776.177s][debug][gc,ref         ] GC(198) Skipped phase3 of Reference Processing due to unavailable references
[4776.177s][debug][gc,phases      ] GC(198) Reference Processing 0.036ms
[4776.177s][debug][gc,phases      ] GC(198) Weak Processing 0.128ms
[4776.178s][debug][gc,phases      ] GC(198) Scrub String Table 0.440ms
[4776.178s][debug][gc,age         ] GC(198) Desired survivor size 69730304 bytes, new threshold 15 (max threshold 15)
[4776.178s][info ][gc,heap        ] GC(198) PSYoungGen: 1991441K->38881K(2025472K)
[4776.178s][info ][gc,heap        ] GC(198) ParOldGen: 421292K->421332K(477696K)
[4776.178s][info ][gc,metaspace   ] GC(198) Metaspace: 74950K->74950K(1118208K)
[4776.178s][info ][gc             ] GC(198) Pause Young (Allocation Failure) 2356M->449M(2444M) 11.654ms
[4776.178s][info ][gc,cpu         ] GC(198) User=0.04s Sys=0.00s Real=0.01s
[4776.178s][info ][safepoint      ] Leaving safepoint region
[4776.178s][info ][safepoint      ] Total time for which application threads were stopped: 0.0118766 seconds, Stopping threads took: 0.0000167 seconds
[4781.178s][info ][safepoint      ] Application time: 5.0004924 seconds
[4781.179s][info ][safepoint      ] Entering safepoint region: Cleanup
[4781.179s][info ][safepoint      ] Leaving safepoint region
[4781.179s][info ][safepoint      ] Total time for which application threads were stopped: 0.0001090 seconds, Stopping threads took: 0.0000180 seconds
[4804.416s][info ][safepoint      ] Application time: 23.2369613 seconds
[4804.416s][info ][safepoint      ] Entering safepoint region: ParallelGCFailedAllocation
[4804.416s][info ][gc,start       ] GC(199) Pause Young (Allocation Failure)
[4804.429s][debug][gc,phases      ] GC(199) Scavenge 12.719ms
[4804.429s][debug][gc,ref         ] GC(199) Skipped phase1 of Reference Processing due to unavailable references
[4804.429s][debug][gc,ref         ] GC(199) Skipped phase3 of Reference Processing due to unavailable references
[4804.429s][debug][gc,phases      ] GC(199) Reference Processing 0.052ms
[4804.429s][debug][gc,phases      ] GC(199) Weak Processing 0.131ms
[4804.429s][debug][gc,phases      ] GC(199) Scrub String Table 0.467ms
[4804.429s][debug][gc,age         ] GC(199) Desired survivor size 67108864 bytes, new threshold 15 (max threshold 15)
[4804.429s][info ][gc,heap        ] GC(199) PSYoungGen: 1994209K->41345K(2031616K)
[4804.429s][info ][gc,heap        ] GC(199) ParOldGen: 421332K->421364K(477696K)
[4804.429s][info ][gc,metaspace   ] GC(199) Metaspace: 74955K->74955K(1118208K)
[4804.429s][info ][gc             ] GC(199) Pause Young (Allocation Failure) 2358M->451M(2450M) 13.529ms
[4804.429s][info ][gc,cpu         ] GC(199) User=0.05s Sys=0.00s Real=0.01s
[4804.429s][info ][safepoint      ] Leaving safepoint region
[4804.429s][info ][safepoint      ] Total time for which application threads were stopped: 0.0137566 seconds, Stopping threads took: 0.0000332 seconds
[4811.279s][info ][safepoint      ] Application time: 6.8499202 seconds
[4811.279s][info ][safepoint      ] Entering safepoint region: RevokeBias
[4811.279s][info ][safepoint      ] Leaving safepoint region
[4811.279s][info ][safepoint      ] Total time for which application threads were stopped: 0.0000854 seconds, Stopping threads took: 0.0000164 seconds
[4813.280s][info ][safepoint      ] Application time: 2.0002606 seconds
[4813.280s][info ][safepoint      ] Entering safepoint region: Cleanup
[4813.280s][info ][safepoint      ] Leaving safepoint region
[4813.280s][info ][safepoint      ] Total time for which application threads were stopped: 0.0001465 seconds, Stopping threads took: 0.0000603 seconds
[4814.280s][info ][safepoint      ] Application time: 1.0000923 seconds
[4814.280s][info ][safepoint      ] Entering safepoint region: Cleanup
[4814.280s][info ][safepoint      ] Leaving safepoint region
[4814.280s][info ][safepoint      ] Total time for which application threads were stopped: 0.0000939 seconds, Stopping threads took: 0.0000184 seconds
[4817.226s][info ][safepoint      ] Application time: 2.9459609 seconds
[4817.226s][info ][safepoint      ] Entering safepoint region: RevokeBias
[4817.226s][info ][safepoint      ] Leaving safepoint region
[4817.226s][info ][safepoint      ] Total time for which application threads were stopped: 0.0001149 seconds, Stopping threads took: 0.0000164 seconds
[4817.227s][info ][safepoint      ] Application time: 0.0009759 seconds
[4817.227s][info ][safepoint      ] Entering safepoint region: BulkRevokeBias
[4817.228s][info ][safepoint      ] Leaving safepoint region
[4817.228s][info ][safepoint      ] Total time for which application threads were stopped: 0.0003176 seconds, Stopping threads took: 0.0000120 seconds
[4817.228s][info ][safepoint      ] Application time: 0.0001721 seconds
[4817.228s][info ][safepoint      ] Entering safepoint region: RevokeBias
[4817.228s][info ][safepoint      ] Leaving safepoint region
[4817.228s][info ][safepoint      ] Total time for which application threads were stopped: 0.0000672 seconds, Stopping threads took: 0.0000076 seconds
[4818.228s][info ][safepoint      ] Application time: 1.0000780 seconds
[4818.228s][info ][safepoint      ] Entering safepoint region: Cleanup
[4818.228s][info ][safepoint      ] Leaving safepoint region
[4818.228s][info ][safepoint      ] Total time for which application threads were stopped: 0.0001074 seconds, Stopping threads took: 0.0000343 seconds
[4829.204s][info ][safepoint      ] Application time: 10.9762509 seconds
[4829.204s][info ][safepoint      ] Entering safepoint region: ParallelGCFailedAllocation
[4829.205s][info ][gc,start       ] GC(200) Pause Young (Allocation Failure)
[4829.218s][debug][gc,phases      ] GC(200) Scavenge 13.708ms
[4829.218s][debug][gc,ref         ] GC(200) Skipped phase1 of Reference Processing due to unavailable references
[4829.218s][debug][gc,ref         ] GC(200) Skipped phase3 of Reference Processing due to unavailable references
[4829.218s][debug][gc,phases      ] GC(200) Reference Processing 0.039ms
[4829.219s][debug][gc,phases      ] GC(200) Weak Processing 0.264ms
[4829.219s][debug][gc,phases      ] GC(200) Scrub String Table 0.816ms
[4829.219s][debug][gc,age         ] GC(200) Desired survivor size 65011712 bytes, new threshold 15 (max threshold 15)
[4829.220s][info ][gc,heap        ] GC(200) PSYoungGen: 2004865K->42177K(2029056K)
[4829.220s][info ][gc,heap        ] GC(200) ParOldGen: 421364K->424952K(477696K)
[4829.220s][info ][gc,metaspace   ] GC(200) Metaspace: 74957K->74957K(1118208K)
[4829.220s][info ][gc             ] GC(200) Pause Young (Allocation Failure) 2369M->456M(2448M) 15.069ms
[4829.220s][info ][gc,cpu         ] GC(200) User=0.06s Sys=0.00s Real=0.01s
[4829.220s][info ][safepoint      ] Leaving safepoint region
[4829.220s][info ][safepoint      ] Total time for which application threads were stopped: 0.0153226 seconds, Stopping threads took: 0.0000376 seconds
[4840.221s][info ][safepoint      ] Application time: 11.0014588 seconds
[4840.221s][info ][safepoint      ] Entering safepoint region: Cleanup
[4840.221s][info ][safepoint      ] Leaving safepoint region
[4840.221s][info ][safepoint      ] Total time for which application threads were stopped: 0.0000882 seconds, Stopping threads took: 0.0000186 seconds
[4841.221s][info ][safepoint      ] Application time: 1.0000752 seconds
[4841.221s][info ][safepoint      ] Entering safepoint region: Cleanup
[4841.222s][info ][safepoint      ] Leaving safepoint region
[4841.222s][info ][safepoint      ] Total time for which application threads were stopped: 0.0001642 seconds, Stopping threads took: 0.0000928 seconds
[4842.222s][info ][safepoint      ] Application time: 1.0001165 seconds
[4842.222s][info ][safepoint      ] Entering safepoint region: Cleanup
[4842.222s][info ][safepoint      ] Leaving safepoint region
[4842.222s][info ][safepoint      ] Total time for which application threads were stopped: 0.0000864 seconds, Stopping threads took: 0.0000180 seconds
[4843.222s][info ][safepoint      ] Application time: 1.0001340 seconds
[4843.222s][info ][safepoint      ] Entering safepoint region: Cleanup
[4843.222s][info ][safepoint      ] Leaving safepoint region
[4843.222s][info ][safepoint      ] Total time for which application threads were stopped: 0.0001042 seconds, Stopping threads took: 0.0000193 seconds
[4844.222s][info ][safepoint      ] Application time: 1.0001446 seconds
[4844.222s][info ][safepoint      ] Entering safepoint region: Cleanup
[4844.222s][info ][safepoint      ] Leaving safepoint region
[4844.222s][info ][safepoint      ] Total time for which application threads were stopped: 0.0000885 seconds, Stopping threads took: 0.0000179 seconds
[4845.222s][info ][safepoint      ] Application time: 1.0001262 seconds
[4845.223s][info ][safepoint      ] Entering safepoint region: Cleanup
[4845.223s][info ][safepoint      ] Leaving safepoint region
[4845.223s][info ][safepoint      ] Total time for which application threads were stopped: 0.0000863 seconds, Stopping threads took: 0.0000180 seconds
[4846.223s][info ][safepoint      ] Application time: 1.0001492 seconds
[4846.223s][info ][safepoint      ] Entering safepoint region: Cleanup
[4846.223s][info ][safepoint      ] Leaving safepoint region
[4846.223s][info ][safepoint      ] Total time for which application threads were stopped: 0.0000901 seconds, Stopping threads took: 0.0000191 seconds
[4847.223s][info ][safepoint      ] Application time: 1.0001559 seconds
[4847.223s][info ][safepoint      ] Entering safepoint region: Cleanup
[4847.223s][info ][safepoint      ] Leaving safepoint region
[4847.223s][info ][safepoint      ] Total time for which application threads were stopped: 0.0000861 seconds, Stopping threads took: 0.0000183 seconds
[4848.223s][info ][safepoint      ] Application time: 1.0001534 seconds
[4848.223s][info ][safepoint      ] Entering safepoint region: Cleanup
[4848.223s][info ][safepoint      ] Leaving safepoint region
[4848.223s][info ][safepoint      ] Total time for which application threads were stopped: 0.0000847 seconds, Stopping threads took: 0.0000180 seconds
[4849.224s][info ][safepoint      ] Application time: 1.0000810 seconds
[4849.224s][info ][safepoint      ] Entering safepoint region: Cleanup
[4849.224s][info ][safepoint      ] Leaving safepoint region
[4849.224s][info ][safepoint      ] Total time for which application threads were stopped: 0.0000901 seconds, Stopping threads took: 0.0000206 seconds
[4850.224s][info ][safepoint      ] Application time: 1.0000785 seconds
[4850.224s][info ][safepoint      ] Entering safepoint region: Cleanup
[4850.224s][info ][safepoint      ] Leaving safepoint region
[4850.224s][info ][safepoint      ] Total time for which application threads were stopped: 0.0001296 seconds, Stopping threads took: 0.0000210 seconds
[4851.224s][info ][safepoint      ] Application time: 1.0001105 seconds
[4851.224s][info ][safepoint      ] Entering safepoint region: Cleanup
[4851.224s][info ][safepoint      ] Leaving safepoint region
[4851.224s][info ][safepoint      ] Total time for which application threads were stopped: 0.0001235 seconds, Stopping threads took: 0.0000206 seconds
[4852.224s][info ][safepoint      ] Application time: 1.0000716 seconds
[4852.224s][info ][safepoint      ] Entering safepoint region: Cleanup
[4852.224s][info ][safepoint      ] Leaving safepoint region
[4852.224s][info ][safepoint      ] Total time for which application threads were stopped: 0.0001059 seconds, Stopping threads took: 0.0000202 seconds
[4853.225s][info ][safepoint      ] Application time: 1.0001334 seconds
[4853.225s][info ][safepoint      ] Entering safepoint region: Cleanup
[4853.225s][info ][safepoint      ] Leaving safepoint region
[4853.225s][info ][safepoint      ] Total time for which application threads were stopped: 0.0000954 seconds, Stopping threads took: 0.0000167 seconds
[4854.225s][info ][safepoint      ] Application time: 1.0001134 seconds
[4854.225s][info ][safepoint      ] Entering safepoint region: Cleanup
[4854.225s][info ][safepoint      ] Leaving safepoint region
[4854.225s][info ][safepoint      ] Total time for which application threads were stopped: 0.0000886 seconds, Stopping threads took: 0.0000187 seconds
[4855.225s][info ][safepoint      ] Application time: 1.0000890 seconds
[4855.225s][info ][safepoint      ] Entering safepoint region: Cleanup
[4855.225s][info ][safepoint      ] Leaving safepoint region
[4855.225s][info ][safepoint      ] Total time for which application threads were stopped: 0.0000858 seconds, Stopping threads took: 0.0000176 seconds
[4856.225s][info ][safepoint      ] Application time: 1.0000699 seconds
[4856.225s][info ][safepoint      ] Entering safepoint region: Cleanup
[4856.225s][info ][safepoint      ] Leaving safepoint region
[4856.225s][info ][safepoint      ] Total time for which application threads were stopped: 0.0001222 seconds, Stopping threads took: 0.0000187 seconds
[4857.226s][info ][safepoint      ] Application time: 1.0000740 seconds
[4857.226s][info ][safepoint      ] Entering safepoint region: Cleanup
[4857.226s][info ][safepoint      ] Leaving safepoint region
[4857.226s][info ][safepoint      ] Total time for which application threads were stopped: 0.0000881 seconds, Stopping threads took: 0.0000216 seconds
[4858.226s][info ][safepoint      ] Application time: 1.0001318 seconds
[4858.226s][info ][safepoint      ] Entering safepoint region: Cleanup
[4858.226s][info ][safepoint      ] Leaving safepoint region
[4858.226s][info ][safepoint      ] Total time for which application threads were stopped: 0.0000872 seconds, Stopping threads took: 0.0000189 seconds
[4859.226s][info ][safepoint      ] Application time: 1.0000696 seconds
[4859.226s][info ][safepoint      ] Entering safepoint region: Cleanup
[4859.226s][info ][safepoint      ] Leaving safepoint region
[4859.226s][info ][safepoint      ] Total time for which application threads were stopped: 0.0002067 seconds, Stopping threads took: 0.0000705 seconds
[4859.406s][info ][safepoint      ] Application time: 0.1794541 seconds
[4859.406s][info ][safepoint      ] Entering safepoint region: ParallelGCFailedAllocation
[4859.406s][info ][gc,start       ] GC(201) Pause Young (Allocation Failure)
[4859.419s][debug][gc,phases      ] GC(201) Scavenge 13.204ms
[4859.419s][debug][gc,ref         ] GC(201) Skipped phase1 of Reference Processing due to unavailable references
[4859.419s][debug][gc,ref         ] GC(201) Skipped phase2 of Reference Processing due to unavailable references
[4859.419s][debug][gc,ref         ] GC(201) Skipped phase3 of Reference Processing due to unavailable references
[4859.419s][debug][gc,phases      ] GC(201) Reference Processing 0.040ms
[4859.419s][debug][gc,phases      ] GC(201) Weak Processing 0.128ms
[4859.420s][debug][gc,phases      ] GC(201) Scrub String Table 0.499ms
[4859.420s][debug][gc,age         ] GC(201) Desired survivor size 63438848 bytes, new threshold 15 (max threshold 15)
[4859.420s][info ][gc,heap        ] GC(201) PSYoungGen: 2005697K->39457K(2035200K)
[4859.420s][info ][gc,heap        ] GC(201) ParOldGen: 424952K->428334K(477696K)
[4859.420s][info ][gc,metaspace   ] GC(201) Metaspace: 74962K->74962K(1118208K)
[4859.420s][info ][gc             ] GC(201) Pause Young (Allocation Failure) 2373M->456M(2454M) 14.027ms
[4859.420s][info ][gc,cpu         ] GC(201) User=0.05s Sys=0.00s Real=0.01s
[4859.420s][info ][safepoint      ] Leaving safepoint region
[4859.420s][info ][safepoint      ] Total time for which application threads were stopped: 0.0142758 seconds, Stopping threads took: 0.0000603 seconds
[4860.420s][info ][safepoint      ] Application time: 1.0000958 seconds
[4860.420s][info ][safepoint      ] Entering safepoint region: Cleanup
[4860.420s][info ][safepoint      ] Leaving safepoint region
[4860.420s][info ][safepoint      ] Total time for which application threads were stopped: 0.0000943 seconds, Stopping threads took: 0.0000215 seconds
[4861.420s][info ][safepoint      ] Application time: 1.0000869 seconds
[4861.421s][info ][safepoint      ] Entering safepoint region: Cleanup
[4861.421s][info ][safepoint      ] Leaving safepoint region
[4861.421s][info ][safepoint      ] Total time for which application threads were stopped: 0.0001015 seconds, Stopping threads took: 0.0000200 seconds
[4862.421s][info ][safepoint      ] Application time: 1.0001224 seconds
[4862.421s][info ][safepoint      ] Entering safepoint region: Cleanup
[4862.421s][info ][safepoint      ] Leaving safepoint region
[4862.421s][info ][safepoint      ] Total time for which application threads were stopped: 0.0000853 seconds, Stopping threads took: 0.0000169 seconds
[4863.421s][info ][safepoint      ] Application time: 1.0001123 seconds
[4863.421s][info ][safepoint      ] Entering safepoint region: Cleanup
[4863.421s][info ][safepoint      ] Leaving safepoint region
[4863.421s][info ][safepoint      ] Total time for which application threads were stopped: 0.0000848 seconds, Stopping threads took: 0.0000181 seconds
[4864.421s][info ][safepoint      ] Application time: 1.0001313 seconds
[4864.421s][info ][safepoint      ] Entering safepoint region: Cleanup
[4864.421s][info ][safepoint      ] Leaving safepoint region
[4864.421s][info ][safepoint      ] Total time for which application threads were stopped: 0.0000887 seconds, Stopping threads took: 0.0000189 seconds
[4865.421s][info ][safepoint      ] Application time: 1.0001083 seconds
[4865.422s][info ][safepoint      ] Entering safepoint region: Cleanup
[4865.422s][info ][safepoint      ] Leaving safepoint region
[4865.422s][info ][safepoint      ] Total time for which application threads were stopped: 0.0001050 seconds, Stopping threads took: 0.0000180 seconds
[4866.422s][info ][safepoint      ] Application time: 1.0000801 seconds
[4866.422s][info ][safepoint      ] Entering safepoint region: Cleanup
[4866.422s][info ][safepoint      ] Leaving safepoint region
[4866.422s][info ][safepoint      ] Total time for which application threads were stopped: 0.0001403 seconds, Stopping threads took: 0.0000191 seconds
[4867.422s][info ][safepoint      ] Application time: 1.0000837 seconds
[4867.422s][info ][safepoint      ] Entering safepoint region: Cleanup
[4867.422s][info ][safepoint      ] Leaving safepoint region
[4867.422s][info ][safepoint      ] Total time for which application threads were stopped: 0.0000878 seconds, Stopping threads took: 0.0000194 seconds
[4868.422s][info ][safepoint      ] Application time: 1.0000698 seconds
[4868.422s][info ][safepoint      ] Entering safepoint region: Cleanup
[4868.422s][info ][safepoint      ] Leaving safepoint region
[4868.422s][info ][safepoint      ] Total time for which application threads were stopped: 0.0001216 seconds, Stopping threads took: 0.0000524 seconds
[4869.422s][info ][safepoint      ] Application time: 1.0000768 seconds
[4869.422s][info ][safepoint      ] Entering safepoint region: Cleanup
[4869.423s][info ][safepoint      ] Leaving safepoint region
[4869.423s][info ][safepoint      ] Total time for which application threads were stopped: 0.0001148 seconds, Stopping threads took: 0.0000180 seconds
[4870.423s][info ][safepoint      ] Application time: 1.0000332 seconds
[4870.423s][info ][safepoint      ] Entering safepoint region: Cleanup
[4870.423s][info ][safepoint      ] Leaving safepoint region
[4870.423s][info ][safepoint      ] Total time for which application threads were stopped: 0.0001198 seconds, Stopping threads took: 0.0000196 seconds
[4871.423s][info ][safepoint      ] Application time: 1.0001225 seconds
[4871.423s][info ][safepoint      ] Entering safepoint region: Cleanup
[4871.424s][info ][safepoint      ] Leaving safepoint region
[4871.424s][info ][safepoint      ] Total time for which application threads were stopped: 0.0010379 seconds, Stopping threads took: 0.0001093 seconds
[4872.424s][info ][safepoint      ] Application time: 1.0000808 seconds
[4872.424s][info ][safepoint      ] Entering safepoint region: Cleanup
[4872.424s][info ][safepoint      ] Leaving safepoint region
[4872.424s][info ][safepoint      ] Total time for which application threads were stopped: 0.0001032 seconds, Stopping threads took: 0.0000347 seconds
[4872.569s][info ][safepoint      ] Application time: 0.1445954 seconds
[4872.569s][info ][safepoint      ] Entering safepoint region: RevokeBias
[4872.569s][info ][safepoint      ] Leaving safepoint region
[4872.569s][info ][safepoint      ] Total time for which application threads were stopped: 0.0001321 seconds, Stopping threads took: 0.0000440 seconds
[4873.569s][info ][safepoint      ] Application time: 1.0000903 seconds
[4873.569s][info ][safepoint      ] Entering safepoint region: Cleanup
[4873.569s][info ][safepoint      ] Leaving safepoint region
[4873.569s][info ][safepoint      ] Total time for which application threads were stopped: 0.0001249 seconds, Stopping threads took: 0.0000189 seconds
[4874.569s][info ][safepoint      ] Application time: 1.0000762 seconds
[4874.569s][info ][safepoint      ] Entering safepoint region: Cleanup
[4874.569s][info ][safepoint      ] Leaving safepoint region
[4874.569s][info ][safepoint      ] Total time for which application threads were stopped: 0.0000834 seconds, Stopping threads took: 0.0000167 seconds
[4875.570s][info ][safepoint      ] Application time: 1.0001331 seconds
[4875.570s][info ][safepoint      ] Entering safepoint region: Cleanup
[4875.570s][info ][safepoint      ] Leaving safepoint region
[4875.570s][info ][safepoint      ] Total time for which application threads were stopped: 0.0000987 seconds, Stopping threads took: 0.0000196 seconds
[4876.570s][info ][safepoint      ] Application time: 1.0005591 seconds
[4876.570s][info ][safepoint      ] Entering safepoint region: Cleanup
[4876.570s][info ][safepoint      ] Leaving safepoint region
[4876.570s][info ][safepoint      ] Total time for which application threads were stopped: 0.0000862 seconds, Stopping threads took: 0.0000200 seconds
[4877.571s][info ][safepoint      ] Application time: 1.0000905 seconds
[4877.571s][info ][safepoint      ] Entering safepoint region: Cleanup
[4877.571s][info ][safepoint      ] Leaving safepoint region
[4877.571s][info ][safepoint      ] Total time for which application threads were stopped: 0.0000859 seconds, Stopping threads took: 0.0000187 seconds
[4878.571s][info ][safepoint      ] Application time: 1.0000961 seconds
[4878.571s][info ][safepoint      ] Entering safepoint region: Cleanup
[4878.571s][info ][safepoint      ] Leaving safepoint region
[4878.571s][info ][safepoint      ] Total time for which application threads were stopped: 0.0000879 seconds, Stopping threads took: 0.0000201 seconds
[4879.571s][info ][safepoint      ] Application time: 1.0000620 seconds
[4879.571s][info ][safepoint      ] Entering safepoint region: Cleanup
[4879.571s][info ][safepoint      ] Leaving safepoint region
[4879.571s][info ][safepoint      ] Total time for which application threads were stopped: 0.0000881 seconds, Stopping threads took: 0.0000200 seconds
[4880.571s][info ][safepoint      ] Application time: 1.0000849 seconds
[4880.571s][info ][safepoint      ] Entering safepoint region: Cleanup
[4880.571s][info ][safepoint      ] Leaving safepoint region
[4880.571s][info ][safepoint      ] Total time for which application threads were stopped: 0.0001176 seconds, Stopping threads took: 0.0000518 seconds
[4881.571s][info ][safepoint      ] Application time: 1.0001325 seconds
[4881.571s][info ][safepoint      ] Entering safepoint region: Cleanup
[4881.572s][info ][safepoint      ] Leaving safepoint region
[4881.572s][info ][safepoint      ] Total time for which application threads were stopped: 0.0000925 seconds, Stopping threads took: 0.0000178 seconds
[4882.572s][info ][safepoint      ] Application time: 1.0000868 seconds
[4882.572s][info ][safepoint      ] Entering safepoint region: Cleanup
[4882.572s][info ][safepoint      ] Leaving safepoint region
[4882.572s][info ][safepoint      ] Total time for which application threads were stopped: 0.0000827 seconds, Stopping threads took: 0.0000180 seconds
[4883.572s][info ][safepoint      ] Application time: 1.0001106 seconds
[4883.572s][info ][safepoint      ] Entering safepoint region: Cleanup
[4883.572s][info ][safepoint      ] Leaving safepoint region
[4883.572s][info ][safepoint      ] Total time for which application threads were stopped: 0.0000874 seconds, Stopping threads took: 0.0000200 seconds
[4884.572s][info ][safepoint      ] Application time: 1.0001474 seconds
[4884.572s][info ][safepoint      ] Entering safepoint region: Cleanup
[4884.572s][info ][safepoint      ] Leaving safepoint region
[4884.572s][info ][safepoint      ] Total time for which application threads were stopped: 0.0001038 seconds, Stopping threads took: 0.0000188 seconds
[4885.572s][info ][safepoint      ] Application time: 1.0000850 seconds
[4885.572s][info ][safepoint      ] Entering safepoint region: Cleanup
[4885.573s][info ][safepoint      ] Leaving safepoint region
[4885.573s][info ][safepoint      ] Total time for which application threads were stopped: 0.0001057 seconds, Stopping threads took: 0.0000187 seconds
[4886.573s][info ][safepoint      ] Application time: 1.0001201 seconds
[4886.573s][info ][safepoint      ] Entering safepoint region: Cleanup
[4886.573s][info ][safepoint      ] Leaving safepoint region
[4886.573s][info ][safepoint      ] Total time for which application threads were stopped: 0.0000853 seconds, Stopping threads took: 0.0000174 seconds
[4887.573s][info ][safepoint      ] Application time: 1.0000902 seconds
[4887.573s][info ][safepoint      ] Entering safepoint region: Cleanup
[4887.573s][info ][safepoint      ] Leaving safepoint region
[4887.573s][info ][safepoint      ] Total time for which application threads were stopped: 0.0000853 seconds, Stopping threads took: 0.0000187 seconds
[4888.557s][info ][safepoint      ] Application time: 0.9837536 seconds
[4888.557s][info ][safepoint      ] Entering safepoint region: ParallelGCFailedAllocation
[4888.557s][info ][gc,start       ] GC(202) Pause Young (Allocation Failure)
[4888.570s][debug][gc,phases      ] GC(202) Scavenge 12.965ms
[4888.570s][debug][gc,ref         ] GC(202) Skipped phase1 of Reference Processing due to unavailable references
[4888.570s][debug][gc,ref         ] GC(202) Skipped phase2 of Reference Processing due to unavailable references
[4888.570s][debug][gc,ref         ] GC(202) Skipped phase3 of Reference Processing due to unavailable references
[4888.570s][debug][gc,phases      ] GC(202) Reference Processing 0.039ms
[4888.570s][debug][gc,phases      ] GC(202) Weak Processing 0.134ms
[4888.571s][debug][gc,phases      ] GC(202) Scrub String Table 0.515ms
[4888.571s][debug][gc,age         ] GC(202) Desired survivor size 61865984 bytes, new threshold 15 (max threshold 15)
[4888.571s][info ][gc,heap        ] GC(202) PSYoungGen: 2011169K->38273K(2033664K)
[4888.571s][info ][gc,heap        ] GC(202) ParOldGen: 428334K->432034K(477696K)
[4888.571s][info ][gc,metaspace   ] GC(202) Metaspace: 74962K->74962K(1118208K)
[4888.571s][info ][gc             ] GC(202) Pause Young (Allocation Failure) 2382M->459M(2452M) 13.823ms
[4888.571s][info ][gc,cpu         ] GC(202) User=0.06s Sys=0.00s Real=0.01s
[4888.571s][info ][safepoint      ] Leaving safepoint region
[4888.571s][info ][safepoint      ] Total time for which application threads were stopped: 0.0141399 seconds, Stopping threads took: 0.0001429 seconds
[4889.571s][info ][safepoint      ] Application time: 1.0000692 seconds
[4889.571s][info ][safepoint      ] Entering safepoint region: Cleanup
[4889.571s][info ][safepoint      ] Leaving safepoint region
[4889.571s][info ][safepoint      ] Total time for which application threads were stopped: 0.0000891 seconds, Stopping threads took: 0.0000274 seconds
[4890.571s][info ][safepoint      ] Application time: 1.0001011 seconds
[4890.571s][info ][safepoint      ] Entering safepoint region: Cleanup
[4890.571s][info ][safepoint      ] Leaving safepoint region
[4890.571s][info ][safepoint      ] Total time for which application threads were stopped: 0.0000845 seconds, Stopping threads took: 0.0000178 seconds
[4891.572s][info ][safepoint      ] Application time: 1.0000854 seconds
[4891.572s][info ][safepoint      ] Entering safepoint region: Cleanup
[4891.572s][info ][safepoint      ] Leaving safepoint region
[4891.572s][info ][safepoint      ] Total time for which application threads were stopped: 0.0000817 seconds, Stopping threads took: 0.0000174 seconds
[4892.572s][info ][safepoint      ] Application time: 1.0001198 seconds
[4892.572s][info ][safepoint      ] Entering safepoint region: Cleanup
[4892.572s][info ][safepoint      ] Leaving safepoint region
[4892.572s][info ][safepoint      ] Total time for which application threads were stopped: 0.0000844 seconds, Stopping threads took: 0.0000177 seconds
[4893.572s][info ][safepoint      ] Application time: 1.0001251 seconds
[4893.572s][info ][safepoint      ] Entering safepoint region: Cleanup
[4893.572s][info ][safepoint      ] Leaving safepoint region
[4893.572s][info ][safepoint      ] Total time for which application threads were stopped: 0.0000873 seconds, Stopping threads took: 0.0000188 seconds
[4894.572s][info ][safepoint      ] Application time: 1.0001005 seconds
[4894.572s][info ][safepoint      ] Entering safepoint region: Cleanup
[4894.572s][info ][safepoint      ] Leaving safepoint region
[4894.572s][info ][safepoint      ] Total time for which application threads were stopped: 0.0000818 seconds, Stopping threads took: 0.0000163 seconds
[4895.572s][info ][safepoint      ] Application time: 1.0000846 seconds
[4895.572s][info ][safepoint      ] Entering safepoint region: Cleanup
[4895.573s][info ][safepoint      ] Leaving safepoint region
[4895.573s][info ][safepoint      ] Total time for which application threads were stopped: 0.0001011 seconds, Stopping threads took: 0.0000195 seconds
[4896.573s][info ][safepoint      ] Application time: 1.0000624 seconds
[4896.573s][info ][safepoint      ] Entering safepoint region: Cleanup
[4896.573s][info ][safepoint      ] Leaving safepoint region
[4896.573s][info ][safepoint      ] Total time for which application threads were stopped: 0.0001005 seconds, Stopping threads took: 0.0000175 seconds
[4897.573s][info ][safepoint      ] Application time: 1.0000748 seconds
[4897.573s][info ][safepoint      ] Entering safepoint region: Cleanup
[4897.573s][info ][safepoint      ] Leaving safepoint region
[4897.573s][info ][safepoint      ] Total time for which application threads were stopped: 0.0000843 seconds, Stopping threads took: 0.0000174 seconds
[4898.573s][info ][safepoint      ] Application time: 1.0001048 seconds
[4898.573s][info ][safepoint      ] Entering safepoint region: Cleanup
[4898.573s][info ][safepoint      ] Leaving safepoint region
[4898.573s][info ][safepoint      ] Total time for which application threads were stopped: 0.0001081 seconds, Stopping threads took: 0.0000420 seconds
[4899.573s][info ][safepoint      ] Application time: 1.0001149 seconds
[4899.573s][info ][safepoint      ] Entering safepoint region: Cleanup
[4899.573s][info ][safepoint      ] Leaving safepoint region
[4899.573s][info ][safepoint      ] Total time for which application threads were stopped: 0.0000861 seconds, Stopping threads took: 0.0000181 seconds
[4900.574s][info ][safepoint      ] Application time: 1.0001737 seconds
[4900.574s][info ][safepoint      ] Entering safepoint region: Cleanup
[4900.574s][info ][safepoint      ] Leaving safepoint region
[4900.574s][info ][safepoint      ] Total time for which application threads were stopped: 0.0000813 seconds, Stopping threads took: 0.0000164 seconds
[4901.574s][info ][safepoint      ] Application time: 1.0000953 seconds
[4901.574s][info ][safepoint      ] Entering safepoint region: Cleanup
[4901.574s][info ][safepoint      ] Leaving safepoint region
[4901.574s][info ][safepoint      ] Total time for which application threads were stopped: 0.0001013 seconds, Stopping threads took: 0.0000197 seconds
[4902.574s][info ][safepoint      ] Application time: 1.0001113 seconds
[4902.574s][info ][safepoint      ] Entering safepoint region: Cleanup
[4902.574s][info ][safepoint      ] Leaving safepoint region
[4902.574s][info ][safepoint      ] Total time for which application threads were stopped: 0.0000859 seconds, Stopping threads took: 0.0000192 seconds
[4903.574s][info ][safepoint      ] Application time: 1.0000704 seconds
[4903.574s][info ][safepoint      ] Entering safepoint region: Cleanup
[4903.575s][info ][safepoint      ] Leaving safepoint region
[4903.575s][info ][safepoint      ] Total time for which application threads were stopped: 0.0001376 seconds, Stopping threads took: 0.0000196 seconds
[4904.575s][info ][safepoint      ] Application time: 1.0001063 seconds
[4904.575s][info ][safepoint      ] Entering safepoint region: Cleanup
[4904.575s][info ][safepoint      ] Leaving safepoint region
[4904.575s][info ][safepoint      ] Total time for which application threads were stopped: 0.0000861 seconds, Stopping threads took: 0.0000173 seconds
[4905.575s][info ][safepoint      ] Application time: 1.0000850 seconds
[4905.575s][info ][safepoint      ] Entering safepoint region: Cleanup
[4905.575s][info ][safepoint      ] Leaving safepoint region
[4905.575s][info ][safepoint      ] Total time for which application threads were stopped: 0.0001054 seconds, Stopping threads took: 0.0000337 seconds
[4906.575s][info ][safepoint      ] Application time: 1.0000864 seconds
[4906.575s][info ][safepoint      ] Entering safepoint region: Cleanup
[4906.575s][info ][safepoint      ] Leaving safepoint region
[4906.575s][info ][safepoint      ] Total time for which application threads were stopped: 0.0000944 seconds, Stopping threads took: 0.0000253 seconds
[4907.575s][info ][safepoint      ] Application time: 1.0000469 seconds
[4907.575s][info ][safepoint      ] Entering safepoint region: Cleanup
[4907.576s][info ][safepoint      ] Leaving safepoint region
[4907.576s][info ][safepoint      ] Total time for which application threads were stopped: 0.0000847 seconds, Stopping threads took: 0.0000176 seconds
[4908.576s][info ][safepoint      ] Application time: 1.0000735 seconds
[4908.576s][info ][safepoint      ] Entering safepoint region: Cleanup
[4908.576s][info ][safepoint      ] Leaving safepoint region
[4908.576s][info ][safepoint      ] Total time for which application threads were stopped: 0.0000949 seconds, Stopping threads took: 0.0000304 seconds
[4909.576s][info ][safepoint      ] Application time: 1.0001112 seconds
[4909.576s][info ][safepoint      ] Entering safepoint region: Cleanup
[4909.576s][info ][safepoint      ] Leaving safepoint region
[4909.576s][info ][safepoint      ] Total time for which application threads were stopped: 0.0000823 seconds, Stopping threads took: 0.0000176 seconds
[4910.576s][info ][safepoint      ] Application time: 1.0001299 seconds
[4910.576s][info ][safepoint      ] Entering safepoint region: Cleanup
[4910.576s][info ][safepoint      ] Leaving safepoint region
[4910.576s][info ][safepoint      ] Total time for which application threads were stopped: 0.0000880 seconds, Stopping threads took: 0.0000189 seconds
[4911.576s][info ][safepoint      ] Application time: 1.0000854 seconds
[4911.576s][info ][safepoint      ] Entering safepoint region: Cleanup
[4911.576s][info ][safepoint      ] Leaving safepoint region
[4911.576s][info ][safepoint      ] Total time for which application threads were stopped: 0.0000820 seconds, Stopping threads took: 0.0000183 seconds
[4912.577s][info ][safepoint      ] Application time: 1.0000557 seconds
[4912.577s][info ][safepoint      ] Entering safepoint region: Cleanup
[4912.577s][info ][safepoint      ] Leaving safepoint region
[4912.577s][info ][safepoint      ] Total time for which application threads were stopped: 0.0000887 seconds, Stopping threads took: 0.0000182 seconds
[4913.577s][info ][safepoint      ] Application time: 1.0000870 seconds
[4913.577s][info ][safepoint      ] Entering safepoint region: Cleanup
[4913.577s][info ][safepoint      ] Leaving safepoint region
[4913.577s][info ][safepoint      ] Total time for which application threads were stopped: 0.0000824 seconds, Stopping threads took: 0.0000170 seconds
[4914.577s][info ][safepoint      ] Application time: 1.0001702 seconds
[4914.577s][info ][safepoint      ] Entering safepoint region: Cleanup
[4914.577s][info ][safepoint      ] Leaving safepoint region
[4914.577s][info ][safepoint      ] Total time for which application threads were stopped: 0.0000881 seconds, Stopping threads took: 0.0000213 seconds
[4915.577s][info ][safepoint      ] Application time: 1.0000929 seconds
[4915.577s][info ][safepoint      ] Entering safepoint region: Cleanup
[4915.578s][info ][safepoint      ] Leaving safepoint region
[4915.578s][info ][safepoint      ] Total time for which application threads were stopped: 0.0001307 seconds, Stopping threads took: 0.0000536 seconds
[4916.006s][info ][safepoint      ] Application time: 0.4288664 seconds
[4916.006s][info ][safepoint      ] Entering safepoint region: ParallelGCFailedAllocation
[4916.007s][info ][gc,start       ] GC(203) Pause Young (Allocation Failure)
[4916.020s][debug][gc,phases      ] GC(203) Scavenge 12.960ms
[4916.020s][debug][gc,ref         ] GC(203) Skipped phase1 of Reference Processing due to unavailable references
[4916.020s][debug][gc,ref         ] GC(203) Skipped phase2 of Reference Processing due to unavailable references
[4916.020s][debug][gc,ref         ] GC(203) Skipped phase3 of Reference Processing due to unavailable references
[4916.020s][debug][gc,phases      ] GC(203) Reference Processing 0.039ms
[4916.020s][debug][gc,phases      ] GC(203) Weak Processing 0.122ms
[4916.021s][debug][gc,phases      ] GC(203) Scrub String Table 0.675ms
[4916.021s][debug][gc,age         ] GC(203) Desired survivor size 60817408 bytes, new threshold 15 (max threshold 15)
[4916.021s][info ][gc,heap        ] GC(203) PSYoungGen: 2009985K->37249K(2037760K)
[4916.021s][info ][gc,heap        ] GC(203) ParOldGen: 432034K->435995K(477696K)
[4916.021s][info ][gc,metaspace   ] GC(203) Metaspace: 74969K->74969K(1118208K)
[4916.021s][info ][gc             ] GC(203) Pause Young (Allocation Failure) 2384M->462M(2456M) 14.143ms
[4916.021s][info ][gc,cpu         ] GC(203) User=0.05s Sys=0.00s Real=0.02s
[4916.021s][info ][safepoint      ] Leaving safepoint region
[4916.021s][info ][safepoint      ] Total time for which application threads were stopped: 0.0143301 seconds, Stopping threads took: 0.0000187 seconds
[4917.021s][info ][safepoint      ] Application time: 1.0000909 seconds
[4917.021s][info ][safepoint      ] Entering safepoint region: Cleanup
[4917.021s][info ][safepoint      ] Leaving safepoint region
[4917.021s][info ][safepoint      ] Total time for which application threads were stopped: 0.0001143 seconds, Stopping threads took: 0.0000328 seconds
[4918.021s][info ][safepoint      ] Application time: 1.0000683 seconds
[4918.021s][info ][safepoint      ] Entering safepoint region: Cleanup
[4918.021s][info ][safepoint      ] Leaving safepoint region
[4918.021s][info ][safepoint      ] Total time for which application threads were stopped: 0.0001471 seconds, Stopping threads took: 0.0000193 seconds
[4919.021s][info ][safepoint      ] Application time: 1.0001185 seconds
[4919.021s][info ][safepoint      ] Entering safepoint region: Cleanup
[4919.022s][info ][safepoint      ] Leaving safepoint region
[4919.022s][info ][safepoint      ] Total time for which application threads were stopped: 0.0000845 seconds, Stopping threads took: 0.0000165 seconds
[4920.022s][info ][safepoint      ] Application time: 1.0000797 seconds
[4920.022s][info ][safepoint      ] Entering safepoint region: Cleanup
[4920.022s][info ][safepoint      ] Leaving safepoint region
[4920.022s][info ][safepoint      ] Total time for which application threads were stopped: 0.0002407 seconds, Stopping threads took: 0.0000880 seconds
[4921.022s][info ][safepoint      ] Application time: 1.0001229 seconds
[4921.022s][info ][safepoint      ] Entering safepoint region: Cleanup
[4921.022s][info ][safepoint      ] Leaving safepoint region
[4921.022s][info ][safepoint      ] Total time for which application threads were stopped: 0.0001097 seconds, Stopping threads took: 0.0000191 seconds
[4922.022s][info ][safepoint      ] Application time: 1.0000993 seconds
[4922.022s][info ][safepoint      ] Entering safepoint region: Cleanup
[4922.022s][info ][safepoint      ] Leaving safepoint region
[4922.022s][info ][safepoint      ] Total time for which application threads were stopped: 0.0000848 seconds, Stopping threads took: 0.0000177 seconds
[4923.022s][info ][safepoint      ] Application time: 1.0000865 seconds
[4923.023s][info ][safepoint      ] Entering safepoint region: Cleanup
[4923.023s][info ][safepoint      ] Leaving safepoint region
[4923.023s][info ][safepoint      ] Total time for which application threads were stopped: 0.0000815 seconds, Stopping threads took: 0.0000170 seconds
[4924.024s][info ][safepoint      ] Application time: 1.0011156 seconds
[4924.024s][info ][safepoint      ] Entering safepoint region: Cleanup
[4924.024s][info ][safepoint      ] Leaving safepoint region
[4924.024s][info ][safepoint      ] Total time for which application threads were stopped: 0.0001413 seconds, Stopping threads took: 0.0000592 seconds
[4925.024s][info ][safepoint      ] Application time: 1.0000902 seconds
[4925.024s][info ][safepoint      ] Entering safepoint region: Cleanup
[4925.024s][info ][safepoint      ] Leaving safepoint region
[4925.024s][info ][safepoint      ] Total time for which application threads were stopped: 0.0000867 seconds, Stopping threads took: 0.0000169 seconds
[4926.024s][info ][safepoint      ] Application time: 1.0001117 seconds
[4926.024s][info ][safepoint      ] Entering safepoint region: Cleanup
[4926.024s][info ][safepoint      ] Leaving safepoint region
[4926.024s][info ][safepoint      ] Total time for which application threads were stopped: 0.0000865 seconds, Stopping threads took: 0.0000185 seconds
[4927.025s][info ][safepoint      ] Application time: 1.0001287 seconds
[4927.025s][info ][safepoint      ] Entering safepoint region: Cleanup
[4927.025s][info ][safepoint      ] Leaving safepoint region
[4927.025s][info ][safepoint      ] Total time for which application threads were stopped: 0.0000998 seconds, Stopping threads took: 0.0000325 seconds
[4928.025s][info ][safepoint      ] Application time: 1.0001401 seconds
[4928.025s][info ][safepoint      ] Entering safepoint region: Cleanup
[4928.025s][info ][safepoint      ] Leaving safepoint region
[4928.025s][info ][safepoint      ] Total time for which application threads were stopped: 0.0000845 seconds, Stopping threads took: 0.0000179 seconds
[4928.530s][info ][safepoint      ] Application time: 0.5045900 seconds
[4928.530s][info ][safepoint      ] Entering safepoint region: RevokeBias
[4928.530s][info ][safepoint      ] Leaving safepoint region
[4928.530s][info ][safepoint      ] Total time for which application threads were stopped: 0.0001048 seconds, Stopping threads took: 0.0000178 seconds
[4929.530s][info ][safepoint      ] Application time: 1.0000779 seconds
[4929.530s][info ][safepoint      ] Entering safepoint region: Cleanup
[4929.530s][info ][safepoint      ] Leaving safepoint region
[4929.530s][info ][safepoint      ] Total time for which application threads were stopped: 0.0001904 seconds, Stopping threads took: 0.0001018 seconds
[4930.530s][info ][safepoint      ] Application time: 1.0001412 seconds
[4930.530s][info ][safepoint      ] Entering safepoint region: Cleanup
[4930.530s][info ][safepoint      ] Leaving safepoint region
[4930.530s][info ][safepoint      ] Total time for which application threads were stopped: 0.0000847 seconds, Stopping threads took: 0.0000169 seconds
[4931.530s][info ][safepoint      ] Application time: 1.0001289 seconds
[4931.530s][info ][safepoint      ] Entering safepoint region: Cleanup
[4931.531s][info ][safepoint      ] Leaving safepoint region
[4931.531s][info ][safepoint      ] Total time for which application threads were stopped: 0.0001169 seconds, Stopping threads took: 0.0000175 seconds
[4932.167s][info ][safepoint      ] Application time: 0.6361623 seconds
[4932.167s][info ][safepoint      ] Entering safepoint region: ParallelGCFailedAllocation
[4932.167s][info ][gc,start       ] GC(204) Pause Young (Allocation Failure)
[4932.179s][debug][gc,phases      ] GC(204) Scavenge 11.835ms
[4932.179s][debug][gc,ref         ] GC(204) Skipped phase1 of Reference Processing due to unavailable references
[4932.179s][debug][gc,ref         ] GC(204) Skipped phase2 of Reference Processing due to unavailable references
[4932.179s][debug][gc,ref         ] GC(204) Skipped phase3 of Reference Processing due to unavailable references
[4932.179s][debug][gc,phases      ] GC(204) Reference Processing 0.040ms
[4932.179s][debug][gc,phases      ] GC(204) Weak Processing 0.180ms
[4932.181s][debug][gc,phases      ] GC(204) Scrub String Table 2.242ms
[4932.181s][debug][gc,age         ] GC(204) Desired survivor size 59244544 bytes, new threshold 15 (max threshold 15)
[4932.181s][info ][gc,heap        ] GC(204) PSYoungGen: 2014593K->39729K(2036736K)
[4932.181s][info ][gc,heap        ] GC(204) ParOldGen: 435995K->436379K(477696K)
[4932.181s][info ][gc,metaspace   ] GC(204) Metaspace: 74972K->74972K(1118208K)
[4932.181s][info ][gc             ] GC(204) Pause Young (Allocation Failure) 2393M->464M(2455M) 14.502ms
[4932.181s][info ][gc,cpu         ] GC(204) User=0.05s Sys=0.00s Real=0.02s
[4932.182s][info ][safepoint      ] Leaving safepoint region
[4932.182s][info ][safepoint      ] Total time for which application threads were stopped: 0.0147744 seconds, Stopping threads took: 0.0000716 seconds
[4933.182s][info ][safepoint      ] Application time: 1.0001050 seconds
[4933.182s][info ][safepoint      ] Entering safepoint region: Cleanup
[4933.182s][info ][safepoint      ] Leaving safepoint region
[4933.182s][info ][safepoint      ] Total time for which application threads were stopped: 0.0000786 seconds, Stopping threads took: 0.0000161 seconds
[4934.182s][info ][safepoint      ] Application time: 1.0001099 seconds
[4934.182s][info ][safepoint      ] Entering safepoint region: Cleanup
[4934.182s][info ][safepoint      ] Leaving safepoint region
[4934.182s][info ][safepoint      ] Total time for which application threads were stopped: 0.0000799 seconds, Stopping threads took: 0.0000163 seconds
[4935.182s][info ][safepoint      ] Application time: 1.0000845 seconds
[4935.182s][info ][safepoint      ] Entering safepoint region: Cleanup
[4935.182s][info ][safepoint      ] Leaving safepoint region
[4935.182s][info ][safepoint      ] Total time for which application threads were stopped: 0.0000807 seconds, Stopping threads took: 0.0000160 seconds
[4935.553s][info ][safepoint      ] Application time: 0.3705077 seconds
[4935.553s][info ][safepoint      ] Entering safepoint region: RevokeBias
[4935.553s][info ][safepoint      ] Leaving safepoint region
[4935.553s][info ][safepoint      ] Total time for which application threads were stopped: 0.0001890 seconds, Stopping threads took: 0.0000873 seconds
[4936.553s][info ][safepoint      ] Application time: 1.0001356 seconds
[4936.553s][info ][safepoint      ] Entering safepoint region: Cleanup
[4936.553s][info ][safepoint      ] Leaving safepoint region
[4936.553s][info ][safepoint      ] Total time for which application threads were stopped: 0.0001681 seconds, Stopping threads took: 0.0000753 seconds
[4937.553s][info ][safepoint      ] Application time: 1.0000748 seconds
[4937.553s][info ][safepoint      ] Entering safepoint region: Cleanup
[4937.554s][info ][safepoint      ] Leaving safepoint region
[4937.554s][info ][safepoint      ] Total time for which application threads were stopped: 0.0001316 seconds, Stopping threads took: 0.0000612 seconds
[4938.554s][info ][safepoint      ] Application time: 1.0001460 seconds
[4938.554s][info ][safepoint      ] Entering safepoint region: Cleanup
[4938.554s][info ][safepoint      ] Leaving safepoint region
[4938.554s][info ][safepoint      ] Total time for which application threads were stopped: 0.0001913 seconds, Stopping threads took: 0.0000916 seconds
[4939.554s][info ][safepoint      ] Application time: 1.0001357 seconds
[4939.554s][info ][safepoint      ] Entering safepoint region: Cleanup
[4939.554s][info ][safepoint      ] Leaving safepoint region
[4939.554s][info ][safepoint      ] Total time for which application threads were stopped: 0.0001198 seconds, Stopping threads took: 0.0000412 seconds
[4940.554s][info ][safepoint      ] Application time: 1.0000897 seconds
[4940.554s][info ][safepoint      ] Entering safepoint region: Cleanup
[4940.554s][info ][safepoint      ] Leaving safepoint region
[4940.554s][info ][safepoint      ] Total time for which application threads were stopped: 0.0001063 seconds, Stopping threads took: 0.0000392 seconds
[4941.555s][info ][safepoint      ] Application time: 1.0000843 seconds
[4941.555s][info ][safepoint      ] Entering safepoint region: Cleanup
[4941.555s][info ][safepoint      ] Leaving safepoint region
[4941.555s][info ][safepoint      ] Total time for which application threads were stopped: 0.0001080 seconds, Stopping threads took: 0.0000405 seconds
[4942.555s][info ][safepoint      ] Application time: 1.0000874 seconds
[4942.555s][info ][safepoint      ] Entering safepoint region: Cleanup
[4942.555s][info ][safepoint      ] Leaving safepoint region
[4942.555s][info ][safepoint      ] Total time for which application threads were stopped: 0.0001189 seconds, Stopping threads took: 0.0000426 seconds
[4943.555s][info ][safepoint      ] Application time: 1.0001620 seconds
[4943.555s][info ][safepoint      ] Entering safepoint region: Cleanup
[4943.555s][info ][safepoint      ] Leaving safepoint region
[4943.555s][info ][safepoint      ] Total time for which application threads were stopped: 0.0000997 seconds, Stopping threads took: 0.0000360 seconds
[4944.555s][info ][safepoint      ] Application time: 1.0001288 seconds
[4944.555s][info ][safepoint      ] Entering safepoint region: Cleanup
[4944.556s][info ][safepoint      ] Leaving safepoint region
[4944.556s][info ][safepoint      ] Total time for which application threads were stopped: 0.0001314 seconds, Stopping threads took: 0.0000611 seconds
[4945.556s][info ][safepoint      ] Application time: 1.0001283 seconds
[4945.556s][info ][safepoint      ] Entering safepoint region: Cleanup
[4945.556s][info ][safepoint      ] Leaving safepoint region
[4945.556s][info ][safepoint      ] Total time for which application threads were stopped: 0.0001116 seconds, Stopping threads took: 0.0000421 seconds
[4946.556s][info ][safepoint      ] Application time: 1.0001224 seconds
[4946.556s][info ][safepoint      ] Entering safepoint region: Cleanup
[4946.556s][info ][safepoint      ] Leaving safepoint region
[4946.556s][info ][safepoint      ] Total time for which application threads were stopped: 0.0001521 seconds, Stopping threads took: 0.0000811 seconds
[4947.556s][info ][safepoint      ] Application time: 1.0001152 seconds
[4947.556s][info ][safepoint      ] Entering safepoint region: Cleanup
[4947.556s][info ][safepoint      ] Leaving safepoint region
[4947.556s][info ][safepoint      ] Total time for which application threads were stopped: 0.0001092 seconds, Stopping threads took: 0.0000417 seconds
[4948.557s][info ][safepoint      ] Application time: 1.0001537 seconds
[4948.557s][info ][safepoint      ] Entering safepoint region: Cleanup
[4948.557s][info ][safepoint      ] Leaving safepoint region
[4948.557s][info ][safepoint      ] Total time for which application threads were stopped: 0.0001120 seconds, Stopping threads took: 0.0000405 seconds
[4949.557s][info ][safepoint      ] Application time: 1.0001161 seconds
[4949.557s][info ][safepoint      ] Entering safepoint region: Cleanup
[4949.557s][info ][safepoint      ] Leaving safepoint region
[4949.557s][info ][safepoint      ] Total time for which application threads were stopped: 0.0001390 seconds, Stopping threads took: 0.0000413 seconds
[4950.557s][info ][safepoint      ] Application time: 1.0000626 seconds
[4950.557s][info ][safepoint      ] Entering safepoint region: Cleanup
[4950.557s][info ][safepoint      ] Leaving safepoint region
[4950.557s][info ][safepoint      ] Total time for which application threads were stopped: 0.0001134 seconds, Stopping threads took: 0.0000407 seconds
[4951.557s][info ][safepoint      ] Application time: 1.0000935 seconds
[4951.557s][info ][safepoint      ] Entering safepoint region: Cleanup
[4951.558s][info ][safepoint      ] Leaving safepoint region
[4951.558s][info ][safepoint      ] Total time for which application threads were stopped: 0.0001174 seconds, Stopping threads took: 0.0000440 seconds
[4952.170s][info ][safepoint      ] Application time: 0.6120031 seconds
[4952.170s][info ][safepoint      ] Entering safepoint region: ParallelGCFailedAllocation
[4952.170s][info ][gc,start       ] GC(205) Pause Young (Allocation Failure)
[4952.182s][debug][gc,phases      ] GC(205) Scavenge 12.648ms
[4952.182s][debug][gc,ref         ] GC(205) Skipped phase1 of Reference Processing due to unavailable references
[4952.182s][debug][gc,ref         ] GC(205) Skipped phase2 of Reference Processing due to unavailable references
[4952.182s][debug][gc,ref         ] GC(205) Skipped phase3 of Reference Processing due to unavailable references
[4952.183s][debug][gc,phases      ] GC(205) Reference Processing 0.042ms
[4952.183s][debug][gc,phases      ] GC(205) Weak Processing 0.135ms
[4952.183s][debug][gc,phases      ] GC(205) Scrub String Table 0.496ms
[4952.183s][debug][gc,age         ] GC(205) Desired survivor size 58195968 bytes, new threshold 15 (max threshold 15)
[4952.183s][info ][gc,heap        ] GC(205) PSYoungGen: 2017073K->43025K(2040320K)
[4952.183s][info ][gc,heap        ] GC(205) ParOldGen: 436379K->436451K(477696K)
[4952.183s][info ][gc,metaspace   ] GC(205) Metaspace: 74987K->74987K(1118208K)
[4952.183s][info ][gc             ] GC(205) Pause Young (Allocation Failure) 2395M->468M(2459M) 13.711ms
[4952.183s][info ][gc,cpu         ] GC(205) User=0.05s Sys=0.00s Real=0.02s
[4952.183s][info ][safepoint      ] Leaving safepoint region
[4952.183s][info ][safepoint      ] Total time for which application threads were stopped: 0.0139301 seconds, Stopping threads took: 0.0000166 seconds
[4953.184s][info ][safepoint      ] Application time: 1.0001390 seconds
[4953.184s][info ][safepoint      ] Entering safepoint region: Cleanup
[4953.184s][info ][safepoint      ] Leaving safepoint region
[4953.184s][info ][safepoint      ] Total time for which application threads were stopped: 0.0000879 seconds, Stopping threads took: 0.0000196 seconds
[4954.184s][info ][safepoint      ] Application time: 1.0001091 seconds
[4954.184s][info ][safepoint      ] Entering safepoint region: Cleanup
[4954.184s][info ][safepoint      ] Leaving safepoint region
[4954.184s][info ][safepoint      ] Total time for which application threads were stopped: 0.0000864 seconds, Stopping threads took: 0.0000188 seconds
[4955.184s][info ][safepoint      ] Application time: 1.0000901 seconds
[4955.184s][info ][safepoint      ] Entering safepoint region: Cleanup
[4955.184s][info ][safepoint      ] Leaving safepoint region
[4955.184s][info ][safepoint      ] Total time for which application threads were stopped: 0.0000867 seconds, Stopping threads took: 0.0000194 seconds
[4956.184s][info ][safepoint      ] Application time: 1.0000801 seconds
[4956.184s][info ][safepoint      ] Entering safepoint region: Cleanup
[4956.184s][info ][safepoint      ] Leaving safepoint region
[4956.184s][info ][safepoint      ] Total time for which application threads were stopped: 0.0001082 seconds, Stopping threads took: 0.0000310 seconds
[4957.185s][info ][safepoint      ] Application time: 1.0000767 seconds
[4957.185s][info ][safepoint      ] Entering safepoint region: Cleanup
[4957.185s][info ][safepoint      ] Leaving safepoint region
[4957.185s][info ][safepoint      ] Total time for which application threads were stopped: 0.0001040 seconds, Stopping threads took: 0.0000199 seconds
[4958.185s][info ][safepoint      ] Application time: 1.0000738 seconds
[4958.185s][info ][safepoint      ] Entering safepoint region: Cleanup
[4958.185s][info ][safepoint      ] Leaving safepoint region
[4958.185s][info ][safepoint      ] Total time for which application threads were stopped: 0.0000906 seconds, Stopping threads took: 0.0000205 seconds
[4959.185s][info ][safepoint      ] Application time: 1.0001121 seconds
[4959.185s][info ][safepoint      ] Entering safepoint region: Cleanup
[4959.185s][info ][safepoint      ] Leaving safepoint region
[4959.185s][info ][safepoint      ] Total time for which application threads were stopped: 0.0000893 seconds, Stopping threads took: 0.0000197 seconds
[4960.185s][info ][safepoint      ] Application time: 1.0001255 seconds
[4960.185s][info ][safepoint      ] Entering safepoint region: Cleanup
[4960.185s][info ][safepoint      ] Leaving safepoint region
[4960.185s][info ][safepoint      ] Total time for which application threads were stopped: 0.0000871 seconds, Stopping threads took: 0.0000191 seconds
[4961.185s][info ][safepoint      ] Application time: 1.0000842 seconds
[4961.186s][info ][safepoint      ] Entering safepoint region: Cleanup
[4961.186s][info ][safepoint      ] Leaving safepoint region
[4961.186s][info ][safepoint      ] Total time for which application threads were stopped: 0.0000944 seconds, Stopping threads took: 0.0000195 seconds
[4962.186s][info ][safepoint      ] Application time: 1.0001166 seconds
[4962.186s][info ][safepoint      ] Entering safepoint region: Cleanup
[4962.186s][info ][safepoint      ] Leaving safepoint region
[4962.186s][info ][safepoint      ] Total time for which application threads were stopped: 0.0000908 seconds, Stopping threads took: 0.0000196 seconds
[4963.186s][info ][safepoint      ] Application time: 1.0001239 seconds
[4963.186s][info ][safepoint      ] Entering safepoint region: Cleanup
[4963.186s][info ][safepoint      ] Leaving safepoint region
[4963.186s][info ][safepoint      ] Total time for which application threads were stopped: 0.0000874 seconds, Stopping threads took: 0.0000195 seconds
[4964.186s][info ][safepoint      ] Application time: 1.0000917 seconds
[4964.186s][info ][safepoint      ] Entering safepoint region: Cleanup
[4964.186s][info ][safepoint      ] Leaving safepoint region
[4964.186s][info ][safepoint      ] Total time for which application threads were stopped: 0.0001065 seconds, Stopping threads took: 0.0000375 seconds
[4965.186s][info ][safepoint      ] Application time: 1.0001309 seconds
[4965.187s][info ][safepoint      ] Entering safepoint region: Cleanup
[4965.187s][info ][safepoint      ] Leaving safepoint region
[4965.187s][info ][safepoint      ] Total time for which application threads were stopped: 0.0000850 seconds, Stopping threads took: 0.0000192 seconds
[4966.187s][info ][safepoint      ] Application time: 1.0000571 seconds
[4966.187s][info ][safepoint      ] Entering safepoint region: Cleanup
[4966.187s][info ][safepoint      ] Leaving safepoint region
[4966.187s][info ][safepoint      ] Total time for which application threads were stopped: 0.0000845 seconds, Stopping threads took: 0.0000194 seconds
[4967.187s][info ][safepoint      ] Application time: 1.0000952 seconds
[4967.187s][info ][safepoint      ] Entering safepoint region: Cleanup
[4967.187s][info ][safepoint      ] Leaving safepoint region
[4967.187s][info ][safepoint      ] Total time for which application threads were stopped: 0.0000864 seconds, Stopping threads took: 0.0000186 seconds
[4968.187s][info ][safepoint      ] Application time: 1.0000701 seconds
[4968.187s][info ][safepoint      ] Entering safepoint region: Cleanup
[4968.187s][info ][safepoint      ] Leaving safepoint region
[4968.187s][info ][safepoint      ] Total time for which application threads were stopped: 0.0001074 seconds, Stopping threads took: 0.0000234 seconds
[4969.187s][info ][safepoint      ] Application time: 1.0001488 seconds
[4969.187s][info ][safepoint      ] Entering safepoint region: Cleanup
[4969.187s][info ][safepoint      ] Leaving safepoint region
[4969.187s][info ][safepoint      ] Total time for which application threads were stopped: 0.0000864 seconds, Stopping threads took: 0.0000201 seconds
[4970.188s][info ][safepoint      ] Application time: 1.0000680 seconds
[4970.188s][info ][safepoint      ] Entering safepoint region: Cleanup
[4970.188s][info ][safepoint      ] Leaving safepoint region
[4970.188s][info ][safepoint      ] Total time for which application threads were stopped: 0.0001255 seconds, Stopping threads took: 0.0000524 seconds
[4971.188s][info ][safepoint      ] Application time: 1.0000744 seconds
[4971.188s][info ][safepoint      ] Entering safepoint region: Cleanup
[4971.188s][info ][safepoint      ] Leaving safepoint region
[4971.188s][info ][safepoint      ] Total time for which application threads were stopped: 0.0001349 seconds, Stopping threads took: 0.0000605 seconds
[4972.188s][info ][safepoint      ] Application time: 1.0000767 seconds
[4972.188s][info ][safepoint      ] Entering safepoint region: Cleanup
[4972.188s][info ][safepoint      ] Leaving safepoint region
[4972.188s][info ][safepoint      ] Total time for which application threads were stopped: 0.0000998 seconds, Stopping threads took: 0.0000190 seconds
[4973.188s][info ][safepoint      ] Application time: 1.0000758 seconds
[4973.188s][info ][safepoint      ] Entering safepoint region: Cleanup
[4973.188s][info ][safepoint      ] Leaving safepoint region
[4973.188s][info ][safepoint      ] Total time for which application threads were stopped: 0.0000838 seconds, Stopping threads took: 0.0000189 seconds
[4974.188s][info ][safepoint      ] Application time: 1.0000818 seconds
[4974.188s][info ][safepoint      ] Entering safepoint region: Cleanup
[4974.189s][info ][safepoint      ] Leaving safepoint region
[4974.189s][info ][safepoint      ] Total time for which application threads were stopped: 0.0001064 seconds, Stopping threads took: 0.0000227 seconds
[4975.189s][info ][safepoint      ] Application time: 1.0001221 seconds
[4975.189s][info ][safepoint      ] Entering safepoint region: Cleanup
[4975.189s][info ][safepoint      ] Leaving safepoint region
[4975.189s][info ][safepoint      ] Total time for which application threads were stopped: 0.0000872 seconds, Stopping threads took: 0.0000191 seconds
[4976.189s][info ][safepoint      ] Application time: 1.0000685 seconds
[4976.189s][info ][safepoint      ] Entering safepoint region: Cleanup
[4976.189s][info ][safepoint      ] Leaving safepoint region
[4976.189s][info ][safepoint      ] Total time for which application threads were stopped: 0.0001052 seconds, Stopping threads took: 0.0000195 seconds
[4976.215s][info ][safepoint      ] Application time: 0.0258507 seconds
[4976.215s][info ][safepoint      ] Entering safepoint region: ParallelGCFailedAllocation
[4976.215s][info ][gc,start       ] GC(206) Pause Young (Allocation Failure)
[4976.227s][debug][gc,phases      ] GC(206) Scavenge 12.313ms
[4976.228s][debug][gc,ref         ] GC(206) Skipped phase1 of Reference Processing due to unavailable references
[4976.228s][debug][gc,ref         ] GC(206) Skipped phase2 of Reference Processing due to unavailable references
[4976.228s][debug][gc,ref         ] GC(206) Skipped phase3 of Reference Processing due to unavailable references
[4976.228s][debug][gc,phases      ] GC(206) Reference Processing 0.040ms
[4976.228s][debug][gc,phases      ] GC(206) Weak Processing 0.274ms
[4976.229s][debug][gc,phases      ] GC(206) Scrub String Table 0.800ms
[4976.229s][debug][gc,age         ] GC(206) Desired survivor size 57671680 bytes, new threshold 15 (max threshold 15)
[4976.229s][info ][gc,heap        ] GC(206) PSYoungGen: 2025489K->44354K(2039296K)
[4976.229s][info ][gc,heap        ] GC(206) ParOldGen: 436451K->436483K(477696K)
[4976.229s][info ][gc,metaspace   ] GC(206) Metaspace: 74992K->74992K(1118208K)
[4976.229s][info ][gc             ] GC(206) Pause Young (Allocation Failure) 2404M->469M(2458M) 13.616ms
[4976.229s][info ][gc,cpu         ] GC(206) User=0.05s Sys=0.00s Real=0.01s
[4976.229s][info ][safepoint      ] Leaving safepoint region
[4976.229s][info ][safepoint      ] Total time for which application threads were stopped: 0.0138012 seconds, Stopping threads took: 0.0000179 seconds
[4977.229s][info ][safepoint      ] Application time: 1.0000823 seconds
[4977.229s][info ][safepoint      ] Entering safepoint region: Cleanup
[4977.229s][info ][safepoint      ] Leaving safepoint region
[4977.229s][info ][safepoint      ] Total time for which application threads were stopped: 0.0000841 seconds, Stopping threads took: 0.0000181 seconds
[4978.229s][info ][safepoint      ] Application time: 1.0001215 seconds
[4978.229s][info ][safepoint      ] Entering safepoint region: Cleanup
[4978.229s][info ][safepoint      ] Leaving safepoint region
[4978.229s][info ][safepoint      ] Total time for which application threads were stopped: 0.0000817 seconds, Stopping threads took: 0.0000168 seconds
[4979.229s][info ][safepoint      ] Application time: 1.0001180 seconds
[4979.229s][info ][safepoint      ] Entering safepoint region: Cleanup
[4979.229s][info ][safepoint      ] Leaving safepoint region
[4979.229s][info ][safepoint      ] Total time for which application threads were stopped: 0.0000806 seconds, Stopping threads took: 0.0000172 seconds
[4980.230s][info ][safepoint      ] Application time: 1.0001225 seconds
[4980.230s][info ][safepoint      ] Entering safepoint region: Cleanup
[4980.230s][info ][safepoint      ] Leaving safepoint region
[4980.230s][info ][safepoint      ] Total time for which application threads were stopped: 0.0000837 seconds, Stopping threads took: 0.0000178 seconds
[4981.230s][info ][safepoint      ] Application time: 1.0001224 seconds
[4981.230s][info ][safepoint      ] Entering safepoint region: Cleanup
[4981.230s][info ][safepoint      ] Leaving safepoint region
[4981.230s][info ][safepoint      ] Total time for which application threads were stopped: 0.0000993 seconds, Stopping threads took: 0.0000175 seconds
[4982.230s][info ][safepoint      ] Application time: 1.0000371 seconds
[4982.230s][info ][safepoint      ] Entering safepoint region: Cleanup
[4982.230s][info ][safepoint      ] Leaving safepoint region
[4982.230s][info ][safepoint      ] Total time for which application threads were stopped: 0.0001170 seconds, Stopping threads took: 0.0000290 seconds
[4983.230s][info ][safepoint      ] Application time: 1.0001347 seconds
[4983.230s][info ][safepoint      ] Entering safepoint region: Cleanup
[4983.230s][info ][safepoint      ] Leaving safepoint region
[4983.230s][info ][safepoint      ] Total time for which application threads were stopped: 0.0001996 seconds, Stopping threads took: 0.0000165 seconds
[4984.231s][info ][safepoint      ] Application time: 1.0000845 seconds
[4984.231s][info ][safepoint      ] Entering safepoint region: Cleanup
[4984.231s][info ][safepoint      ] Leaving safepoint region
[4984.231s][info ][safepoint      ] Total time for which application threads were stopped: 0.0000798 seconds, Stopping threads took: 0.0000175 seconds
[4985.231s][info ][safepoint      ] Application time: 1.0001258 seconds
[4985.231s][info ][safepoint      ] Entering safepoint region: Cleanup
[4985.231s][info ][safepoint      ] Leaving safepoint region
[4985.231s][info ][safepoint      ] Total time for which application threads were stopped: 0.0000758 seconds, Stopping threads took: 0.0000156 seconds
[4986.231s][info ][safepoint      ] Application time: 1.0000802 seconds
[4986.231s][info ][safepoint      ] Entering safepoint region: Cleanup
[4986.231s][info ][safepoint      ] Leaving safepoint region
[4986.231s][info ][safepoint      ] Total time for which application threads were stopped: 0.0000825 seconds, Stopping threads took: 0.0000177 seconds
[4987.231s][info ][safepoint      ] Application time: 1.0000786 seconds
[4987.231s][info ][safepoint      ] Entering safepoint region: Cleanup
[4987.231s][info ][safepoint      ] Leaving safepoint region
[4987.231s][info ][safepoint      ] Total time for which application threads were stopped: 0.0000863 seconds, Stopping threads took: 0.0000193 seconds
[4988.231s][info ][safepoint      ] Application time: 1.0000722 seconds
[4988.231s][info ][safepoint      ] Entering safepoint region: Cleanup
[4988.232s][info ][safepoint      ] Leaving safepoint region
[4988.232s][info ][safepoint      ] Total time for which application threads were stopped: 0.0000969 seconds, Stopping threads took: 0.0000207 seconds
[4989.232s][info ][safepoint      ] Application time: 1.0000839 seconds
[4989.232s][info ][safepoint      ] Entering safepoint region: Cleanup
[4989.232s][info ][safepoint      ] Leaving safepoint region
[4989.232s][info ][safepoint      ] Total time for which application threads were stopped: 0.0000787 seconds, Stopping threads took: 0.0000179 seconds
[4990.232s][info ][safepoint      ] Application time: 1.0001254 seconds
[4990.232s][info ][safepoint      ] Entering safepoint region: Cleanup
[4990.232s][info ][safepoint      ] Leaving safepoint region
[4990.232s][info ][safepoint      ] Total time for which application threads were stopped: 0.0000840 seconds, Stopping threads took: 0.0000178 seconds
[4991.232s][info ][safepoint      ] Application time: 1.0000881 seconds
[4991.232s][info ][safepoint      ] Entering safepoint region: Cleanup
[4991.232s][info ][safepoint      ] Leaving safepoint region
[4991.232s][info ][safepoint      ] Total time for which application threads were stopped: 0.0000845 seconds, Stopping threads took: 0.0000183 seconds
[4992.232s][info ][safepoint      ] Application time: 1.0001338 seconds
[4992.232s][info ][safepoint      ] Entering safepoint region: Cleanup
[4992.232s][info ][safepoint      ] Leaving safepoint region
[4992.232s][info ][safepoint      ] Total time for which application threads were stopped: 0.0000839 seconds, Stopping threads took: 0.0000172 seconds
[4993.233s][info ][safepoint      ] Application time: 1.0000786 seconds
[4993.233s][info ][safepoint      ] Entering safepoint region: Cleanup
[4993.233s][info ][safepoint      ] Leaving safepoint region
[4993.233s][info ][safepoint      ] Total time for which application threads were stopped: 0.0000868 seconds, Stopping threads took: 0.0000192 seconds
[4994.233s][info ][safepoint      ] Application time: 1.0000860 seconds
[4994.233s][info ][safepoint      ] Entering safepoint region: Cleanup
[4994.233s][info ][safepoint      ] Leaving safepoint region
[4994.233s][info ][safepoint      ] Total time for which application threads were stopped: 0.0000821 seconds, Stopping threads took: 0.0000171 seconds
[4995.233s][info ][safepoint      ] Application time: 1.0001114 seconds
[4995.233s][info ][safepoint      ] Entering safepoint region: Cleanup
[4995.233s][info ][safepoint      ] Leaving safepoint region
[4995.233s][info ][safepoint      ] Total time for which application threads were stopped: 0.0000859 seconds, Stopping threads took: 0.0000186 seconds
[4996.233s][info ][safepoint      ] Application time: 1.0000837 seconds
[4996.233s][info ][safepoint      ] Entering safepoint region: Cleanup
[4996.233s][info ][safepoint      ] Leaving safepoint region
[4996.233s][info ][safepoint      ] Total time for which application threads were stopped: 0.0001103 seconds, Stopping threads took: 0.0000181 seconds
[4997.234s][info ][safepoint      ] Application time: 1.0000896 seconds
[4997.234s][info ][safepoint      ] Entering safepoint region: Cleanup
[4997.234s][info ][safepoint      ] Leaving safepoint region
[4997.234s][info ][safepoint      ] Total time for which application threads were stopped: 0.0001544 seconds, Stopping threads took: 0.0000201 seconds
[4998.234s][info ][safepoint      ] Application time: 1.0001285 seconds
[4998.234s][info ][safepoint      ] Entering safepoint region: Cleanup
[4998.234s][info ][safepoint      ] Leaving safepoint region
[4998.234s][info ][safepoint      ] Total time for which application threads were stopped: 0.0000839 seconds, Stopping threads took: 0.0000180 seconds
[4999.234s][info ][safepoint      ] Application time: 1.0001334 seconds
[4999.234s][info ][safepoint      ] Entering safepoint region: Cleanup
[4999.234s][info ][safepoint      ] Leaving safepoint region
[4999.234s][info ][safepoint      ] Total time for which application threads were stopped: 0.0001080 seconds, Stopping threads took: 0.0000369 seconds
[5000.234s][info ][safepoint      ] Application time: 1.0000715 seconds
[5000.234s][info ][safepoint      ] Entering safepoint region: Cleanup
[5000.234s][info ][safepoint      ] Leaving safepoint region
[5000.234s][info ][safepoint      ] Total time for which application threads were stopped: 0.0001052 seconds, Stopping threads took: 0.0000188 seconds
[5000.303s][info ][safepoint      ] Application time: 0.0681375 seconds
[5000.303s][info ][safepoint      ] Entering safepoint region: ParallelGCFailedAllocation
[5000.303s][info ][gc,start       ] GC(207) Pause Young (Allocation Failure)
[5000.316s][debug][gc,phases      ] GC(207) Scavenge 12.911ms
[5000.316s][debug][gc,ref         ] GC(207) Skipped phase1 of Reference Processing due to unavailable references
[5000.316s][debug][gc,ref         ] GC(207) Skipped phase2 of Reference Processing due to unavailable references
[5000.316s][debug][gc,ref         ] GC(207) Skipped phase3 of Reference Processing due to unavailable references
[5000.316s][debug][gc,phases      ] GC(207) Reference Processing 0.039ms
[5000.316s][debug][gc,phases      ] GC(207) Weak Processing 0.267ms
[5000.317s][debug][gc,phases      ] GC(207) Scrub String Table 0.864ms
[5000.317s][debug][gc,age         ] GC(207) Desired survivor size 56623104 bytes, new threshold 15 (max threshold 15)
[5000.317s][info ][gc,heap        ] GC(207) PSYoungGen: 2026818K->42674K(2041856K)
[5000.317s][info ][gc,heap        ] GC(207) ParOldGen: 436483K->438557K(477696K)
[5000.317s][info ][gc,metaspace   ] GC(207) Metaspace: 74994K->74994K(1118208K)
[5000.317s][info ][gc             ] GC(207) Pause Young (Allocation Failure) 2405M->469M(2460M) 14.253ms
[5000.317s][info ][gc,cpu         ] GC(207) User=0.05s Sys=0.00s Real=0.01s
[5000.317s][info ][safepoint      ] Leaving safepoint region
[5000.317s][info ][safepoint      ] Total time for which application threads were stopped: 0.0144497 seconds, Stopping threads took: 0.0000192 seconds
[5001.317s][info ][safepoint      ] Application time: 1.0000945 seconds
[5001.317s][info ][safepoint      ] Entering safepoint region: Cleanup
[5001.317s][info ][safepoint      ] Leaving safepoint region
[5001.317s][info ][safepoint      ] Total time for which application threads were stopped: 0.0000851 seconds, Stopping threads took: 0.0000196 seconds
[5002.318s][info ][safepoint      ] Application time: 1.0001397 seconds
[5002.318s][info ][safepoint      ] Entering safepoint region: Cleanup
[5002.318s][info ][safepoint      ] Leaving safepoint region
[5002.318s][info ][safepoint      ] Total time for which application threads were stopped: 0.0000876 seconds, Stopping threads took: 0.0000186 seconds
[5003.318s][info ][safepoint      ] Application time: 1.0001279 seconds
[5003.318s][info ][safepoint      ] Entering safepoint region: Cleanup
[5003.318s][info ][safepoint      ] Leaving safepoint region
[5003.318s][info ][safepoint      ] Total time for which application threads were stopped: 0.0000812 seconds, Stopping threads took: 0.0000172 seconds
[5004.318s][info ][safepoint      ] Application time: 1.0001218 seconds
[5004.318s][info ][safepoint      ] Entering safepoint region: Cleanup
[5004.318s][info ][safepoint      ] Leaving safepoint region
[5004.318s][info ][safepoint      ] Total time for which application threads were stopped: 0.0000861 seconds, Stopping threads took: 0.0000184 seconds
[5005.318s][info ][safepoint      ] Application time: 1.0000776 seconds
[5005.318s][info ][safepoint      ] Entering safepoint region: Cleanup
[5005.318s][info ][safepoint      ] Leaving safepoint region
[5005.318s][info ][safepoint      ] Total time for which application threads were stopped: 0.0000850 seconds, Stopping threads took: 0.0000187 seconds
[5006.319s][info ][safepoint      ] Application time: 1.0000903 seconds
[5006.319s][info ][safepoint      ] Entering safepoint region: Cleanup
[5006.319s][info ][safepoint      ] Leaving safepoint region
[5006.319s][info ][safepoint      ] Total time for which application threads were stopped: 0.0001341 seconds, Stopping threads took: 0.0000304 seconds
[5007.319s][info ][safepoint      ] Application time: 1.0001216 seconds
[5007.319s][info ][safepoint      ] Entering safepoint region: Cleanup
[5007.319s][info ][safepoint      ] Leaving safepoint region
[5007.319s][info ][safepoint      ] Total time for which application threads were stopped: 0.0000862 seconds, Stopping threads took: 0.0000187 seconds
[5008.319s][info ][safepoint      ] Application time: 1.0001235 seconds
[5008.319s][info ][safepoint      ] Entering safepoint region: Cleanup
[5008.319s][info ][safepoint      ] Leaving safepoint region
[5008.319s][info ][safepoint      ] Total time for which application threads were stopped: 0.0000815 seconds, Stopping threads took: 0.0000175 seconds
[5009.136s][info ][safepoint      ] Application time: 0.8168560 seconds
[5009.136s][info ][safepoint      ] Entering safepoint region: RevokeBias
[5009.136s][info ][safepoint      ] Leaving safepoint region
[5009.136s][info ][safepoint      ] Total time for which application threads were stopped: 0.0001041 seconds, Stopping threads took: 0.0000186 seconds
[5009.488s][info ][safepoint      ] Application time: 0.3522585 seconds
[5009.488s][info ][safepoint      ] Entering safepoint region: BulkRevokeBias
[5009.489s][info ][safepoint      ] Leaving safepoint region
[5009.489s][info ][safepoint      ] Total time for which application threads were stopped: 0.0002360 seconds, Stopping threads took: 0.0000160 seconds
[5010.489s][info ][safepoint      ] Application time: 1.0001383 seconds
[5010.489s][info ][safepoint      ] Entering safepoint region: Cleanup
[5010.489s][info ][safepoint      ] Leaving safepoint region
[5010.489s][info ][safepoint      ] Total time for which application threads were stopped: 0.0000915 seconds, Stopping threads took: 0.0000176 seconds
[5011.489s][info ][safepoint      ] Application time: 1.0000937 seconds
[5011.489s][info ][safepoint      ] Entering safepoint region: Cleanup
[5011.489s][info ][safepoint      ] Leaving safepoint region
[5011.489s][info ][safepoint      ] Total time for which application threads were stopped: 0.0000822 seconds, Stopping threads took: 0.0000185 seconds
[5012.489s][info ][safepoint      ] Application time: 1.0001288 seconds
[5012.489s][info ][safepoint      ] Entering safepoint region: Cleanup
[5012.489s][info ][safepoint      ] Leaving safepoint region
[5012.489s][info ][safepoint      ] Total time for which application threads were stopped: 0.0000979 seconds, Stopping threads took: 0.0000351 seconds
[5013.490s][info ][safepoint      ] Application time: 1.0000410 seconds
[5013.490s][info ][safepoint      ] Entering safepoint region: Cleanup
[5013.490s][info ][safepoint      ] Leaving safepoint region
[5013.490s][info ][safepoint      ] Total time for which application threads were stopped: 0.0000847 seconds, Stopping threads took: 0.0000201 seconds
[5014.490s][info ][safepoint      ] Application time: 1.0001181 seconds
[5014.490s][info ][safepoint      ] Entering safepoint region: Cleanup
[5014.490s][info ][safepoint      ] Leaving safepoint region
[5014.490s][info ][safepoint      ] Total time for which application threads were stopped: 0.0000787 seconds, Stopping threads took: 0.0000182 seconds
[5015.490s][info ][safepoint      ] Application time: 1.0001567 seconds
[5015.490s][info ][safepoint      ] Entering safepoint region: Cleanup
[5015.490s][info ][safepoint      ] Leaving safepoint region
[5015.490s][info ][safepoint      ] Total time for which application threads were stopped: 0.0000794 seconds, Stopping threads took: 0.0000178 seconds
[5016.490s][info ][safepoint      ] Application time: 1.0000834 seconds
[5016.490s][info ][safepoint      ] Entering safepoint region: Cleanup
[5016.490s][info ][safepoint      ] Leaving safepoint region
[5016.490s][info ][safepoint      ] Total time for which application threads were stopped: 0.0000812 seconds, Stopping threads took: 0.0000187 seconds
[5017.491s][info ][safepoint      ] Application time: 1.0001852 seconds
[5017.491s][info ][safepoint      ] Entering safepoint region: Cleanup
[5017.491s][info ][safepoint      ] Leaving safepoint region
[5017.491s][info ][safepoint      ] Total time for which application threads were stopped: 0.0000968 seconds, Stopping threads took: 0.0000338 seconds
[5018.491s][info ][safepoint      ] Application time: 1.0000712 seconds
[5018.491s][info ][safepoint      ] Entering safepoint region: Cleanup
[5018.491s][info ][safepoint      ] Leaving safepoint region
[5018.491s][info ][safepoint      ] Total time for which application threads were stopped: 0.0000773 seconds, Stopping threads took: 0.0000174 seconds
[5019.491s][info ][safepoint      ] Application time: 1.0001196 seconds
[5019.491s][info ][safepoint      ] Entering safepoint region: Cleanup
[5019.491s][info ][safepoint      ] Leaving safepoint region
[5019.491s][info ][safepoint      ] Total time for which application threads were stopped: 0.0000820 seconds, Stopping threads took: 0.0000185 seconds
[5020.491s][info ][safepoint      ] Application time: 1.0001133 seconds
[5020.491s][info ][safepoint      ] Entering safepoint region: Cleanup
[5020.491s][info ][safepoint      ] Leaving safepoint region
[5020.491s][info ][safepoint      ] Total time for which application threads were stopped: 0.0000816 seconds, Stopping threads took: 0.0000179 seconds
[5021.491s][info ][safepoint      ] Application time: 1.0000709 seconds
[5021.491s][info ][safepoint      ] Entering safepoint region: Cleanup
[5021.492s][info ][safepoint      ] Leaving safepoint region
[5021.492s][info ][safepoint      ] Total time for which application threads were stopped: 0.0001003 seconds, Stopping threads took: 0.0000195 seconds
[5022.492s][info ][safepoint      ] Application time: 1.0000876 seconds
[5022.492s][info ][safepoint      ] Entering safepoint region: Cleanup
[5022.492s][info ][safepoint      ] Leaving safepoint region
[5022.492s][info ][safepoint      ] Total time for which application threads were stopped: 0.0000954 seconds, Stopping threads took: 0.0000336 seconds
[5023.492s][info ][safepoint      ] Application time: 1.0001127 seconds
[5023.492s][info ][safepoint      ] Entering safepoint region: Cleanup
[5023.492s][info ][safepoint      ] Leaving safepoint region
[5023.492s][info ][safepoint      ] Total time for which application threads were stopped: 0.0000797 seconds, Stopping threads took: 0.0000173 seconds
[5024.006s][info ][safepoint      ] Application time: 0.5138863 seconds
[5024.006s][info ][safepoint      ] Entering safepoint region: ParallelGCFailedAllocation
[5024.006s][info ][gc,start       ] GC(208) Pause Young (Allocation Failure)
[5024.019s][debug][gc,phases      ] GC(208) Scavenge 12.633ms
[5024.019s][debug][gc,ref         ] GC(208) Skipped phase1 of Reference Processing due to unavailable references
[5024.019s][debug][gc,ref         ] GC(208) Skipped phase2 of Reference Processing due to unavailable references
[5024.019s][debug][gc,ref         ] GC(208) Skipped phase3 of Reference Processing due to unavailable references
[5024.019s][debug][gc,phases      ] GC(208) Reference Processing 0.035ms
[5024.019s][debug][gc,phases      ] GC(208) Weak Processing 0.123ms
[5024.019s][debug][gc,phases      ] GC(208) Scrub String Table 0.439ms
[5024.019s][debug][gc,age         ] GC(208) Desired survivor size 55574528 bytes, new threshold 15 (max threshold 15)
[5024.019s][info ][gc,heap        ] GC(208) PSYoungGen: 2028210K->40178K(2040832K)
[5024.019s][info ][gc,heap        ] GC(208) ParOldGen: 438557K->441892K(477696K)
[5024.019s][info ][gc,metaspace   ] GC(208) Metaspace: 74994K->74994K(1118208K)
[5024.019s][info ][gc             ] GC(208) Pause Young (Allocation Failure) 2408M->470M(2459M) 13.380ms
[5024.019s][info ][gc,cpu         ] GC(208) User=0.05s Sys=0.00s Real=0.01s
[5024.019s][info ][safepoint      ] Leaving safepoint region
[5024.019s][info ][safepoint      ] Total time for which application threads were stopped: 0.0135751 seconds, Stopping threads took: 0.0000181 seconds
[5025.020s][info ][safepoint      ] Application time: 1.0001388 seconds
[5025.020s][info ][safepoint      ] Entering safepoint region: Cleanup
[5025.020s][info ][safepoint      ] Leaving safepoint region
[5025.020s][info ][safepoint      ] Total time for which application threads were stopped: 0.0001128 seconds, Stopping threads took: 0.0000412 seconds
[5026.020s][info ][safepoint      ] Application time: 1.0001281 seconds
[5026.020s][info ][safepoint      ] Entering safepoint region: Cleanup
[5026.020s][info ][safepoint      ] Leaving safepoint region
[5026.020s][info ][safepoint      ] Total time for which application threads were stopped: 0.0000967 seconds, Stopping threads took: 0.0000353 seconds
[5027.020s][info ][safepoint      ] Application time: 1.0000906 seconds
[5027.020s][info ][safepoint      ] Entering safepoint region: Cleanup
[5027.020s][info ][safepoint      ] Leaving safepoint region
[5027.020s][info ][safepoint      ] Total time for which application threads were stopped: 0.0000835 seconds, Stopping threads took: 0.0000215 seconds
[5028.020s][info ][safepoint      ] Application time: 1.0000808 seconds
[5028.020s][info ][safepoint      ] Entering safepoint region: Cleanup
[5028.020s][info ][safepoint      ] Leaving safepoint region
[5028.021s][info ][safepoint      ] Total time for which application threads were stopped: 0.0001047 seconds, Stopping threads took: 0.0000418 seconds
[5029.021s][info ][safepoint      ] Application time: 1.0000832 seconds
[5029.021s][info ][safepoint      ] Entering safepoint region: Cleanup
[5029.021s][info ][safepoint      ] Leaving safepoint region
[5029.021s][info ][safepoint      ] Total time for which application threads were stopped: 0.0000800 seconds, Stopping threads took: 0.0000183 seconds
[5030.021s][info ][safepoint      ] Application time: 1.0000728 seconds
[5030.021s][info ][safepoint      ] Entering safepoint region: Cleanup
[5030.021s][info ][safepoint      ] Leaving safepoint region
[5030.021s][info ][safepoint      ] Total time for which application threads were stopped: 0.0000960 seconds, Stopping threads took: 0.0000184 seconds
[5031.021s][info ][safepoint      ] Application time: 1.0000763 seconds
[5031.021s][info ][safepoint      ] Entering safepoint region: Cleanup
[5031.021s][info ][safepoint      ] Leaving safepoint region
[5031.021s][info ][safepoint      ] Total time for which application threads were stopped: 0.0000788 seconds, Stopping threads took: 0.0000178 seconds
[5032.021s][info ][safepoint      ] Application time: 1.0001133 seconds
[5032.021s][info ][safepoint      ] Entering safepoint region: Cleanup
[5032.021s][info ][safepoint      ] Leaving safepoint region
[5032.021s][info ][safepoint      ] Total time for which application threads were stopped: 0.0001392 seconds, Stopping threads took: 0.0000342 seconds
[5033.022s][info ][safepoint      ] Application time: 1.0000823 seconds
[5033.022s][info ][safepoint      ] Entering safepoint region: Cleanup
[5033.022s][info ][safepoint      ] Leaving safepoint region
[5033.022s][info ][safepoint      ] Total time for which application threads were stopped: 0.0000958 seconds, Stopping threads took: 0.0000373 seconds
[5034.022s][info ][safepoint      ] Application time: 1.0000563 seconds
[5034.022s][info ][safepoint      ] Entering safepoint region: Cleanup
[5034.022s][info ][safepoint      ] Leaving safepoint region
[5034.022s][info ][safepoint      ] Total time for which application threads were stopped: 0.0000881 seconds, Stopping threads took: 0.0000176 seconds
[5035.022s][info ][safepoint      ] Application time: 1.0001202 seconds
[5035.022s][info ][safepoint      ] Entering safepoint region: Cleanup
[5035.022s][info ][safepoint      ] Leaving safepoint region
[5035.022s][info ][safepoint      ] Total time for which application threads were stopped: 0.0000782 seconds, Stopping threads took: 0.0000181 seconds
[5036.022s][info ][safepoint      ] Application time: 1.0000675 seconds
[5036.022s][info ][safepoint      ] Entering safepoint region: Cleanup
[5036.022s][info ][safepoint      ] Leaving safepoint region
[5036.022s][info ][safepoint      ] Total time for which application threads were stopped: 0.0001105 seconds, Stopping threads took: 0.0000509 seconds
[5037.023s][info ][safepoint      ] Application time: 1.0001363 seconds
[5037.023s][info ][safepoint      ] Entering safepoint region: Cleanup
[5037.023s][info ][safepoint      ] Leaving safepoint region
[5037.023s][info ][safepoint      ] Total time for which application threads were stopped: 0.0000787 seconds, Stopping threads took: 0.0000183 seconds
[5038.023s][info ][safepoint      ] Application time: 1.0001562 seconds
[5038.023s][info ][safepoint      ] Entering safepoint region: Cleanup
[5038.023s][info ][safepoint      ] Leaving safepoint region
[5038.023s][info ][safepoint      ] Total time for which application threads were stopped: 0.0000780 seconds, Stopping threads took: 0.0000170 seconds
[5039.023s][info ][safepoint      ] Application time: 1.0001212 seconds
[5039.023s][info ][safepoint      ] Entering safepoint region: Cleanup
[5039.023s][info ][safepoint      ] Leaving safepoint region
[5039.023s][info ][safepoint      ] Total time for which application threads were stopped: 0.0000785 seconds, Stopping threads took: 0.0000185 seconds
[5040.023s][info ][safepoint      ] Application time: 1.0001293 seconds
[5040.023s][info ][safepoint      ] Entering safepoint region: Cleanup
[5040.023s][info ][safepoint      ] Leaving safepoint region
[5040.023s][info ][safepoint      ] Total time for which application threads were stopped: 0.0000770 seconds, Stopping threads took: 0.0000180 seconds
[5041.024s][info ][safepoint      ] Application time: 1.0000763 seconds
[5041.024s][info ][safepoint      ] Entering safepoint region: Cleanup
[5041.024s][info ][safepoint      ] Leaving safepoint region
[5041.024s][info ][safepoint      ] Total time for which application threads were stopped: 0.0001291 seconds, Stopping threads took: 0.0000334 seconds
[5042.024s][info ][safepoint      ] Application time: 1.0000906 seconds
[5042.024s][info ][safepoint      ] Entering safepoint region: Cleanup
[5042.024s][info ][safepoint      ] Leaving safepoint region
[5042.024s][info ][safepoint      ] Total time for which application threads were stopped: 0.0000795 seconds, Stopping threads took: 0.0000190 seconds
[5043.024s][info ][safepoint      ] Application time: 1.0000877 seconds
[5043.024s][info ][safepoint      ] Entering safepoint region: Cleanup
[5043.024s][info ][safepoint      ] Leaving safepoint region
[5043.024s][info ][safepoint      ] Total time for which application threads were stopped: 0.0000977 seconds, Stopping threads took: 0.0000345 seconds
[5044.024s][info ][safepoint      ] Application time: 1.0001512 seconds
[5044.024s][info ][safepoint      ] Entering safepoint region: Cleanup
[5044.024s][info ][safepoint      ] Leaving safepoint region
[5044.024s][info ][safepoint      ] Total time for which application threads were stopped: 0.0001115 seconds, Stopping threads took: 0.0000444 seconds
[5045.025s][info ][safepoint      ] Application time: 1.0001465 seconds
[5045.025s][info ][safepoint      ] Entering safepoint region: Cleanup
[5045.025s][info ][safepoint      ] Leaving safepoint region
[5045.025s][info ][safepoint      ] Total time for which application threads were stopped: 0.0001029 seconds, Stopping threads took: 0.0000176 seconds
[5046.025s][info ][safepoint      ] Application time: 1.0001106 seconds
[5046.025s][info ][safepoint      ] Entering safepoint region: Cleanup
[5046.025s][info ][safepoint      ] Leaving safepoint region
[5046.025s][info ][safepoint      ] Total time for which application threads were stopped: 0.0000800 seconds, Stopping threads took: 0.0000185 seconds
[5047.025s][info ][safepoint      ] Application time: 1.0001125 seconds
[5047.025s][info ][safepoint      ] Entering safepoint region: Cleanup
[5047.025s][info ][safepoint      ] Leaving safepoint region
[5047.025s][info ][safepoint      ] Total time for which application threads were stopped: 0.0000818 seconds, Stopping threads took: 0.0000183 seconds
[5047.707s][info ][safepoint      ] Application time: 0.6819664 seconds
[5047.707s][info ][safepoint      ] Entering safepoint region: ParallelGCFailedAllocation
[5047.707s][info ][gc,start       ] GC(209) Pause Young (Allocation Failure)
[5047.721s][debug][gc,phases      ] GC(209) Scavenge 13.115ms
[5047.721s][debug][gc,ref         ] GC(209) Skipped phase1 of Reference Processing due to unavailable references
[5047.721s][debug][gc,ref         ] GC(209) Skipped phase2 of Reference Processing due to unavailable references
[5047.721s][debug][gc,ref         ] GC(209) Skipped phase3 of Reference Processing due to unavailable references
[5047.721s][debug][gc,phases      ] GC(209) Reference Processing 0.040ms
[5047.721s][debug][gc,phases      ] GC(209) Weak Processing 0.299ms
[5047.722s][debug][gc,phases      ] GC(209) Scrub String Table 0.775ms
[5047.722s][debug][gc,age         ] GC(209) Desired survivor size 55050240 bytes, new threshold 15 (max threshold 15)
[5047.722s][info ][gc,heap        ] GC(209) PSYoungGen: 2025714K->38466K(2043392K)
[5047.722s][info ][gc,heap        ] GC(209) ParOldGen: 441892K->444102K(477696K)
[5047.722s][info ][gc,metaspace   ] GC(209) Metaspace: 74994K->74994K(1118208K)
[5047.722s][info ][gc             ] GC(209) Pause Young (Allocation Failure) 2409M->471M(2462M) 14.403ms
[5047.722s][info ][gc,cpu         ] GC(209) User=0.05s Sys=0.00s Real=0.02s
[5047.722s][info ][safepoint      ] Leaving safepoint region
[5047.722s][info ][safepoint      ] Total time for which application threads were stopped: 0.0146693 seconds, Stopping threads took: 0.0000591 seconds
[5048.722s][info ][safepoint      ] Application time: 1.0000882 seconds
[5048.722s][info ][safepoint      ] Entering safepoint region: Cleanup
[5048.722s][info ][safepoint      ] Leaving safepoint region
[5048.722s][info ][safepoint      ] Total time for which application threads were stopped: 0.0000978 seconds, Stopping threads took: 0.0000201 seconds
[5049.722s][info ][safepoint      ] Application time: 1.0001041 seconds
[5049.722s][info ][safepoint      ] Entering safepoint region: Cleanup
[5049.722s][info ][safepoint      ] Leaving safepoint region
[5049.722s][info ][safepoint      ] Total time for which application threads were stopped: 0.0000811 seconds, Stopping threads took: 0.0000187 seconds
[5050.723s][info ][safepoint      ] Application time: 1.0000828 seconds
[5050.723s][info ][safepoint      ] Entering safepoint region: Cleanup
[5050.723s][info ][safepoint      ] Leaving safepoint region
[5050.723s][info ][safepoint      ] Total time for which application threads were stopped: 0.0000972 seconds, Stopping threads took: 0.0000218 seconds
[5051.723s][info ][safepoint      ] Application time: 1.0000829 seconds
[5051.723s][info ][safepoint      ] Entering safepoint region: Cleanup
[5051.723s][info ][safepoint      ] Leaving safepoint region
[5051.723s][info ][safepoint      ] Total time for which application threads were stopped: 0.0000789 seconds, Stopping threads took: 0.0000187 seconds
[5052.723s][info ][safepoint      ] Application time: 1.0000829 seconds
[5052.723s][info ][safepoint      ] Entering safepoint region: Cleanup
[5052.723s][info ][safepoint      ] Leaving safepoint region
[5052.723s][info ][safepoint      ] Total time for which application threads were stopped: 0.0000838 seconds, Stopping threads took: 0.0000206 seconds
[5053.723s][info ][safepoint      ] Application time: 1.0000823 seconds
[5053.723s][info ][safepoint      ] Entering safepoint region: Cleanup
[5053.723s][info ][safepoint      ] Leaving safepoint region
[5053.723s][info ][safepoint      ] Total time for which application threads were stopped: 0.0000943 seconds, Stopping threads took: 0.0000199 seconds
[5054.723s][info ][safepoint      ] Application time: 1.0000802 seconds
[5054.723s][info ][safepoint      ] Entering safepoint region: Cleanup
[5054.723s][info ][safepoint      ] Leaving safepoint region
[5054.724s][info ][safepoint      ] Total time for which application threads were stopped: 0.0000935 seconds, Stopping threads took: 0.0000323 seconds
[5055.724s][info ][safepoint      ] Application time: 1.0000624 seconds
[5055.724s][info ][safepoint      ] Entering safepoint region: Cleanup
[5055.724s][info ][safepoint      ] Leaving safepoint region
[5055.724s][info ][safepoint      ] Total time for which application threads were stopped: 0.0000898 seconds, Stopping threads took: 0.0000288 seconds
[5056.724s][info ][safepoint      ] Application time: 1.0001177 seconds
[5056.724s][info ][safepoint      ] Entering safepoint region: Cleanup
[5056.724s][info ][safepoint      ] Leaving safepoint region
[5056.724s][info ][safepoint      ] Total time for which application threads were stopped: 0.0000788 seconds, Stopping threads took: 0.0000176 seconds
[5057.724s][info ][safepoint      ] Application time: 1.0001062 seconds
[5057.724s][info ][safepoint      ] Entering safepoint region: Cleanup
[5057.724s][info ][safepoint      ] Leaving safepoint region
[5057.724s][info ][safepoint      ] Total time for which application threads were stopped: 0.0001249 seconds, Stopping threads took: 0.0000635 seconds
[5058.724s][info ][safepoint      ] Application time: 1.0001335 seconds
[5058.724s][info ][safepoint      ] Entering safepoint region: Cleanup
[5058.724s][info ][safepoint      ] Leaving safepoint region
[5058.724s][info ][safepoint      ] Total time for which application threads were stopped: 0.0000783 seconds, Stopping threads took: 0.0000172 seconds
[5059.725s][info ][safepoint      ] Application time: 1.0000896 seconds
[5059.725s][info ][safepoint      ] Entering safepoint region: Cleanup
[5059.725s][info ][safepoint      ] Leaving safepoint region
[5059.725s][info ][safepoint      ] Total time for which application threads were stopped: 0.0000936 seconds, Stopping threads took: 0.0000210 seconds
[5060.725s][info ][safepoint      ] Application time: 1.0000360 seconds
[5060.725s][info ][safepoint      ] Entering safepoint region: Cleanup
[5060.725s][info ][safepoint      ] Leaving safepoint region
[5060.725s][info ][safepoint      ] Total time for which application threads were stopped: 0.0000948 seconds, Stopping threads took: 0.0000341 seconds
[5061.725s][info ][safepoint      ] Application time: 1.0001300 seconds
[5061.725s][info ][safepoint      ] Entering safepoint region: Cleanup
[5061.725s][info ][safepoint      ] Leaving safepoint region
[5061.725s][info ][safepoint      ] Total time for which application threads were stopped: 0.0000942 seconds, Stopping threads took: 0.0000330 seconds
[5062.725s][info ][safepoint      ] Application time: 1.0001138 seconds
[5062.725s][info ][safepoint      ] Entering safepoint region: Cleanup
[5062.725s][info ][safepoint      ] Leaving safepoint region
[5062.725s][info ][safepoint      ] Total time for which application threads were stopped: 0.0000768 seconds, Stopping threads took: 0.0000182 seconds
[5063.726s][info ][safepoint      ] Application time: 1.0001133 seconds
[5063.726s][info ][safepoint      ] Entering safepoint region: Cleanup
[5063.726s][info ][safepoint      ] Leaving safepoint region
[5063.726s][info ][safepoint      ] Total time for which application threads were stopped: 0.0000770 seconds, Stopping threads took: 0.0000176 seconds
[5064.726s][info ][safepoint      ] Application time: 1.0001180 seconds
[5064.726s][info ][safepoint      ] Entering safepoint region: Cleanup
[5064.726s][info ][safepoint      ] Leaving safepoint region
[5064.726s][info ][safepoint      ] Total time for which application threads were stopped: 0.0000760 seconds, Stopping threads took: 0.0000174 seconds
[5065.726s][info ][safepoint      ] Application time: 1.0000906 seconds
[5065.726s][info ][safepoint      ] Entering safepoint region: Cleanup
[5065.726s][info ][safepoint      ] Leaving safepoint region
[5065.726s][info ][safepoint      ] Total time for which application threads were stopped: 0.0001061 seconds, Stopping threads took: 0.0000331 seconds
[5066.726s][info ][safepoint      ] Application time: 1.0001164 seconds
[5066.726s][info ][safepoint      ] Entering safepoint region: Cleanup
[5066.726s][info ][safepoint      ] Leaving safepoint region
[5066.726s][info ][safepoint      ] Total time for which application threads were stopped: 0.0000720 seconds, Stopping threads took: 0.0000169 seconds
[5067.726s][info ][safepoint      ] Application time: 1.0001245 seconds
[5067.727s][info ][safepoint      ] Entering safepoint region: Cleanup
[5067.727s][info ][safepoint      ] Leaving safepoint region
[5067.727s][info ][safepoint      ] Total time for which application threads were stopped: 0.0000799 seconds, Stopping threads took: 0.0000187 seconds
[5068.727s][info ][safepoint      ] Application time: 1.0001198 seconds
[5068.727s][info ][safepoint      ] Entering safepoint region: Cleanup
[5068.727s][info ][safepoint      ] Leaving safepoint region
[5068.727s][info ][safepoint      ] Total time for which application threads were stopped: 0.0000765 seconds, Stopping threads took: 0.0000185 seconds
[5069.727s][info ][safepoint      ] Application time: 1.0000763 seconds
[5069.727s][info ][safepoint      ] Entering safepoint region: Cleanup
[5069.727s][info ][safepoint      ] Leaving safepoint region
[5069.727s][info ][safepoint      ] Total time for which application threads were stopped: 0.0000809 seconds, Stopping threads took: 0.0000192 seconds
[5070.727s][info ][safepoint      ] Application time: 1.0000787 seconds
[5070.727s][info ][safepoint      ] Entering safepoint region: Cleanup
[5070.727s][info ][safepoint      ] Leaving safepoint region
[5070.727s][info ][safepoint      ] Total time for which application threads were stopped: 0.0000918 seconds, Stopping threads took: 0.0000181 seconds
[5071.154s][info ][safepoint      ] Application time: 0.4265908 seconds
[5071.154s][info ][safepoint      ] Entering safepoint region: ParallelGCFailedAllocation
[5071.154s][info ][gc,start       ] GC(210) Pause Young (Allocation Failure)
[5071.167s][debug][gc,phases      ] GC(210) Scavenge 12.842ms
[5071.167s][debug][gc,ref         ] GC(210) Skipped phase1 of Reference Processing due to unavailable references
[5071.167s][debug][gc,ref         ] GC(210) Skipped phase2 of Reference Processing due to unavailable references
[5071.167s][debug][gc,ref         ] GC(210) Skipped phase3 of Reference Processing due to unavailable references
[5071.167s][debug][gc,phases      ] GC(210) Reference Processing 0.041ms
[5071.167s][debug][gc,phases      ] GC(210) Weak Processing 0.278ms
[5071.168s][debug][gc,phases      ] GC(210) Scrub String Table 0.908ms
[5071.168s][debug][gc,age         ] GC(210) Desired survivor size 54525952 bytes, new threshold 15 (max threshold 15)
[5071.168s][info ][gc,heap        ] GC(210) PSYoungGen: 2027586K->36418K(2042880K)
[5071.168s][info ][gc,heap        ] GC(210) ParOldGen: 444102K->446865K(477696K)
[5071.168s][info ][gc,metaspace   ] GC(210) Metaspace: 74994K->74994K(1118208K)
[5071.168s][info ][gc             ] GC(210) Pause Young (Allocation Failure) 2413M->471M(2461M) 14.228ms
[5071.168s][info ][gc,cpu         ] GC(210) User=0.04s Sys=0.02s Real=0.01s
[5071.168s][info ][safepoint      ] Leaving safepoint region
[5071.168s][info ][safepoint      ] Total time for which application threads were stopped: 0.0144687 seconds, Stopping threads took: 0.0000179 seconds
[5072.169s][info ][safepoint      ] Application time: 1.0001415 seconds
[5072.169s][info ][safepoint      ] Entering safepoint region: Cleanup
[5072.169s][info ][safepoint      ] Leaving safepoint region
[5072.169s][info ][safepoint      ] Total time for which application threads were stopped: 0.0001048 seconds, Stopping threads took: 0.0000179 seconds
[5073.169s][info ][safepoint      ] Application time: 1.0000457 seconds
[5073.169s][info ][safepoint      ] Entering safepoint region: Cleanup
[5073.169s][info ][safepoint      ] Leaving safepoint region
[5073.169s][info ][safepoint      ] Total time for which application threads were stopped: 0.0000852 seconds, Stopping threads took: 0.0000212 seconds
[5074.169s][info ][safepoint      ] Application time: 1.0001127 seconds
[5074.169s][info ][safepoint      ] Entering safepoint region: Cleanup
[5074.169s][info ][safepoint      ] Leaving safepoint region
[5074.169s][info ][safepoint      ] Total time for which application threads were stopped: 0.0000776 seconds, Stopping threads took: 0.0000176 seconds
[5075.169s][info ][safepoint      ] Application time: 1.0001365 seconds
[5075.169s][info ][safepoint      ] Entering safepoint region: Cleanup
[5075.169s][info ][safepoint      ] Leaving safepoint region
[5075.169s][info ][safepoint      ] Total time for which application threads were stopped: 0.0000749 seconds, Stopping threads took: 0.0000170 seconds
[5076.170s][info ][safepoint      ] Application time: 1.0001538 seconds
[5076.170s][info ][safepoint      ] Entering safepoint region: Cleanup
[5076.170s][info ][safepoint      ] Leaving safepoint region
[5076.170s][info ][safepoint      ] Total time for which application threads were stopped: 0.0000762 seconds, Stopping threads took: 0.0000173 seconds
[5077.170s][info ][safepoint      ] Application time: 1.0001396 seconds
[5077.170s][info ][safepoint      ] Entering safepoint region: Cleanup
[5077.170s][info ][safepoint      ] Leaving safepoint region
[5077.170s][info ][safepoint      ] Total time for which application threads were stopped: 0.0000735 seconds, Stopping threads took: 0.0000165 seconds
[5078.170s][info ][safepoint      ] Application time: 1.0001258 seconds
[5078.170s][info ][safepoint      ] Entering safepoint region: Cleanup
[5078.170s][info ][safepoint      ] Leaving safepoint region
[5078.170s][info ][safepoint      ] Total time for which application threads were stopped: 0.0000773 seconds, Stopping threads took: 0.0000173 seconds
[5079.170s][info ][safepoint      ] Application time: 1.0001056 seconds
[5079.170s][info ][safepoint      ] Entering safepoint region: Cleanup
[5079.170s][info ][safepoint      ] Leaving safepoint region
[5079.170s][info ][safepoint      ] Total time for which application threads were stopped: 0.0000779 seconds, Stopping threads took: 0.0000183 seconds
[5080.170s][info ][safepoint      ] Application time: 1.0001356 seconds
[5080.171s][info ][safepoint      ] Entering safepoint region: Cleanup
[5080.171s][info ][safepoint      ] Leaving safepoint region
[5080.171s][info ][safepoint      ] Total time for which application threads were stopped: 0.0000818 seconds, Stopping threads took: 0.0000188 seconds
[5081.171s][info ][safepoint      ] Application time: 1.0001168 seconds
[5081.171s][info ][safepoint      ] Entering safepoint region: Cleanup
[5081.171s][info ][safepoint      ] Leaving safepoint region
[5081.171s][info ][safepoint      ] Total time for which application threads were stopped: 0.0000930 seconds, Stopping threads took: 0.0000175 seconds
[5082.171s][info ][safepoint      ] Application time: 1.0000819 seconds
[5082.171s][info ][safepoint      ] Entering safepoint region: Cleanup
[5082.171s][info ][safepoint      ] Leaving safepoint region
[5082.171s][info ][safepoint      ] Total time for which application threads were stopped: 0.0001365 seconds, Stopping threads took: 0.0000750 seconds
[5083.171s][info ][safepoint      ] Application time: 1.0000987 seconds
[5083.171s][info ][safepoint      ] Entering safepoint region: Cleanup
[5083.171s][info ][safepoint      ] Leaving safepoint region
[5083.171s][info ][safepoint      ] Total time for which application threads were stopped: 0.0000787 seconds, Stopping threads took: 0.0000182 seconds
[5084.171s][info ][safepoint      ] Application time: 1.0001071 seconds
[5084.172s][info ][safepoint      ] Entering safepoint region: Cleanup
[5084.172s][info ][safepoint      ] Leaving safepoint region
[5084.172s][info ][safepoint      ] Total time for which application threads were stopped: 0.0000767 seconds, Stopping threads took: 0.0000177 seconds
[5085.172s][info ][safepoint      ] Application time: 1.0000905 seconds
[5085.172s][info ][safepoint      ] Entering safepoint region: Cleanup
[5085.172s][info ][safepoint      ] Leaving safepoint region
[5085.172s][info ][safepoint      ] Total time for which application threads were stopped: 0.0000846 seconds, Stopping threads took: 0.0000204 seconds
[5086.172s][info ][safepoint      ] Application time: 1.0001533 seconds
[5086.172s][info ][safepoint      ] Entering safepoint region: Cleanup
[5086.172s][info ][safepoint      ] Leaving safepoint region
[5086.172s][info ][safepoint      ] Total time for which application threads were stopped: 0.0001376 seconds, Stopping threads took: 0.0000271 seconds
[5087.172s][info ][safepoint      ] Application time: 1.0000767 seconds
[5087.172s][info ][safepoint      ] Entering safepoint region: Cleanup
[5087.172s][info ][safepoint      ] Leaving safepoint region
[5087.172s][info ][safepoint      ] Total time for which application threads were stopped: 0.0000789 seconds, Stopping threads took: 0.0000186 seconds
[5088.173s][info ][safepoint      ] Application time: 1.0001436 seconds
[5088.173s][info ][safepoint      ] Entering safepoint region: Cleanup
[5088.173s][info ][safepoint      ] Leaving safepoint region
[5088.173s][info ][safepoint      ] Total time for which application threads were stopped: 0.0000970 seconds, Stopping threads took: 0.0000360 seconds
[5089.173s][info ][safepoint      ] Application time: 1.0001177 seconds
[5089.173s][info ][safepoint      ] Entering safepoint region: Cleanup
[5089.173s][info ][safepoint      ] Leaving safepoint region
[5089.173s][info ][safepoint      ] Total time for which application threads were stopped: 0.0000757 seconds, Stopping threads took: 0.0000171 seconds
[5090.173s][info ][safepoint      ] Application time: 1.0001217 seconds
[5090.173s][info ][safepoint      ] Entering safepoint region: Cleanup
[5090.173s][info ][safepoint      ] Leaving safepoint region
[5090.173s][info ][safepoint      ] Total time for which application threads were stopped: 0.0000785 seconds, Stopping threads took: 0.0000173 seconds
[5091.173s][info ][safepoint      ] Application time: 1.0001144 seconds
[5091.173s][info ][safepoint      ] Entering safepoint region: Cleanup
[5091.173s][info ][safepoint      ] Leaving safepoint region
[5091.173s][info ][safepoint      ] Total time for which application threads were stopped: 0.0000759 seconds, Stopping threads took: 0.0000176 seconds
[5092.174s][info ][safepoint      ] Application time: 1.0001442 seconds
[5092.174s][info ][safepoint      ] Entering safepoint region: Cleanup
[5092.174s][info ][safepoint      ] Leaving safepoint region
[5092.174s][info ][safepoint      ] Total time for which application threads were stopped: 0.0001422 seconds, Stopping threads took: 0.0000667 seconds
[5093.174s][info ][safepoint      ] Application time: 1.0001243 seconds
[5093.174s][info ][safepoint      ] Entering safepoint region: Cleanup
[5093.174s][info ][safepoint      ] Leaving safepoint region
[5093.174s][info ][safepoint      ] Total time for which application threads were stopped: 0.0000786 seconds, Stopping threads took: 0.0000181 seconds
[5094.174s][info ][safepoint      ] Application time: 1.0000845 seconds
[5094.174s][info ][safepoint      ] Entering safepoint region: Cleanup
[5094.174s][info ][safepoint      ] Leaving safepoint region
[5094.174s][info ][safepoint      ] Total time for which application threads were stopped: 0.0001095 seconds, Stopping threads took: 0.0000502 seconds
[5094.858s][info ][safepoint      ] Application time: 0.6837413 seconds
[5094.858s][info ][safepoint      ] Entering safepoint region: ParallelGCFailedAllocation
[5094.858s][info ][gc,start       ] GC(211) Pause Young (Allocation Failure)
[5094.870s][debug][gc,phases      ] GC(211) Scavenge 11.458ms
[5094.870s][debug][gc,ref         ] GC(211) Skipped phase1 of Reference Processing due to unavailable references
[5094.870s][debug][gc,ref         ] GC(211) Skipped phase2 of Reference Processing due to unavailable references
[5094.870s][debug][gc,ref         ] GC(211) Skipped phase3 of Reference Processing due to unavailable references
[5094.870s][debug][gc,phases      ] GC(211) Reference Processing 0.038ms
[5094.870s][debug][gc,phases      ] GC(211) Weak Processing 0.253ms
[5094.871s][debug][gc,phases      ] GC(211) Scrub String Table 0.791ms
[5094.871s][debug][gc,age         ] GC(211) Desired survivor size 54525952 bytes, new threshold 15 (max threshold 15)
[5094.871s][info ][gc,heap        ] GC(211) PSYoungGen: 2025538K->33410K(2043904K)
[5094.871s][info ][gc,heap        ] GC(211) ParOldGen: 446865K->449931K(477696K)
[5094.871s][info ][gc,metaspace   ] GC(211) Metaspace: 74994K->74994K(1118208K)
[5094.871s][info ][gc             ] GC(211) Pause Young (Allocation Failure) 2414M->472M(2462M) 12.726ms
[5094.871s][info ][gc,cpu         ] GC(211) User=0.04s Sys=0.00s Real=0.01s
[5094.871s][info ][safepoint      ] Leaving safepoint region
[5094.871s][info ][safepoint      ] Total time for which application threads were stopped: 0.0129767 seconds, Stopping threads took: 0.0000405 seconds
[5095.871s][info ][safepoint      ] Application time: 1.0001476 seconds
[5095.871s][info ][safepoint      ] Entering safepoint region: Cleanup
[5095.871s][info ][safepoint      ] Leaving safepoint region
[5095.871s][info ][safepoint      ] Total time for which application threads were stopped: 0.0000791 seconds, Stopping threads took: 0.0000179 seconds
[5096.871s][info ][safepoint      ] Application time: 1.0001217 seconds
[5096.871s][info ][safepoint      ] Entering safepoint region: Cleanup
[5096.872s][info ][safepoint      ] Leaving safepoint region
[5096.872s][info ][safepoint      ] Total time for which application threads were stopped: 0.0000817 seconds, Stopping threads took: 0.0000198 seconds
[5097.872s][info ][safepoint      ] Application time: 1.0001290 seconds
[5097.872s][info ][safepoint      ] Entering safepoint region: Cleanup
[5097.872s][info ][safepoint      ] Leaving safepoint region
[5097.872s][info ][safepoint      ] Total time for which application threads were stopped: 0.0000806 seconds, Stopping threads took: 0.0000183 seconds
[5098.872s][info ][safepoint      ] Application time: 1.0000847 seconds
[5098.872s][info ][safepoint      ] Entering safepoint region: Cleanup
[5098.872s][info ][safepoint      ] Leaving safepoint region
[5098.872s][info ][safepoint      ] Total time for which application threads were stopped: 0.0000817 seconds, Stopping threads took: 0.0000189 seconds
[5099.872s][info ][safepoint      ] Application time: 1.0001579 seconds
[5099.872s][info ][safepoint      ] Entering safepoint region: Cleanup
[5099.872s][info ][safepoint      ] Leaving safepoint region
[5099.872s][info ][safepoint      ] Total time for which application threads were stopped: 0.0000796 seconds, Stopping threads took: 0.0000181 seconds
[5100.872s][info ][safepoint      ] Application time: 1.0000903 seconds
[5100.872s][info ][safepoint      ] Entering safepoint region: Cleanup
[5100.872s][info ][safepoint      ] Leaving safepoint region
[5100.872s][info ][safepoint      ] Total time for which application threads were stopped: 0.0000784 seconds, Stopping threads took: 0.0000183 seconds
[5101.873s][info ][safepoint      ] Application time: 1.0000741 seconds
[5101.873s][info ][safepoint      ] Entering safepoint region: Cleanup
[5101.873s][info ][safepoint      ] Leaving safepoint region
[5101.873s][info ][safepoint      ] Total time for which application threads were stopped: 0.0000804 seconds, Stopping threads took: 0.0000205 seconds
[5102.873s][info ][safepoint      ] Application time: 1.0000750 seconds
[5102.873s][info ][safepoint      ] Entering safepoint region: Cleanup
[5102.873s][info ][safepoint      ] Leaving safepoint region
[5102.873s][info ][safepoint      ] Total time for which application threads were stopped: 0.0000796 seconds, Stopping threads took: 0.0000191 seconds
[5103.873s][info ][safepoint      ] Application time: 1.0001222 seconds
[5103.873s][info ][safepoint      ] Entering safepoint region: Cleanup
[5103.873s][info ][safepoint      ] Leaving safepoint region
[5103.873s][info ][safepoint      ] Total time for which application threads were stopped: 0.0000755 seconds, Stopping threads took: 0.0000169 seconds
[5104.873s][info ][safepoint      ] Application time: 1.0001309 seconds
[5104.873s][info ][safepoint      ] Entering safepoint region: Cleanup
[5104.873s][info ][safepoint      ] Leaving safepoint region
[5104.873s][info ][safepoint      ] Total time for which application threads were stopped: 0.0000739 seconds, Stopping threads took: 0.0000167 seconds
[5105.873s][info ][safepoint      ] Application time: 1.0000924 seconds
[5105.874s][info ][safepoint      ] Entering safepoint region: Cleanup
[5105.874s][info ][safepoint      ] Leaving safepoint region
[5105.874s][info ][safepoint      ] Total time for which application threads were stopped: 0.0000810 seconds, Stopping threads took: 0.0000182 seconds
[5106.874s][info ][safepoint      ] Application time: 1.0001346 seconds
[5106.874s][info ][safepoint      ] Entering safepoint region: Cleanup
[5106.874s][info ][safepoint      ] Leaving safepoint region
[5106.874s][info ][safepoint      ] Total time for which application threads were stopped: 0.0001118 seconds, Stopping threads took: 0.0000186 seconds
[5107.874s][info ][safepoint      ] Application time: 1.0001435 seconds
[5107.874s][info ][safepoint      ] Entering safepoint region: Cleanup
[5107.874s][info ][safepoint      ] Leaving safepoint region
[5107.874s][info ][safepoint      ] Total time for which application threads were stopped: 0.0000887 seconds, Stopping threads took: 0.0000279 seconds
[5108.874s][info ][safepoint      ] Application time: 1.0001213 seconds
[5108.874s][info ][safepoint      ] Entering safepoint region: Cleanup
[5108.874s][info ][safepoint      ] Leaving safepoint region
[5108.874s][info ][safepoint      ] Total time for which application threads were stopped: 0.0000747 seconds, Stopping threads took: 0.0000168 seconds
[5109.875s][info ][safepoint      ] Application time: 1.0001288 seconds
[5109.875s][info ][safepoint      ] Entering safepoint region: Cleanup
[5109.875s][info ][safepoint      ] Leaving safepoint region
[5109.875s][info ][safepoint      ] Total time for which application threads were stopped: 0.0001073 seconds, Stopping threads took: 0.0000155 seconds
[5110.875s][info ][safepoint      ] Application time: 1.0000630 seconds
[5110.875s][info ][safepoint      ] Entering safepoint region: Cleanup
[5110.875s][info ][safepoint      ] Leaving safepoint region
[5110.875s][info ][safepoint      ] Total time for which application threads were stopped: 0.0000884 seconds, Stopping threads took: 0.0000186 seconds
[5111.875s][info ][safepoint      ] Application time: 1.0000873 seconds
[5111.875s][info ][safepoint      ] Entering safepoint region: Cleanup
[5111.875s][info ][safepoint      ] Leaving safepoint region
[5111.875s][info ][safepoint      ] Total time for which application threads were stopped: 0.0000784 seconds, Stopping threads took: 0.0000184 seconds
[5112.875s][info ][safepoint      ] Application time: 1.0000958 seconds
[5112.875s][info ][safepoint      ] Entering safepoint region: Cleanup
[5112.875s][info ][safepoint      ] Leaving safepoint region
[5112.875s][info ][safepoint      ] Total time for which application threads were stopped: 0.0001818 seconds, Stopping threads took: 0.0000918 seconds
[5112.899s][info ][safepoint      ] Application time: 0.0238718 seconds
[5112.899s][info ][safepoint      ] Entering safepoint region: RevokeBias
[5112.899s][info ][safepoint      ] Leaving safepoint region
[5112.899s][info ][safepoint      ] Total time for which application threads were stopped: 0.0001217 seconds, Stopping threads took: 0.0000172 seconds
[5113.900s][info ][safepoint      ] Application time: 1.0000882 seconds
[5113.900s][info ][safepoint      ] Entering safepoint region: Cleanup
[5113.900s][info ][safepoint      ] Leaving safepoint region
[5113.900s][info ][safepoint      ] Total time for which application threads were stopped: 0.0000951 seconds, Stopping threads took: 0.0000206 seconds
[5114.900s][info ][safepoint      ] Application time: 1.0000800 seconds
[5114.900s][info ][safepoint      ] Entering safepoint region: Cleanup
[5114.900s][info ][safepoint      ] Leaving safepoint region
[5114.900s][info ][safepoint      ] Total time for which application threads were stopped: 0.0001034 seconds, Stopping threads took: 0.0000334 seconds
[5115.900s][info ][safepoint      ] Application time: 1.0001179 seconds
[5115.900s][info ][safepoint      ] Entering safepoint region: Cleanup
[5115.900s][info ][safepoint      ] Leaving safepoint region
[5115.900s][info ][safepoint      ] Total time for which application threads were stopped: 0.0001027 seconds, Stopping threads took: 0.0000196 seconds
[5116.852s][info ][safepoint      ] Application time: 0.9520332 seconds
[5116.852s][info ][safepoint      ] Entering safepoint region: ParallelGCFailedAllocation
[5116.852s][info ][gc,start       ] GC(212) Pause Young (Allocation Failure)
[5116.864s][debug][gc,phases      ] GC(212) Scavenge 11.213ms
[5116.864s][debug][gc,ref         ] GC(212) Skipped phase1 of Reference Processing due to unavailable references
[5116.864s][debug][gc,ref         ] GC(212) Skipped phase2 of Reference Processing due to unavailable references
[5116.864s][debug][gc,ref         ] GC(212) Skipped phase3 of Reference Processing due to unavailable references
[5116.864s][debug][gc,phases      ] GC(212) Reference Processing 0.039ms
[5116.864s][debug][gc,phases      ] GC(212) Weak Processing 0.253ms
[5116.865s][debug][gc,phases      ] GC(212) Scrub String Table 0.795ms
[5116.865s][debug][gc,age         ] GC(212) Desired survivor size 55050240 bytes, new threshold 15 (max threshold 15)
[5116.865s][info ][gc,heap        ] GC(212) PSYoungGen: 2024066K->29954K(2020864K)
[5116.865s][info ][gc,heap        ] GC(212) ParOldGen: 449931K->453554K(477696K)
[5116.865s][info ][gc,metaspace   ] GC(212) Metaspace: 74996K->74996K(1118208K)
[5116.865s][info ][gc             ] GC(212) Pause Young (Allocation Failure) 2416M->472M(2440M) 12.446ms
[5116.865s][info ][gc,cpu         ] GC(212) User=0.05s Sys=0.00s Real=0.02s
[5116.865s][info ][safepoint      ] Leaving safepoint region
[5116.865s][info ][safepoint      ] Total time for which application threads were stopped: 0.0126350 seconds, Stopping threads took: 0.0000204 seconds
[5117.865s][info ][safepoint      ] Application time: 1.0000736 seconds
[5117.865s][info ][safepoint      ] Entering safepoint region: Cleanup
[5117.865s][info ][safepoint      ] Leaving safepoint region
[5117.865s][info ][safepoint      ] Total time for which application threads were stopped: 0.0000865 seconds, Stopping threads took: 0.0000184 seconds
[5118.865s][info ][safepoint      ] Application time: 1.0000680 seconds
[5118.865s][info ][safepoint      ] Entering safepoint region: Cleanup
[5118.865s][info ][safepoint      ] Leaving safepoint region
[5118.865s][info ][safepoint      ] Total time for which application threads were stopped: 0.0000982 seconds, Stopping threads took: 0.0000199 seconds
[5119.865s][info ][safepoint      ] Application time: 1.0000736 seconds
[5119.865s][info ][safepoint      ] Entering safepoint region: Cleanup
[5119.865s][info ][safepoint      ] Leaving safepoint region
[5119.865s][info ][safepoint      ] Total time for which application threads were stopped: 0.0000895 seconds, Stopping threads took: 0.0000194 seconds
[5120.866s][info ][safepoint      ] Application time: 1.0000665 seconds
[5120.866s][info ][safepoint      ] Entering safepoint region: Cleanup
[5120.866s][info ][safepoint      ] Leaving safepoint region
[5120.866s][info ][safepoint      ] Total time for which application threads were stopped: 0.0001030 seconds, Stopping threads took: 0.0000196 seconds
[5121.419s][info ][safepoint      ] Application time: 0.5530069 seconds
[5121.419s][info ][safepoint      ] Entering safepoint region: RevokeBias
[5121.419s][info ][safepoint      ] Leaving safepoint region
[5121.419s][info ][safepoint      ] Total time for which application threads were stopped: 0.0001654 seconds, Stopping threads took: 0.0000511 seconds
[5122.419s][info ][safepoint      ] Application time: 1.0000943 seconds
[5122.419s][info ][safepoint      ] Entering safepoint region: Cleanup
[5122.419s][info ][safepoint      ] Leaving safepoint region
[5122.419s][info ][safepoint      ] Total time for which application threads were stopped: 0.0000884 seconds, Stopping threads took: 0.0000204 seconds
[5123.419s][info ][safepoint      ] Application time: 1.0000903 seconds
[5123.419s][info ][safepoint      ] Entering safepoint region: Cleanup
[5123.419s][info ][safepoint      ] Leaving safepoint region
[5123.419s][info ][safepoint      ] Total time for which application threads were stopped: 0.0001200 seconds, Stopping threads took: 0.0000320 seconds
[5124.419s][info ][safepoint      ] Application time: 1.0000923 seconds
[5124.420s][info ][safepoint      ] Entering safepoint region: Cleanup
[5124.420s][info ][safepoint      ] Leaving safepoint region
[5124.420s][info ][safepoint      ] Total time for which application threads were stopped: 0.0000926 seconds, Stopping threads took: 0.0000203 seconds
[5125.420s][info ][safepoint      ] Application time: 1.0001473 seconds
[5125.420s][info ][safepoint      ] Entering safepoint region: Cleanup
[5125.420s][info ][safepoint      ] Leaving safepoint region
[5125.420s][info ][safepoint      ] Total time for which application threads were stopped: 0.0000924 seconds, Stopping threads took: 0.0000205 seconds
[5126.420s][info ][safepoint      ] Application time: 1.0000808 seconds
[5126.420s][info ][safepoint      ] Entering safepoint region: Cleanup
[5126.420s][info ][safepoint      ] Leaving safepoint region
[5126.420s][info ][safepoint      ] Total time for which application threads were stopped: 0.0001077 seconds, Stopping threads took: 0.0000217 seconds
[5127.420s][info ][safepoint      ] Application time: 1.0000750 seconds
[5127.420s][info ][safepoint      ] Entering safepoint region: Cleanup
[5127.420s][info ][safepoint      ] Leaving safepoint region
[5127.420s][info ][safepoint      ] Total time for which application threads were stopped: 0.0001088 seconds, Stopping threads took: 0.0000356 seconds
[5128.420s][info ][safepoint      ] Application time: 1.0000904 seconds
[5128.421s][info ][safepoint      ] Entering safepoint region: Cleanup
[5128.421s][info ][safepoint      ] Leaving safepoint region
[5128.421s][info ][safepoint      ] Total time for which application threads were stopped: 0.0002367 seconds, Stopping threads took: 0.0001466 seconds
[5129.421s][info ][safepoint      ] Application time: 1.0000877 seconds
[5129.421s][info ][safepoint      ] Entering safepoint region: Cleanup
[5129.421s][info ][safepoint      ] Leaving safepoint region
[5129.421s][info ][safepoint      ] Total time for which application threads were stopped: 0.0000924 seconds, Stopping threads took: 0.0000211 seconds
[5130.421s][info ][safepoint      ] Application time: 1.0000785 seconds
[5130.422s][info ][safepoint      ] Entering safepoint region: Cleanup
[5130.422s][info ][safepoint      ] Leaving safepoint region
[5130.422s][info ][safepoint      ] Total time for which application threads were stopped: 0.0010477 seconds, Stopping threads took: 0.0009610 seconds
[5131.422s][info ][safepoint      ] Application time: 1.0000971 seconds
[5131.422s][info ][safepoint      ] Entering safepoint region: Cleanup
[5131.422s][info ][safepoint      ] Leaving safepoint region
[5131.422s][info ][safepoint      ] Total time for which application threads were stopped: 0.0000960 seconds, Stopping threads took: 0.0000226 seconds
[5132.422s][info ][safepoint      ] Application time: 1.0000785 seconds
[5132.422s][info ][safepoint      ] Entering safepoint region: Cleanup
[5132.423s][info ][safepoint      ] Leaving safepoint region
[5132.423s][info ][safepoint      ] Total time for which application threads were stopped: 0.0000921 seconds, Stopping threads took: 0.0000209 seconds
[5133.423s][info ][safepoint      ] Application time: 1.0000793 seconds
[5133.423s][info ][safepoint      ] Entering safepoint region: Cleanup
[5133.423s][info ][safepoint      ] Leaving safepoint region
[5133.423s][info ][safepoint      ] Total time for which application threads were stopped: 0.0000937 seconds, Stopping threads took: 0.0000208 seconds
[5134.423s][info ][safepoint      ] Application time: 1.0001205 seconds
[5134.423s][info ][safepoint      ] Entering safepoint region: Cleanup
[5134.423s][info ][safepoint      ] Leaving safepoint region
[5134.423s][info ][safepoint      ] Total time for which application threads were stopped: 0.0000906 seconds, Stopping threads took: 0.0000195 seconds
[5135.423s][info ][safepoint      ] Application time: 1.0001235 seconds
[5135.423s][info ][safepoint      ] Entering safepoint region: Cleanup
[5135.423s][info ][safepoint      ] Leaving safepoint region
[5135.423s][info ][safepoint      ] Total time for which application threads were stopped: 0.0000910 seconds, Stopping threads took: 0.0000207 seconds
[5136.423s][info ][safepoint      ] Application time: 1.0000831 seconds
[5136.423s][info ][safepoint      ] Entering safepoint region: Cleanup
[5136.424s][info ][safepoint      ] Leaving safepoint region
[5136.424s][info ][safepoint      ] Total time for which application threads were stopped: 0.0000850 seconds, Stopping threads took: 0.0000185 seconds
[5137.424s][info ][safepoint      ] Application time: 1.0001661 seconds
[5137.424s][info ][safepoint      ] Entering safepoint region: Cleanup
[5137.424s][info ][safepoint      ] Leaving safepoint region
[5137.424s][info ][safepoint      ] Total time for which application threads were stopped: 0.0000885 seconds, Stopping threads took: 0.0000200 seconds
[5138.424s][info ][safepoint      ] Application time: 1.0000677 seconds
[5138.424s][info ][safepoint      ] Entering safepoint region: Cleanup
[5138.424s][info ][safepoint      ] Leaving safepoint region
[5138.424s][info ][safepoint      ] Total time for which application threads were stopped: 0.0001041 seconds, Stopping threads took: 0.0000349 seconds
[5138.562s][info ][safepoint      ] Application time: 0.1377147 seconds
[5138.562s][info ][safepoint      ] Entering safepoint region: ParallelGCFailedAllocation
[5138.562s][info ][gc,start       ] GC(213) Pause Young (Allocation Failure)
[5138.575s][debug][gc,phases      ] GC(213) Scavenge 12.605ms
[5138.575s][debug][gc,ref         ] GC(213) Skipped phase1 of Reference Processing due to unavailable references
[5138.575s][debug][gc,ref         ] GC(213) Skipped phase2 of Reference Processing due to unavailable references
[5138.575s][debug][gc,ref         ] GC(213) Skipped phase3 of Reference Processing due to unavailable references
[5138.575s][debug][gc,phases      ] GC(213) Reference Processing 0.040ms
[5138.575s][debug][gc,phases      ] GC(213) Weak Processing 0.236ms
[5138.576s][debug][gc,phases      ] GC(213) Scrub String Table 0.810ms
[5138.576s][debug][gc,age         ] GC(213) Desired survivor size 55050240 bytes, new threshold 15 (max threshold 15)
[5138.576s][info ][gc,heap        ] GC(213) PSYoungGen: 2020610K->31138K(2043392K)
[5138.576s][info ][gc,heap        ] GC(213) ParOldGen: 453554K->457065K(477696K)
[5138.576s][info ][gc,metaspace   ] GC(213) Metaspace: 75001K->75001K(1118208K)
[5138.576s][info ][gc             ] GC(213) Pause Young (Allocation Failure) 2416M->476M(2462M) 13.863ms
[5138.576s][info ][gc,cpu         ] GC(213) User=0.05s Sys=0.01s Real=0.01s
[5138.576s][info ][safepoint      ] Leaving safepoint region
[5138.576s][info ][safepoint      ] Total time for which application threads were stopped: 0.0140469 seconds, Stopping threads took: 0.0000184 seconds
[5139.576s][info ][safepoint      ] Application time: 1.0000935 seconds
[5139.576s][info ][safepoint      ] Entering safepoint region: Cleanup
[5139.576s][info ][safepoint      ] Leaving safepoint region
[5139.576s][info ][safepoint      ] Total time for which application threads were stopped: 0.0001177 seconds, Stopping threads took: 0.0000500 seconds
[5140.576s][info ][safepoint      ] Application time: 1.0000911 seconds
[5140.576s][info ][safepoint      ] Entering safepoint region: Cleanup
[5140.576s][info ][safepoint      ] Leaving safepoint region
[5140.576s][info ][safepoint      ] Total time for which application threads were stopped: 0.0000870 seconds, Stopping threads took: 0.0000181 seconds
[5141.576s][info ][safepoint      ] Application time: 1.0000456 seconds
[5141.576s][info ][safepoint      ] Entering safepoint region: Cleanup
[5141.577s][info ][safepoint      ] Leaving safepoint region
[5141.577s][info ][safepoint      ] Total time for which application threads were stopped: 0.0001154 seconds, Stopping threads took: 0.0000348 seconds
[5142.577s][info ][safepoint      ] Application time: 1.0000782 seconds
[5142.577s][info ][safepoint      ] Entering safepoint region: Cleanup
[5142.577s][info ][safepoint      ] Leaving safepoint region
[5142.577s][info ][safepoint      ] Total time for which application threads were stopped: 0.0001038 seconds, Stopping threads took: 0.0000193 seconds
[5143.577s][info ][safepoint      ] Application time: 1.0000779 seconds
[5143.577s][info ][safepoint      ] Entering safepoint region: Cleanup
[5143.577s][info ][safepoint      ] Leaving safepoint region
[5143.577s][info ][safepoint      ] Total time for which application threads were stopped: 0.0000996 seconds, Stopping threads took: 0.0000328 seconds
[5144.577s][info ][safepoint      ] Application time: 1.0001323 seconds
[5144.577s][info ][safepoint      ] Entering safepoint region: Cleanup
[5144.577s][info ][safepoint      ] Leaving safepoint region
[5144.577s][info ][safepoint      ] Total time for which application threads were stopped: 0.0001017 seconds, Stopping threads took: 0.0000326 seconds
[5145.577s][info ][safepoint      ] Application time: 1.0001319 seconds
[5145.577s][info ][safepoint      ] Entering safepoint region: Cleanup
[5145.578s][info ][safepoint      ] Leaving safepoint region
[5145.578s][info ][safepoint      ] Total time for which application threads were stopped: 0.0000858 seconds, Stopping threads took: 0.0000194 seconds
[5146.578s][info ][safepoint      ] Application time: 1.0001217 seconds
[5146.578s][info ][safepoint      ] Entering safepoint region: Cleanup
[5146.578s][info ][safepoint      ] Leaving safepoint region
[5146.578s][info ][safepoint      ] Total time for which application threads were stopped: 0.0001311 seconds, Stopping threads took: 0.0000616 seconds
[5147.578s][info ][safepoint      ] Application time: 1.0000875 seconds
[5147.578s][info ][safepoint      ] Entering safepoint region: Cleanup
[5147.578s][info ][safepoint      ] Leaving safepoint region
[5147.578s][info ][safepoint      ] Total time for which application threads were stopped: 0.0001338 seconds, Stopping threads took: 0.0000268 seconds
[5148.578s][info ][safepoint      ] Application time: 1.0000891 seconds
[5148.578s][info ][safepoint      ] Entering safepoint region: Cleanup
[5148.578s][info ][safepoint      ] Leaving safepoint region
[5148.578s][info ][safepoint      ] Total time for which application threads were stopped: 0.0000875 seconds, Stopping threads took: 0.0000195 seconds
[5149.578s][info ][safepoint      ] Application time: 1.0000794 seconds
[5149.579s][info ][safepoint      ] Entering safepoint region: Cleanup
[5149.579s][info ][safepoint      ] Leaving safepoint region
[5149.579s][info ][safepoint      ] Total time for which application threads were stopped: 0.0001058 seconds, Stopping threads took: 0.0000203 seconds
[5150.579s][info ][safepoint      ] Application time: 1.0000751 seconds
[5150.579s][info ][safepoint      ] Entering safepoint region: Cleanup
[5150.579s][info ][safepoint      ] Leaving safepoint region
[5150.579s][info ][safepoint      ] Total time for which application threads were stopped: 0.0001388 seconds, Stopping threads took: 0.0000682 seconds
[5151.579s][info ][safepoint      ] Application time: 1.0000800 seconds
[5151.579s][info ][safepoint      ] Entering safepoint region: Cleanup
[5151.579s][info ][safepoint      ] Leaving safepoint region
[5151.579s][info ][safepoint      ] Total time for which application threads were stopped: 0.0001051 seconds, Stopping threads took: 0.0000204 seconds
[5152.579s][info ][safepoint      ] Application time: 1.0000820 seconds
[5152.579s][info ][safepoint      ] Entering safepoint region: Cleanup
[5152.579s][info ][safepoint      ] Leaving safepoint region
[5152.579s][info ][safepoint      ] Total time for which application threads were stopped: 0.0000881 seconds, Stopping threads took: 0.0000193 seconds
[5153.579s][info ][safepoint      ] Application time: 1.0000907 seconds
[5153.579s][info ][safepoint      ] Entering safepoint region: Cleanup
[5153.580s][info ][safepoint      ] Leaving safepoint region
[5153.580s][info ][safepoint      ] Total time for which application threads were stopped: 0.0000902 seconds, Stopping threads took: 0.0000210 seconds
[5154.580s][info ][safepoint      ] Application time: 1.0000506 seconds
[5154.580s][info ][safepoint      ] Entering safepoint region: Cleanup
[5154.580s][info ][safepoint      ] Leaving safepoint region
[5154.580s][info ][safepoint      ] Total time for which application threads were stopped: 0.0001038 seconds, Stopping threads took: 0.0000207 seconds
[5155.580s][info ][safepoint      ] Application time: 1.0000830 seconds
[5155.580s][info ][safepoint      ] Entering safepoint region: Cleanup
[5155.580s][info ][safepoint      ] Leaving safepoint region
[5155.580s][info ][safepoint      ] Total time for which application threads were stopped: 0.0001278 seconds, Stopping threads took: 0.0000445 seconds
[5156.580s][info ][safepoint      ] Application time: 1.0000877 seconds
[5156.580s][info ][safepoint      ] Entering safepoint region: Cleanup
[5156.580s][info ][safepoint      ] Leaving safepoint region
[5156.580s][info ][safepoint      ] Total time for which application threads were stopped: 0.0001078 seconds, Stopping threads took: 0.0000199 seconds
[5157.580s][info ][safepoint      ] Application time: 1.0000845 seconds
[5157.580s][info ][safepoint      ] Entering safepoint region: Cleanup
[5157.581s][info ][safepoint      ] Leaving safepoint region
[5157.581s][info ][safepoint      ] Total time for which application threads were stopped: 0.0001027 seconds, Stopping threads took: 0.0000194 seconds
[5158.581s][info ][safepoint      ] Application time: 1.0000743 seconds
[5158.581s][info ][safepoint      ] Entering safepoint region: Cleanup
[5158.581s][info ][safepoint      ] Leaving safepoint region
[5158.581s][info ][safepoint      ] Total time for which application threads were stopped: 0.0000871 seconds, Stopping threads took: 0.0000196 seconds
[5159.581s][info ][safepoint      ] Application time: 1.0000823 seconds
[5159.581s][info ][safepoint      ] Entering safepoint region: Cleanup
[5159.581s][info ][safepoint      ] Leaving safepoint region
[5159.581s][info ][safepoint      ] Total time for which application threads were stopped: 0.0001068 seconds, Stopping threads took: 0.0000341 seconds
[5160.581s][info ][safepoint      ] Application time: 1.0001215 seconds
[5160.581s][info ][safepoint      ] Entering safepoint region: Cleanup
[5160.581s][info ][safepoint      ] Leaving safepoint region
[5160.581s][info ][safepoint      ] Total time for which application threads were stopped: 0.0001381 seconds, Stopping threads took: 0.0000181 seconds
[5161.581s][info ][safepoint      ] Application time: 1.0000852 seconds
[5161.581s][info ][safepoint      ] Entering safepoint region: Cleanup
[5161.581s][info ][safepoint      ] Leaving safepoint region
[5161.581s][info ][safepoint      ] Total time for which application threads were stopped: 0.0001056 seconds, Stopping threads took: 0.0000351 seconds
[5162.582s][info ][safepoint      ] Application time: 1.0001198 seconds
[5162.582s][info ][safepoint      ] Entering safepoint region: Cleanup
[5162.582s][info ][safepoint      ] Leaving safepoint region
[5162.582s][info ][safepoint      ] Total time for which application threads were stopped: 0.0000919 seconds, Stopping threads took: 0.0000208 seconds
[5163.582s][info ][safepoint      ] Application time: 1.0000801 seconds
[5163.582s][info ][safepoint      ] Entering safepoint region: Cleanup
[5163.582s][info ][safepoint      ] Leaving safepoint region
[5163.582s][info ][safepoint      ] Total time for which application threads were stopped: 0.0001535 seconds, Stopping threads took: 0.0000688 seconds
[5164.582s][info ][safepoint      ] Application time: 1.0001315 seconds
[5164.582s][info ][safepoint      ] Entering safepoint region: Cleanup
[5164.582s][info ][safepoint      ] Leaving safepoint region
[5164.582s][info ][safepoint      ] Total time for which application threads were stopped: 0.0000898 seconds, Stopping threads took: 0.0000199 seconds
[5164.908s][info ][safepoint      ] Application time: 0.3259872 seconds
[5164.908s][info ][safepoint      ] Entering safepoint region: ParallelGCFailedAllocation
[5164.909s][info ][gc,start       ] GC(214) Pause Young (Allocation Failure)
[5164.919s][debug][gc,phases      ] GC(214) Scavenge 10.205ms
[5164.919s][debug][gc,ref         ] GC(214) Skipped phase1 of Reference Processing due to unavailable references
[5164.919s][debug][gc,ref         ] GC(214) Skipped phase2 of Reference Processing due to unavailable references
[5164.919s][debug][gc,ref         ] GC(214) Skipped phase3 of Reference Processing due to unavailable references
[5164.919s][debug][gc,phases      ] GC(214) Reference Processing 0.055ms
[5164.919s][debug][gc,phases      ] GC(214) Weak Processing 0.229ms
[5164.920s][debug][gc,phases      ] GC(214) Scrub String Table 0.865ms
[5164.920s][debug][gc,age         ] GC(214) Desired survivor size 54525952 bytes, new threshold 15 (max threshold 15)
[5164.920s][info ][gc,heap        ] GC(214) PSYoungGen: 2020770K->29842K(2043392K)
[5164.920s][info ][gc,heap        ] GC(214) ParOldGen: 457065K->459094K(477696K)
[5164.920s][info ][gc,metaspace   ] GC(214) Metaspace: 75001K->75001K(1118208K)
[5164.920s][info ][gc             ] GC(214) Pause Young (Allocation Failure) 2419M->477M(2462M) 11.538ms
[5164.920s][info ][gc,cpu         ] GC(214) User=0.04s Sys=0.00s Real=0.01s
[5164.920s][info ][safepoint      ] Leaving safepoint region
[5164.920s][info ][safepoint      ] Total time for which application threads were stopped: 0.0118531 seconds, Stopping threads took: 0.0001161 seconds
[5165.920s][info ][safepoint      ] Application time: 1.0002666 seconds
[5165.921s][info ][safepoint      ] Entering safepoint region: Cleanup
[5165.921s][info ][safepoint      ] Leaving safepoint region
[5165.921s][info ][safepoint      ] Total time for which application threads were stopped: 0.0001186 seconds, Stopping threads took: 0.0000196 seconds
[5166.921s][info ][safepoint      ] Application time: 1.0000730 seconds
[5166.921s][info ][safepoint      ] Entering safepoint region: Cleanup
[5166.921s][info ][safepoint      ] Leaving safepoint region
[5166.921s][info ][safepoint      ] Total time for which application threads were stopped: 0.0000827 seconds, Stopping threads took: 0.0000160 seconds
[5167.921s][info ][safepoint      ] Application time: 1.0000856 seconds
[5167.921s][info ][safepoint      ] Entering safepoint region: Cleanup
[5167.921s][info ][safepoint      ] Leaving safepoint region
[5167.921s][info ][safepoint      ] Total time for which application threads were stopped: 0.0000824 seconds, Stopping threads took: 0.0000166 seconds
[5168.921s][info ][safepoint      ] Application time: 1.0001224 seconds
[5168.921s][info ][safepoint      ] Entering safepoint region: Cleanup
[5168.921s][info ][safepoint      ] Leaving safepoint region
[5168.921s][info ][safepoint      ] Total time for which application threads were stopped: 0.0000845 seconds, Stopping threads took: 0.0000175 seconds
[5169.921s][info ][safepoint      ] Application time: 1.0001207 seconds
[5169.921s][info ][safepoint      ] Entering safepoint region: Cleanup
[5169.922s][info ][safepoint      ] Leaving safepoint region
[5169.922s][info ][safepoint      ] Total time for which application threads were stopped: 0.0000833 seconds, Stopping threads took: 0.0000179 seconds
[5170.922s][info ][safepoint      ] Application time: 1.0000882 seconds
[5170.922s][info ][safepoint      ] Entering safepoint region: Cleanup
[5170.922s][info ][safepoint      ] Leaving safepoint region
[5170.922s][info ][safepoint      ] Total time for which application threads were stopped: 0.0000890 seconds, Stopping threads took: 0.0000176 seconds
[5171.922s][info ][safepoint      ] Application time: 1.0000747 seconds
[5171.922s][info ][safepoint      ] Entering safepoint region: Cleanup
[5171.922s][info ][safepoint      ] Leaving safepoint region
[5171.922s][info ][safepoint      ] Total time for which application threads were stopped: 0.0000892 seconds, Stopping threads took: 0.0000199 seconds
[5172.573s][info ][safepoint      ] Application time: 0.6507811 seconds
[5172.573s][info ][safepoint      ] Entering safepoint region: RevokeBias
[5172.573s][info ][safepoint      ] Leaving safepoint region
[5172.573s][info ][safepoint      ] Total time for which application threads were stopped: 0.0001170 seconds, Stopping threads took: 0.0000269 seconds
[5173.573s][info ][safepoint      ] Application time: 1.0001412 seconds
[5173.573s][info ][safepoint      ] Entering safepoint region: Cleanup
[5173.573s][info ][safepoint      ] Leaving safepoint region
[5173.573s][info ][safepoint      ] Total time for which application threads were stopped: 0.0000838 seconds, Stopping threads took: 0.0000175 seconds
[5174.573s][info ][safepoint      ] Application time: 1.0001358 seconds
[5174.573s][info ][safepoint      ] Entering safepoint region: Cleanup
[5174.574s][info ][safepoint      ] Leaving safepoint region
[5174.574s][info ][safepoint      ] Total time for which application threads were stopped: 0.0001425 seconds, Stopping threads took: 0.0000730 seconds
[5175.574s][info ][safepoint      ] Application time: 1.0000949 seconds
[5175.574s][info ][safepoint      ] Entering safepoint region: Cleanup
[5175.574s][info ][safepoint      ] Leaving safepoint region
[5175.574s][info ][safepoint      ] Total time for which application threads were stopped: 0.0000809 seconds, Stopping threads took: 0.0000177 seconds
[5176.574s][info ][safepoint      ] Application time: 1.0001494 seconds
[5176.574s][info ][safepoint      ] Entering safepoint region: Cleanup
[5176.574s][info ][safepoint      ] Leaving safepoint region
[5176.574s][info ][safepoint      ] Total time for which application threads were stopped: 0.0000807 seconds, Stopping threads took: 0.0000168 seconds
[5177.574s][info ][safepoint      ] Application time: 1.0001251 seconds
[5177.574s][info ][safepoint      ] Entering safepoint region: Cleanup
[5177.574s][info ][safepoint      ] Leaving safepoint region
[5177.574s][info ][safepoint      ] Total time for which application threads were stopped: 0.0000797 seconds, Stopping threads took: 0.0000166 seconds
[5178.574s][info ][safepoint      ] Application time: 1.0000977 seconds
[5178.574s][info ][safepoint      ] Entering safepoint region: Cleanup
[5178.574s][info ][safepoint      ] Leaving safepoint region
[5178.574s][info ][safepoint      ] Total time for which application threads were stopped: 0.0000848 seconds, Stopping threads took: 0.0000179 seconds
[5179.575s][info ][safepoint      ] Application time: 1.0000344 seconds
[5179.575s][info ][safepoint      ] Entering safepoint region: Cleanup
[5179.575s][info ][safepoint      ] Leaving safepoint region
[5179.575s][info ][safepoint      ] Total time for which application threads were stopped: 0.0000896 seconds, Stopping threads took: 0.0000186 seconds
[5179.873s][info ][safepoint      ] Application time: 0.2988476 seconds
[5179.874s][info ][safepoint      ] Entering safepoint region: RevokeBias
[5179.874s][info ][safepoint      ] Leaving safepoint region
[5179.874s][info ][safepoint      ] Total time for which application threads were stopped: 0.0001777 seconds, Stopping threads took: 0.0000566 seconds
[5180.874s][info ][safepoint      ] Application time: 1.0001624 seconds
[5180.874s][info ][safepoint      ] Entering safepoint region: Cleanup
[5180.874s][info ][safepoint      ] Leaving safepoint region
[5180.874s][info ][safepoint      ] Total time for which application threads were stopped: 0.0000874 seconds, Stopping threads took: 0.0000182 seconds
[5181.874s][info ][safepoint      ] Application time: 1.0000911 seconds
[5181.874s][info ][safepoint      ] Entering safepoint region: Cleanup
[5181.874s][info ][safepoint      ] Leaving safepoint region
[5181.874s][info ][safepoint      ] Total time for which application threads were stopped: 0.0001143 seconds, Stopping threads took: 0.0000168 seconds
[5182.874s][info ][safepoint      ] Application time: 1.0000872 seconds
[5182.874s][info ][safepoint      ] Entering safepoint region: Cleanup
[5182.874s][info ][safepoint      ] Leaving safepoint region
[5182.874s][info ][safepoint      ] Total time for which application threads were stopped: 0.0000871 seconds, Stopping threads took: 0.0000225 seconds
[5183.875s][info ][safepoint      ] Application time: 1.0004522 seconds
[5183.875s][info ][safepoint      ] Entering safepoint region: Cleanup
[5183.876s][info ][safepoint      ] Leaving safepoint region
[5183.876s][info ][safepoint      ] Total time for which application threads were stopped: 0.0002532 seconds, Stopping threads took: 0.0000225 seconds
[5184.876s][info ][safepoint      ] Application time: 1.0001258 seconds
[5184.876s][info ][safepoint      ] Entering safepoint region: Cleanup
[5184.876s][info ][safepoint      ] Leaving safepoint region
[5184.876s][info ][safepoint      ] Total time for which application threads were stopped: 0.0000849 seconds, Stopping threads took: 0.0000175 seconds
[5185.876s][info ][safepoint      ] Application time: 1.0000850 seconds
[5185.876s][info ][safepoint      ] Entering safepoint region: Cleanup
[5185.876s][info ][safepoint      ] Leaving safepoint region
[5185.876s][info ][safepoint      ] Total time for which application threads were stopped: 0.0000848 seconds, Stopping threads took: 0.0000183 seconds
[5186.876s][info ][safepoint      ] Application time: 1.0000844 seconds
[5186.876s][info ][safepoint      ] Entering safepoint region: Cleanup
[5186.876s][info ][safepoint      ] Leaving safepoint region
[5186.876s][info ][safepoint      ] Total time for which application threads were stopped: 0.0000864 seconds, Stopping threads took: 0.0000187 seconds
[5187.876s][info ][safepoint      ] Application time: 1.0000924 seconds
[5187.876s][info ][safepoint      ] Entering safepoint region: Cleanup
[5187.877s][info ][safepoint      ] Leaving safepoint region
[5187.877s][info ][safepoint      ] Total time for which application threads were stopped: 0.0001108 seconds, Stopping threads took: 0.0000203 seconds
[5188.007s][info ][safepoint      ] Application time: 0.1299619 seconds
[5188.007s][info ][safepoint      ] Entering safepoint region: ParallelGCFailedAllocation
[5188.007s][info ][gc,start       ] GC(215) Pause Young (Allocation Failure)
[5188.021s][debug][gc,phases      ] GC(215) Scavenge 14.119ms
[5188.021s][debug][gc,ref         ] GC(215) Skipped phase1 of Reference Processing due to unavailable references
[5188.021s][debug][gc,ref         ] GC(215) Skipped phase2 of Reference Processing due to unavailable references
[5188.021s][debug][gc,ref         ] GC(215) Skipped phase3 of Reference Processing due to unavailable references
[5188.021s][debug][gc,phases      ] GC(215) Reference Processing 0.049ms
[5188.021s][debug][gc,phases      ] GC(215) Weak Processing 0.135ms
[5188.022s][debug][gc,phases      ] GC(215) Scrub String Table 0.502ms
[5188.022s][debug][gc,age         ] GC(215) Desired survivor size 54001664 bytes, new threshold 15 (max threshold 15)
[5188.022s][info ][gc,heap        ] GC(215) PSYoungGen: 2019474K->32787K(2044416K)
[5188.022s][info ][gc,heap        ] GC(215) ParOldGen: 459094K->462421K(477696K)
[5188.022s][info ][gc,metaspace   ] GC(215) Metaspace: 75003K->75003K(1118208K)
[5188.022s][info ][gc             ] GC(215) Pause Young (Allocation Failure) 2420M->483M(2463M) 14.972ms
[5188.022s][info ][gc,cpu         ] GC(215) User=0.05s Sys=0.00s Real=0.02s
[5188.022s][info ][safepoint      ] Leaving safepoint region
[5188.022s][info ][safepoint      ] Total time for which application threads were stopped: 0.0152685 seconds, Stopping threads took: 0.0000375 seconds
[5189.022s][info ][safepoint      ] Application time: 1.0001444 seconds
[5189.022s][info ][safepoint      ] Entering safepoint region: Cleanup
[5189.022s][info ][safepoint      ] Leaving safepoint region
[5189.022s][info ][safepoint      ] Total time for which application threads were stopped: 0.0000853 seconds, Stopping threads took: 0.0000174 seconds
[5190.022s][info ][safepoint      ] Application time: 1.0001252 seconds
[5190.022s][info ][safepoint      ] Entering safepoint region: Cleanup
[5190.022s][info ][safepoint      ] Leaving safepoint region
[5190.022s][info ][safepoint      ] Total time for which application threads were stopped: 0.0000997 seconds, Stopping threads took: 0.0000332 seconds
[5191.022s][info ][safepoint      ] Application time: 1.0001048 seconds
[5191.023s][info ][safepoint      ] Entering safepoint region: Cleanup
[5191.023s][info ][safepoint      ] Leaving safepoint region
[5191.023s][info ][safepoint      ] Total time for which application threads were stopped: 0.0000834 seconds, Stopping threads took: 0.0000177 seconds
[5192.023s][info ][safepoint      ] Application time: 1.0000747 seconds
[5192.023s][info ][safepoint      ] Entering safepoint region: Cleanup
[5192.023s][info ][safepoint      ] Leaving safepoint region
[5192.023s][info ][safepoint      ] Total time for which application threads were stopped: 0.0000860 seconds, Stopping threads took: 0.0000187 seconds
[5193.023s][info ][safepoint      ] Application time: 1.0001927 seconds
[5193.023s][info ][safepoint      ] Entering safepoint region: Cleanup
[5193.023s][info ][safepoint      ] Leaving safepoint region
[5193.023s][info ][safepoint      ] Total time for which application threads were stopped: 0.0000863 seconds, Stopping threads took: 0.0000195 seconds
[5194.023s][info ][safepoint      ] Application time: 1.0000800 seconds
[5194.023s][info ][safepoint      ] Entering safepoint region: Cleanup
[5194.023s][info ][safepoint      ] Leaving safepoint region
[5194.023s][info ][safepoint      ] Total time for which application threads were stopped: 0.0001014 seconds, Stopping threads took: 0.0000193 seconds
[5195.023s][info ][safepoint      ] Application time: 1.0000446 seconds
[5195.023s][info ][safepoint      ] Entering safepoint region: Cleanup
[5195.024s][info ][safepoint      ] Leaving safepoint region
[5195.024s][info ][safepoint      ] Total time for which application threads were stopped: 0.0000841 seconds, Stopping threads took: 0.0000187 seconds
[5196.024s][info ][safepoint      ] Application time: 1.0001274 seconds
[5196.024s][info ][safepoint      ] Entering safepoint region: Cleanup
[5196.024s][info ][safepoint      ] Leaving safepoint region
[5196.024s][info ][safepoint      ] Total time for which application threads were stopped: 0.0001044 seconds, Stopping threads took: 0.0000191 seconds
[5197.024s][info ][safepoint      ] Application time: 1.0001384 seconds
[5197.024s][info ][safepoint      ] Entering safepoint region: Cleanup
[5197.024s][info ][safepoint      ] Leaving safepoint region
[5197.024s][info ][safepoint      ] Total time for which application threads were stopped: 0.0001108 seconds, Stopping threads took: 0.0000373 seconds
[5198.024s][info ][safepoint      ] Application time: 1.0000874 seconds
[5198.024s][info ][safepoint      ] Entering safepoint region: Cleanup
[5198.024s][info ][safepoint      ] Leaving safepoint region
[5198.024s][info ][safepoint      ] Total time for which application threads were stopped: 0.0001050 seconds, Stopping threads took: 0.0000369 seconds
[5199.025s][info ][safepoint      ] Application time: 1.0001407 seconds
[5199.025s][info ][safepoint      ] Entering safepoint region: Cleanup
[5199.025s][info ][safepoint      ] Leaving safepoint region
[5199.025s][info ][safepoint      ] Total time for which application threads were stopped: 0.0000912 seconds, Stopping threads took: 0.0000212 seconds
[5200.025s][info ][safepoint      ] Application time: 1.0005857 seconds
[5200.025s][info ][safepoint      ] Entering safepoint region: Cleanup
[5200.025s][info ][safepoint      ] Leaving safepoint region
[5200.025s][info ][safepoint      ] Total time for which application threads were stopped: 0.0001084 seconds, Stopping threads took: 0.0000214 seconds
[5201.026s][info ][safepoint      ] Application time: 1.0001221 seconds
[5201.026s][info ][safepoint      ] Entering safepoint region: Cleanup
[5201.026s][info ][safepoint      ] Leaving safepoint region
[5201.026s][info ][safepoint      ] Total time for which application threads were stopped: 0.0000883 seconds, Stopping threads took: 0.0000196 seconds
[5202.026s][info ][safepoint      ] Application time: 1.0001182 seconds
[5202.026s][info ][safepoint      ] Entering safepoint region: Cleanup
[5202.026s][info ][safepoint      ] Leaving safepoint region
[5202.026s][info ][safepoint      ] Total time for which application threads were stopped: 0.0001035 seconds, Stopping threads took: 0.0000364 seconds
[5203.026s][info ][safepoint      ] Application time: 1.0000807 seconds
[5203.026s][info ][safepoint      ] Entering safepoint region: Cleanup
[5203.026s][info ][safepoint      ] Leaving safepoint region
[5203.026s][info ][safepoint      ] Total time for which application threads were stopped: 0.0001173 seconds, Stopping threads took: 0.0000370 seconds
[5204.026s][info ][safepoint      ] Application time: 1.0001223 seconds
[5204.026s][info ][safepoint      ] Entering safepoint region: Cleanup
[5204.026s][info ][safepoint      ] Leaving safepoint region
[5204.026s][info ][safepoint      ] Total time for which application threads were stopped: 0.0000837 seconds, Stopping threads took: 0.0000189 seconds
[5205.027s][info ][safepoint      ] Application time: 1.0001013 seconds
[5205.027s][info ][safepoint      ] Entering safepoint region: Cleanup
[5205.027s][info ][safepoint      ] Leaving safepoint region
[5205.027s][info ][safepoint      ] Total time for which application threads were stopped: 0.0000878 seconds, Stopping threads took: 0.0000213 seconds
[5206.027s][info ][safepoint      ] Application time: 1.0001154 seconds
[5206.027s][info ][safepoint      ] Entering safepoint region: Cleanup
[5206.027s][info ][safepoint      ] Leaving safepoint region
[5206.027s][info ][safepoint      ] Total time for which application threads were stopped: 0.0000875 seconds, Stopping threads took: 0.0000194 seconds
[5207.027s][info ][safepoint      ] Application time: 1.0001261 seconds
[5207.027s][info ][safepoint      ] Entering safepoint region: Cleanup
[5207.027s][info ][safepoint      ] Leaving safepoint region
[5207.027s][info ][safepoint      ] Total time for which application threads were stopped: 0.0000862 seconds, Stopping threads took: 0.0000197 seconds
[5208.027s][info ][safepoint      ] Application time: 1.0001296 seconds
[5208.027s][info ][safepoint      ] Entering safepoint region: Cleanup
[5208.027s][info ][safepoint      ] Leaving safepoint region
[5208.027s][info ][safepoint      ] Total time for which application threads were stopped: 0.0000872 seconds, Stopping threads took: 0.0000183 seconds
[5209.028s][info ][safepoint      ] Application time: 1.0001214 seconds
[5209.028s][info ][safepoint      ] Entering safepoint region: Cleanup
[5209.028s][info ][safepoint      ] Leaving safepoint region
[5209.028s][info ][safepoint      ] Total time for which application threads were stopped: 0.0001059 seconds, Stopping threads took: 0.0000196 seconds
[5210.028s][info ][safepoint      ] Application time: 1.0000794 seconds
[5210.028s][info ][safepoint      ] Entering safepoint region: Cleanup
[5210.028s][info ][safepoint      ] Leaving safepoint region
[5210.028s][info ][safepoint      ] Total time for which application threads were stopped: 0.0000881 seconds, Stopping threads took: 0.0000199 seconds
[5211.028s][info ][safepoint      ] Application time: 1.0000806 seconds
[5211.028s][info ][safepoint      ] Entering safepoint region: Cleanup
[5211.028s][info ][safepoint      ] Leaving safepoint region
[5211.028s][info ][safepoint      ] Total time for which application threads were stopped: 0.0001223 seconds, Stopping threads took: 0.0000231 seconds
[5212.028s][info ][safepoint      ] Application time: 1.0000942 seconds
[5212.028s][info ][safepoint      ] Entering safepoint region: Cleanup
[5212.028s][info ][safepoint      ] Leaving safepoint region
[5212.028s][info ][safepoint      ] Total time for which application threads were stopped: 0.0000868 seconds, Stopping threads took: 0.0000202 seconds
[5213.029s][info ][safepoint      ] Application time: 1.0000947 seconds
[5213.029s][info ][safepoint      ] Entering safepoint region: Cleanup
[5213.029s][info ][safepoint      ] Leaving safepoint region
[5213.029s][info ][safepoint      ] Total time for which application threads were stopped: 0.0000848 seconds, Stopping threads took: 0.0000179 seconds
[5214.029s][info ][safepoint      ] Application time: 1.0001062 seconds
[5214.029s][info ][safepoint      ] Entering safepoint region: Cleanup
[5214.029s][info ][safepoint      ] Leaving safepoint region
[5214.029s][info ][safepoint      ] Total time for which application threads were stopped: 0.0000976 seconds, Stopping threads took: 0.0000199 seconds
[5215.029s][info ][safepoint      ] Application time: 1.0001090 seconds
[5215.029s][info ][safepoint      ] Entering safepoint region: Cleanup
[5215.029s][info ][safepoint      ] Leaving safepoint region
[5215.029s][info ][safepoint      ] Total time for which application threads were stopped: 0.0000849 seconds, Stopping threads took: 0.0000193 seconds
[5216.029s][info ][safepoint      ] Application time: 1.0001321 seconds
[5216.029s][info ][safepoint      ] Entering safepoint region: Cleanup
[5216.029s][info ][safepoint      ] Leaving safepoint region
[5216.029s][info ][safepoint      ] Total time for which application threads were stopped: 0.0001011 seconds, Stopping threads took: 0.0000188 seconds
[5217.030s][info ][safepoint      ] Application time: 1.0001283 seconds
[5217.030s][info ][safepoint      ] Entering safepoint region: Cleanup
[5217.030s][info ][safepoint      ] Leaving safepoint region
[5217.030s][info ][safepoint      ] Total time for which application threads were stopped: 0.0000863 seconds, Stopping threads took: 0.0000194 seconds
[5218.030s][info ][safepoint      ] Application time: 1.0001211 seconds
[5218.030s][info ][safepoint      ] Entering safepoint region: Cleanup
[5218.030s][info ][safepoint      ] Leaving safepoint region
[5218.030s][info ][safepoint      ] Total time for which application threads were stopped: 0.0000800 seconds, Stopping threads took: 0.0000163 seconds
[5219.030s][info ][safepoint      ] Application time: 1.0001219 seconds
[5219.030s][info ][safepoint      ] Entering safepoint region: Cleanup
[5219.030s][info ][safepoint      ] Leaving safepoint region
[5219.030s][info ][safepoint      ] Total time for which application threads were stopped: 0.0000853 seconds, Stopping threads took: 0.0000178 seconds
[5220.030s][info ][safepoint      ] Application time: 1.0000782 seconds
[5220.030s][info ][safepoint      ] Entering safepoint region: Cleanup
[5220.030s][info ][safepoint      ] Leaving safepoint region
[5220.030s][info ][safepoint      ] Total time for which application threads were stopped: 0.0001182 seconds, Stopping threads took: 0.0000304 seconds
[5221.031s][info ][safepoint      ] Application time: 1.0000901 seconds
[5221.031s][info ][safepoint      ] Entering safepoint region: Cleanup
[5221.031s][info ][safepoint      ] Leaving safepoint region
[5221.031s][info ][safepoint      ] Total time for which application threads were stopped: 0.0001147 seconds, Stopping threads took: 0.0000325 seconds
[5221.956s][info ][safepoint      ] Application time: 0.9250162 seconds
[5221.956s][info ][safepoint      ] Entering safepoint region: ParallelGCFailedAllocation
[5221.956s][info ][gc,start       ] GC(216) Pause Young (Allocation Failure)
[5221.967s][debug][gc,phases      ] GC(216) Scavenge 11.322ms
[5221.967s][debug][gc,ref         ] GC(216) Skipped phase1 of Reference Processing due to unavailable references
[5221.967s][debug][gc,ref         ] GC(216) Skipped phase2 of Reference Processing due to unavailable references
[5221.967s][debug][gc,ref         ] GC(216) Skipped phase3 of Reference Processing due to unavailable references
[5221.967s][debug][gc,phases      ] GC(216) Reference Processing 0.040ms
[5221.968s][debug][gc,phases      ] GC(216) Weak Processing 0.225ms
[5221.968s][debug][gc,phases      ] GC(216) Scrub String Table 0.817ms
[5221.968s][debug][gc,age         ] GC(216) Desired survivor size 52953088 bytes, new threshold 15 (max threshold 15)
[5221.968s][info ][gc,heap        ] GC(216) PSYoungGen: 2023955K->32307K(2043904K)
[5221.968s][info ][gc,heap        ] GC(216) ParOldGen: 462421K->463607K(477696K)
[5221.968s][info ][gc,metaspace   ] GC(216) Metaspace: 75003K->75003K(1118208K)
[5221.968s][info ][gc             ] GC(216) Pause Young (Allocation Failure) 2428M->484M(2462M) 12.564ms
[5221.969s][info ][gc,cpu         ] GC(216) User=0.04s Sys=0.00s Real=0.01s
[5221.969s][info ][safepoint      ] Leaving safepoint region
[5221.969s][info ][safepoint      ] Total time for which application threads were stopped: 0.0128410 seconds, Stopping threads took: 0.0000188 seconds
[5222.969s][info ][safepoint      ] Application time: 1.0000982 seconds
[5222.969s][info ][safepoint      ] Entering safepoint region: Cleanup
[5222.969s][info ][safepoint      ] Leaving safepoint region
[5222.969s][info ][safepoint      ] Total time for which application threads were stopped: 0.0000884 seconds, Stopping threads took: 0.0000201 seconds
[5223.969s][info ][safepoint      ] Application time: 1.0001102 seconds
[5223.969s][info ][safepoint      ] Entering safepoint region: Cleanup
[5223.969s][info ][safepoint      ] Leaving safepoint region
[5223.969s][info ][safepoint      ] Total time for which application threads were stopped: 0.0001426 seconds, Stopping threads took: 0.0000197 seconds
[5224.694s][info ][safepoint      ] Application time: 0.7245252 seconds
[5224.694s][info ][safepoint      ] Entering safepoint region: RevokeBias
[5224.694s][info ][safepoint      ] Leaving safepoint region
[5224.694s][info ][safepoint      ] Total time for which application threads were stopped: 0.0001928 seconds, Stopping threads took: 0.0000437 seconds
[5225.694s][info ][safepoint      ] Application time: 1.0001585 seconds
[5225.694s][info ][safepoint      ] Entering safepoint region: Cleanup
[5225.694s][info ][safepoint      ] Leaving safepoint region
[5225.694s][info ][safepoint      ] Total time for which application threads were stopped: 0.0000927 seconds, Stopping threads took: 0.0000171 seconds
[5226.694s][info ][safepoint      ] Application time: 1.0001226 seconds
[5226.694s][info ][safepoint      ] Entering safepoint region: Cleanup
[5226.694s][info ][safepoint      ] Leaving safepoint region
[5226.694s][info ][safepoint      ] Total time for which application threads were stopped: 0.0000863 seconds, Stopping threads took: 0.0000185 seconds
[5227.695s][info ][safepoint      ] Application time: 1.0001476 seconds
[5227.695s][info ][safepoint      ] Entering safepoint region: Cleanup
[5227.695s][info ][safepoint      ] Leaving safepoint region
[5227.695s][info ][safepoint      ] Total time for which application threads were stopped: 0.0000824 seconds, Stopping threads took: 0.0000172 seconds
[5228.695s][info ][safepoint      ] Application time: 1.0000909 seconds
[5228.695s][info ][safepoint      ] Entering safepoint region: Cleanup
[5228.695s][info ][safepoint      ] Leaving safepoint region
[5228.695s][info ][safepoint      ] Total time for which application threads were stopped: 0.0001071 seconds, Stopping threads took: 0.0000368 seconds
[5229.695s][info ][safepoint      ] Application time: 1.0000779 seconds
[5229.695s][info ][safepoint      ] Entering safepoint region: Cleanup
[5229.695s][info ][safepoint      ] Leaving safepoint region
[5229.695s][info ][safepoint      ] Total time for which application threads were stopped: 0.0000896 seconds, Stopping threads took: 0.0000200 seconds
[5230.695s][info ][safepoint      ] Application time: 1.0000934 seconds
[5230.695s][info ][safepoint      ] Entering safepoint region: Cleanup
[5230.695s][info ][safepoint      ] Leaving safepoint region
[5230.695s][info ][safepoint      ] Total time for which application threads were stopped: 0.0000888 seconds, Stopping threads took: 0.0000189 seconds
[5231.696s][info ][safepoint      ] Application time: 1.0001150 seconds
[5231.696s][info ][safepoint      ] Entering safepoint region: Cleanup
[5231.696s][info ][safepoint      ] Leaving safepoint region
[5231.696s][info ][safepoint      ] Total time for which application threads were stopped: 0.0000899 seconds, Stopping threads took: 0.0000195 seconds
[5232.696s][info ][safepoint      ] Application time: 1.0001592 seconds
[5232.696s][info ][safepoint      ] Entering safepoint region: Cleanup
[5232.696s][info ][safepoint      ] Leaving safepoint region
[5232.696s][info ][safepoint      ] Total time for which application threads were stopped: 0.0001036 seconds, Stopping threads took: 0.0000347 seconds
[5233.696s][info ][safepoint      ] Application time: 1.0000959 seconds
[5233.696s][info ][safepoint      ] Entering safepoint region: Cleanup
[5233.696s][info ][safepoint      ] Leaving safepoint region
[5233.696s][info ][safepoint      ] Total time for which application threads were stopped: 0.0001596 seconds, Stopping threads took: 0.0000181 seconds
[5234.696s][info ][safepoint      ] Application time: 1.0001165 seconds
[5234.696s][info ][safepoint      ] Entering safepoint region: Cleanup
[5234.697s][info ][safepoint      ] Leaving safepoint region
[5234.697s][info ][safepoint      ] Total time for which application threads were stopped: 0.0000817 seconds, Stopping threads took: 0.0000177 seconds
[5235.697s][info ][safepoint      ] Application time: 1.0000870 seconds
[5235.697s][info ][safepoint      ] Entering safepoint region: Cleanup
[5235.697s][info ][safepoint      ] Leaving safepoint region
[5235.697s][info ][safepoint      ] Total time for which application threads were stopped: 0.0001263 seconds, Stopping threads took: 0.0000436 seconds
[5236.697s][info ][safepoint      ] Application time: 1.0000871 seconds
[5236.697s][info ][safepoint      ] Entering safepoint region: Cleanup
[5236.697s][info ][safepoint      ] Leaving safepoint region
[5236.697s][info ][safepoint      ] Total time for which application threads were stopped: 0.0000913 seconds, Stopping threads took: 0.0000197 seconds
[5237.697s][info ][safepoint      ] Application time: 1.0000470 seconds
[5237.697s][info ][safepoint      ] Entering safepoint region: Cleanup
[5237.697s][info ][safepoint      ] Leaving safepoint region
[5237.697s][info ][safepoint      ] Total time for which application threads were stopped: 0.0000855 seconds, Stopping threads took: 0.0000199 seconds
[5238.697s][info ][safepoint      ] Application time: 1.0001164 seconds
[5238.697s][info ][safepoint      ] Entering safepoint region: Cleanup
[5238.697s][info ][safepoint      ] Leaving safepoint region
[5238.697s][info ][safepoint      ] Total time for which application threads were stopped: 0.0000875 seconds, Stopping threads took: 0.0000194 seconds
[5239.698s][info ][safepoint      ] Application time: 1.0001137 seconds
[5239.698s][info ][safepoint      ] Entering safepoint region: Cleanup
[5239.698s][info ][safepoint      ] Leaving safepoint region
[5239.698s][info ][safepoint      ] Total time for which application threads were stopped: 0.0000853 seconds, Stopping threads took: 0.0000193 seconds
[5240.698s][info ][safepoint      ] Application time: 1.0001000 seconds
[5240.698s][info ][safepoint      ] Entering safepoint region: Cleanup
[5240.698s][info ][safepoint      ] Leaving safepoint region
[5240.698s][info ][safepoint      ] Total time for which application threads were stopped: 0.0001453 seconds, Stopping threads took: 0.0000186 seconds
[5241.698s][info ][safepoint      ] Application time: 1.0000721 seconds
[5241.698s][info ][safepoint      ] Entering safepoint region: Cleanup
[5241.698s][info ][safepoint      ] Leaving safepoint region
[5241.698s][info ][safepoint      ] Total time for which application threads were stopped: 0.0000873 seconds, Stopping threads took: 0.0000201 seconds
[5242.698s][info ][safepoint      ] Application time: 1.0000770 seconds
[5242.698s][info ][safepoint      ] Entering safepoint region: Cleanup
[5242.698s][info ][safepoint      ] Leaving safepoint region
[5242.698s][info ][safepoint      ] Total time for which application threads were stopped: 0.0000915 seconds, Stopping threads took: 0.0000181 seconds
[5243.699s][info ][safepoint      ] Application time: 1.0000710 seconds
[5243.699s][info ][safepoint      ] Entering safepoint region: Cleanup
[5243.699s][info ][safepoint      ] Leaving safepoint region
[5243.699s][info ][safepoint      ] Total time for which application threads were stopped: 0.0001053 seconds, Stopping threads took: 0.0000354 seconds
[5244.699s][info ][safepoint      ] Application time: 1.0000535 seconds
[5244.699s][info ][safepoint      ] Entering safepoint region: Cleanup
[5244.699s][info ][safepoint      ] Leaving safepoint region
[5244.699s][info ][safepoint      ] Total time for which application threads were stopped: 0.0000859 seconds, Stopping threads took: 0.0000190 seconds
[5245.699s][info ][safepoint      ] Application time: 1.0001306 seconds
[5245.699s][info ][safepoint      ] Entering safepoint region: Cleanup
[5245.699s][info ][safepoint      ] Leaving safepoint region
[5245.699s][info ][safepoint      ] Total time for which application threads were stopped: 0.0000857 seconds, Stopping threads took: 0.0000193 seconds
[5246.699s][info ][safepoint      ] Application time: 1.0001110 seconds
[5246.699s][info ][safepoint      ] Entering safepoint region: Cleanup
[5246.699s][info ][safepoint      ] Leaving safepoint region
[5246.699s][info ][safepoint      ] Total time for which application threads were stopped: 0.0001032 seconds, Stopping threads took: 0.0000372 seconds
[5247.700s][info ][safepoint      ] Application time: 1.0000995 seconds
[5247.700s][info ][safepoint      ] Entering safepoint region: Cleanup
[5247.700s][info ][safepoint      ] Leaving safepoint region
[5247.700s][info ][safepoint      ] Total time for which application threads were stopped: 0.0000870 seconds, Stopping threads took: 0.0000184 seconds
[5247.711s][info ][safepoint      ] Application time: 0.0113818 seconds
[5247.711s][info ][safepoint      ] Entering safepoint region: RevokeBias
[5247.711s][info ][safepoint      ] Leaving safepoint region
[5247.711s][info ][safepoint      ] Total time for which application threads were stopped: 0.0002559 seconds, Stopping threads took: 0.0000418 seconds
[5248.711s][info ][safepoint      ] Application time: 1.0001047 seconds
[5248.712s][info ][safepoint      ] Entering safepoint region: Cleanup
[5248.712s][info ][safepoint      ] Leaving safepoint region
[5248.712s][info ][safepoint      ] Total time for which application threads were stopped: 0.0001170 seconds, Stopping threads took: 0.0000423 seconds
[5249.712s][info ][safepoint      ] Application time: 1.0001064 seconds
[5249.712s][info ][safepoint      ] Entering safepoint region: Cleanup
[5249.712s][info ][safepoint      ] Leaving safepoint region
[5249.712s][info ][safepoint      ] Total time for which application threads were stopped: 0.0000791 seconds, Stopping threads took: 0.0000157 seconds
[5250.712s][info ][safepoint      ] Application time: 1.0000863 seconds
[5250.712s][info ][safepoint      ] Entering safepoint region: Cleanup
[5250.712s][info ][safepoint      ] Leaving safepoint region
[5250.712s][info ][safepoint      ] Total time for which application threads were stopped: 0.0000848 seconds, Stopping threads took: 0.0000192 seconds
[5251.712s][info ][safepoint      ] Application time: 1.0001369 seconds
[5251.712s][info ][safepoint      ] Entering safepoint region: Cleanup
[5251.712s][info ][safepoint      ] Leaving safepoint region
[5251.712s][info ][safepoint      ] Total time for which application threads were stopped: 0.0000840 seconds, Stopping threads took: 0.0000181 seconds
[5252.312s][info ][safepoint      ] Application time: 0.5996704 seconds
[5252.312s][info ][safepoint      ] Entering safepoint region: ParallelGCFailedAllocation
[5252.312s][info ][gc,start       ] GC(217) Pause Young (Allocation Failure)
[5252.324s][debug][gc,phases      ] GC(217) Scavenge 12.056ms
[5252.324s][debug][gc,ref         ] GC(217) Skipped phase1 of Reference Processing due to unavailable references
[5252.324s][debug][gc,ref         ] GC(217) Skipped phase2 of Reference Processing due to unavailable references
[5252.324s][debug][gc,ref         ] GC(217) Skipped phase3 of Reference Processing due to unavailable references
[5252.324s][debug][gc,phases      ] GC(217) Reference Processing 0.040ms
[5252.325s][debug][gc,phases      ] GC(217) Weak Processing 0.225ms
[5252.325s][debug][gc,phases      ] GC(217) Scrub String Table 0.844ms
[5252.325s][debug][gc,age         ] GC(217) Desired survivor size 51904512 bytes, new threshold 15 (max threshold 15)
[5252.325s][info ][gc,heap        ] GC(217) PSYoungGen: 2023475K->33155K(2046464K)
[5252.325s][info ][gc,heap        ] GC(217) ParOldGen: 463607K->465864K(477696K)
[5252.325s][info ][gc,metaspace   ] GC(217) Metaspace: 75003K->75003K(1118208K)
[5252.325s][info ][gc             ] GC(217) Pause Young (Allocation Failure) 2428M->487M(2465M) 13.333ms
[5252.326s][info ][gc,cpu         ] GC(217) User=0.05s Sys=0.00s Real=0.02s
[5252.326s][info ][safepoint      ] Leaving safepoint region
[5252.326s][info ][safepoint      ] Total time for which application threads were stopped: 0.0135492 seconds, Stopping threads took: 0.0000165 seconds
[5253.326s][info ][safepoint      ] Application time: 1.0001023 seconds
[5253.326s][info ][safepoint      ] Entering safepoint region: Cleanup
[5253.326s][info ][safepoint      ] Leaving safepoint region
[5253.326s][info ][safepoint      ] Total time for which application threads were stopped: 0.0000835 seconds, Stopping threads took: 0.0000173 seconds
[5254.326s][info ][safepoint      ] Application time: 1.0000526 seconds
[5254.326s][info ][safepoint      ] Entering safepoint region: Cleanup
[5254.326s][info ][safepoint      ] Leaving safepoint region
[5254.326s][info ][safepoint      ] Total time for which application threads were stopped: 0.0000874 seconds, Stopping threads took: 0.0000179 seconds
[5255.326s][info ][safepoint      ] Application time: 1.0001331 seconds
[5255.326s][info ][safepoint      ] Entering safepoint region: Cleanup
[5255.326s][info ][safepoint      ] Leaving safepoint region
[5255.326s][info ][safepoint      ] Total time for which application threads were stopped: 0.0001617 seconds, Stopping threads took: 0.0000728 seconds
[5256.326s][info ][safepoint      ] Application time: 1.0001046 seconds
[5256.326s][info ][safepoint      ] Entering safepoint region: Cleanup
[5256.327s][info ][safepoint      ] Leaving safepoint region
[5256.327s][info ][safepoint      ] Total time for which application threads were stopped: 0.0001310 seconds, Stopping threads took: 0.0000158 seconds
[5257.327s][info ][safepoint      ] Application time: 1.0001308 seconds
[5257.327s][info ][safepoint      ] Entering safepoint region: Cleanup
[5257.327s][info ][safepoint      ] Leaving safepoint region
[5257.327s][info ][safepoint      ] Total time for which application threads were stopped: 0.0000819 seconds, Stopping threads took: 0.0000168 seconds
[5258.327s][info ][safepoint      ] Application time: 1.0001211 seconds
[5258.327s][info ][safepoint      ] Entering safepoint region: Cleanup
[5258.327s][info ][safepoint      ] Leaving safepoint region
[5258.327s][info ][safepoint      ] Total time for which application threads were stopped: 0.0000800 seconds, Stopping threads took: 0.0000162 seconds
[5259.327s][info ][safepoint      ] Application time: 1.0000849 seconds
[5259.327s][info ][safepoint      ] Entering safepoint region: Cleanup
[5259.327s][info ][safepoint      ] Leaving safepoint region
[5259.327s][info ][safepoint      ] Total time for which application threads were stopped: 0.0000831 seconds, Stopping threads took: 0.0000176 seconds
[5260.327s][info ][safepoint      ] Application time: 1.0000841 seconds
[5260.327s][info ][safepoint      ] Entering safepoint region: Cleanup
[5260.328s][info ][safepoint      ] Leaving safepoint region
[5260.328s][info ][safepoint      ] Total time for which application threads were stopped: 0.0000862 seconds, Stopping threads took: 0.0000212 seconds
[5261.328s][info ][safepoint      ] Application time: 1.0001095 seconds
[5261.328s][info ][safepoint      ] Entering safepoint region: Cleanup
[5261.328s][info ][safepoint      ] Leaving safepoint region
[5261.328s][info ][safepoint      ] Total time for which application threads were stopped: 0.0001284 seconds, Stopping threads took: 0.0000589 seconds
[5262.328s][info ][safepoint      ] Application time: 1.0001334 seconds
[5262.328s][info ][safepoint      ] Entering safepoint region: Cleanup
[5262.328s][info ][safepoint      ] Leaving safepoint region
[5262.328s][info ][safepoint      ] Total time for which application threads were stopped: 0.0000984 seconds, Stopping threads took: 0.0000344 seconds
[5263.328s][info ][safepoint      ] Application time: 1.0001265 seconds
[5263.328s][info ][safepoint      ] Entering safepoint region: Cleanup
[5263.328s][info ][safepoint      ] Leaving safepoint region
[5263.328s][info ][safepoint      ] Total time for which application threads were stopped: 0.0000863 seconds, Stopping threads took: 0.0000168 seconds
[5264.328s][info ][safepoint      ] Application time: 1.0000841 seconds
[5264.329s][info ][safepoint      ] Entering safepoint region: Cleanup
[5264.329s][info ][safepoint      ] Leaving safepoint region
[5264.329s][info ][safepoint      ] Total time for which application threads were stopped: 0.0001085 seconds, Stopping threads took: 0.0000176 seconds
[5265.329s][info ][safepoint      ] Application time: 1.0000777 seconds
[5265.329s][info ][safepoint      ] Entering safepoint region: Cleanup
[5265.329s][info ][safepoint      ] Leaving safepoint region
[5265.329s][info ][safepoint      ] Total time for which application threads were stopped: 0.0001161 seconds, Stopping threads took: 0.0000488 seconds
[5266.329s][info ][safepoint      ] Application time: 1.0001517 seconds
[5266.329s][info ][safepoint      ] Entering safepoint region: Cleanup
[5266.329s][info ][safepoint      ] Leaving safepoint region
[5266.329s][info ][safepoint      ] Total time for which application threads were stopped: 0.0000877 seconds, Stopping threads took: 0.0000158 seconds
[5267.329s][info ][safepoint      ] Application time: 1.0000745 seconds
[5267.329s][info ][safepoint      ] Entering safepoint region: Cleanup
[5267.329s][info ][safepoint      ] Leaving safepoint region
[5267.329s][info ][safepoint      ] Total time for which application threads were stopped: 0.0000811 seconds, Stopping threads took: 0.0000178 seconds
[5268.329s][info ][safepoint      ] Application time: 1.0001237 seconds
[5268.330s][info ][safepoint      ] Entering safepoint region: Cleanup
[5268.330s][info ][safepoint      ] Leaving safepoint region
[5268.330s][info ][safepoint      ] Total time for which application threads were stopped: 0.0000811 seconds, Stopping threads took: 0.0000171 seconds
[5269.330s][info ][safepoint      ] Application time: 1.0000967 seconds
[5269.330s][info ][safepoint      ] Entering safepoint region: Cleanup
[5269.330s][info ][safepoint      ] Leaving safepoint region
[5269.330s][info ][safepoint      ] Total time for which application threads were stopped: 0.0000807 seconds, Stopping threads took: 0.0000170 seconds
[5270.330s][info ][safepoint      ] Application time: 1.0001370 seconds
[5270.330s][info ][safepoint      ] Entering safepoint region: Cleanup
[5270.330s][info ][safepoint      ] Leaving safepoint region
[5270.330s][info ][safepoint      ] Total time for which application threads were stopped: 0.0000791 seconds, Stopping threads took: 0.0000169 seconds
[5271.330s][info ][safepoint      ] Application time: 1.0001506 seconds
[5271.330s][info ][safepoint      ] Entering safepoint region: Cleanup
[5271.330s][info ][safepoint      ] Leaving safepoint region
[5271.330s][info ][safepoint      ] Total time for which application threads were stopped: 0.0000869 seconds, Stopping threads took: 0.0000160 seconds
[5272.331s][info ][safepoint      ] Application time: 1.0001212 seconds
[5272.331s][info ][safepoint      ] Entering safepoint region: Cleanup
[5272.331s][info ][safepoint      ] Leaving safepoint region
[5272.331s][info ][safepoint      ] Total time for which application threads were stopped: 0.0000995 seconds, Stopping threads took: 0.0000177 seconds
[5273.331s][info ][safepoint      ] Application time: 1.0001625 seconds
[5273.331s][info ][safepoint      ] Entering safepoint region: Cleanup
[5273.331s][info ][safepoint      ] Leaving safepoint region
[5273.331s][info ][safepoint      ] Total time for which application threads were stopped: 0.0001049 seconds, Stopping threads took: 0.0000175 seconds
[5274.331s][info ][safepoint      ] Application time: 1.0001227 seconds
[5274.331s][info ][safepoint      ] Entering safepoint region: Cleanup
[5274.331s][info ][safepoint      ] Leaving safepoint region
[5274.331s][info ][safepoint      ] Total time for which application threads were stopped: 0.0000951 seconds, Stopping threads took: 0.0000185 seconds
[5275.331s][info ][safepoint      ] Application time: 1.0001388 seconds
[5275.331s][info ][safepoint      ] Entering safepoint region: Cleanup
[5275.332s][info ][safepoint      ] Leaving safepoint region
[5275.332s][info ][safepoint      ] Total time for which application threads were stopped: 0.0000965 seconds, Stopping threads took: 0.0000190 seconds
[5276.332s][info ][safepoint      ] Application time: 1.0001170 seconds
[5276.332s][info ][safepoint      ] Entering safepoint region: Cleanup
[5276.332s][info ][safepoint      ] Leaving safepoint region
[5276.332s][info ][safepoint      ] Total time for which application threads were stopped: 0.0001404 seconds, Stopping threads took: 0.0000634 seconds
[5277.332s][info ][safepoint      ] Application time: 1.0001562 seconds
[5277.332s][info ][safepoint      ] Entering safepoint region: Cleanup
[5277.332s][info ][safepoint      ] Leaving safepoint region
[5277.332s][info ][safepoint      ] Total time for which application threads were stopped: 0.0001072 seconds, Stopping threads took: 0.0000331 seconds
[5278.332s][info ][safepoint      ] Application time: 1.0001037 seconds
[5278.332s][info ][safepoint      ] Entering safepoint region: Cleanup
[5278.332s][info ][safepoint      ] Leaving safepoint region
[5278.332s][info ][safepoint      ] Total time for which application threads were stopped: 0.0000834 seconds, Stopping threads took: 0.0000184 seconds
[5279.333s][info ][safepoint      ] Application time: 1.0001399 seconds
[5279.333s][info ][safepoint      ] Entering safepoint region: Cleanup
[5279.333s][info ][safepoint      ] Leaving safepoint region
[5279.333s][info ][safepoint      ] Total time for which application threads were stopped: 0.0000995 seconds, Stopping threads took: 0.0000179 seconds
[5280.333s][info ][safepoint      ] Application time: 1.0000933 seconds
[5280.333s][info ][safepoint      ] Entering safepoint region: Cleanup
[5280.333s][info ][safepoint      ] Leaving safepoint region
[5280.333s][info ][safepoint      ] Total time for which application threads were stopped: 0.0000896 seconds, Stopping threads took: 0.0000224 seconds
[5281.333s][info ][safepoint      ] Application time: 1.0001268 seconds
[5281.333s][info ][safepoint      ] Entering safepoint region: Cleanup
[5281.333s][info ][safepoint      ] Leaving safepoint region
[5281.333s][info ][safepoint      ] Total time for which application threads were stopped: 0.0001000 seconds, Stopping threads took: 0.0000174 seconds
[5282.333s][info ][safepoint      ] Application time: 1.0000922 seconds
[5282.333s][info ][safepoint      ] Entering safepoint region: Cleanup
[5282.333s][info ][safepoint      ] Leaving safepoint region
[5282.333s][info ][safepoint      ] Total time for which application threads were stopped: 0.0001079 seconds, Stopping threads took: 0.0000176 seconds
[5283.334s][info ][safepoint      ] Application time: 1.0002930 seconds
[5283.334s][info ][safepoint      ] Entering safepoint region: Cleanup
[5283.334s][info ][safepoint      ] Leaving safepoint region
[5283.334s][info ][safepoint      ] Total time for which application threads were stopped: 0.0000863 seconds, Stopping threads took: 0.0000203 seconds
[5284.334s][info ][safepoint      ] Application time: 1.0001246 seconds
[5284.334s][info ][safepoint      ] Entering safepoint region: Cleanup
[5284.334s][info ][safepoint      ] Leaving safepoint region
[5284.334s][info ][safepoint      ] Total time for which application threads were stopped: 0.0001160 seconds, Stopping threads took: 0.0000191 seconds
[5285.335s][info ][safepoint      ] Application time: 1.0001007 seconds
[5285.335s][info ][safepoint      ] Entering safepoint region: Cleanup
[5285.335s][info ][safepoint      ] Leaving safepoint region
[5285.335s][info ][safepoint      ] Total time for which application threads were stopped: 0.0001098 seconds, Stopping threads took: 0.0000174 seconds
[5285.453s][info ][safepoint      ] Application time: 0.1182369 seconds
[5285.453s][info ][safepoint      ] Entering safepoint region: ParallelGCFailedAllocation
[5285.453s][info ][gc,start       ] GC(218) Pause Young (Allocation Failure)
[5285.466s][debug][gc,phases      ] GC(218) Scavenge 12.853ms
[5285.466s][debug][gc,ref         ] GC(218) Skipped phase1 of Reference Processing due to unavailable references
[5285.466s][debug][gc,ref         ] GC(218) Skipped phase2 of Reference Processing due to unavailable references
[5285.466s][debug][gc,ref         ] GC(218) Skipped phase3 of Reference Processing due to unavailable references
[5285.466s][debug][gc,phases      ] GC(218) Reference Processing 0.040ms
[5285.466s][debug][gc,phases      ] GC(218) Weak Processing 0.260ms
[5285.467s][debug][gc,phases      ] GC(218) Scrub String Table 0.762ms
[5285.467s][debug][gc,age         ] GC(218) Desired survivor size 50855936 bytes, new threshold 15 (max threshold 15)
[5285.467s][info ][gc,heap        ] GC(218) PSYoungGen: 2027907K->35156K(2045440K)
[5285.467s][info ][gc,heap        ] GC(218) ParOldGen: 465864K->468197K(477696K)
[5285.467s][info ][gc,metaspace   ] GC(218) Metaspace: 75024K->75024K(1118208K)
[5285.467s][info ][gc             ] GC(218) Pause Young (Allocation Failure) 2435M->491M(2464M) 14.067ms
[5285.467s][info ][gc,cpu         ] GC(218) User=0.05s Sys=0.00s Real=0.01s
[5285.467s][info ][safepoint      ] Leaving safepoint region
[5285.467s][info ][safepoint      ] Total time for which application threads were stopped: 0.0142775 seconds, Stopping threads took: 0.0000189 seconds
[5286.467s][info ][safepoint      ] Application time: 1.0001524 seconds
[5286.467s][info ][safepoint      ] Entering safepoint region: Cleanup
[5286.468s][info ][safepoint      ] Leaving safepoint region
[5286.468s][info ][safepoint      ] Total time for which application threads were stopped: 0.0000789 seconds, Stopping threads took: 0.0000166 seconds
[5287.468s][info ][safepoint      ] Application time: 1.0000785 seconds
[5287.468s][info ][safepoint      ] Entering safepoint region: Cleanup
[5287.468s][info ][safepoint      ] Leaving safepoint region
[5287.468s][info ][safepoint      ] Total time for which application threads were stopped: 0.0000803 seconds, Stopping threads took: 0.0000185 seconds
[5288.468s][info ][safepoint      ] Application time: 1.0001179 seconds
[5288.468s][info ][safepoint      ] Entering safepoint region: Cleanup
[5288.468s][info ][safepoint      ] Leaving safepoint region
[5288.468s][info ][safepoint      ] Total time for which application threads were stopped: 0.0000952 seconds, Stopping threads took: 0.0000176 seconds
[5289.468s][info ][safepoint      ] Application time: 1.0001204 seconds
[5289.468s][info ][safepoint      ] Entering safepoint region: Cleanup
[5289.468s][info ][safepoint      ] Leaving safepoint region
[5289.468s][info ][safepoint      ] Total time for which application threads were stopped: 0.0000835 seconds, Stopping threads took: 0.0000181 seconds
[5290.468s][info ][safepoint      ] Application time: 1.0000888 seconds
[5290.468s][info ][safepoint      ] Entering safepoint region: Cleanup
[5290.469s][info ][safepoint      ] Leaving safepoint region
[5290.469s][info ][safepoint      ] Total time for which application threads were stopped: 0.0000905 seconds, Stopping threads took: 0.0000299 seconds
[5291.469s][info ][safepoint      ] Application time: 1.0001435 seconds
[5291.469s][info ][safepoint      ] Entering safepoint region: Cleanup
[5291.469s][info ][safepoint      ] Leaving safepoint region
[5291.469s][info ][safepoint      ] Total time for which application threads were stopped: 0.0000850 seconds, Stopping threads took: 0.0000178 seconds
[5292.469s][info ][safepoint      ] Application time: 1.0000787 seconds
[5292.469s][info ][safepoint      ] Entering safepoint region: Cleanup
[5292.469s][info ][safepoint      ] Leaving safepoint region
[5292.469s][info ][safepoint      ] Total time for which application threads were stopped: 0.0001433 seconds, Stopping threads took: 0.0000188 seconds
[5293.469s][info ][safepoint      ] Application time: 1.0001509 seconds
[5293.469s][info ][safepoint      ] Entering safepoint region: Cleanup
[5293.469s][info ][safepoint      ] Leaving safepoint region
[5293.469s][info ][safepoint      ] Total time for which application threads were stopped: 0.0000832 seconds, Stopping threads took: 0.0000177 seconds
[5294.469s][info ][safepoint      ] Application time: 1.0000837 seconds
[5294.470s][info ][safepoint      ] Entering safepoint region: Cleanup
[5294.470s][info ][safepoint      ] Leaving safepoint region
[5294.470s][info ][safepoint      ] Total time for which application threads were stopped: 0.0000979 seconds, Stopping threads took: 0.0000183 seconds
[5295.470s][info ][safepoint      ] Application time: 1.0000888 seconds
[5295.470s][info ][safepoint      ] Entering safepoint region: Cleanup
[5295.470s][info ][safepoint      ] Leaving safepoint region
[5295.470s][info ][safepoint      ] Total time for which application threads were stopped: 0.0000860 seconds, Stopping threads took: 0.0000192 seconds
[5296.470s][info ][safepoint      ] Application time: 1.0001249 seconds
[5296.470s][info ][safepoint      ] Entering safepoint region: Cleanup
[5296.470s][info ][safepoint      ] Leaving safepoint region
[5296.470s][info ][safepoint      ] Total time for which application threads were stopped: 0.0000884 seconds, Stopping threads took: 0.0000187 seconds
[5297.470s][info ][safepoint      ] Application time: 1.0000539 seconds
[5297.470s][info ][safepoint      ] Entering safepoint region: Cleanup
[5297.470s][info ][safepoint      ] Leaving safepoint region
[5297.470s][info ][safepoint      ] Total time for which application threads were stopped: 0.0001108 seconds, Stopping threads took: 0.0000295 seconds
[5298.470s][info ][safepoint      ] Application time: 1.0000928 seconds
[5298.470s][info ][safepoint      ] Entering safepoint region: Cleanup
[5298.471s][info ][safepoint      ] Leaving safepoint region
[5298.471s][info ][safepoint      ] Total time for which application threads were stopped: 0.0001047 seconds, Stopping threads took: 0.0000178 seconds
[5299.471s][info ][safepoint      ] Application time: 1.0000840 seconds
[5299.471s][info ][safepoint      ] Entering safepoint region: Cleanup
[5299.471s][info ][safepoint      ] Leaving safepoint region
[5299.471s][info ][safepoint      ] Total time for which application threads were stopped: 0.0000809 seconds, Stopping threads took: 0.0000174 seconds
[5300.471s][info ][safepoint      ] Application time: 1.0000830 seconds
[5300.471s][info ][safepoint      ] Entering safepoint region: Cleanup
[5300.471s][info ][safepoint      ] Leaving safepoint region
[5300.471s][info ][safepoint      ] Total time for which application threads were stopped: 0.0000831 seconds, Stopping threads took: 0.0000181 seconds
[5301.471s][info ][safepoint      ] Application time: 1.0000761 seconds
[5301.471s][info ][safepoint      ] Entering safepoint region: Cleanup
[5301.471s][info ][safepoint      ] Leaving safepoint region
[5301.471s][info ][safepoint      ] Total time for which application threads were stopped: 0.0000834 seconds, Stopping threads took: 0.0000184 seconds
[5302.471s][info ][safepoint      ] Application time: 1.0001196 seconds
[5302.471s][info ][safepoint      ] Entering safepoint region: Cleanup
[5302.471s][info ][safepoint      ] Leaving safepoint region
[5302.471s][info ][safepoint      ] Total time for which application threads were stopped: 0.0000838 seconds, Stopping threads took: 0.0000186 seconds
[5303.472s][info ][safepoint      ] Application time: 1.0001028 seconds
[5303.472s][info ][safepoint      ] Entering safepoint region: Cleanup
[5303.472s][info ][safepoint      ] Leaving safepoint region
[5303.472s][info ][safepoint      ] Total time for which application threads were stopped: 0.0001005 seconds, Stopping threads took: 0.0000342 seconds
[5304.472s][info ][safepoint      ] Application time: 1.0001230 seconds
[5304.472s][info ][safepoint      ] Entering safepoint region: Cleanup
[5304.472s][info ][safepoint      ] Leaving safepoint region
[5304.472s][info ][safepoint      ] Total time for which application threads were stopped: 0.0000835 seconds, Stopping threads took: 0.0000175 seconds
[5305.472s][info ][safepoint      ] Application time: 1.0001583 seconds
[5305.472s][info ][safepoint      ] Entering safepoint region: Cleanup
[5305.472s][info ][safepoint      ] Leaving safepoint region
[5305.472s][info ][safepoint      ] Total time for which application threads were stopped: 0.0000821 seconds, Stopping threads took: 0.0000166 seconds
[5306.472s][info ][safepoint      ] Application time: 1.0001269 seconds
[5306.472s][info ][safepoint      ] Entering safepoint region: Cleanup
[5306.473s][info ][safepoint      ] Leaving safepoint region
[5306.473s][info ][safepoint      ] Total time for which application threads were stopped: 0.0000843 seconds, Stopping threads took: 0.0000186 seconds
[5307.473s][info ][safepoint      ] Application time: 1.0000804 seconds
[5307.473s][info ][safepoint      ] Entering safepoint region: Cleanup
[5307.473s][info ][safepoint      ] Leaving safepoint region
[5307.473s][info ][safepoint      ] Total time for which application threads were stopped: 0.0000843 seconds, Stopping threads took: 0.0000182 seconds
[5308.473s][info ][safepoint      ] Application time: 1.0001189 seconds
[5308.473s][info ][safepoint      ] Entering safepoint region: Cleanup
[5308.473s][info ][safepoint      ] Leaving safepoint region
[5308.473s][info ][safepoint      ] Total time for which application threads were stopped: 0.0000857 seconds, Stopping threads took: 0.0000186 seconds
[5309.473s][info ][safepoint      ] Application time: 1.0000780 seconds
[5309.473s][info ][safepoint      ] Entering safepoint region: Cleanup
[5309.473s][info ][safepoint      ] Leaving safepoint region
[5309.473s][info ][safepoint      ] Total time for which application threads were stopped: 0.0001335 seconds, Stopping threads took: 0.0000275 seconds
[5310.473s][info ][safepoint      ] Application time: 1.0000948 seconds
[5310.473s][info ][safepoint      ] Entering safepoint region: Cleanup
[5310.473s][info ][safepoint      ] Leaving safepoint region
[5310.473s][info ][safepoint      ] Total time for which application threads were stopped: 0.0000824 seconds, Stopping threads took: 0.0000173 seconds
[5311.474s][info ][safepoint      ] Application time: 1.0001445 seconds
[5311.474s][info ][safepoint      ] Entering safepoint region: Cleanup
[5311.474s][info ][safepoint      ] Leaving safepoint region
[5311.474s][info ][safepoint      ] Total time for which application threads were stopped: 0.0000828 seconds, Stopping threads took: 0.0000181 seconds
[5312.474s][info ][safepoint      ] Application time: 1.0000822 seconds
[5312.474s][info ][safepoint      ] Entering safepoint region: Cleanup
[5312.474s][info ][safepoint      ] Leaving safepoint region
[5312.474s][info ][safepoint      ] Total time for which application threads were stopped: 0.0001042 seconds, Stopping threads took: 0.0000178 seconds
[5313.474s][info ][safepoint      ] Application time: 1.0001001 seconds
[5313.474s][info ][safepoint      ] Entering safepoint region: Cleanup
[5313.474s][info ][safepoint      ] Leaving safepoint region
[5313.474s][info ][safepoint      ] Total time for which application threads were stopped: 0.0000995 seconds, Stopping threads took: 0.0000372 seconds
[5314.474s][info ][safepoint      ] Application time: 1.0001141 seconds
[5314.474s][info ][safepoint      ] Entering safepoint region: Cleanup
[5314.474s][info ][safepoint      ] Leaving safepoint region
[5314.474s][info ][safepoint      ] Total time for which application threads were stopped: 0.0000755 seconds, Stopping threads took: 0.0000159 seconds
[5315.475s][info ][safepoint      ] Application time: 1.0000763 seconds
[5315.475s][info ][safepoint      ] Entering safepoint region: Cleanup
[5315.475s][info ][safepoint      ] Leaving safepoint region
[5315.475s][info ][safepoint      ] Total time for which application threads were stopped: 0.0001322 seconds, Stopping threads took: 0.0000471 seconds
[5316.475s][info ][safepoint      ] Application time: 1.0005892 seconds
[5316.475s][info ][safepoint      ] Entering safepoint region: Cleanup
[5316.475s][info ][safepoint      ] Leaving safepoint region
[5316.475s][info ][safepoint      ] Total time for which application threads were stopped: 0.0000854 seconds, Stopping threads took: 0.0000187 seconds
[5317.476s][info ][safepoint      ] Application time: 1.0001189 seconds
[5317.476s][info ][safepoint      ] Entering safepoint region: Cleanup
[5317.476s][info ][safepoint      ] Leaving safepoint region
[5317.476s][info ][safepoint      ] Total time for which application threads were stopped: 0.0000797 seconds, Stopping threads took: 0.0000163 seconds
[5318.476s][info ][safepoint      ] Application time: 1.0001537 seconds
[5318.476s][info ][safepoint      ] Entering safepoint region: Cleanup
[5318.476s][info ][safepoint      ] Leaving safepoint region
[5318.476s][info ][safepoint      ] Total time for which application threads were stopped: 0.0001142 seconds, Stopping threads took: 0.0000165 seconds
[5319.476s][info ][safepoint      ] Application time: 1.0000884 seconds
[5319.476s][info ][safepoint      ] Entering safepoint region: Cleanup
[5319.476s][info ][safepoint      ] Leaving safepoint region
[5319.476s][info ][safepoint      ] Total time for which application threads were stopped: 0.0001140 seconds, Stopping threads took: 0.0000189 seconds
[5320.476s][info ][safepoint      ] Application time: 1.0001026 seconds
[5320.476s][info ][safepoint      ] Entering safepoint region: Cleanup
[5320.477s][info ][safepoint      ] Leaving safepoint region
[5320.477s][info ][safepoint      ] Total time for which application threads were stopped: 0.0001639 seconds, Stopping threads took: 0.0000430 seconds
[5320.617s][info ][safepoint      ] Application time: 0.1403605 seconds
[5320.617s][info ][safepoint      ] Entering safepoint region: ParallelGCFailedAllocation
[5320.617s][info ][gc,start       ] GC(219) Pause Young (Allocation Failure)
[5320.632s][debug][gc,phases      ] GC(219) Scavenge 14.912ms
[5320.632s][debug][gc,ref         ] GC(219) Skipped phase1 of Reference Processing due to unavailable references
[5320.632s][debug][gc,ref         ] GC(219) Skipped phase2 of Reference Processing due to unavailable references
[5320.632s][debug][gc,ref         ] GC(219) Skipped phase3 of Reference Processing due to unavailable references
[5320.632s][debug][gc,phases      ] GC(219) Reference Processing 0.040ms
[5320.632s][debug][gc,phases      ] GC(219) Weak Processing 0.147ms
[5320.633s][debug][gc,phases      ] GC(219) Scrub String Table 0.462ms
[5320.633s][debug][gc,age         ] GC(219) Desired survivor size 49283072 bytes, new threshold 15 (max threshold 15)
[5320.633s][info ][gc,heap        ] GC(219) PSYoungGen: 2029908K->35702K(2049024K)
[5320.633s][info ][gc,heap        ] GC(219) ParOldGen: 468197K->473507K(477696K)
[5320.633s][info ][gc,metaspace   ] GC(219) Metaspace: 75032K->75032K(1118208K)
[5320.633s][info ][gc             ] GC(219) Pause Young (Allocation Failure) 2439M->497M(2467M) 15.724ms
[5320.633s][info ][gc,cpu         ] GC(219) User=0.05s Sys=0.01s Real=0.02s
[5320.633s][debug][gc,phases      ] GC(220) Pre Compact 0.012ms
[5320.633s][info ][gc,start       ] GC(220) Pause Full (Ergonomics)
[5320.633s][info ][gc,phases,start] GC(220) Marking Phase
[5320.819s][debug][gc,phases      ] GC(220) Par Mark 185.287ms
[5320.820s][debug][gc,ref         ] GC(220) Skipped phase3 of Reference Processing due to unavailable references
[5320.820s][debug][gc,phases      ] GC(220) Reference Processing 0.469ms
[5320.820s][debug][gc,phases      ] GC(220) Weak Processing 0.262ms
[5320.821s][debug][gc,phases      ] GC(220) ClassLoaderData 0.585ms
[5320.821s][debug][gc,phases      ] GC(220) ProtectionDomainCacheTable 0.004ms
[5320.821s][debug][gc,phases      ] GC(220) ResolvedMethodTable 0.280ms
[5320.831s][debug][gc,phases      ] GC(220) Class Unloading 10.569ms
[5320.831s][debug][gc,phases      ] GC(220) Scrub String Table 0.530ms
[5320.839s][debug][gc,phases      ] GC(220) Scrub Symbol Table 7.656ms
[5320.839s][info ][gc,phases      ] GC(220) Marking Phase 205.771ms
[5320.839s][info ][gc,phases,start] GC(220) Summary Phase
[5320.839s][info ][gc,phases      ] GC(220) Summary Phase 0.026ms
[5320.839s][info ][gc,phases,start] GC(220) Adjust Roots
[5320.859s][info ][gc,phases      ] GC(220) Adjust Roots 19.848ms
[5320.859s][info ][gc,phases,start] GC(220) Compaction Phase
[5320.946s][info ][gc,phases      ] GC(220) Compaction Phase 87.630ms
[5320.946s][info ][gc,phases,start] GC(220) Post Compact
[5320.949s][info ][gc,phases      ] GC(220) Post Compact 3.077ms
[5320.950s][info ][gc,heap        ] GC(220) PSYoungGen: 35702K->0K(2047488K)
[5320.950s][info ][gc,heap        ] GC(220) ParOldGen: 473507K->360699K(521216K)
[5320.950s][info ][gc,metaspace   ] GC(220) Metaspace: 75032K->75032K(1118208K)
[5320.950s][info ][gc             ] GC(220) Pause Full (Ergonomics) 497M->352M(2508M) 316.690ms
[5320.950s][info ][gc,cpu         ] GC(220) User=1.14s Sys=0.00s Real=0.31s
[5320.950s][info ][safepoint      ] Leaving safepoint region
[5320.950s][info ][safepoint      ] Total time for which application threads were stopped: 0.3327160 seconds, Stopping threads took: 0.0000391 seconds
[5320.950s][info ][safepoint      ] Application time: 0.0000915 seconds
[5320.950s][info ][safepoint      ] Entering safepoint region: BulkRevokeBias
[5320.950s][info ][safepoint      ] Leaving safepoint region
[5320.950s][info ][safepoint      ] Total time for which application threads were stopped: 0.0005383 seconds, Stopping threads took: 0.0000749 seconds
[5321.951s][info ][safepoint      ] Application time: 1.0001278 seconds
[5321.951s][info ][safepoint      ] Entering safepoint region: Cleanup
[5321.951s][info ][safepoint      ] Leaving safepoint region
[5321.951s][info ][safepoint      ] Total time for which application threads were stopped: 0.0000860 seconds, Stopping threads took: 0.0000190 seconds
[5322.951s][info ][safepoint      ] Application time: 1.0000886 seconds
[5322.951s][info ][safepoint      ] Entering safepoint region: Cleanup
[5322.951s][info ][safepoint      ] Leaving safepoint region
[5322.951s][info ][safepoint      ] Total time for which application threads were stopped: 0.0001175 seconds, Stopping threads took: 0.0000191 seconds
[5323.951s][info ][safepoint      ] Application time: 1.0000697 seconds
[5323.951s][info ][safepoint      ] Entering safepoint region: Cleanup
[5323.951s][info ][safepoint      ] Leaving safepoint region
[5323.951s][info ][safepoint      ] Total time for which application threads were stopped: 0.0000789 seconds, Stopping threads took: 0.0000180 seconds
[5324.951s][info ][safepoint      ] Application time: 1.0000689 seconds
[5324.951s][info ][safepoint      ] Entering safepoint region: Cleanup
[5324.951s][info ][safepoint      ] Leaving safepoint region
[5324.951s][info ][safepoint      ] Total time for which application threads were stopped: 0.0001262 seconds, Stopping threads took: 0.0000199 seconds
[5325.951s][info ][safepoint      ] Application time: 1.0000956 seconds
[5325.951s][info ][safepoint      ] Entering safepoint region: Cleanup
[5325.952s][info ][safepoint      ] Leaving safepoint region
[5325.952s][info ][safepoint      ] Total time for which application threads were stopped: 0.0000979 seconds, Stopping threads took: 0.0000344 seconds
[5326.952s][info ][safepoint      ] Application time: 1.0001453 seconds
[5326.952s][info ][safepoint      ] Entering safepoint region: Cleanup
[5326.952s][info ][safepoint      ] Leaving safepoint region
[5326.952s][info ][safepoint      ] Total time for which application threads were stopped: 0.0000814 seconds, Stopping threads took: 0.0000180 seconds
[5327.952s][info ][safepoint      ] Application time: 1.0001463 seconds
[5327.952s][info ][safepoint      ] Entering safepoint region: Cleanup
[5327.952s][info ][safepoint      ] Leaving safepoint region
[5327.952s][info ][safepoint      ] Total time for which application threads were stopped: 0.0001072 seconds, Stopping threads took: 0.0000400 seconds
[5328.952s][info ][safepoint      ] Application time: 1.0001629 seconds
[5328.952s][info ][safepoint      ] Entering safepoint region: Cleanup
[5328.952s][info ][safepoint      ] Leaving safepoint region
[5328.952s][info ][safepoint      ] Total time for which application threads were stopped: 0.0001081 seconds, Stopping threads took: 0.0000406 seconds
[5329.953s][info ][safepoint      ] Application time: 1.0000929 seconds
[5329.953s][info ][safepoint      ] Entering safepoint region: Cleanup
[5329.953s][info ][safepoint      ] Leaving safepoint region
[5329.953s][info ][safepoint      ] Total time for which application threads were stopped: 0.0001296 seconds, Stopping threads took: 0.0000625 seconds
[5330.953s][info ][safepoint      ] Application time: 1.0000802 seconds
[5330.953s][info ][safepoint      ] Entering safepoint region: Cleanup
[5330.953s][info ][safepoint      ] Leaving safepoint region
[5330.953s][info ][safepoint      ] Total time for which application threads were stopped: 0.0001325 seconds, Stopping threads took: 0.0000420 seconds
[5331.953s][info ][safepoint      ] Application time: 1.0001303 seconds
[5331.953s][info ][safepoint      ] Entering safepoint region: Cleanup
[5331.953s][info ][safepoint      ] Leaving safepoint region
[5331.953s][info ][safepoint      ] Total time for which application threads were stopped: 0.0001422 seconds, Stopping threads took: 0.0000719 seconds
[5332.953s][info ][safepoint      ] Application time: 1.0001000 seconds
[5332.954s][info ][safepoint      ] Entering safepoint region: Cleanup
[5332.954s][info ][safepoint      ] Leaving safepoint region
[5332.954s][info ][safepoint      ] Total time for which application threads were stopped: 0.0001917 seconds, Stopping threads took: 0.0001093 seconds
[5333.954s][info ][safepoint      ] Application time: 1.0001615 seconds
[5333.954s][info ][safepoint      ] Entering safepoint region: Cleanup
[5333.954s][info ][safepoint      ] Leaving safepoint region
[5333.954s][info ][safepoint      ] Total time for which application threads were stopped: 0.0001311 seconds, Stopping threads took: 0.0000551 seconds
[5334.954s][info ][safepoint      ] Application time: 1.0000917 seconds
[5334.954s][info ][safepoint      ] Entering safepoint region: Cleanup
[5334.954s][info ][safepoint      ] Leaving safepoint region
[5334.954s][info ][safepoint      ] Total time for which application threads were stopped: 0.0001111 seconds, Stopping threads took: 0.0000440 seconds
[5335.956s][info ][safepoint      ] Application time: 1.0016986 seconds
[5335.956s][info ][safepoint      ] Entering safepoint region: Cleanup
[5335.956s][info ][safepoint      ] Leaving safepoint region
[5335.956s][info ][safepoint      ] Total time for which application threads were stopped: 0.0001120 seconds, Stopping threads took: 0.0000410 seconds
[5336.956s][info ][safepoint      ] Application time: 1.0001142 seconds
[5336.958s][info ][safepoint      ] Entering safepoint region: Cleanup
[5336.958s][info ][safepoint      ] Leaving safepoint region
[5336.958s][info ][safepoint      ] Total time for which application threads were stopped: 0.0015634 seconds, Stopping threads took: 0.0014888 seconds
[5337.958s][info ][safepoint      ] Application time: 1.0001240 seconds
[5337.958s][info ][safepoint      ] Entering safepoint region: Cleanup
[5337.958s][info ][safepoint      ] Leaving safepoint region
[5337.958s][info ][safepoint      ] Total time for which application threads were stopped: 0.0002519 seconds, Stopping threads took: 0.0000404 seconds
[5338.958s][info ][safepoint      ] Application time: 1.0000812 seconds
[5338.958s][info ][safepoint      ] Entering safepoint region: Cleanup
[5338.958s][info ][safepoint      ] Leaving safepoint region
[5338.958s][info ][safepoint      ] Total time for which application threads were stopped: 0.0001300 seconds, Stopping threads took: 0.0000400 seconds
[5339.959s][info ][safepoint      ] Application time: 1.0001558 seconds
[5339.959s][info ][safepoint      ] Entering safepoint region: Cleanup
[5339.959s][info ][safepoint      ] Leaving safepoint region
[5339.959s][info ][safepoint      ] Total time for which application threads were stopped: 0.0001285 seconds, Stopping threads took: 0.0000422 seconds
[5340.959s][info ][safepoint      ] Application time: 1.0000989 seconds
[5340.959s][info ][safepoint      ] Entering safepoint region: Cleanup
[5340.959s][info ][safepoint      ] Leaving safepoint region
[5340.959s][info ][safepoint      ] Total time for which application threads were stopped: 0.0001183 seconds, Stopping threads took: 0.0000420 seconds
[5341.959s][info ][safepoint      ] Application time: 1.0000799 seconds
[5341.959s][info ][safepoint      ] Entering safepoint region: Cleanup
[5341.959s][info ][safepoint      ] Leaving safepoint region
[5341.959s][info ][safepoint      ] Total time for which application threads were stopped: 0.0001195 seconds, Stopping threads took: 0.0000414 seconds
[5342.960s][info ][safepoint      ] Application time: 1.0001658 seconds
[5342.960s][info ][safepoint      ] Entering safepoint region: Cleanup
[5342.960s][info ][safepoint      ] Leaving safepoint region
[5342.960s][info ][safepoint      ] Total time for which application threads were stopped: 0.0001197 seconds, Stopping threads took: 0.0000401 seconds
[5343.960s][info ][safepoint      ] Application time: 1.0001303 seconds
[5343.960s][info ][safepoint      ] Entering safepoint region: Cleanup
[5343.960s][info ][safepoint      ] Leaving safepoint region
[5343.960s][info ][safepoint      ] Total time for which application threads were stopped: 0.0001439 seconds, Stopping threads took: 0.0000567 seconds
[5344.960s][info ][safepoint      ] Application time: 1.0001189 seconds
[5344.960s][info ][safepoint      ] Entering safepoint region: Cleanup
[5344.960s][info ][safepoint      ] Leaving safepoint region
[5344.960s][info ][safepoint      ] Total time for which application threads were stopped: 0.0001243 seconds, Stopping threads took: 0.0000523 seconds
[5345.960s][info ][safepoint      ] Application time: 1.0001510 seconds
[5345.961s][info ][safepoint      ] Entering safepoint region: Cleanup
[5345.961s][info ][safepoint      ] Leaving safepoint region
[5345.961s][info ][safepoint      ] Total time for which application threads were stopped: 0.0001447 seconds, Stopping threads took: 0.0000529 seconds
[5346.961s][info ][safepoint      ] Application time: 1.0000806 seconds
[5346.961s][info ][safepoint      ] Entering safepoint region: Cleanup
[5346.961s][info ][safepoint      ] Leaving safepoint region
[5346.961s][info ][safepoint      ] Total time for which application threads were stopped: 0.0001615 seconds, Stopping threads took: 0.0000610 seconds
[5347.961s][info ][safepoint      ] Application time: 1.0000787 seconds
[5347.961s][info ][safepoint      ] Entering safepoint region: Cleanup
[5347.961s][info ][safepoint      ] Leaving safepoint region
[5347.961s][info ][safepoint      ] Total time for which application threads were stopped: 0.0001134 seconds, Stopping threads took: 0.0000329 seconds
[5348.961s][info ][safepoint      ] Application time: 1.0000778 seconds
[5348.961s][info ][safepoint      ] Entering safepoint region: Cleanup
[5348.961s][info ][safepoint      ] Leaving safepoint region
[5348.961s][info ][safepoint      ] Total time for which application threads were stopped: 0.0001259 seconds, Stopping threads took: 0.0000455 seconds
[5349.962s][info ][safepoint      ] Application time: 1.0001204 seconds
[5349.962s][info ][safepoint      ] Entering safepoint region: Cleanup
[5349.962s][info ][safepoint      ] Leaving safepoint region
[5349.962s][info ][safepoint      ] Total time for which application threads were stopped: 0.0000836 seconds, Stopping threads took: 0.0000168 seconds
[5350.962s][info ][safepoint      ] Application time: 1.0001237 seconds
[5350.962s][info ][safepoint      ] Entering safepoint region: Cleanup
[5350.962s][info ][safepoint      ] Leaving safepoint region
[5350.962s][info ][safepoint      ] Total time for which application threads were stopped: 0.0000856 seconds, Stopping threads took: 0.0000181 seconds
[5351.962s][info ][safepoint      ] Application time: 1.0001202 seconds
[5351.962s][info ][safepoint      ] Entering safepoint region: Cleanup
[5351.962s][info ][safepoint      ] Leaving safepoint region
[5351.962s][info ][safepoint      ] Total time for which application threads were stopped: 0.0001466 seconds, Stopping threads took: 0.0000652 seconds
[5351.981s][info ][safepoint      ] Application time: 0.0187554 seconds
[5351.981s][info ][safepoint      ] Entering safepoint region: ParallelGCFailedAllocation
[5351.981s][info ][safepoint      ] Leaving safepoint region
[5351.981s][info ][safepoint      ] Total time for which application threads were stopped: 0.0001391 seconds, Stopping threads took: 0.0000715 seconds
[5351.981s][info ][safepoint      ] Application time: 0.0000702 seconds
[5351.981s][info ][safepoint      ] Entering safepoint region: ParallelGCSystemGC
[5351.981s][info ][gc,start       ] GC(221) Pause Young (GCLocker Initiated GC)
[5351.987s][debug][gc,phases      ] GC(221) Scavenge 5.995ms
[5351.987s][debug][gc,ref         ] GC(221) Skipped phase1 of Reference Processing due to unavailable references
[5351.987s][debug][gc,ref         ] GC(221) Skipped phase2 of Reference Processing due to unavailable references
[5351.987s][debug][gc,ref         ] GC(221) Skipped phase3 of Reference Processing due to unavailable references
[5351.987s][debug][gc,phases      ] GC(221) Reference Processing 0.036ms
[5351.988s][debug][gc,phases      ] GC(221) Weak Processing 0.228ms
[5351.988s][debug][gc,phases      ] GC(221) Scrub String Table 0.818ms
[5351.988s][debug][gc,age         ] GC(221) Desired survivor size 52428800 bytes, new threshold 15 (max threshold 15)
[5351.989s][info ][gc,heap        ] GC(221) PSYoungGen: 1999360K->11698K(2042880K)
[5351.989s][info ][gc,heap        ] GC(221) ParOldGen: 360700K->360700K(521216K)
[5351.989s][info ][gc,metaspace   ] GC(221) Metaspace: 75032K->75032K(1118208K)
[5351.989s][info ][gc             ] GC(221) Pause Young (GCLocker Initiated GC) 2304M->363M(2504M) 7.212ms
[5351.989s][info ][gc,cpu         ] GC(221) User=0.03s Sys=0.00s Real=0.00s
[5351.989s][info ][safepoint      ] Leaving safepoint region
[5351.989s][info ][safepoint      ] Total time for which application threads were stopped: 0.0073627 seconds, Stopping threads took: 0.0000275 seconds
[5352.989s][info ][safepoint      ] Application time: 1.0000910 seconds
[5352.989s][info ][safepoint      ] Entering safepoint region: Cleanup
[5352.989s][info ][safepoint      ] Leaving safepoint region
[5352.989s][info ][safepoint      ] Total time for which application threads were stopped: 0.0000854 seconds, Stopping threads took: 0.0000198 seconds
[5353.989s][info ][safepoint      ] Application time: 1.0001273 seconds
[5353.989s][info ][safepoint      ] Entering safepoint region: Cleanup
[5353.989s][info ][safepoint      ] Leaving safepoint region
[5353.989s][info ][safepoint      ] Total time for which application threads were stopped: 0.0000950 seconds, Stopping threads took: 0.0000180 seconds
[5354.989s][info ][safepoint      ] Application time: 1.0001244 seconds
[5354.989s][info ][safepoint      ] Entering safepoint region: Cleanup
[5354.989s][info ][safepoint      ] Leaving safepoint region
[5354.989s][info ][safepoint      ] Total time for which application threads were stopped: 0.0000852 seconds, Stopping threads took: 0.0000174 seconds
[5355.989s][info ][safepoint      ] Application time: 1.0001196 seconds
[5355.990s][info ][safepoint      ] Entering safepoint region: Cleanup
[5355.990s][info ][safepoint      ] Leaving safepoint region
[5355.990s][info ][safepoint      ] Total time for which application threads were stopped: 0.0000878 seconds, Stopping threads took: 0.0000193 seconds
[5356.990s][info ][safepoint      ] Application time: 1.0001289 seconds
[5356.990s][info ][safepoint      ] Entering safepoint region: Cleanup
[5356.990s][info ][safepoint      ] Leaving safepoint region
[5356.990s][info ][safepoint      ] Total time for which application threads were stopped: 0.0000827 seconds, Stopping threads took: 0.0000179 seconds
[5357.990s][info ][safepoint      ] Application time: 1.0000794 seconds
[5357.990s][info ][safepoint      ] Entering safepoint region: Cleanup
[5357.990s][info ][safepoint      ] Leaving safepoint region
[5357.990s][info ][safepoint      ] Total time for which application threads were stopped: 0.0001123 seconds, Stopping threads took: 0.0000159 seconds
[5358.990s][info ][safepoint      ] Application time: 1.0000765 seconds
[5358.990s][info ][safepoint      ] Entering safepoint region: Cleanup
[5358.990s][info ][safepoint      ] Leaving safepoint region
[5358.990s][info ][safepoint      ] Total time for which application threads were stopped: 0.0000873 seconds, Stopping threads took: 0.0000186 seconds
[5359.990s][info ][safepoint      ] Application time: 1.0001357 seconds
[5359.991s][info ][safepoint      ] Entering safepoint region: Cleanup
[5359.991s][info ][safepoint      ] Leaving safepoint region
[5359.991s][info ][safepoint      ] Total time for which application threads were stopped: 0.0000832 seconds, Stopping threads took: 0.0000173 seconds
[5360.991s][info ][safepoint      ] Application time: 1.0001320 seconds
[5360.991s][info ][safepoint      ] Entering safepoint region: Cleanup
[5360.991s][info ][safepoint      ] Leaving safepoint region
[5360.991s][info ][safepoint      ] Total time for which application threads were stopped: 0.0000856 seconds, Stopping threads took: 0.0000181 seconds
[5361.991s][info ][safepoint      ] Application time: 1.0001342 seconds
[5361.991s][info ][safepoint      ] Entering safepoint region: Cleanup
[5361.991s][info ][safepoint      ] Leaving safepoint region
[5361.991s][info ][safepoint      ] Total time for which application threads were stopped: 0.0000868 seconds, Stopping threads took: 0.0000192 seconds
[5362.991s][info ][safepoint      ] Application time: 1.0000802 seconds
[5362.991s][info ][safepoint      ] Entering safepoint region: Cleanup
[5362.991s][info ][safepoint      ] Leaving safepoint region
[5362.992s][info ][safepoint      ] Total time for which application threads were stopped: 0.0002313 seconds, Stopping threads took: 0.0001525 seconds
[5363.992s][info ][safepoint      ] Application time: 1.0000895 seconds
[5363.992s][info ][safepoint      ] Entering safepoint region: Cleanup
[5363.992s][info ][safepoint      ] Leaving safepoint region
[5363.992s][info ][safepoint      ] Total time for which application threads were stopped: 0.0001014 seconds, Stopping threads took: 0.0000191 seconds
[5364.992s][info ][safepoint      ] Application time: 1.0001926 seconds
[5364.992s][info ][safepoint      ] Entering safepoint region: Cleanup
[5364.992s][info ][safepoint      ] Leaving safepoint region
[5364.992s][info ][safepoint      ] Total time for which application threads were stopped: 0.0001032 seconds, Stopping threads took: 0.0000347 seconds
[5365.992s][info ][safepoint      ] Application time: 1.0000653 seconds
[5365.992s][info ][safepoint      ] Entering safepoint region: Cleanup
[5365.992s][info ][safepoint      ] Leaving safepoint region
[5365.992s][info ][safepoint      ] Total time for which application threads were stopped: 0.0001384 seconds, Stopping threads took: 0.0000414 seconds
[5366.992s][info ][safepoint      ] Application time: 1.0000768 seconds
[5366.992s][info ][safepoint      ] Entering safepoint region: Cleanup
[5366.993s][info ][safepoint      ] Leaving safepoint region
[5366.993s][info ][safepoint      ] Total time for which application threads were stopped: 0.0001040 seconds, Stopping threads took: 0.0000192 seconds
[5367.993s][info ][safepoint      ] Application time: 1.0000750 seconds
[5367.993s][info ][safepoint      ] Entering safepoint region: Cleanup
[5367.993s][info ][safepoint      ] Leaving safepoint region
[5367.993s][info ][safepoint      ] Total time for which application threads were stopped: 0.0000870 seconds, Stopping threads took: 0.0000194 seconds
[5368.993s][info ][safepoint      ] Application time: 1.0000837 seconds
[5368.993s][info ][safepoint      ] Entering safepoint region: Cleanup
[5368.993s][info ][safepoint      ] Leaving safepoint region
[5368.993s][info ][safepoint      ] Total time for which application threads were stopped: 0.0001188 seconds, Stopping threads took: 0.0000510 seconds
[5369.993s][info ][safepoint      ] Application time: 1.0001135 seconds
[5369.993s][info ][safepoint      ] Entering safepoint region: Cleanup
[5369.993s][info ][safepoint      ] Leaving safepoint region
[5369.993s][info ][safepoint      ] Total time for which application threads were stopped: 0.0000872 seconds, Stopping threads took: 0.0000176 seconds
[5370.993s][info ][safepoint      ] Application time: 1.0000714 seconds
[5370.993s][info ][safepoint      ] Entering safepoint region: Cleanup
[5370.993s][info ][safepoint      ] Leaving safepoint region
[5370.994s][info ][safepoint      ] Total time for which application threads were stopped: 0.0000894 seconds, Stopping threads took: 0.0000186 seconds
[5371.994s][info ][safepoint      ] Application time: 1.0000987 seconds
[5371.994s][info ][safepoint      ] Entering safepoint region: Cleanup
[5371.994s][info ][safepoint      ] Leaving safepoint region
[5371.994s][info ][safepoint      ] Total time for which application threads were stopped: 0.0000863 seconds, Stopping threads took: 0.0000195 seconds
[5372.994s][info ][safepoint      ] Application time: 1.0001180 seconds
[5372.994s][info ][safepoint      ] Entering safepoint region: Cleanup
[5372.994s][info ][safepoint      ] Leaving safepoint region
[5372.994s][info ][safepoint      ] Total time for which application threads were stopped: 0.0000911 seconds, Stopping threads took: 0.0000193 seconds
[5373.994s][info ][safepoint      ] Application time: 1.0000808 seconds
[5373.994s][info ][safepoint      ] Entering safepoint region: Cleanup
[5373.994s][info ][safepoint      ] Leaving safepoint region
[5373.994s][info ][safepoint      ] Total time for which application threads were stopped: 0.0001034 seconds, Stopping threads took: 0.0000203 seconds
[5374.994s][info ][safepoint      ] Application time: 1.0000836 seconds
[5374.994s][info ][safepoint      ] Entering safepoint region: Cleanup
[5374.994s][info ][safepoint      ] Leaving safepoint region
[5374.994s][info ][safepoint      ] Total time for which application threads were stopped: 0.0000994 seconds, Stopping threads took: 0.0000332 seconds
[5375.995s][info ][safepoint      ] Application time: 1.0001000 seconds
[5375.995s][info ][safepoint      ] Entering safepoint region: Cleanup
[5375.995s][info ][safepoint      ] Leaving safepoint region
[5375.995s][info ][safepoint      ] Total time for which application threads were stopped: 0.0000984 seconds, Stopping threads took: 0.0000195 seconds
[5376.995s][info ][safepoint      ] Application time: 1.0001420 seconds
[5376.995s][info ][safepoint      ] Entering safepoint region: Cleanup
[5376.995s][info ][safepoint      ] Leaving safepoint region
[5376.995s][info ][safepoint      ] Total time for which application threads were stopped: 0.0001404 seconds, Stopping threads took: 0.0000560 seconds
[5377.995s][info ][safepoint      ] Application time: 1.0001052 seconds
[5377.995s][info ][safepoint      ] Entering safepoint region: Cleanup
[5377.995s][info ][safepoint      ] Leaving safepoint region
[5377.995s][info ][safepoint      ] Total time for which application threads were stopped: 0.0000886 seconds, Stopping threads took: 0.0000211 seconds
[5378.995s][info ][safepoint      ] Application time: 1.0000965 seconds
[5378.995s][info ][safepoint      ] Entering safepoint region: Cleanup
[5378.995s][info ][safepoint      ] Leaving safepoint region
[5378.995s][info ][safepoint      ] Total time for which application threads were stopped: 0.0000830 seconds, Stopping threads took: 0.0000181 seconds
[5379.996s][info ][safepoint      ] Application time: 1.0001231 seconds
[5379.996s][info ][safepoint      ] Entering safepoint region: Cleanup
[5379.996s][info ][safepoint      ] Leaving safepoint region
[5379.996s][info ][safepoint      ] Total time for which application threads were stopped: 0.0001070 seconds, Stopping threads took: 0.0000194 seconds
[5380.996s][info ][safepoint      ] Application time: 1.0001303 seconds
[5380.996s][info ][safepoint      ] Entering safepoint region: Cleanup
[5380.996s][info ][safepoint      ] Leaving safepoint region
[5380.996s][info ][safepoint      ] Total time for which application threads were stopped: 0.0000887 seconds, Stopping threads took: 0.0000198 seconds
[5381.996s][info ][safepoint      ] Application time: 1.0001103 seconds
[5381.996s][info ][safepoint      ] Entering safepoint region: Cleanup
[5381.996s][info ][safepoint      ] Leaving safepoint region
[5381.996s][info ][safepoint      ] Total time for which application threads were stopped: 0.0001202 seconds, Stopping threads took: 0.0000376 seconds
[5382.855s][info ][safepoint      ] Application time: 0.8583257 seconds
[5382.855s][info ][safepoint      ] Entering safepoint region: ParallelGCFailedAllocation
[5382.855s][info ][gc,start       ] GC(222) Pause Young (Allocation Failure)
[5382.863s][debug][gc,phases      ] GC(222) Scavenge 7.923ms
[5382.863s][debug][gc,ref         ] GC(222) Skipped phase1 of Reference Processing due to unavailable references
[5382.863s][debug][gc,ref         ] GC(222) Skipped phase2 of Reference Processing due to unavailable references
[5382.863s][debug][gc,ref         ] GC(222) Skipped phase3 of Reference Processing due to unavailable references
[5382.863s][debug][gc,phases      ] GC(222) Reference Processing 0.038ms
[5382.863s][debug][gc,phases      ] GC(222) Weak Processing 0.126ms
[5382.863s][debug][gc,phases      ] GC(222) Scrub String Table 0.427ms
[5382.863s][debug][gc,age         ] GC(222) Desired survivor size 52953088 bytes, new threshold 15 (max threshold 15)
[5382.864s][info ][gc,heap        ] GC(222) PSYoungGen: 2006450K->20021K(2015232K)
[5382.864s][info ][gc,heap        ] GC(222) ParOldGen: 360701K->360701K(521216K)
[5382.864s][info ][gc,metaspace   ] GC(222) Metaspace: 75033K->75033K(1118208K)
[5382.864s][info ][gc             ] GC(222) Pause Young (Allocation Failure) 2311M->371M(2477M) 8.653ms
[5382.864s][info ][gc,cpu         ] GC(222) User=0.03s Sys=0.00s Real=0.01s
[5382.864s][info ][safepoint      ] Leaving safepoint region
[5382.864s][info ][safepoint      ] Total time for which application threads were stopped: 0.0088761 seconds, Stopping threads took: 0.0000317 seconds
[5383.864s][info ][safepoint      ] Application time: 1.0000871 seconds
[5383.864s][info ][safepoint      ] Entering safepoint region: Cleanup
[5383.864s][info ][safepoint      ] Leaving safepoint region
[5383.864s][info ][safepoint      ] Total time for which application threads were stopped: 0.0001188 seconds, Stopping threads took: 0.0000331 seconds
[5384.864s][info ][safepoint      ] Application time: 1.0000756 seconds
[5384.864s][info ][safepoint      ] Entering safepoint region: Cleanup
[5384.864s][info ][safepoint      ] Leaving safepoint region
[5384.864s][info ][safepoint      ] Total time for which application threads were stopped: 0.0001139 seconds, Stopping threads took: 0.0000490 seconds
[5385.864s][info ][safepoint      ] Application time: 1.0001396 seconds
[5385.864s][info ][safepoint      ] Entering safepoint region: Cleanup
[5385.864s][info ][safepoint      ] Leaving safepoint region
[5385.864s][info ][safepoint      ] Total time for which application threads were stopped: 0.0000998 seconds, Stopping threads took: 0.0000171 seconds
[5386.865s][info ][safepoint      ] Application time: 1.0001218 seconds
[5386.865s][info ][safepoint      ] Entering safepoint region: Cleanup
[5386.865s][info ][safepoint      ] Leaving safepoint region
[5386.865s][info ][safepoint      ] Total time for which application threads were stopped: 0.0001057 seconds, Stopping threads took: 0.0000178 seconds
[5387.865s][info ][safepoint      ] Application time: 1.0000863 seconds
[5387.865s][info ][safepoint      ] Entering safepoint region: Cleanup
[5387.865s][info ][safepoint      ] Leaving safepoint region
[5387.865s][info ][safepoint      ] Total time for which application threads were stopped: 0.0000958 seconds, Stopping threads took: 0.0000181 seconds
[5388.865s][info ][safepoint      ] Application time: 1.0001042 seconds
[5388.865s][info ][safepoint      ] Entering safepoint region: Cleanup
[5388.865s][info ][safepoint      ] Leaving safepoint region
[5388.865s][info ][safepoint      ] Total time for which application threads were stopped: 0.0000997 seconds, Stopping threads took: 0.0000169 seconds
[5389.867s][info ][safepoint      ] Application time: 1.0014295 seconds
[5389.867s][info ][safepoint      ] Entering safepoint region: Cleanup
[5389.867s][info ][safepoint      ] Leaving safepoint region
[5389.867s][info ][safepoint      ] Total time for which application threads were stopped: 0.0001170 seconds, Stopping threads took: 0.0000183 seconds
[5390.867s][info ][safepoint      ] Application time: 1.0001271 seconds
[5390.867s][info ][safepoint      ] Entering safepoint region: Cleanup
[5390.867s][info ][safepoint      ] Leaving safepoint region
[5390.867s][info ][safepoint      ] Total time for which application threads were stopped: 0.0000839 seconds, Stopping threads took: 0.0000181 seconds
[5391.867s][info ][safepoint      ] Application time: 1.0000733 seconds
[5391.867s][info ][safepoint      ] Entering safepoint region: Cleanup
[5391.867s][info ][safepoint      ] Leaving safepoint region
[5391.867s][info ][safepoint      ] Total time for which application threads were stopped: 0.0000822 seconds, Stopping threads took: 0.0000176 seconds
[5392.867s][info ][safepoint      ] Application time: 1.0000994 seconds
[5392.867s][info ][safepoint      ] Entering safepoint region: Cleanup
[5392.867s][info ][safepoint      ] Leaving safepoint region
[5392.867s][info ][safepoint      ] Total time for which application threads were stopped: 0.0000813 seconds, Stopping threads took: 0.0000165 seconds
[5393.868s][info ][safepoint      ] Application time: 1.0001321 seconds
[5393.868s][info ][safepoint      ] Entering safepoint region: Cleanup
[5393.868s][info ][safepoint      ] Leaving safepoint region
[5393.868s][info ][safepoint      ] Total time for which application threads were stopped: 0.0000837 seconds, Stopping threads took: 0.0000169 seconds
[5394.868s][info ][safepoint      ] Application time: 1.0000828 seconds
[5394.868s][info ][safepoint      ] Entering safepoint region: Cleanup
[5394.868s][info ][safepoint      ] Leaving safepoint region
[5394.868s][info ][safepoint      ] Total time for which application threads were stopped: 0.0000828 seconds, Stopping threads took: 0.0000171 seconds
[5395.868s][info ][safepoint      ] Application time: 1.0001340 seconds
[5395.868s][info ][safepoint      ] Entering safepoint region: Cleanup
[5395.868s][info ][safepoint      ] Leaving safepoint region
[5395.868s][info ][safepoint      ] Total time for which application threads were stopped: 0.0000986 seconds, Stopping threads took: 0.0000333 seconds
[5396.868s][info ][safepoint      ] Application time: 1.0000702 seconds
[5396.868s][info ][safepoint      ] Entering safepoint region: Cleanup
[5396.868s][info ][safepoint      ] Leaving safepoint region
[5396.868s][info ][safepoint      ] Total time for which application threads were stopped: 0.0001070 seconds, Stopping threads took: 0.0000188 seconds
[5397.868s][info ][safepoint      ] Application time: 1.0001378 seconds
[5397.868s][info ][safepoint      ] Entering safepoint region: Cleanup
[5397.869s][info ][safepoint      ] Leaving safepoint region
[5397.869s][info ][safepoint      ] Total time for which application threads were stopped: 0.0000999 seconds, Stopping threads took: 0.0000180 seconds
[5398.869s][info ][safepoint      ] Application time: 1.0000329 seconds
[5398.869s][info ][safepoint      ] Entering safepoint region: Cleanup
[5398.869s][info ][safepoint      ] Leaving safepoint region
[5398.869s][info ][safepoint      ] Total time for which application threads were stopped: 0.0000855 seconds, Stopping threads took: 0.0000173 seconds
[5399.869s][info ][safepoint      ] Application time: 1.0000763 seconds
[5399.869s][info ][safepoint      ] Entering safepoint region: Cleanup
[5399.869s][info ][safepoint      ] Leaving safepoint region
[5399.869s][info ][safepoint      ] Total time for which application threads were stopped: 0.0001005 seconds, Stopping threads took: 0.0000340 seconds
[5400.869s][info ][safepoint      ] Application time: 1.0001210 seconds
[5400.869s][info ][safepoint      ] Entering safepoint region: Cleanup
[5400.869s][info ][safepoint      ] Leaving safepoint region
[5400.869s][info ][safepoint      ] Total time for which application threads were stopped: 0.0000839 seconds, Stopping threads took: 0.0000182 seconds
[5401.869s][info ][safepoint      ] Application time: 1.0000619 seconds
[5401.869s][info ][safepoint      ] Entering safepoint region: Cleanup
[5401.869s][info ][safepoint      ] Leaving safepoint region
[5401.869s][info ][safepoint      ] Total time for which application threads were stopped: 0.0001054 seconds, Stopping threads took: 0.0000198 seconds
[5402.870s][info ][safepoint      ] Application time: 1.0001314 seconds
[5402.870s][info ][safepoint      ] Entering safepoint region: Cleanup
[5402.870s][info ][safepoint      ] Leaving safepoint region
[5402.870s][info ][safepoint      ] Total time for which application threads were stopped: 0.0000915 seconds, Stopping threads took: 0.0000214 seconds
[5403.273s][info ][safepoint      ] Application time: 0.4030609 seconds
[5403.273s][info ][safepoint      ] Entering safepoint region: RevokeBias
[5403.273s][info ][safepoint      ] Leaving safepoint region
[5403.273s][info ][safepoint      ] Total time for which application threads were stopped: 0.0001204 seconds, Stopping threads took: 0.0000184 seconds
[5413.181s][info ][safepoint      ] Application time: 9.9076310 seconds
[5413.181s][info ][safepoint      ] Entering safepoint region: RevokeBias
[5413.181s][info ][safepoint      ] Leaving safepoint region
[5413.181s][info ][safepoint      ] Total time for which application threads were stopped: 0.0001194 seconds, Stopping threads took: 0.0000176 seconds
[5413.189s][info ][safepoint      ] Application time: 0.0078981 seconds
[5413.189s][info ][safepoint      ] Entering safepoint region: RevokeBias
[5413.189s][info ][safepoint      ] Leaving safepoint region
[5413.189s][info ][safepoint      ] Total time for which application threads were stopped: 0.0000558 seconds, Stopping threads took: 0.0000116 seconds
[5419.609s][info ][safepoint      ] Application time: 6.4206110 seconds
[5419.610s][info ][safepoint      ] Entering safepoint region: ParallelGCFailedAllocation
[5419.610s][info ][gc,start       ] GC(223) Pause Young (Allocation Failure)
[5419.618s][debug][gc,phases      ] GC(223) Scavenge 8.344ms
[5419.618s][debug][gc,ref         ] GC(223) Skipped phase1 of Reference Processing due to unavailable references
[5419.618s][debug][gc,ref         ] GC(223) Skipped phase2 of Reference Processing due to unavailable references
[5419.618s][debug][gc,ref         ] GC(223) Skipped phase3 of Reference Processing due to unavailable references
[5419.618s][debug][gc,phases      ] GC(223) Reference Processing 0.039ms
[5419.618s][debug][gc,phases      ] GC(223) Weak Processing 0.294ms
[5419.619s][debug][gc,phases      ] GC(223) Scrub String Table 0.930ms
[5419.619s][debug][gc,age         ] GC(223) Desired survivor size 52953088 bytes, new threshold 15 (max threshold 15)
[5419.619s][info ][gc,heap        ] GC(223) PSYoungGen: 2014773K->20789K(2045440K)
[5419.619s][info ][gc,heap        ] GC(223) ParOldGen: 360701K->360701K(521216K)
[5419.619s][info ][gc,metaspace   ] GC(223) Metaspace: 75040K->75040K(1118208K)
[5419.619s][info ][gc             ] GC(223) Pause Young (Allocation Failure) 2319M->372M(2506M) 9.762ms
[5419.619s][info ][gc,cpu         ] GC(223) User=0.04s Sys=0.00s Real=0.01s
[5419.619s][info ][safepoint      ] Leaving safepoint region
[5419.619s][info ][safepoint      ] Total time for which application threads were stopped: 0.0100711 seconds, Stopping threads took: 0.0001112 seconds
[5449.622s][info ][safepoint      ] Application time: 30.0027693 seconds
[5449.622s][info ][safepoint      ] Entering safepoint region: Cleanup
[5449.622s][info ][safepoint      ] Leaving safepoint region
[5449.622s][info ][safepoint      ] Total time for which application threads were stopped: 0.0001060 seconds, Stopping threads took: 0.0000305 seconds
[5453.623s][info ][safepoint      ] Application time: 4.0004445 seconds
[5453.623s][info ][safepoint      ] Entering safepoint region: Cleanup
[5453.623s][info ][safepoint      ] Leaving safepoint region
[5453.623s][info ][safepoint      ] Total time for which application threads were stopped: 0.0001290 seconds, Stopping threads took: 0.0000211 seconds
[5454.623s][info ][safepoint      ] Application time: 1.0000977 seconds
[5454.623s][info ][safepoint      ] Entering safepoint region: Cleanup
[5454.623s][info ][safepoint      ] Leaving safepoint region
[5454.623s][info ][safepoint      ] Total time for which application threads were stopped: 0.0000957 seconds, Stopping threads took: 0.0000177 seconds
[5456.103s][info ][safepoint      ] Application time: 1.4800997 seconds
[5456.103s][info ][safepoint      ] Entering safepoint region: ParallelGCFailedAllocation
[5456.104s][info ][gc,start       ] GC(224) Pause Young (Allocation Failure)
[5456.113s][debug][gc,phases      ] GC(224) Scavenge 8.953ms
[5456.113s][debug][gc,ref         ] GC(224) Skipped phase1 of Reference Processing due to unavailable references
[5456.113s][debug][gc,ref         ] GC(224) Skipped phase2 of Reference Processing due to unavailable references
[5456.113s][debug][gc,ref         ] GC(224) Skipped phase3 of Reference Processing due to unavailable references
[5456.113s][debug][gc,phases      ] GC(224) Reference Processing 0.066ms
[5456.113s][debug][gc,phases      ] GC(224) Weak Processing 0.131ms
[5456.113s][debug][gc,phases      ] GC(224) Scrub String Table 0.520ms
[5456.113s][debug][gc,age         ] GC(224) Desired survivor size 52428800 bytes, new threshold 15 (max threshold 15)
[5456.113s][info ][gc,heap        ] GC(224) PSYoungGen: 2014517K->23429K(2045440K)
[5456.113s][info ][gc,heap        ] GC(224) ParOldGen: 360701K->360701K(521216K)
[5456.113s][info ][gc,metaspace   ] GC(224) Metaspace: 75042K->75042K(1118208K)
[5456.113s][info ][gc             ] GC(224) Pause Young (Allocation Failure) 2319M->375M(2506M) 9.826ms
[5456.113s][info ][gc,cpu         ] GC(224) User=0.04s Sys=0.00s Real=0.01s
[5456.113s][info ][safepoint      ] Leaving safepoint region
[5456.113s][info ][safepoint      ] Total time for which application threads were stopped: 0.0100135 seconds, Stopping threads took: 0.0000190 seconds
[5464.114s][info ][safepoint      ] Application time: 8.0008454 seconds
[5464.114s][info ][safepoint      ] Entering safepoint region: Cleanup
[5464.114s][info ][safepoint      ] Leaving safepoint region
[5464.114s][info ][safepoint      ] Total time for which application threads were stopped: 0.0000907 seconds, Stopping threads took: 0.0000170 seconds
[5467.115s][info ][safepoint      ] Application time: 3.0002646 seconds
[5467.115s][info ][safepoint      ] Entering safepoint region: Cleanup
[5467.115s][info ][safepoint      ] Leaving safepoint region
[5467.115s][info ][safepoint      ] Total time for which application threads were stopped: 0.0001144 seconds, Stopping threads took: 0.0000181 seconds
[5472.574s][info ][safepoint      ] Application time: 5.4596471 seconds
[5472.575s][info ][safepoint      ] Entering safepoint region: RevokeBias
[5472.575s][info ][safepoint      ] Leaving safepoint region
[5472.575s][info ][safepoint      ] Total time for which application threads were stopped: 0.0001070 seconds, Stopping threads took: 0.0000184 seconds
[5473.830s][info ][safepoint      ] Application time: 1.2552879 seconds
[5473.830s][info ][safepoint      ] Entering safepoint region: RevokeBias
[5473.830s][info ][safepoint      ] Leaving safepoint region
[5473.830s][info ][safepoint      ] Total time for which application threads were stopped: 0.0000877 seconds, Stopping threads took: 0.0000183 seconds
[5487.831s][info ][safepoint      ] Application time: 14.0013535 seconds
[5487.831s][info ][safepoint      ] Entering safepoint region: Cleanup
[5487.832s][info ][safepoint      ] Leaving safepoint region
[5487.832s][info ][safepoint      ] Total time for which application threads were stopped: 0.0001435 seconds, Stopping threads took: 0.0000556 seconds
[5489.227s][info ][safepoint      ] Application time: 1.3957356 seconds
[5489.227s][info ][safepoint      ] Entering safepoint region: ParallelGCFailedAllocation
[5489.227s][info ][gc,start       ] GC(225) Pause Young (Allocation Failure)
[5489.243s][debug][gc,phases      ] GC(225) Scavenge 15.068ms
[5489.243s][debug][gc,ref         ] GC(225) Skipped phase1 of Reference Processing due to unavailable references
[5489.243s][debug][gc,ref         ] GC(225) Skipped phase2 of Reference Processing due to unavailable references
[5489.243s][debug][gc,ref         ] GC(225) Skipped phase3 of Reference Processing due to unavailable references
[5489.243s][debug][gc,phases      ] GC(225) Reference Processing 0.040ms
[5489.243s][debug][gc,phases      ] GC(225) Weak Processing 0.134ms
[5489.243s][debug][gc,phases      ] GC(225) Scrub String Table 0.442ms
[5489.243s][debug][gc,age         ] GC(225) Desired survivor size 50331648 bytes, new threshold 15 (max threshold 15)
[5489.243s][info ][gc,heap        ] GC(225) PSYoungGen: 2017157K->29667K(2048000K)
[5489.243s][info ][gc,heap        ] GC(225) ParOldGen: 360701K->360701K(521216K)
[5489.243s][info ][gc,metaspace   ] GC(225) Metaspace: 75048K->75048K(1118208K)
[5489.243s][info ][gc             ] GC(225) Pause Young (Allocation Failure) 2322M->381M(2509M) 15.838ms
[5489.243s][info ][gc,cpu         ] GC(225) User=0.05s Sys=0.00s Real=0.02s
[5489.243s][info ][safepoint      ] Leaving safepoint region
[5489.243s][info ][safepoint      ] Total time for which application threads were stopped: 0.0160325 seconds, Stopping threads took: 0.0000175 seconds
[5519.911s][info ][safepoint      ] Application time: 30.6675330 seconds
[5519.911s][info ][safepoint      ] Entering safepoint region: ParallelGCFailedAllocation
[5519.911s][info ][gc,start       ] GC(226) Pause Young (Allocation Failure)
[5519.923s][debug][gc,phases      ] GC(226) Scavenge 11.891ms
[5519.923s][debug][gc,ref         ] GC(226) Skipped phase1 of Reference Processing due to unavailable references
[5519.923s][debug][gc,ref         ] GC(226) Skipped phase2 of Reference Processing due to unavailable references
[5519.923s][debug][gc,ref         ] GC(226) Skipped phase3 of Reference Processing due to unavailable references
[5519.923s][debug][gc,phases      ] GC(226) Reference Processing 0.040ms
[5519.923s][debug][gc,phases      ] GC(226) Weak Processing 0.263ms
[5519.924s][debug][gc,phases      ] GC(226) Scrub String Table 0.867ms
[5519.924s][debug][gc,age         ] GC(226) Desired survivor size 50855936 bytes, new threshold 15 (max threshold 15)
[5519.924s][info ][gc,heap        ] GC(226) PSYoungGen: 2026467K->37076K(2045952K)
[5519.924s][info ][gc,heap        ] GC(226) ParOldGen: 360701K->360701K(521216K)
[5519.924s][info ][gc,metaspace   ] GC(226) Metaspace: 75048K->75048K(1118208K)
[5519.924s][info ][gc             ] GC(226) Pause Young (Allocation Failure) 2331M->388M(2507M) 13.252ms
[5519.924s][info ][gc,cpu         ] GC(226) User=0.05s Sys=0.00s Real=0.02s
[5519.924s][info ][safepoint      ] Leaving safepoint region
[5519.924s][info ][safepoint      ] Total time for which application threads were stopped: 0.0134704 seconds, Stopping threads took: 0.0000176 seconds
[5547.558s][info ][safepoint      ] Application time: 27.6337387 seconds
[5547.558s][info ][safepoint      ] Entering safepoint region: RevokeBias
[5547.558s][info ][safepoint      ] Leaving safepoint region
[5547.558s][info ][safepoint      ] Total time for which application threads were stopped: 0.0001597 seconds, Stopping threads took: 0.0000663 seconds
[5557.255s][info ][safepoint      ] Application time: 9.6966859 seconds
[5557.255s][info ][safepoint      ] Entering safepoint region: ParallelGCFailedAllocation
[5557.255s][info ][gc,start       ] GC(227) Pause Young (Allocation Failure)
[5557.268s][debug][gc,phases      ] GC(227) Scavenge 13.039ms
[5557.268s][debug][gc,ref         ] GC(227) Skipped phase1 of Reference Processing due to unavailable references
[5557.268s][debug][gc,ref         ] GC(227) Skipped phase2 of Reference Processing due to unavailable references
[5557.268s][debug][gc,ref         ] GC(227) Skipped phase3 of Reference Processing due to unavailable references
[5557.268s][debug][gc,phases      ] GC(227) Reference Processing 0.040ms
[5557.269s][debug][gc,phases      ] GC(227) Weak Processing 0.286ms
[5557.270s][debug][gc,phases      ] GC(227) Scrub String Table 0.869ms
[5557.270s][debug][gc,age         ] GC(227) Desired survivor size 51904512 bytes, new threshold 15 (max threshold 15)
[5557.270s][info ][gc,heap        ] GC(227) PSYoungGen: 2033876K->38548K(2045440K)
[5557.270s][info ][gc,heap        ] GC(227) ParOldGen: 360701K->360701K(521216K)
[5557.270s][info ][gc,metaspace   ] GC(227) Metaspace: 75048K->75048K(1118208K)
[5557.270s][info ][gc             ] GC(227) Pause Young (Allocation Failure) 2338M->389M(2506M) 14.412ms
[5557.270s][info ][gc,cpu         ] GC(227) User=0.05s Sys=0.00s Real=0.01s
[5557.270s][info ][safepoint      ] Leaving safepoint region
[5557.270s][info ][safepoint      ] Total time for which application threads were stopped: 0.0146471 seconds, Stopping threads took: 0.0000352 seconds
[5594.213s][info ][safepoint      ] Application time: 36.9435844 seconds
[5594.213s][info ][safepoint      ] Entering safepoint region: ParallelGCFailedAllocation
[5594.214s][info ][gc,start       ] GC(228) Pause Young (Allocation Failure)
[5594.227s][debug][gc,phases      ] GC(228) Scavenge 12.969ms
[5594.227s][debug][gc,ref         ] GC(228) Skipped phase1 of Reference Processing due to unavailable references
[5594.227s][debug][gc,ref         ] GC(228) Skipped phase2 of Reference Processing due to unavailable references
[5594.227s][debug][gc,ref         ] GC(228) Skipped phase3 of Reference Processing due to unavailable references
[5594.227s][debug][gc,phases      ] GC(228) Reference Processing 0.041ms
[5594.227s][debug][gc,phases      ] GC(228) Weak Processing 0.255ms
[5594.228s][debug][gc,phases      ] GC(228) Scrub String Table 0.790ms
[5594.228s][debug][gc,age         ] GC(228) Desired survivor size 53477376 bytes, new threshold 15 (max threshold 15)
[5594.228s][info ][gc,heap        ] GC(228) PSYoungGen: 2034324K->40148K(2036224K)
[5594.228s][info ][gc,heap        ] GC(228) ParOldGen: 360701K->360701K(521216K)
[5594.228s][info ][gc,metaspace   ] GC(228) Metaspace: 75050K->75050K(1118208K)
[5594.228s][info ][gc             ] GC(228) Pause Young (Allocation Failure) 2338M->391M(2497M) 14.213ms
[5594.228s][info ][gc,cpu         ] GC(228) User=0.06s Sys=0.00s Real=0.01s
[5594.228s][info ][safepoint      ] Leaving safepoint region
[5594.228s][info ][safepoint      ] Total time for which application threads were stopped: 0.0144180 seconds, Stopping threads took: 0.0000332 seconds
[5609.578s][info ][safepoint      ] Application time: 15.3499487 seconds
[5609.578s][info ][safepoint      ] Entering safepoint region: RevokeBias
[5609.578s][info ][safepoint      ] Leaving safepoint region
[5609.578s][info ][safepoint      ] Total time for which application threads were stopped: 0.0001195 seconds, Stopping threads took: 0.0000277 seconds
[5609.580s][info ][safepoint      ] Application time: 0.0018509 seconds
[5609.580s][info ][safepoint      ] Entering safepoint region: RevokeBias
[5609.580s][info ][safepoint      ] Leaving safepoint region
[5609.580s][info ][safepoint      ] Total time for which application threads were stopped: 0.0000697 seconds, Stopping threads took: 0.0000149 seconds
[5630.406s][info ][safepoint      ] Application time: 20.8258179 seconds
[5630.406s][info ][safepoint      ] Entering safepoint region: ParallelGCFailedAllocation
[5630.406s][info ][gc,start       ] GC(229) Pause Young (Allocation Failure)
[5630.419s][debug][gc,phases      ] GC(229) Scavenge 13.525ms
[5630.419s][debug][gc,ref         ] GC(229) Skipped phase1 of Reference Processing due to unavailable references
[5630.419s][debug][gc,ref         ] GC(229) Skipped phase2 of Reference Processing due to unavailable references
[5630.420s][debug][gc,ref         ] GC(229) Skipped phase3 of Reference Processing due to unavailable references
[5630.420s][debug][gc,phases      ] GC(229) Reference Processing 0.058ms
[5630.420s][debug][gc,phases      ] GC(229) Weak Processing 0.126ms
[5630.420s][debug][gc,phases      ] GC(229) Scrub String Table 0.440ms
[5630.420s][debug][gc,age         ] GC(229) Desired survivor size 55050240 bytes, new threshold 15 (max threshold 15)
[5630.420s][info ][gc,heap        ] GC(229) PSYoungGen: 2035924K->42868K(2041856K)
[5630.420s][info ][gc,heap        ] GC(229) ParOldGen: 360701K->360701K(521216K)
[5630.420s][info ][gc,metaspace   ] GC(229) Metaspace: 75050K->75050K(1118208K)
[5630.420s][info ][gc             ] GC(229) Pause Young (Allocation Failure) 2340M->394M(2503M) 14.298ms
[5630.420s][info ][gc,cpu         ] GC(229) User=0.05s Sys=0.00s Real=0.01s
[5630.420s][info ][safepoint      ] Leaving safepoint region
[5630.420s][info ][safepoint      ] Total time for which application threads were stopped: 0.0145556 seconds, Stopping threads took: 0.0000611 seconds
[5666.963s][info ][safepoint      ] Application time: 36.5424080 seconds
[5666.963s][info ][safepoint      ] Entering safepoint region: ParallelGCFailedAllocation
[5666.963s][info ][gc,start       ] GC(230) Pause Young (Allocation Failure)
[5666.977s][debug][gc,phases      ] GC(230) Scavenge 14.373ms
[5666.977s][debug][gc,ref         ] GC(230) Skipped phase1 of Reference Processing due to unavailable references
[5666.977s][debug][gc,ref         ] GC(230) Skipped phase2 of Reference Processing due to unavailable references
[5666.977s][debug][gc,ref         ] GC(230) Skipped phase3 of Reference Processing due to unavailable references
[5666.977s][debug][gc,phases      ] GC(230) Reference Processing 0.051ms
[5666.977s][debug][gc,phases      ] GC(230) Weak Processing 0.133ms
[5666.978s][debug][gc,phases      ] GC(230) Scrub String Table 0.451ms
[5666.978s][debug][gc,age         ] GC(230) Desired survivor size 58195968 bytes, new threshold 15 (max threshold 15)
[5666.978s][info ][gc,heap        ] GC(230) PSYoungGen: 2032500K->46628K(2036736K)
[5666.978s][info ][gc,heap        ] GC(230) ParOldGen: 360701K->360701K(521216K)
[5666.978s][info ][gc,metaspace   ] GC(230) Metaspace: 75050K->75050K(1118208K)
[5666.978s][info ][gc             ] GC(230) Pause Young (Allocation Failure) 2337M->397M(2498M) 15.168ms
[5666.978s][info ][gc,cpu         ] GC(230) User=0.06s Sys=0.00s Real=0.01s
[5666.978s][info ][safepoint      ] Leaving safepoint region
[5666.978s][info ][safepoint      ] Total time for which application threads were stopped: 0.0153611 seconds, Stopping threads took: 0.0000169 seconds
[5669.612s][info ][safepoint      ] Application time: 2.6343394 seconds
[5669.612s][info ][safepoint      ] Entering safepoint region: RevokeBias
[5669.613s][info ][safepoint      ] Leaving safepoint region
[5669.613s][info ][safepoint      ] Total time for which application threads were stopped: 0.0001567 seconds, Stopping threads took: 0.0000170 seconds
[5690.615s][info ][safepoint      ] Application time: 21.0025145 seconds
[5690.615s][info ][safepoint      ] Entering safepoint region: Cleanup
[5690.615s][info ][safepoint      ] Leaving safepoint region
[5690.615s][info ][safepoint      ] Total time for which application threads were stopped: 0.0001011 seconds, Stopping threads took: 0.0000182 seconds
[5706.911s][info ][safepoint      ] Application time: 16.2956636 seconds
[5706.911s][info ][safepoint      ] Entering safepoint region: ParallelGCFailedAllocation
[5706.911s][info ][gc,start       ] GC(231) Pause Young (Allocation Failure)
[5706.927s][debug][gc,phases      ] GC(231) Scavenge 15.337ms
[5706.927s][debug][gc,ref         ] GC(231) Skipped phase1 of Reference Processing due to unavailable references
[5706.927s][debug][gc,ref         ] GC(231) Skipped phase2 of Reference Processing due to unavailable references
[5706.927s][debug][gc,ref         ] GC(231) Skipped phase3 of Reference Processing due to unavailable references
[5706.927s][debug][gc,phases      ] GC(231) Reference Processing 0.059ms
[5706.927s][debug][gc,phases      ] GC(231) Weak Processing 0.129ms
[5706.927s][debug][gc,phases      ] GC(231) Scrub String Table 0.435ms
[5706.927s][debug][gc,age         ] GC(231) Desired survivor size 61341696 bytes, new threshold 15 (max threshold 15)
[5706.927s][info ][gc,heap        ] GC(231) PSYoungGen: 2036260K->49316K(2034176K)
[5706.927s][info ][gc,heap        ] GC(231) ParOldGen: 360701K->360701K(521216K)
[5706.927s][info ][gc,metaspace   ] GC(231) Metaspace: 75050K->75050K(1118208K)
[5706.927s][info ][gc             ] GC(231) Pause Young (Allocation Failure) 2340M->400M(2495M) 16.148ms
[5706.927s][info ][gc,cpu         ] GC(231) User=0.07s Sys=0.00s Real=0.02s
[5706.927s][info ][safepoint      ] Leaving safepoint region
[5706.927s][info ][safepoint      ] Total time for which application threads were stopped: 0.0163496 seconds, Stopping threads took: 0.0000190 seconds
[5712.814s][info ][safepoint      ] Application time: 5.8863771 seconds
[5712.814s][info ][safepoint      ] Entering safepoint region: RevokeBias
[5712.814s][info ][safepoint      ] Leaving safepoint region
[5712.814s][info ][safepoint      ] Total time for which application threads were stopped: 0.0001225 seconds, Stopping threads took: 0.0000173 seconds
[5742.754s][info ][safepoint      ] Application time: 29.9403023 seconds
[5742.754s][info ][safepoint      ] Entering safepoint region: ParallelGCFailedAllocation
[5742.754s][info ][gc,start       ] GC(232) Pause Young (Allocation Failure)
[5742.771s][debug][gc,phases      ] GC(232) Scavenge 16.480ms
[5742.771s][debug][gc,ref         ] GC(232) Skipped phase1 of Reference Processing due to unavailable references
[5742.771s][debug][gc,ref         ] GC(232) Skipped phase2 of Reference Processing due to unavailable references
[5742.771s][debug][gc,ref         ] GC(232) Skipped phase3 of Reference Processing due to unavailable references
[5742.771s][debug][gc,phases      ] GC(232) Reference Processing 0.042ms
[5742.771s][debug][gc,phases      ] GC(232) Weak Processing 0.126ms
[5742.772s][debug][gc,phases      ] GC(232) Scrub String Table 0.486ms
[5742.772s][debug][gc,age         ] GC(232) Desired survivor size 65536000 bytes, new threshold 15 (max threshold 15)
[5742.772s][info ][gc,heap        ] GC(232) PSYoungGen: 2026660K->53156K(2030592K)
[5742.772s][info ][gc,heap        ] GC(232) ParOldGen: 360701K->360701K(521216K)
[5742.772s][info ][gc,metaspace   ] GC(232) Metaspace: 75053K->75053K(1118208K)
[5742.772s][info ][gc             ] GC(232) Pause Young (Allocation Failure) 2331M->404M(2492M) 17.306ms
[5742.772s][info ][gc,cpu         ] GC(232) User=0.06s Sys=0.00s Real=0.01s
[5742.772s][info ][safepoint      ] Leaving safepoint region
[5742.772s][info ][safepoint      ] Total time for which application threads were stopped: 0.0175594 seconds, Stopping threads took: 0.0000754 seconds
[5772.581s][info ][safepoint      ] Application time: 29.8096050 seconds
[5772.581s][info ][safepoint      ] Entering safepoint region: RevokeBias
[5772.582s][info ][safepoint      ] Leaving safepoint region
[5772.582s][info ][safepoint      ] Total time for which application threads were stopped: 0.0001438 seconds, Stopping threads took: 0.0000183 seconds
[5772.782s][info ][safepoint      ] Application time: 0.1999982 seconds
[5772.782s][info ][safepoint      ] Entering safepoint region: RevokeBias
[5772.782s][info ][safepoint      ] Leaving safepoint region
[5772.782s][info ][safepoint      ] Total time for which application threads were stopped: 0.0001115 seconds, Stopping threads took: 0.0000222 seconds
[5780.162s][info ][safepoint      ] Application time: 7.3805757 seconds
[5780.162s][info ][safepoint      ] Entering safepoint region: ParallelGCFailedAllocation
[5780.162s][info ][gc,start       ] GC(233) Pause Young (Allocation Failure)
[5780.180s][debug][gc,phases      ] GC(233) Scavenge 17.215ms
[5780.180s][debug][gc,ref         ] GC(233) Skipped phase1 of Reference Processing due to unavailable references
[5780.180s][debug][gc,ref         ] GC(233) Skipped phase2 of Reference Processing due to unavailable references
[5780.180s][debug][gc,ref         ] GC(233) Skipped phase3 of Reference Processing due to unavailable references
[5780.180s][debug][gc,phases      ] GC(233) Reference Processing 0.058ms
[5780.180s][debug][gc,phases      ] GC(233) Weak Processing 0.130ms
[5780.180s][debug][gc,phases      ] GC(233) Scrub String Table 0.484ms
[5780.180s][debug][gc,age         ] GC(233) Desired survivor size 70254592 bytes, new threshold 15 (max threshold 15)
[5780.180s][info ][gc,heap        ] GC(233) PSYoungGen: 2030500K->57476K(2023936K)
[5780.180s][info ][gc,heap        ] GC(233) ParOldGen: 360701K->360701K(521216K)
[5780.180s][info ][gc,metaspace   ] GC(233) Metaspace: 75053K->75053K(1118208K)
[5780.180s][info ][gc             ] GC(233) Pause Young (Allocation Failure) 2335M->408M(2485M) 18.020ms
[5780.181s][info ][gc,cpu         ] GC(233) User=0.07s Sys=0.00s Real=0.01s
[5780.181s][info ][safepoint      ] Leaving safepoint region
[5780.181s][info ][safepoint      ] Total time for which application threads were stopped: 0.0182125 seconds, Stopping threads took: 0.0000170 seconds
[5801.186s][info ][safepoint      ] Application time: 21.0050814 seconds
[5801.186s][info ][safepoint      ] Entering safepoint region: Cleanup
[5801.186s][info ][safepoint      ] Leaving safepoint region
[5801.186s][info ][safepoint      ] Total time for which application threads were stopped: 0.0001114 seconds, Stopping threads took: 0.0000215 seconds
[5813.966s][info ][safepoint      ] Application time: 12.7801335 seconds
[5813.966s][info ][safepoint      ] Entering safepoint region: ParallelGCFailedAllocation
[5813.966s][info ][gc,start       ] GC(234) Pause Young (Allocation Failure)
[5813.984s][debug][gc,phases      ] GC(234) Scavenge 17.791ms
[5813.984s][debug][gc,ref         ] GC(234) Skipped phase1 of Reference Processing due to unavailable references
[5813.984s][debug][gc,ref         ] GC(234) Skipped phase2 of Reference Processing due to unavailable references
[5813.984s][debug][gc,ref         ] GC(234) Skipped phase3 of Reference Processing due to unavailable references
[5813.984s][debug][gc,phases      ] GC(234) Reference Processing 0.040ms
[5813.984s][debug][gc,phases      ] GC(234) Weak Processing 0.135ms
[5813.985s][debug][gc,phases      ] GC(234) Scrub String Table 0.562ms
[5813.985s][debug][gc,age         ] GC(234) Desired survivor size 76021760 bytes, new threshold 15 (max threshold 15)
[5813.985s][info ][gc,heap        ] GC(234) PSYoungGen: 2017319K->62758K(2022912K)
[5813.985s][info ][gc,heap        ] GC(234) ParOldGen: 360701K->360701K(521216K)
[5813.985s][info ][gc,metaspace   ] GC(234) Metaspace: 75058K->75058K(1118208K)
[5813.985s][info ][gc             ] GC(234) Pause Young (Allocation Failure) 2322M->413M(2484M) 18.702ms
[5813.985s][info ][gc,cpu         ] GC(234) User=0.07s Sys=0.00s Real=0.02s
[5813.985s][info ][safepoint      ] Leaving safepoint region
[5813.985s][info ][safepoint      ] Total time for which application threads were stopped: 0.0188746 seconds, Stopping threads took: 0.0000164 seconds
[5844.056s][info ][safepoint      ] Application time: 30.0706161 seconds
[5844.056s][info ][safepoint      ] Entering safepoint region: ParallelGCFailedAllocation
[5844.056s][info ][gc,start       ] GC(235) Pause Young (Allocation Failure)
[5844.076s][debug][gc,phases      ] GC(235) Scavenge 19.937ms
[5844.076s][debug][gc,ref         ] GC(235) Skipped phase1 of Reference Processing due to unavailable references
[5844.076s][debug][gc,ref         ] GC(235) Skipped phase2 of Reference Processing due to unavailable references
[5844.076s][debug][gc,ref         ] GC(235) Skipped phase3 of Reference Processing due to unavailable references
[5844.076s][debug][gc,phases      ] GC(235) Reference Processing 0.042ms
[5844.076s][debug][gc,phases      ] GC(235) Weak Processing 0.239ms
[5844.077s][debug][gc,phases      ] GC(235) Scrub String Table 0.802ms
[5844.077s][debug][gc,age         ] GC(235) Desired survivor size 81788928 bytes, new threshold 15 (max threshold 15)
[5844.077s][info ][gc,heap        ] GC(235) PSYoungGen: 2022694K->66645K(2011648K)
[5844.077s][info ][gc,heap        ] GC(235) ParOldGen: 360701K->360701K(521216K)
[5844.077s][info ][gc,metaspace   ] GC(235) Metaspace: 75058K->75058K(1118208K)
[5844.077s][info ][gc             ] GC(235) Pause Young (Allocation Failure) 2327M->417M(2473M) 21.200ms
[5844.077s][info ][gc,cpu         ] GC(235) User=0.08s Sys=0.00s Real=0.02s
[5844.077s][info ][safepoint      ] Leaving safepoint region
[5844.077s][info ][safepoint      ] Total time for which application threads were stopped: 0.0214626 seconds, Stopping threads took: 0.0000846 seconds
[5880.081s][info ][safepoint      ] Application time: 36.0039232 seconds
[5880.081s][info ][safepoint      ] Entering safepoint region: Cleanup
[5880.081s][info ][safepoint      ] Leaving safepoint region
[5880.081s][info ][safepoint      ] Total time for which application threads were stopped: 0.0001445 seconds, Stopping threads took: 0.0000351 seconds
[5883.152s][info ][safepoint      ] Application time: 3.0710410 seconds
[5883.152s][info ][safepoint      ] Entering safepoint region: RevokeBias
[5883.152s][info ][safepoint      ] Leaving safepoint region
[5883.152s][info ][safepoint      ] Total time for which application threads were stopped: 0.0001815 seconds, Stopping threads took: 0.0000947 seconds
[5884.660s][info ][safepoint      ] Application time: 1.5080238 seconds
[5884.660s][info ][safepoint      ] Entering safepoint region: ParallelGCFailedAllocation
[5884.661s][info ][gc,start       ] GC(236) Pause Young (Allocation Failure)
[5884.679s][debug][gc,phases      ] GC(236) Scavenge 18.818ms
[5884.679s][debug][gc,ref         ] GC(236) Skipped phase1 of Reference Processing due to unavailable references
[5884.679s][debug][gc,ref         ] GC(236) Skipped phase2 of Reference Processing due to unavailable references
[5884.679s][debug][gc,ref         ] GC(236) Skipped phase3 of Reference Processing due to unavailable references
[5884.680s][debug][gc,phases      ] GC(236) Reference Processing 0.040ms
[5884.680s][debug][gc,phases      ] GC(236) Weak Processing 0.149ms
[5884.680s][debug][gc,phases      ] GC(236) Scrub String Table 0.452ms
[5884.680s][debug][gc,age         ] GC(236) Desired survivor size 83361792 bytes, new threshold 15 (max threshold 15)
[5884.680s][info ][gc,heap        ] GC(236) PSYoungGen: 2004053K->57507K(1995264K)
[5884.680s][info ][gc,heap        ] GC(236) ParOldGen: 360701K->369781K(521216K)
[5884.680s][info ][gc,metaspace   ] GC(236) Metaspace: 75058K->75058K(1118208K)
[5884.680s][info ][gc             ] GC(236) Pause Young (Allocation Failure) 2309M->417M(2457M) 19.629ms
[5884.680s][info ][gc,cpu         ] GC(236) User=0.07s Sys=0.01s Real=0.02s
[5884.680s][info ][safepoint      ] Leaving safepoint region
[5884.680s][info ][safepoint      ] Total time for which application threads were stopped: 0.0198188 seconds, Stopping threads took: 0.0000178 seconds
[5892.681s][info ][safepoint      ] Application time: 8.0008117 seconds
[5892.681s][info ][safepoint      ] Entering safepoint region: Cleanup
[5892.681s][info ][safepoint      ] Leaving safepoint region
[5892.681s][info ][safepoint      ] Total time for which application threads were stopped: 0.0000843 seconds, Stopping threads took: 0.0000182 seconds
[5917.209s][info ][safepoint      ] Application time: 24.5282389 seconds
[5917.210s][info ][safepoint      ] Entering safepoint region: ParallelGCFailedAllocation
[5917.210s][info ][gc,start       ] GC(237) Pause Young (Allocation Failure)
[5917.228s][debug][gc,phases      ] GC(237) Scavenge 18.255ms
[5917.228s][debug][gc,ref         ] GC(237) Skipped phase1 of Reference Processing due to unavailable references
[5917.228s][debug][gc,ref         ] GC(237) Skipped phase2 of Reference Processing due to unavailable references
[5917.228s][debug][gc,ref         ] GC(237) Skipped phase3 of Reference Processing due to unavailable references
[5917.228s][debug][gc,phases      ] GC(237) Reference Processing 0.040ms
[5917.228s][debug][gc,phases      ] GC(237) Weak Processing 0.134ms
[5917.229s][debug][gc,phases      ] GC(237) Scrub String Table 0.741ms
[5917.229s][debug][gc,age         ] GC(237) Desired survivor size 81788928 bytes, new threshold 15 (max threshold 15)
[5917.229s][info ][gc,heap        ] GC(237) PSYoungGen: 1994915K->51314K(2017280K)
[5917.229s][info ][gc,heap        ] GC(237) ParOldGen: 369781K->379120K(521216K)
[5917.229s][info ][gc,metaspace   ] GC(237) Metaspace: 75058K->75058K(1118208K)
[5917.229s][info ][gc             ] GC(237) Pause Young (Allocation Failure) 2309M->420M(2479M) 19.350ms
[5917.229s][info ][gc,cpu         ] GC(237) User=0.08s Sys=0.00s Real=0.02s
[5917.229s][info ][safepoint      ] Leaving safepoint region
[5917.229s][info ][safepoint      ] Total time for which application threads were stopped: 0.0195559 seconds, Stopping threads took: 0.0000181 seconds
[5919.229s][info ][safepoint      ] Application time: 2.0002961 seconds
[5919.229s][info ][safepoint      ] Entering safepoint region: Cleanup
[5919.229s][info ][safepoint      ] Leaving safepoint region
[5919.229s][info ][safepoint      ] Total time for which application threads were stopped: 0.0000857 seconds, Stopping threads took: 0.0000190 seconds
[5937.231s][info ][safepoint      ] Application time: 18.0016817 seconds
[5937.231s][info ][safepoint      ] Entering safepoint region: Cleanup
[5937.231s][info ][safepoint      ] Leaving safepoint region
[5937.231s][info ][safepoint      ] Total time for which application threads were stopped: 0.0000829 seconds, Stopping threads took: 0.0000164 seconds
[5943.345s][info ][safepoint      ] Application time: 6.1131932 seconds
[5943.345s][info ][safepoint      ] Entering safepoint region: ParallelGCFailedAllocation
[5943.345s][info ][gc,start       ] GC(238) Pause Young (Allocation Failure)
[5943.360s][debug][gc,phases      ] GC(238) Scavenge 15.652ms
[5943.360s][debug][gc,ref         ] GC(238) Skipped phase1 of Reference Processing due to unavailable references
[5943.360s][debug][gc,ref         ] GC(238) Skipped phase2 of Reference Processing due to unavailable references
[5943.360s][debug][gc,ref         ] GC(238) Skipped phase3 of Reference Processing due to unavailable references
[5943.361s][debug][gc,phases      ] GC(238) Reference Processing 0.040ms
[5943.361s][debug][gc,phases      ] GC(238) Weak Processing 0.253ms
[5943.362s][debug][gc,phases      ] GC(238) Scrub String Table 0.821ms
[5943.362s][debug][gc,age         ] GC(238) Desired survivor size 81788928 bytes, new threshold 15 (max threshold 15)
[5943.362s][info ][gc,heap        ] GC(238) PSYoungGen: 1987186K->55937K(2015744K)
[5943.362s][info ][gc,heap        ] GC(238) ParOldGen: 379120K->379232K(521216K)
[5943.362s][info ][gc,metaspace   ] GC(238) Metaspace: 75069K->75069K(1118208K)
[5943.362s][info ][gc             ] GC(238) Pause Young (Allocation Failure) 2310M->424M(2477M) 16.931ms
[5943.362s][info ][gc,cpu         ] GC(238) User=0.06s Sys=0.00s Real=0.02s
[5943.362s][info ][safepoint      ] Leaving safepoint region
[5943.362s][info ][safepoint      ] Total time for which application threads were stopped: 0.0171379 seconds, Stopping threads took: 0.0000211 seconds
[5946.362s][info ][safepoint      ] Application time: 3.0003451 seconds
[5946.362s][info ][safepoint      ] Entering safepoint region: Cleanup
[5946.362s][info ][safepoint      ] Leaving safepoint region
[5946.362s][info ][safepoint      ] Total time for which application threads were stopped: 0.0001254 seconds, Stopping threads took: 0.0000207 seconds
[5950.363s][info ][safepoint      ] Application time: 4.0004884 seconds
[5950.363s][info ][safepoint      ] Entering safepoint region: Cleanup
[5950.363s][info ][safepoint      ] Leaving safepoint region
[5950.363s][info ][safepoint      ] Total time for which application threads were stopped: 0.0000942 seconds, Stopping threads took: 0.0000184 seconds
[5975.105s][info ][safepoint      ] Application time: 24.7420975 seconds
[5975.105s][info ][safepoint      ] Entering safepoint region: ParallelGCFailedAllocation
[5975.105s][info ][gc,start       ] GC(239) Pause Young (Allocation Failure)
[5975.122s][debug][gc,phases      ] GC(239) Scavenge 16.994ms
[5975.122s][debug][gc,ref         ] GC(239) Skipped phase1 of Reference Processing due to unavailable references
[5975.122s][debug][gc,ref         ] GC(239) Skipped phase2 of Reference Processing due to unavailable references
[5975.122s][debug][gc,ref         ] GC(239) Skipped phase3 of Reference Processing due to unavailable references
[5975.122s][debug][gc,phases      ] GC(239) Reference Processing 0.040ms
[5975.123s][debug][gc,phases      ] GC(239) Weak Processing 0.273ms
[5975.123s][debug][gc,phases      ] GC(239) Scrub String Table 0.753ms
[5975.123s][debug][gc,age         ] GC(239) Desired survivor size 82313216 bytes, new threshold 15 (max threshold 15)
[5975.123s][info ][gc,heap        ] GC(239) PSYoungGen: 1991809K->57090K(2016256K)
[5975.123s][info ][gc,heap        ] GC(239) ParOldGen: 379232K->382275K(521216K)
[5975.123s][info ][gc,metaspace   ] GC(239) Metaspace: 75072K->75072K(1118208K)
[5975.123s][info ][gc             ] GC(239) Pause Young (Allocation Failure) 2315M->429M(2478M) 18.228ms
[5975.123s][info ][gc,cpu         ] GC(239) User=0.07s Sys=0.00s Real=0.02s
[5975.124s][info ][safepoint      ] Leaving safepoint region
[5975.124s][info ][safepoint      ] Total time for which application threads were stopped: 0.0184770 seconds, Stopping threads took: 0.0000689 seconds
[5976.124s][info ][safepoint      ] Application time: 1.0000995 seconds
[5976.124s][info ][safepoint      ] Entering safepoint region: Cleanup
[5976.124s][info ][safepoint      ] Leaving safepoint region
[5976.124s][info ][safepoint      ] Total time for which application threads were stopped: 0.0001444 seconds, Stopping threads took: 0.0000516 seconds
[5992.125s][info ][safepoint      ] Application time: 16.0014524 seconds
[5992.125s][info ][safepoint      ] Entering safepoint region: Cleanup
[5992.125s][info ][safepoint      ] Leaving safepoint region
[5992.125s][info ][safepoint      ] Total time for which application threads were stopped: 0.0000900 seconds, Stopping threads took: 0.0000180 seconds
[5997.820s][info ][safepoint      ] Application time: 5.6947200 seconds
[5997.820s][info ][safepoint      ] Entering safepoint region: RevokeBias
[5997.820s][info ][safepoint      ] Leaving safepoint region
[5997.820s][info ][safepoint      ] Total time for which application threads were stopped: 0.0001795 seconds, Stopping threads took: 0.0000683 seconds
[6008.706s][info ][safepoint      ] Application time: 10.8859787 seconds
[6008.706s][info ][safepoint      ] Entering safepoint region: ParallelGCFailedAllocation
[6008.707s][info ][gc,start       ] GC(240) Pause Young (Allocation Failure)
[6008.724s][debug][gc,phases      ] GC(240) Scavenge 17.246ms
[6008.724s][debug][gc,ref         ] GC(240) Skipped phase1 of Reference Processing due to unavailable references
[6008.724s][debug][gc,ref         ] GC(240) Skipped phase2 of Reference Processing due to unavailable references
[6008.724s][debug][gc,ref         ] GC(240) Skipped phase3 of Reference Processing due to unavailable references
[6008.724s][debug][gc,phases      ] GC(240) Reference Processing 0.041ms
[6008.724s][debug][gc,phases      ] GC(240) Weak Processing 0.242ms
[6008.725s][debug][gc,phases      ] GC(240) Scrub String Table 0.897ms
[6008.725s][debug][gc,age         ] GC(240) Desired survivor size 82313216 bytes, new threshold 15 (max threshold 15)
[6008.725s][info ][gc,heap        ] GC(240) PSYoungGen: 1993474K->56898K(2016768K)
[6008.725s][info ][gc,heap        ] GC(240) ParOldGen: 382275K->388460K(521216K)
[6008.725s][info ][gc,metaspace   ] GC(240) Metaspace: 75073K->75073K(1118208K)
[6008.725s][info ][gc             ] GC(240) Pause Young (Allocation Failure) 2320M->434M(2478M) 18.591ms
[6008.725s][info ][gc,cpu         ] GC(240) User=0.07s Sys=0.00s Real=0.02s
[6008.725s][info ][safepoint      ] Leaving safepoint region
[6008.725s][info ][safepoint      ] Total time for which application threads were stopped: 0.0188045 seconds, Stopping threads took: 0.0000183 seconds
[6010.188s][info ][safepoint      ] Application time: 1.4631588 seconds
[6010.189s][info ][safepoint      ] Entering safepoint region: RevokeBias
[6010.189s][info ][safepoint      ] Leaving safepoint region
[6010.189s][info ][safepoint      ] Total time for which application threads were stopped: 0.0002196 seconds, Stopping threads took: 0.0001094 seconds
[6010.192s][info ][safepoint      ] Application time: 0.0028045 seconds
[6010.192s][info ][safepoint      ] Entering safepoint region: RevokeBias
[6010.192s][info ][safepoint      ] Leaving safepoint region
[6010.192s][info ][safepoint      ] Total time for which application threads were stopped: 0.0000898 seconds, Stopping threads took: 0.0000363 seconds
[6012.970s][info ][safepoint      ] Application time: 2.7781388 seconds
[6012.970s][info ][safepoint      ] Entering safepoint region: RevokeBias
[6012.970s][info ][safepoint      ] Leaving safepoint region
[6012.970s][info ][safepoint      ] Total time for which application threads were stopped: 0.0001235 seconds, Stopping threads took: 0.0000185 seconds
[6013.302s][info ][safepoint      ] Application time: 0.3317577 seconds
[6013.302s][info ][safepoint      ] Entering safepoint region: RevokeBias
[6013.302s][info ][safepoint      ] Leaving safepoint region
[6013.302s][info ][safepoint      ] Total time for which application threads were stopped: 0.0001346 seconds, Stopping threads took: 0.0000165 seconds
[6013.309s][info ][safepoint      ] Application time: 0.0068956 seconds
[6013.309s][info ][safepoint      ] Entering safepoint region: RevokeBias
[6013.309s][info ][safepoint      ] Leaving safepoint region
[6013.309s][info ][safepoint      ] Total time for which application threads were stopped: 0.0001447 seconds, Stopping threads took: 0.0000670 seconds
[6014.737s][info ][safepoint      ] Application time: 1.4284156 seconds
[6014.737s][info ][safepoint      ] Entering safepoint region: RevokeBias
[6014.738s][info ][safepoint      ] Leaving safepoint region
[6014.738s][info ][safepoint      ] Total time for which application threads were stopped: 0.0001880 seconds, Stopping threads took: 0.0000710 seconds
[6014.787s][info ][safepoint      ] Application time: 0.0490098 seconds
[6014.787s][info ][safepoint      ] Entering safepoint region: BulkRevokeBias
[6014.787s][info ][safepoint      ] Leaving safepoint region
[6014.787s][info ][safepoint      ] Total time for which application threads were stopped: 0.0003596 seconds, Stopping threads took: 0.0000170 seconds
[6026.955s][info ][safepoint      ] Application time: 12.1681023 seconds
[6026.955s][info ][safepoint      ] Entering safepoint region: RevokeBias
[6026.955s][info ][safepoint      ] Leaving safepoint region
[6026.955s][info ][safepoint      ] Total time for which application threads were stopped: 0.0002386 seconds, Stopping threads took: 0.0001299 seconds
[6027.955s][info ][safepoint      ] Application time: 1.0000873 seconds
[6027.956s][info ][safepoint      ] Entering safepoint region: Cleanup
[6027.956s][info ][safepoint      ] Leaving safepoint region
[6027.956s][info ][safepoint      ] Total time for which application threads were stopped: 0.0001436 seconds, Stopping threads took: 0.0000635 seconds
[6036.956s][info ][safepoint      ] Application time: 9.0008786 seconds
[6036.957s][info ][safepoint      ] Entering safepoint region: Cleanup
[6036.957s][info ][safepoint      ] Leaving safepoint region
[6036.957s][info ][safepoint      ] Total time for which application threads were stopped: 0.0001539 seconds, Stopping threads took: 0.0000737 seconds
[6044.061s][info ][safepoint      ] Application time: 7.1046429 seconds
[6044.061s][info ][safepoint      ] Entering safepoint region: ParallelGCFailedAllocation
[6044.061s][info ][gc,start       ] GC(241) Pause Young (Allocation Failure)
[6044.078s][debug][gc,phases      ] GC(241) Scavenge 15.975ms
[6044.078s][debug][gc,ref         ] GC(241) Skipped phase1 of Reference Processing due to unavailable references
[6044.078s][debug][gc,ref         ] GC(241) Skipped phase2 of Reference Processing due to unavailable references
[6044.078s][debug][gc,ref         ] GC(241) Skipped phase3 of Reference Processing due to unavailable references
[6044.078s][debug][gc,phases      ] GC(241) Reference Processing 0.065ms
[6044.078s][debug][gc,phases      ] GC(241) Weak Processing 0.134ms
[6044.078s][debug][gc,phases      ] GC(241) Scrub String Table 0.502ms
[6044.078s][debug][gc,age         ] GC(241) Desired survivor size 81788928 bytes, new threshold 15 (max threshold 15)
[6044.078s][info ][gc,heap        ] GC(241) PSYoungGen: 1993282K->57218K(2017280K)
[6044.078s][info ][gc,heap        ] GC(241) ParOldGen: 388460K->393757K(521216K)
[6044.078s][info ][gc,metaspace   ] GC(241) Metaspace: 75074K->75074K(1118208K)
[6044.078s][info ][gc             ] GC(241) Pause Young (Allocation Failure) 2325M->440M(2479M) 16.897ms
[6044.078s][info ][gc,cpu         ] GC(241) User=0.06s Sys=0.00s Real=0.01s
[6044.078s][info ][safepoint      ] Leaving safepoint region
[6044.078s][info ][safepoint      ] Total time for which application threads were stopped: 0.0170792 seconds, Stopping threads took: 0.0000186 seconds
[6072.579s][info ][safepoint      ] Application time: 28.5002554 seconds
[6072.579s][info ][safepoint      ] Entering safepoint region: RevokeBias
[6072.579s][info ][safepoint      ] Leaving safepoint region
[6072.579s][info ][safepoint      ] Total time for which application threads were stopped: 0.0001239 seconds, Stopping threads took: 0.0000312 seconds
[6078.579s][info ][safepoint      ] Application time: 6.0005345 seconds
[6078.579s][info ][safepoint      ] Entering safepoint region: Cleanup
[6078.580s][info ][safepoint      ] Leaving safepoint region
[6078.580s][info ][safepoint      ] Total time for which application threads were stopped: 0.0000940 seconds, Stopping threads took: 0.0000198 seconds
[6086.501s][info ][safepoint      ] Application time: 7.9217827 seconds
[6086.501s][info ][safepoint      ] Entering safepoint region: RevokeBias
[6086.502s][info ][safepoint      ] Leaving safepoint region
[6086.502s][info ][safepoint      ] Total time for which application threads were stopped: 0.0001753 seconds, Stopping threads took: 0.0000634 seconds
[6086.566s][info ][safepoint      ] Application time: 0.0640124 seconds
[6086.566s][info ][safepoint      ] Entering safepoint region: RevokeBias
[6086.566s][info ][safepoint      ] Leaving safepoint region
[6086.566s][info ][safepoint      ] Total time for which application threads were stopped: 0.0000989 seconds, Stopping threads took: 0.0000172 seconds
[6089.304s][info ][safepoint      ] Application time: 2.7381159 seconds
[6089.304s][info ][safepoint      ] Entering safepoint region: ParallelGCFailedAllocation
[6089.304s][info ][gc,start       ] GC(242) Pause Young (Allocation Failure)
[6089.319s][debug][gc,phases      ] GC(242) Scavenge 14.862ms
[6089.319s][debug][gc,ref         ] GC(242) Skipped phase1 of Reference Processing due to unavailable references
[6089.319s][debug][gc,ref         ] GC(242) Skipped phase2 of Reference Processing due to unavailable references
[6089.319s][debug][gc,ref         ] GC(242) Skipped phase3 of Reference Processing due to unavailable references
[6089.319s][debug][gc,phases      ] GC(242) Reference Processing 0.040ms
[6089.319s][debug][gc,phases      ] GC(242) Weak Processing 0.134ms
[6089.320s][debug][gc,phases      ] GC(242) Scrub String Table 0.467ms
[6089.320s][debug][gc,age         ] GC(242) Desired survivor size 81788928 bytes, new threshold 15 (max threshold 15)
[6089.320s][info ][gc,heap        ] GC(242) PSYoungGen: 1994114K->57234K(2016768K)
[6089.320s][info ][gc,heap        ] GC(242) ParOldGen: 393757K->395551K(521216K)
[6089.320s][info ][gc,metaspace   ] GC(242) Metaspace: 75074K->75074K(1118208K)
[6089.320s][info ][gc             ] GC(242) Pause Young (Allocation Failure) 2331M->442M(2478M) 15.668ms
[6089.320s][info ][gc,cpu         ] GC(242) User=0.06s Sys=0.00s Real=0.01s
[6089.320s][info ][safepoint      ] Leaving safepoint region
[6089.320s][info ][safepoint      ] Total time for which application threads were stopped: 0.0159037 seconds, Stopping threads took: 0.0000181 seconds
[6123.323s][info ][safepoint      ] Application time: 34.0033317 seconds
[6123.323s][info ][safepoint      ] Entering safepoint region: Cleanup
[6123.323s][info ][safepoint      ] Leaving safepoint region
[6123.323s][info ][safepoint      ] Total time for which application threads were stopped: 0.0000996 seconds, Stopping threads took: 0.0000309 seconds
[6134.357s][info ][safepoint      ] Application time: 11.0339954 seconds
[6134.357s][info ][safepoint      ] Entering safepoint region: ParallelGCFailedAllocation
[6134.358s][info ][gc,start       ] GC(243) Pause Young (Allocation Failure)
[6134.373s][debug][gc,phases      ] GC(243) Scavenge 15.862ms
[6134.374s][debug][gc,ref         ] GC(243) Skipped phase1 of Reference Processing due to unavailable references
[6134.374s][debug][gc,ref         ] GC(243) Skipped phase2 of Reference Processing due to unavailable references
[6134.374s][debug][gc,ref         ] GC(243) Skipped phase3 of Reference Processing due to unavailable references
[6134.374s][debug][gc,phases      ] GC(243) Reference Processing 0.042ms
[6134.374s][debug][gc,phases      ] GC(243) Weak Processing 0.236ms
[6134.375s][debug][gc,phases      ] GC(243) Scrub String Table 0.878ms
[6134.375s][debug][gc,age         ] GC(243) Desired survivor size 80740352 bytes, new threshold 15 (max threshold 15)
[6134.375s][info ][gc,heap        ] GC(243) PSYoungGen: 1994130K->55666K(2018304K)
[6134.375s][info ][gc,heap        ] GC(243) ParOldGen: 395551K->397372K(521216K)
[6134.375s][info ][gc,metaspace   ] GC(243) Metaspace: 75075K->75075K(1118208K)
[6134.375s][info ][gc             ] GC(243) Pause Young (Allocation Failure) 2333M->442M(2480M) 17.193ms
[6134.375s][info ][gc,cpu         ] GC(243) User=0.07s Sys=0.00s Real=0.02s
[6134.375s][info ][safepoint      ] Leaving safepoint region
[6134.375s][info ][safepoint      ] Total time for which application threads were stopped: 0.0175555 seconds, Stopping threads took: 0.0000191 seconds
[6178.460s][info ][safepoint      ] Application time: 44.0849833 seconds
[6178.460s][info ][safepoint      ] Entering safepoint region: ParallelGCFailedAllocation
[6178.460s][info ][gc,start       ] GC(244) Pause Young (Allocation Failure)
[6178.476s][debug][gc,phases      ] GC(244) Scavenge 15.612ms
[6178.476s][debug][gc,ref         ] GC(244) Skipped phase1 of Reference Processing due to unavailable references
[6178.476s][debug][gc,ref         ] GC(244) Skipped phase2 of Reference Processing due to unavailable references
[6178.476s][debug][gc,ref         ] GC(244) Skipped phase3 of Reference Processing due to unavailable references
[6178.476s][debug][gc,phases      ] GC(244) Reference Processing 0.045ms
[6178.476s][debug][gc,phases      ] GC(244) Weak Processing 0.153ms
[6178.477s][debug][gc,phases      ] GC(244) Scrub String Table 0.516ms
[6178.477s][debug][gc,age         ] GC(244) Desired survivor size 79167488 bytes, new threshold 15 (max threshold 15)
[6178.477s][info ][gc,heap        ] GC(244) PSYoungGen: 1994098K->54786K(2017280K)
[6178.477s][info ][gc,heap        ] GC(244) ParOldGen: 397372K->400909K(521216K)
[6178.477s][info ][gc,metaspace   ] GC(244) Metaspace: 75075K->75075K(1118208K)
[6178.477s][info ][gc             ] GC(244) Pause Young (Allocation Failure) 2335M->445M(2479M) 16.795ms
[6178.477s][info ][gc,cpu         ] GC(244) User=0.06s Sys=0.00s Real=0.02s
[6178.477s][info ][safepoint      ] Leaving safepoint region
[6178.477s][info ][safepoint      ] Total time for which application threads were stopped: 0.0169995 seconds, Stopping threads took: 0.0000357 seconds
[6180.477s][info ][safepoint      ] Application time: 2.0002060 seconds
[6180.477s][info ][safepoint      ] Entering safepoint region: Cleanup
[6180.477s][info ][safepoint      ] Leaving safepoint region
[6180.477s][info ][safepoint      ] Total time for which application threads were stopped: 0.0001119 seconds, Stopping threads took: 0.0000373 seconds
[6207.198s][info ][safepoint      ] Application time: 26.7206543 seconds
[6207.198s][info ][safepoint      ] Entering safepoint region: RevokeBias
[6207.198s][info ][safepoint      ] Leaving safepoint region
[6207.198s][info ][safepoint      ] Total time for which application threads were stopped: 0.0001552 seconds, Stopping threads took: 0.0000558 seconds
[6215.999s][info ][safepoint      ] Application time: 8.8008480 seconds
[6215.999s][info ][safepoint      ] Entering safepoint region: RevokeBias
[6215.999s][info ][safepoint      ] Leaving safepoint region
[6215.999s][info ][safepoint      ] Total time for which application threads were stopped: 0.0001690 seconds, Stopping threads took: 0.0000641 seconds
[6215.999s][info ][safepoint      ] Application time: 0.0000574 seconds
[6215.999s][info ][safepoint      ] Entering safepoint region: RevokeBias
[6215.999s][info ][safepoint      ] Leaving safepoint region
[6215.999s][info ][safepoint      ] Total time for which application threads were stopped: 0.0000642 seconds, Stopping threads took: 0.0000277 seconds
[6221.496s][info ][safepoint      ] Application time: 5.4961665 seconds
[6221.496s][info ][safepoint      ] Entering safepoint region: ParallelGCFailedAllocation
[6221.496s][info ][gc,start       ] GC(245) Pause Young (Allocation Failure)
[6221.512s][debug][gc,phases      ] GC(245) Scavenge 16.555ms
[6221.512s][debug][gc,ref         ] GC(245) Skipped phase1 of Reference Processing due to unavailable references
[6221.512s][debug][gc,ref         ] GC(245) Skipped phase2 of Reference Processing due to unavailable references
[6221.512s][debug][gc,ref         ] GC(245) Skipped phase3 of Reference Processing due to unavailable references
[6221.512s][debug][gc,phases      ] GC(245) Reference Processing 0.041ms
[6221.513s][debug][gc,phases      ] GC(245) Weak Processing 0.137ms
[6221.513s][debug][gc,phases      ] GC(245) Scrub String Table 0.452ms
[6221.513s][debug][gc,age         ] GC(245) Desired survivor size 77070336 bytes, new threshold 15 (max threshold 15)
[6221.513s][info ][gc,heap        ] GC(245) PSYoungGen: 1993218K->53442K(2021888K)
[6221.513s][info ][gc,heap        ] GC(245) ParOldGen: 400909K->404310K(521216K)
[6221.513s][info ][gc,metaspace   ] GC(245) Metaspace: 75075K->75075K(1118208K)
[6221.513s][info ][gc             ] GC(245) Pause Young (Allocation Failure) 2338M->447M(2483M) 17.352ms
[6221.513s][info ][gc,cpu         ] GC(245) User=0.06s Sys=0.00s Real=0.02s
[6221.513s][info ][safepoint      ] Leaving safepoint region
[6221.513s][info ][safepoint      ] Total time for which application threads were stopped: 0.0175339 seconds, Stopping threads took: 0.0000177 seconds
[6233.515s][info ][safepoint      ] Application time: 12.0019352 seconds
[6233.515s][info ][safepoint      ] Entering safepoint region: Cleanup
[6233.515s][info ][safepoint      ] Leaving safepoint region
[6233.515s][info ][safepoint      ] Total time for which application threads were stopped: 0.0000944 seconds, Stopping threads took: 0.0000195 seconds
[6268.308s][info ][safepoint      ] Application time: 34.7924022 seconds
[6268.308s][info ][safepoint      ] Entering safepoint region: ParallelGCFailedAllocation
[6268.308s][info ][gc,start       ] GC(246) Pause Young (Allocation Failure)
[6268.322s][debug][gc,phases      ] GC(246) Scavenge 14.458ms
[6268.322s][debug][gc,ref         ] GC(246) Skipped phase1 of Reference Processing due to unavailable references
[6268.322s][debug][gc,ref         ] GC(246) Skipped phase2 of Reference Processing due to unavailable references
[6268.322s][debug][gc,ref         ] GC(246) Skipped phase3 of Reference Processing due to unavailable references
[6268.322s][debug][gc,phases      ] GC(246) Reference Processing 0.039ms
[6268.323s][debug][gc,phases      ] GC(246) Weak Processing 0.139ms
[6268.323s][debug][gc,phases      ] GC(246) Scrub String Table 0.503ms
[6268.323s][debug][gc,age         ] GC(246) Desired survivor size 74973184 bytes, new threshold 15 (max threshold 15)
[6268.323s][info ][gc,heap        ] GC(246) PSYoungGen: 1998018K->51474K(2019840K)
[6268.323s][info ][gc,heap        ] GC(246) ParOldGen: 404310K->406447K(521216K)
[6268.323s][info ][gc,metaspace   ] GC(246) Metaspace: 75076K->75076K(1118208K)
[6268.323s][info ][gc             ] GC(246) Pause Young (Allocation Failure) 2346M->447M(2481M) 15.308ms
[6268.323s][info ][gc,cpu         ] GC(246) User=0.06s Sys=0.00s Real=0.02s
[6268.323s][info ][safepoint      ] Leaving safepoint region
[6268.323s][info ][safepoint      ] Total time for which application threads were stopped: 0.0155262 seconds, Stopping threads took: 0.0000176 seconds
[6276.112s][info ][safepoint      ] Application time: 7.7889424 seconds
[6276.112s][info ][safepoint      ] Entering safepoint region: RevokeBias
[6276.112s][info ][safepoint      ] Leaving safepoint region
[6276.112s][info ][safepoint      ] Total time for which application threads were stopped: 0.0001243 seconds, Stopping threads took: 0.0000361 seconds
[6313.116s][info ][safepoint      ] Application time: 37.0037381 seconds
[6313.116s][info ][safepoint      ] Entering safepoint region: Cleanup
[6313.116s][info ][safepoint      ] Leaving safepoint region
[6313.116s][info ][safepoint      ] Total time for which application threads were stopped: 0.0001149 seconds, Stopping threads took: 0.0000175 seconds
[6316.404s][info ][safepoint      ] Application time: 3.2876649 seconds
[6316.404s][info ][safepoint      ] Entering safepoint region: ParallelGCFailedAllocation
[6316.404s][info ][gc,start       ] GC(247) Pause Young (Allocation Failure)
[6316.419s][debug][gc,phases      ] GC(247) Scavenge 15.195ms
[6316.419s][debug][gc,ref         ] GC(247) Skipped phase1 of Reference Processing due to unavailable references
[6316.419s][debug][gc,ref         ] GC(247) Skipped phase2 of Reference Processing due to unavailable references
[6316.419s][debug][gc,ref         ] GC(247) Skipped phase3 of Reference Processing due to unavailable references
[6316.419s][debug][gc,phases      ] GC(247) Reference Processing 0.039ms
[6316.419s][debug][gc,phases      ] GC(247) Weak Processing 0.126ms
[6316.420s][debug][gc,phases      ] GC(247) Scrub String Table 0.433ms
[6316.420s][debug][gc,age         ] GC(247) Desired survivor size 73400320 bytes, new threshold 15 (max threshold 15)
[6316.420s][info ][gc,heap        ] GC(247) PSYoungGen: 1996050K->47569K(2025472K)
[6316.420s][info ][gc,heap        ] GC(247) ParOldGen: 406447K->409827K(521216K)
[6316.420s][info ][gc,metaspace   ] GC(247) Metaspace: 75079K->75079K(1118208K)
[6316.420s][info ][gc             ] GC(247) Pause Young (Allocation Failure) 2346M->446M(2487M) 15.945ms
[6316.420s][info ][gc,cpu         ] GC(247) User=0.06s Sys=0.00s Real=0.01s
[6316.420s][info ][safepoint      ] Leaving safepoint region
[6316.420s][info ][safepoint      ] Total time for which application threads were stopped: 0.0161274 seconds, Stopping threads took: 0.0000197 seconds
[6328.422s][info ][safepoint      ] Application time: 12.0015577 seconds
[6328.422s][info ][safepoint      ] Entering safepoint region: Cleanup
[6328.422s][info ][safepoint      ] Leaving safepoint region
[6328.422s][info ][safepoint      ] Total time for which application threads were stopped: 0.0001791 seconds, Stopping threads took: 0.0000811 seconds
[6363.426s][info ][safepoint      ] Application time: 35.0040113 seconds
[6363.426s][info ][safepoint      ] Entering safepoint region: Cleanup
[6363.426s][info ][safepoint      ] Leaving safepoint region
[6363.426s][info ][safepoint      ] Total time for which application threads were stopped: 0.0001292 seconds, Stopping threads took: 0.0000321 seconds
[6365.509s][info ][safepoint      ] Application time: 2.0832352 seconds
[6365.509s][info ][safepoint      ] Entering safepoint region: ParallelGCFailedAllocation
[6365.509s][info ][gc,start       ] GC(248) Pause Young (Allocation Failure)
[6365.523s][debug][gc,phases      ] GC(248) Scavenge 13.408ms
[6365.523s][debug][gc,ref         ] GC(248) Skipped phase1 of Reference Processing due to unavailable references
[6365.523s][debug][gc,ref         ] GC(248) Skipped phase2 of Reference Processing due to unavailable references
[6365.523s][debug][gc,ref         ] GC(248) Skipped phase3 of Reference Processing due to unavailable references
[6365.523s][debug][gc,phases      ] GC(248) Reference Processing 0.059ms
[6365.523s][debug][gc,phases      ] GC(248) Weak Processing 0.131ms
[6365.524s][debug][gc,phases      ] GC(248) Scrub String Table 0.426ms
[6365.524s][debug][gc,age         ] GC(248) Desired survivor size 72351744 bytes, new threshold 15 (max threshold 15)
[6365.524s][info ][gc,heap        ] GC(248) PSYoungGen: 1999825K->46130K(2023936K)
[6365.524s][info ][gc,heap        ] GC(248) ParOldGen: 409827K->413658K(521216K)
[6365.524s][info ][gc,metaspace   ] GC(248) Metaspace: 75081K->75081K(1118208K)
[6365.524s][info ][gc             ] GC(248) Pause Young (Allocation Failure) 2353M->449M(2485M) 14.219ms
[6365.524s][info ][gc,cpu         ] GC(248) User=0.05s Sys=0.00s Real=0.02s
[6365.524s][info ][safepoint      ] Leaving safepoint region
[6365.524s][info ][safepoint      ] Total time for which application threads were stopped: 0.0144630 seconds, Stopping threads took: 0.0000198 seconds
[6372.585s][info ][safepoint      ] Application time: 7.0615913 seconds
[6372.585s][info ][safepoint      ] Entering safepoint region: BulkRevokeBias
[6372.586s][info ][safepoint      ] Leaving safepoint region
[6372.586s][info ][safepoint      ] Total time for which application threads were stopped: 0.0003389 seconds, Stopping threads took: 0.0000359 seconds
[6392.243s][info ][safepoint      ] Application time: 19.6570750 seconds
[6392.243s][info ][safepoint      ] Entering safepoint region: RevokeBias
[6392.243s][info ][safepoint      ] Leaving safepoint region
[6392.243s][info ][safepoint      ] Total time for which application threads were stopped: 0.0001637 seconds, Stopping threads took: 0.0000620 seconds
[6413.245s][info ][safepoint      ] Application time: 21.0022633 seconds
[6413.245s][info ][safepoint      ] Entering safepoint region: Cleanup
[6413.245s][info ][safepoint      ] Leaving safepoint region
[6413.245s][info ][safepoint      ] Total time for which application threads were stopped: 0.0000914 seconds, Stopping threads took: 0.0000188 seconds
[6416.850s][info ][safepoint      ] Application time: 3.6050005 seconds
[6416.851s][info ][safepoint      ] Entering safepoint region: ParallelGCFailedAllocation
[6416.851s][info ][gc,start       ] GC(249) Pause Young (Allocation Failure)
[6416.864s][debug][gc,phases      ] GC(249) Scavenge 13.750ms
[6416.865s][debug][gc,ref         ] GC(249) Skipped phase1 of Reference Processing due to unavailable references
[6416.865s][debug][gc,ref         ] GC(249) Skipped phase2 of Reference Processing due to unavailable references
[6416.865s][debug][gc,ref         ] GC(249) Skipped phase3 of Reference Processing due to unavailable references
[6416.865s][debug][gc,phases      ] GC(249) Reference Processing 0.041ms
[6416.865s][debug][gc,phases      ] GC(249) Weak Processing 0.152ms
[6416.865s][debug][gc,phases      ] GC(249) Scrub String Table 0.523ms
[6416.865s][debug][gc,age         ] GC(249) Desired survivor size 71827456 bytes, new threshold 15 (max threshold 15)
[6416.865s][info ][gc,heap        ] GC(249) PSYoungGen: 1998386K->42737K(2027008K)
[6416.865s][info ][gc,heap        ] GC(249) ParOldGen: 413658K->418934K(521216K)
[6416.865s][info ][gc,metaspace   ] GC(249) Metaspace: 75096K->75096K(1118208K)
[6416.865s][info ][gc             ] GC(249) Pause Young (Allocation Failure) 2355M->450M(2488M) 14.621ms
[6416.865s][info ][gc,cpu         ] GC(249) User=0.05s Sys=0.00s Real=0.02s
[6416.865s][info ][safepoint      ] Leaving safepoint region
[6416.865s][info ][safepoint      ] Total time for which application threads were stopped: 0.0148616 seconds, Stopping threads took: 0.0000682 seconds
[6417.865s][info ][safepoint      ] Application time: 1.0000851 seconds
[6417.866s][info ][safepoint      ] Entering safepoint region: Cleanup
[6417.866s][info ][safepoint      ] Leaving safepoint region
[6417.866s][info ][safepoint      ] Total time for which application threads were stopped: 0.0001017 seconds, Stopping threads took: 0.0000278 seconds
[6431.867s][info ][safepoint      ] Application time: 14.0014921 seconds
[6431.867s][info ][safepoint      ] Entering safepoint region: Cleanup
[6431.867s][info ][safepoint      ] Leaving safepoint region
[6431.867s][info ][safepoint      ] Total time for which application threads were stopped: 0.0001162 seconds, Stopping threads took: 0.0000460 seconds
[6433.867s][info ][safepoint      ] Application time: 2.0001676 seconds
[6433.868s][info ][safepoint      ] Entering safepoint region: Cleanup
[6433.868s][info ][safepoint      ] Leaving safepoint region
[6433.868s][info ][safepoint      ] Total time for which application threads were stopped: 0.0000930 seconds, Stopping threads took: 0.0000224 seconds
[6444.613s][info ][safepoint      ] Application time: 10.7450928 seconds
[6444.613s][info ][safepoint      ] Entering safepoint region: RevokeBias
[6444.613s][info ][safepoint      ] Leaving safepoint region
[6444.613s][info ][safepoint      ] Total time for which application threads were stopped: 0.0001069 seconds, Stopping threads took: 0.0000155 seconds
[6444.613s][info ][safepoint      ] Application time: 0.0005442 seconds
[6444.613s][info ][safepoint      ] Entering safepoint region: RevokeBias
[6444.613s][info ][safepoint      ] Leaving safepoint region
[6444.613s][info ][safepoint      ] Total time for which application threads were stopped: 0.0000587 seconds, Stopping threads took: 0.0000104 seconds
[6453.614s][info ][safepoint      ] Application time: 9.0008870 seconds
[6453.614s][info ][safepoint      ] Entering safepoint region: Cleanup
[6453.615s][info ][safepoint      ] Leaving safepoint region
[6453.615s][info ][safepoint      ] Total time for which application threads were stopped: 0.0001021 seconds, Stopping threads took: 0.0000177 seconds
[6460.615s][info ][safepoint      ] Application time: 7.0007409 seconds
[6460.615s][info ][safepoint      ] Entering safepoint region: Cleanup
[6460.616s][info ][safepoint      ] Leaving safepoint region
[6460.616s][info ][safepoint      ] Total time for which application threads were stopped: 0.0002558 seconds, Stopping threads took: 0.0001664 seconds
[6461.609s][info ][safepoint      ] Application time: 0.9937851 seconds
[6461.609s][info ][safepoint      ] Entering safepoint region: ParallelGCFailedAllocation
[6461.610s][info ][gc,start       ] GC(250) Pause Young (Allocation Failure)
[6461.623s][debug][gc,phases      ] GC(250) Scavenge 13.155ms
[6461.623s][debug][gc,ref         ] GC(250) Skipped phase1 of Reference Processing due to unavailable references
[6461.623s][debug][gc,ref         ] GC(250) Skipped phase2 of Reference Processing due to unavailable references
[6461.623s][debug][gc,ref         ] GC(250) Skipped phase3 of Reference Processing due to unavailable references
[6461.623s][debug][gc,phases      ] GC(250) Reference Processing 0.041ms
[6461.623s][debug][gc,phases      ] GC(250) Weak Processing 0.135ms
[6461.623s][debug][gc,phases      ] GC(250) Scrub String Table 0.476ms
[6461.624s][debug][gc,age         ] GC(250) Desired survivor size 70778880 bytes, new threshold 15 (max threshold 15)
[6461.624s][info ][gc,heap        ] GC(250) PSYoungGen: 1999089K->45249K(2026496K)
[6461.624s][info ][gc,heap        ] GC(250) ParOldGen: 418934K->423212K(521216K)
[6461.624s][info ][gc,metaspace   ] GC(250) Metaspace: 75096K->75096K(1118208K)
[6461.624s][info ][gc             ] GC(250) Pause Young (Allocation Failure) 2361M->457M(2488M) 14.121ms
[6461.624s][info ][gc,cpu         ] GC(250) User=0.05s Sys=0.00s Real=0.02s
[6461.624s][info ][safepoint      ] Leaving safepoint region
[6461.624s][info ][safepoint      ] Total time for which application threads were stopped: 0.0143678 seconds, Stopping threads took: 0.0000338 seconds
[6486.626s][info ][safepoint      ] Application time: 25.0024116 seconds
[6486.626s][info ][safepoint      ] Entering safepoint region: Cleanup
[6486.626s][info ][safepoint      ] Leaving safepoint region
[6486.626s][info ][safepoint      ] Total time for which application threads were stopped: 0.0000936 seconds, Stopping threads took: 0.0000217 seconds
[6506.969s][info ][safepoint      ] Application time: 20.3429008 seconds
[6506.969s][info ][safepoint      ] Entering safepoint region: RevokeBias
[6506.969s][info ][safepoint      ] Leaving safepoint region
[6506.969s][info ][safepoint      ] Total time for which application threads were stopped: 0.0002006 seconds, Stopping threads took: 0.0000565 seconds
[6508.712s][info ][safepoint      ] Application time: 1.7427374 seconds
[6508.712s][info ][safepoint      ] Entering safepoint region: ParallelGCFailedAllocation
[6508.712s][info ][gc,start       ] GC(251) Pause Young (Allocation Failure)
[6508.727s][debug][gc,phases      ] GC(251) Scavenge 14.108ms
[6508.727s][debug][gc,ref         ] GC(251) Skipped phase1 of Reference Processing due to unavailable references
[6508.727s][debug][gc,ref         ] GC(251) Skipped phase2 of Reference Processing due to unavailable references
[6508.727s][debug][gc,ref         ] GC(251) Skipped phase3 of Reference Processing due to unavailable references
[6508.727s][debug][gc,phases      ] GC(251) Reference Processing 0.040ms
[6508.727s][debug][gc,phases      ] GC(251) Weak Processing 0.135ms
[6508.728s][debug][gc,phases      ] GC(251) Scrub String Table 0.922ms
[6508.728s][debug][gc,age         ] GC(251) Desired survivor size 69206016 bytes, new threshold 15 (max threshold 15)
[6508.728s][info ][gc,heap        ] GC(251) PSYoungGen: 2001601K->50803K(2029568K)
[6508.728s][info ][gc,heap        ] GC(251) ParOldGen: 423212K->423681K(521216K)
[6508.728s][info ][gc,metaspace   ] GC(251) Metaspace: 75096K->75096K(1118208K)
[6508.728s][info ][gc             ] GC(251) Pause Young (Allocation Failure) 2367M->463M(2491M) 15.379ms
[6508.728s][info ][gc,cpu         ] GC(251) User=0.06s Sys=0.00s Real=0.02s
[6508.728s][info ][safepoint      ] Leaving safepoint region
[6508.728s][info ][safepoint      ] Total time for which application threads were stopped: 0.0155763 seconds, Stopping threads took: 0.0000309 seconds
[6517.432s][info ][safepoint      ] Application time: 8.7036919 seconds
[6517.432s][info ][safepoint      ] Entering safepoint region: RevokeBias
[6517.432s][info ][safepoint      ] Leaving safepoint region
[6517.432s][info ][safepoint      ] Total time for which application threads were stopped: 0.0001591 seconds, Stopping threads took: 0.0000612 seconds
[6518.432s][info ][safepoint      ] Application time: 1.0002570 seconds
[6518.432s][info ][safepoint      ] Entering safepoint region: Cleanup
[6518.432s][info ][safepoint      ] Leaving safepoint region
[6518.432s][info ][safepoint      ] Total time for which application threads were stopped: 0.0001430 seconds, Stopping threads took: 0.0000678 seconds
[6547.115s][info ][safepoint      ] Application time: 28.6825653 seconds
[6547.115s][info ][safepoint      ] Entering safepoint region: RevokeBias
[6547.115s][info ][safepoint      ] Leaving safepoint region
[6547.115s][info ][safepoint      ] Total time for which application threads were stopped: 0.0002266 seconds, Stopping threads took: 0.0000758 seconds
[6547.348s][info ][safepoint      ] Application time: 0.2327147 seconds
[6547.348s][info ][safepoint      ] Entering safepoint region: RevokeBias
[6547.348s][info ][safepoint      ] Leaving safepoint region
[6547.348s][info ][safepoint      ] Total time for which application threads were stopped: 0.0002229 seconds, Stopping threads took: 0.0001046 seconds
[6553.610s][info ][safepoint      ] Application time: 6.2620754 seconds
[6553.610s][info ][safepoint      ] Entering safepoint region: ParallelGCFailedAllocation
[6553.610s][info ][gc,start       ] GC(252) Pause Young (Allocation Failure)
[6553.625s][debug][gc,phases      ] GC(252) Scavenge 14.618ms
[6553.625s][debug][gc,ref         ] GC(252) Skipped phase1 of Reference Processing due to unavailable references
[6553.625s][debug][gc,ref         ] GC(252) Skipped phase2 of Reference Processing due to unavailable references
[6553.625s][debug][gc,ref         ] GC(252) Skipped phase3 of Reference Processing due to unavailable references
[6553.625s][debug][gc,phases      ] GC(252) Reference Processing 0.042ms
[6553.625s][debug][gc,phases      ] GC(252) Weak Processing 0.249ms
[6553.626s][debug][gc,phases      ] GC(252) Scrub String Table 0.928ms
[6553.626s][debug][gc,age         ] GC(252) Desired survivor size 68157440 bytes, new threshold 15 (max threshold 15)
[6553.626s][info ][gc,heap        ] GC(252) PSYoungGen: 2011251K->52147K(2028032K)
[6553.626s][info ][gc,heap        ] GC(252) ParOldGen: 423681K->426097K(521216K)
[6553.626s][info ][gc,metaspace   ] GC(252) Metaspace: 75099K->75099K(1118208K)
[6553.626s][info ][gc             ] GC(252) Pause Young (Allocation Failure) 2377M->467M(2489M) 16.018ms
[6553.626s][info ][gc,cpu         ] GC(252) User=0.06s Sys=0.00s Real=0.02s
[6553.626s][info ][safepoint      ] Leaving safepoint region
[6553.626s][info ][safepoint      ] Total time for which application threads were stopped: 0.0162120 seconds, Stopping threads took: 0.0000312 seconds
[6560.627s][info ][safepoint      ] Application time: 7.0007325 seconds
[6560.627s][info ][safepoint      ] Entering safepoint region: Cleanup
[6560.627s][info ][safepoint      ] Leaving safepoint region
[6560.627s][info ][safepoint      ] Total time for which application threads were stopped: 0.0000903 seconds, Stopping threads took: 0.0000187 seconds
[6569.316s][info ][safepoint      ] Application time: 8.6891870 seconds
[6569.316s][info ][safepoint      ] Entering safepoint region: RevokeBias
[6569.317s][info ][safepoint      ] Leaving safepoint region
[6569.317s][info ][safepoint      ] Total time for which application threads were stopped: 0.0001730 seconds, Stopping threads took: 0.0000407 seconds
[6570.317s][info ][safepoint      ] Application time: 1.0001408 seconds
[6570.317s][info ][safepoint      ] Entering safepoint region: Cleanup
[6570.317s][info ][safepoint      ] Leaving safepoint region
[6570.317s][info ][safepoint      ] Total time for which application threads were stopped: 0.0000888 seconds, Stopping threads took: 0.0000177 seconds
[6590.512s][info ][safepoint      ] Application time: 20.1949878 seconds
[6590.512s][info ][safepoint      ] Entering safepoint region: ParallelGCFailedAllocation
[6590.512s][info ][gc,start       ] GC(253) Pause Young (Allocation Failure)
[6590.529s][debug][gc,phases      ] GC(253) Scavenge 16.679ms
[6590.529s][debug][gc,ref         ] GC(253) Skipped phase1 of Reference Processing due to unavailable references
[6590.529s][debug][gc,ref         ] GC(253) Skipped phase3 of Reference Processing due to unavailable references
[6590.529s][debug][gc,phases      ] GC(253) Reference Processing 0.040ms
[6590.529s][debug][gc,phases      ] GC(253) Weak Processing 0.136ms
[6590.530s][debug][gc,phases      ] GC(253) Scrub String Table 0.549ms
[6590.530s][debug][gc,age         ] GC(253) Desired survivor size 67633152 bytes, new threshold 15 (max threshold 15)
[6590.530s][info ][gc,heap        ] GC(253) PSYoungGen: 2012595K->52449K(2031104K)
[6590.530s][info ][gc,heap        ] GC(253) ParOldGen: 426097K->431002K(521216K)
[6590.530s][info ][gc,metaspace   ] GC(253) Metaspace: 75118K->75118K(1118208K)
[6590.530s][info ][gc             ] GC(253) Pause Young (Allocation Failure) 2381M->472M(2492M) 17.575ms
[6590.530s][info ][gc,cpu         ] GC(253) User=0.07s Sys=0.00s Real=0.02s
[6590.530s][info ][safepoint      ] Leaving safepoint region
[6590.530s][info ][safepoint      ] Total time for which application threads were stopped: 0.0177528 seconds, Stopping threads took: 0.0000186 seconds
[6612.532s][info ][safepoint      ] Application time: 22.0024015 seconds
[6612.532s][info ][safepoint      ] Entering safepoint region: Cleanup
[6612.532s][info ][safepoint      ] Leaving safepoint region
[6612.532s][info ][safepoint      ] Total time for which application threads were stopped: 0.0001130 seconds, Stopping threads took: 0.0000393 seconds
[6613.532s][info ][safepoint      ] Application time: 1.0001085 seconds
[6613.532s][info ][safepoint      ] Entering safepoint region: Cleanup
[6613.532s][info ][safepoint      ] Leaving safepoint region
[6613.532s][info ][safepoint      ] Total time for which application threads were stopped: 0.0000995 seconds, Stopping threads took: 0.0000179 seconds
[6628.957s][info ][safepoint      ] Application time: 15.4249922 seconds
[6628.958s][info ][safepoint      ] Entering safepoint region: ParallelGCFailedAllocation
[6628.958s][info ][gc,start       ] GC(254) Pause Young (Allocation Failure)
[6628.972s][debug][gc,phases      ] GC(254) Scavenge 14.477ms
[6628.972s][debug][gc,ref         ] GC(254) Skipped phase1 of Reference Processing due to unavailable references
[6628.972s][debug][gc,ref         ] GC(254) Skipped phase3 of Reference Processing due to unavailable references
[6628.972s][debug][gc,phases      ] GC(254) Reference Processing 0.038ms
[6628.972s][debug][gc,phases      ] GC(254) Weak Processing 0.137ms
[6628.973s][debug][gc,phases      ] GC(254) Scrub String Table 0.510ms
[6628.973s][debug][gc,age         ] GC(254) Desired survivor size 66584576 bytes, new threshold 15 (max threshold 15)
[6628.973s][info ][gc,heap        ] GC(254) PSYoungGen: 2016993K->47617K(2030592K)
[6628.973s][info ][gc,heap        ] GC(254) ParOldGen: 431002K->436584K(521216K)
[6628.973s][info ][gc,metaspace   ] GC(254) Metaspace: 75118K->75118K(1118208K)
[6628.973s][info ][gc             ] GC(254) Pause Young (Allocation Failure) 2390M->472M(2492M) 15.367ms
[6628.973s][info ][gc,cpu         ] GC(254) User=0.06s Sys=0.00s Real=0.02s
[6628.973s][info ][safepoint      ] Leaving safepoint region
[6628.973s][info ][safepoint      ] Total time for which application threads were stopped: 0.0155959 seconds, Stopping threads took: 0.0000480 seconds
[6661.997s][info ][safepoint      ] Application time: 33.0238340 seconds
[6661.997s][info ][safepoint      ] Entering safepoint region: ParallelGCFailedAllocation
[6661.997s][info ][gc,start       ] GC(255) Pause Young (Allocation Failure)
[6662.014s][debug][gc,phases      ] GC(255) Scavenge 16.281ms
[6662.014s][debug][gc,ref         ] GC(255) Skipped phase1 of Reference Processing due to unavailable references
[6662.014s][debug][gc,ref         ] GC(255) Skipped phase3 of Reference Processing due to unavailable references
[6662.014s][debug][gc,phases      ] GC(255) Reference Processing 0.047ms
[6662.014s][debug][gc,phases      ] GC(255) Weak Processing 0.261ms
[6662.014s][debug][gc,phases      ] GC(255) Scrub String Table 0.486ms
[6662.014s][debug][gc,age         ] GC(255) Desired survivor size 65011712 bytes, new threshold 15 (max threshold 15)
[6662.014s][info ][gc,heap        ] GC(255) PSYoungGen: 2012161K->47937K(2033664K)
[6662.014s][info ][gc,heap        ] GC(255) ParOldGen: 436584K->442747K(521216K)
[6662.014s][info ][gc,metaspace   ] GC(255) Metaspace: 75131K->75131K(1118208K)
[6662.014s][info ][gc             ] GC(255) Pause Young (Allocation Failure) 2391M->479M(2495M) 17.268ms
[6662.014s][info ][gc,cpu         ] GC(255) User=0.07s Sys=0.00s Real=0.02s
[6662.015s][info ][safepoint      ] Leaving safepoint region
[6662.015s][info ][safepoint      ] Total time for which application threads were stopped: 0.0175055 seconds, Stopping threads took: 0.0000361 seconds
[6664.015s][info ][safepoint      ] Application time: 2.0002076 seconds
[6664.015s][info ][safepoint      ] Entering safepoint region: Cleanup
[6664.015s][info ][safepoint      ] Leaving safepoint region
[6664.015s][info ][safepoint      ] Total time for which application threads were stopped: 0.0001327 seconds, Stopping threads took: 0.0000432 seconds
[6672.574s][info ][safepoint      ] Application time: 8.5594377 seconds
[6672.574s][info ][safepoint      ] Entering safepoint region: RevokeBias
[6672.574s][info ][safepoint      ] Leaving safepoint region
[6672.575s][info ][safepoint      ] Total time for which application threads were stopped: 0.0001100 seconds, Stopping threads took: 0.0000184 seconds
[6690.306s][info ][safepoint      ] Application time: 17.7319792 seconds
[6690.307s][info ][safepoint      ] Entering safepoint region: ParallelGCFailedAllocation
[6690.307s][info ][gc,start       ] GC(256) Pause Young (Allocation Failure)
[6690.322s][debug][gc,phases      ] GC(256) Scavenge 15.139ms
[6690.322s][debug][gc,ref         ] GC(256) Skipped phase1 of Reference Processing due to unavailable references
[6690.322s][debug][gc,ref         ] GC(256) Skipped phase3 of Reference Processing due to unavailable references
[6690.322s][debug][gc,phases      ] GC(256) Reference Processing 0.097ms
[6690.322s][debug][gc,phases      ] GC(256) Weak Processing 0.173ms
[6690.323s][debug][gc,phases      ] GC(256) Scrub String Table 0.550ms
[6690.323s][debug][gc,age         ] GC(256) Desired survivor size 64487424 bytes, new threshold 15 (max threshold 15)
[6690.323s][info ][gc,heap        ] GC(256) PSYoungGen: 2016577K->44896K(2032128K)
[6690.323s][info ][gc,heap        ] GC(256) ParOldGen: 442747K->448178K(521216K)
[6690.323s][info ][gc,metaspace   ] GC(256) Metaspace: 75131K->75131K(1118208K)
[6690.323s][info ][gc             ] GC(256) Pause Young (Allocation Failure) 2401M->481M(2493M) 16.118ms
[6690.323s][info ][gc,cpu         ] GC(256) User=0.06s Sys=0.00s Real=0.02s
[6690.323s][info ][safepoint      ] Leaving safepoint region
[6690.323s][info ][safepoint      ] Total time for which application threads were stopped: 0.0164769 seconds, Stopping threads took: 0.0001260 seconds
[6719.819s][info ][safepoint      ] Application time: 29.4957003 seconds
[6719.819s][info ][safepoint      ] Entering safepoint region: RevokeBias
[6719.819s][info ][safepoint      ] Leaving safepoint region
[6719.819s][info ][safepoint      ] Total time for which application threads were stopped: 0.0001178 seconds, Stopping threads took: 0.0000193 seconds
[6720.161s][info ][safepoint      ] Application time: 0.3424012 seconds
[6720.161s][info ][safepoint      ] Entering safepoint region: ParallelGCFailedAllocation
[6720.161s][info ][gc,start       ] GC(257) Pause Young (Allocation Failure)
[6720.175s][debug][gc,phases      ] GC(257) Scavenge 13.527ms
[6720.175s][debug][gc,ref         ] GC(257) Skipped phase1 of Reference Processing due to unavailable references
[6720.175s][debug][gc,ref         ] GC(257) Skipped phase3 of Reference Processing due to unavailable references
[6720.175s][debug][gc,phases      ] GC(257) Reference Processing 0.037ms
[6720.175s][debug][gc,phases      ] GC(257) Weak Processing 0.294ms
[6720.176s][debug][gc,phases      ] GC(257) Scrub String Table 0.807ms
[6720.176s][debug][gc,age         ] GC(257) Desired survivor size 63963136 bytes, new threshold 15 (max threshold 15)
[6720.176s][info ][gc,heap        ] GC(257) PSYoungGen: 2013536K->43536K(2034688K)
[6720.176s][info ][gc,heap        ] GC(257) ParOldGen: 448178K->449820K(521216K)
[6720.176s][info ][gc,metaspace   ] GC(257) Metaspace: 75131K->75131K(1118208K)
[6720.176s][info ][gc             ] GC(257) Pause Young (Allocation Failure) 2404M->481M(2496M) 14.850ms
[6720.176s][info ][gc,cpu         ] GC(257) User=0.05s Sys=0.00s Real=0.01s
[6720.176s][info ][safepoint      ] Leaving safepoint region
[6720.176s][info ][safepoint      ] Total time for which application threads were stopped: 0.0150600 seconds, Stopping threads took: 0.0000172 seconds
[6723.883s][info ][safepoint      ] Application time: 3.7066613 seconds
[6723.883s][info ][safepoint      ] Entering safepoint region: RevokeBias
[6723.883s][info ][safepoint      ] Leaving safepoint region
[6723.883s][info ][safepoint      ] Total time for which application threads were stopped: 0.0001232 seconds, Stopping threads took: 0.0000341 seconds
[6738.885s][info ][safepoint      ] Application time: 15.0015250 seconds
[6738.885s][info ][safepoint      ] Entering safepoint region: Cleanup
[6738.885s][info ][safepoint      ] Leaving safepoint region
[6738.885s][info ][safepoint      ] Total time for which application threads were stopped: 0.0000870 seconds, Stopping threads took: 0.0000203 seconds
[6747.886s][info ][safepoint      ] Application time: 9.0007633 seconds
[6747.886s][info ][safepoint      ] Entering safepoint region: Cleanup
[6747.886s][info ][safepoint      ] Leaving safepoint region
[6747.886s][info ][safepoint      ] Total time for which application threads were stopped: 0.0001854 seconds, Stopping threads took: 0.0000959 seconds
[6747.959s][info ][safepoint      ] Application time: 0.0733281 seconds
[6747.959s][info ][safepoint      ] Entering safepoint region: ParallelGCFailedAllocation
[6747.959s][info ][gc,start       ] GC(258) Pause Young (Allocation Failure)
[6747.973s][debug][gc,phases      ] GC(258) Scavenge 13.568ms
[6747.973s][debug][gc,ref         ] GC(258) Skipped phase1 of Reference Processing due to unavailable references
[6747.973s][debug][gc,ref         ] GC(258) Skipped phase3 of Reference Processing due to unavailable references
[6747.973s][debug][gc,phases      ] GC(258) Reference Processing 0.039ms
[6747.973s][debug][gc,phases      ] GC(258) Weak Processing 0.125ms
[6747.974s][debug][gc,phases      ] GC(258) Scrub String Table 0.429ms
[6747.974s][debug][gc,age         ] GC(258) Desired survivor size 63438848 bytes, new threshold 15 (max threshold 15)
[6747.974s][info ][gc,heap        ] GC(258) PSYoungGen: 2015248K->46192K(2034176K)
[6747.974s][info ][gc,heap        ] GC(258) ParOldGen: 449820K->449996K(521216K)
[6747.974s][info ][gc,metaspace   ] GC(258) Metaspace: 75139K->75139K(1118208K)
[6747.974s][info ][gc             ] GC(258) Pause Young (Allocation Failure) 2407M->484M(2495M) 14.317ms
[6747.974s][info ][gc,cpu         ] GC(258) User=0.05s Sys=0.00s Real=0.02s
[6747.974s][info ][safepoint      ] Leaving safepoint region
[6747.974s][info ][safepoint      ] Total time for which application threads were stopped: 0.0145849 seconds, Stopping threads took: 0.0000885 seconds
[6748.974s][info ][safepoint      ] Application time: 1.0000970 seconds
[6748.974s][info ][safepoint      ] Entering safepoint region: Cleanup
[6748.974s][info ][safepoint      ] Leaving safepoint region
[6748.974s][info ][safepoint      ] Total time for which application threads were stopped: 0.0001552 seconds, Stopping threads took: 0.0000497 seconds
[6754.975s][info ][safepoint      ] Application time: 6.0006463 seconds
[6754.975s][info ][safepoint      ] Entering safepoint region: Cleanup
[6754.975s][info ][safepoint      ] Leaving safepoint region
[6754.975s][info ][safepoint      ] Total time for which application threads were stopped: 0.0000945 seconds, Stopping threads took: 0.0000187 seconds
[6767.981s][info ][safepoint      ] Application time: 13.0061157 seconds
[6767.981s][info ][safepoint      ] Entering safepoint region: RevokeBias
[6767.981s][info ][safepoint      ] Leaving safepoint region
[6767.981s][info ][safepoint      ] Total time for which application threads were stopped: 0.0001647 seconds, Stopping threads took: 0.0000628 seconds
[6772.006s][info ][safepoint      ] Application time: 4.0245497 seconds
[6772.006s][info ][safepoint      ] Entering safepoint region: ParallelGCFailedAllocation
[6772.006s][info ][gc,start       ] GC(259) Pause Young (Allocation Failure)
[6772.021s][debug][gc,phases      ] GC(259) Scavenge 15.014ms
[6772.021s][debug][gc,ref         ] GC(259) Skipped phase1 of Reference Processing due to unavailable references
[6772.021s][debug][gc,ref         ] GC(259) Skipped phase3 of Reference Processing due to unavailable references
[6772.021s][debug][gc,phases      ] GC(259) Reference Processing 0.051ms
[6772.022s][debug][gc,phases      ] GC(259) Weak Processing 0.378ms
[6772.023s][debug][gc,phases      ] GC(259) Scrub String Table 0.976ms
[6772.023s][debug][gc,age         ] GC(259) Desired survivor size 61865984 bytes, new threshold 15 (max threshold 15)
[6772.023s][info ][gc,heap        ] GC(259) PSYoungGen: 2017904K->47536K(2036736K)
[6772.023s][info ][gc,heap        ] GC(259) ParOldGen: 449996K->451750K(521216K)
[6772.023s][info ][gc,metaspace   ] GC(259) Metaspace: 75139K->75139K(1118208K)
[6772.023s][info ][gc             ] GC(259) Pause Young (Allocation Failure) 2410M->487M(2498M) 16.604ms
[6772.023s][info ][gc,cpu         ] GC(259) User=0.06s Sys=0.00s Real=0.02s
[6772.023s][info ][safepoint      ] Leaving safepoint region
[6772.023s][info ][safepoint      ] Total time for which application threads were stopped: 0.0168746 seconds, Stopping threads took: 0.0000810 seconds
[6786.024s][info ][safepoint      ] Application time: 14.0011621 seconds
[6786.024s][info ][safepoint      ] Entering safepoint region: Cleanup
[6786.024s][info ][safepoint      ] Leaving safepoint region
[6786.024s][info ][safepoint      ] Total time for which application threads were stopped: 0.0001117 seconds, Stopping threads took: 0.0000180 seconds
[6795.117s][info ][safepoint      ] Application time: 9.0931188 seconds
[6795.117s][info ][safepoint      ] Entering safepoint region: ParallelGCFailedAllocation
[6795.117s][info ][gc,start       ] GC(260) Pause Young (Allocation Failure)
[6795.132s][debug][gc,phases      ] GC(260) Scavenge 14.327ms
[6795.132s][debug][gc,ref         ] GC(260) Skipped phase1 of Reference Processing due to unavailable references
[6795.132s][debug][gc,ref         ] GC(260) Skipped phase3 of Reference Processing due to unavailable references
[6795.132s][debug][gc,phases      ] GC(260) Reference Processing 0.040ms
[6795.132s][debug][gc,phases      ] GC(260) Weak Processing 0.132ms
[6795.132s][debug][gc,phases      ] GC(260) Scrub String Table 0.572ms
[6795.132s][debug][gc,age         ] GC(260) Desired survivor size 60817408 bytes, new threshold 15 (max threshold 15)
[6795.132s][info ][gc,heap        ] GC(260) PSYoungGen: 2022320K->48864K(2035200K)
[6795.132s][info ][gc,heap        ] GC(260) ParOldGen: 451750K->453407K(521216K)
[6795.132s][info ][gc,metaspace   ] GC(260) Metaspace: 75139K->75139K(1118208K)
[6795.133s][info ][gc             ] GC(260) Pause Young (Allocation Failure) 2416M->490M(2496M) 15.251ms
[6795.133s][info ][gc,cpu         ] GC(260) User=0.06s Sys=0.00s Real=0.01s
[6795.133s][info ][safepoint      ] Leaving safepoint region
[6795.133s][info ][safepoint      ] Total time for which application threads were stopped: 0.0154476 seconds, Stopping threads took: 0.0000181 seconds
[6798.133s][info ][safepoint      ] Application time: 3.0002946 seconds
[6798.133s][info ][safepoint      ] Entering safepoint region: Cleanup
[6798.133s][info ][safepoint      ] Leaving safepoint region
[6798.133s][info ][safepoint      ] Total time for which application threads were stopped: 0.0001474 seconds, Stopping threads took: 0.0000552 seconds
[6799.133s][info ][safepoint      ] Application time: 1.0000850 seconds
[6799.133s][info ][safepoint      ] Entering safepoint region: Cleanup
[6799.133s][info ][safepoint      ] Leaving safepoint region
[6799.133s][info ][safepoint      ] Total time for which application threads were stopped: 0.0000907 seconds, Stopping threads took: 0.0000196 seconds
[6805.134s][info ][safepoint      ] Application time: 6.0006371 seconds
[6805.134s][info ][safepoint      ] Entering safepoint region: Cleanup
[6805.134s][info ][safepoint      ] Leaving safepoint region
[6805.134s][info ][safepoint      ] Total time for which application threads were stopped: 0.0000940 seconds, Stopping threads took: 0.0000193 seconds
[6806.134s][info ][safepoint      ] Application time: 1.0000881 seconds
[6806.134s][info ][safepoint      ] Entering safepoint region: Cleanup
[6806.134s][info ][safepoint      ] Leaving safepoint region
[6806.134s][info ][safepoint      ] Total time for which application threads were stopped: 0.0001110 seconds, Stopping threads took: 0.0000202 seconds
[6808.135s][info ][safepoint      ] Application time: 2.0001604 seconds
[6808.135s][info ][safepoint      ] Entering safepoint region: Cleanup
[6808.135s][info ][safepoint      ] Leaving safepoint region
[6808.135s][info ][safepoint      ] Total time for which application threads were stopped: 0.0000950 seconds, Stopping threads took: 0.0000203 seconds
[6815.135s][info ][safepoint      ] Application time: 7.0006606 seconds
[6815.135s][info ][safepoint      ] Entering safepoint region: Cleanup
[6815.135s][info ][safepoint      ] Leaving safepoint region
[6815.135s][info ][safepoint      ] Total time for which application threads were stopped: 0.0000907 seconds, Stopping threads took: 0.0000197 seconds
[6817.968s][info ][safepoint      ] Application time: 2.8326224 seconds
[6817.968s][info ][safepoint      ] Entering safepoint region: ParallelGCFailedAllocation
[6817.968s][info ][gc,start       ] GC(261) Pause Young (Allocation Failure)
[6817.983s][debug][gc,phases      ] GC(261) Scavenge 14.925ms
[6817.983s][debug][gc,ref         ] GC(261) Skipped phase1 of Reference Processing due to unavailable references
[6817.983s][debug][gc,ref         ] GC(261) Skipped phase3 of Reference Processing due to unavailable references
[6817.983s][debug][gc,phases      ] GC(261) Reference Processing 0.053ms
[6817.984s][debug][gc,phases      ] GC(261) Weak Processing 0.245ms
[6817.984s][debug][gc,phases      ] GC(261) Scrub String Table 0.790ms
[6817.984s][debug][gc,age         ] GC(261) Desired survivor size 61341696 bytes, new threshold 15 (max threshold 15)
[6817.984s][info ][gc,heap        ] GC(261) PSYoungGen: 2023648K->51856K(2036736K)
[6817.984s][info ][gc,heap        ] GC(261) ParOldGen: 453407K->453487K(521216K)
[6817.984s][info ][gc,metaspace   ] GC(261) Metaspace: 75140K->75140K(1118208K)
[6817.984s][info ][gc             ] GC(261) Pause Young (Allocation Failure) 2419M->493M(2498M) 16.164ms
[6817.984s][info ][gc,cpu         ] GC(261) User=0.07s Sys=0.00s Real=0.02s
[6817.984s][info ][safepoint      ] Leaving safepoint region
[6817.984s][info ][safepoint      ] Total time for which application threads were stopped: 0.0163490 seconds, Stopping threads took: 0.0000196 seconds
[6838.987s][info ][safepoint      ] Application time: 21.0024995 seconds
[6838.987s][info ][safepoint      ] Entering safepoint region: Cleanup
[6838.987s][info ][safepoint      ] Leaving safepoint region
[6838.987s][info ][safepoint      ] Total time for which application threads were stopped: 0.0001050 seconds, Stopping threads took: 0.0000328 seconds
[6842.058s][info ][safepoint      ] Application time: 3.0706829 seconds
[6842.058s][info ][safepoint      ] Entering safepoint region: ParallelGCFailedAllocation
[6842.058s][info ][gc,start       ] GC(262) Pause Young (Allocation Failure)
[6842.073s][debug][gc,phases      ] GC(262) Scavenge 14.750ms
[6842.073s][debug][gc,ref         ] GC(262) Skipped phase1 of Reference Processing due to unavailable references
[6842.073s][debug][gc,ref         ] GC(262) Skipped phase3 of Reference Processing due to unavailable references
[6842.073s][debug][gc,phases      ] GC(262) Reference Processing 0.036ms
[6842.073s][debug][gc,phases      ] GC(262) Weak Processing 0.234ms
[6842.074s][debug][gc,phases      ] GC(262) Scrub String Table 0.787ms
[6842.074s][debug][gc,age         ] GC(262) Desired survivor size 62390272 bytes, new threshold 15 (max threshold 15)
[6842.074s][info ][gc,heap        ] GC(262) PSYoungGen: 2029200K->54560K(2032128K)
[6842.074s][info ][gc,heap        ] GC(262) ParOldGen: 453487K->453543K(521216K)
[6842.074s][info ][gc,metaspace   ] GC(262) Metaspace: 75143K->75143K(1118208K)
[6842.074s][info ][gc             ] GC(262) Pause Young (Allocation Failure) 2424M->496M(2493M) 15.975ms
[6842.074s][info ][gc,cpu         ] GC(262) User=0.06s Sys=0.00s Real=0.02s
[6842.074s][info ][safepoint      ] Leaving safepoint region
[6842.074s][info ][safepoint      ] Total time for which application threads were stopped: 0.0161786 seconds, Stopping threads took: 0.0000172 seconds
[6855.077s][info ][safepoint      ] Application time: 13.0026291 seconds
[6855.077s][info ][safepoint      ] Entering safepoint region: Cleanup
[6855.077s][info ][safepoint      ] Leaving safepoint region
[6855.077s][info ][safepoint      ] Total time for which application threads were stopped: 0.0000869 seconds, Stopping threads took: 0.0000171 seconds
[6866.563s][info ][safepoint      ] Application time: 11.4856776 seconds
[6866.563s][info ][safepoint      ] Entering safepoint region: ParallelGCFailedAllocation
[6866.563s][info ][gc,start       ] GC(263) Pause Young (Allocation Failure)
[6866.580s][debug][gc,phases      ] GC(263) Scavenge 17.206ms
[6866.580s][debug][gc,ref         ] GC(263) Skipped phase1 of Reference Processing due to unavailable references
[6866.580s][debug][gc,ref         ] GC(263) Skipped phase3 of Reference Processing due to unavailable references
[6866.580s][debug][gc,phases      ] GC(263) Reference Processing 0.043ms
[6866.580s][debug][gc,phases      ] GC(263) Weak Processing 0.236ms
[6866.581s][debug][gc,phases      ] GC(263) Scrub String Table 0.871ms
[6866.581s][debug][gc,age         ] GC(263) Desired survivor size 63963136 bytes, new threshold 15 (max threshold 15)
[6866.581s][info ][gc,heap        ] GC(263) PSYoungGen: 2031904K->56144K(2033152K)
[6866.581s][info ][gc,heap        ] GC(263) ParOldGen: 453543K->456156K(521216K)
[6866.581s][info ][gc,metaspace   ] GC(263) Metaspace: 75146K->75146K(1118208K)
[6866.581s][info ][gc             ] GC(263) Pause Young (Allocation Failure) 2427M->500M(2494M) 18.539ms
[6866.581s][info ][gc,cpu         ] GC(263) User=0.07s Sys=0.00s Real=0.02s
[6866.581s][info ][safepoint      ] Leaving safepoint region
[6866.581s][info ][safepoint      ] Total time for which application threads were stopped: 0.0187170 seconds, Stopping threads took: 0.0000173 seconds
[6887.222s][info ][safepoint      ] Application time: 20.6408211 seconds
[6887.222s][info ][safepoint      ] Entering safepoint region: RevokeBias
[6887.222s][info ][safepoint      ] Leaving safepoint region
[6887.222s][info ][safepoint      ] Total time for which application threads were stopped: 0.0001040 seconds, Stopping threads took: 0.0000177 seconds
[6891.956s][info ][safepoint      ] Application time: 4.7334087 seconds
[6891.956s][info ][safepoint      ] Entering safepoint region: ParallelGCFailedAllocation
[6891.956s][info ][gc,start       ] GC(264) Pause Young (Allocation Failure)
[6891.979s][debug][gc,phases      ] GC(264) Scavenge 23.226ms
[6891.979s][debug][gc,ref         ] GC(264) Skipped phase1 of Reference Processing due to unavailable references
[6891.979s][debug][gc,ref         ] GC(264) Skipped phase3 of Reference Processing due to unavailable references
[6891.979s][debug][gc,phases      ] GC(264) Reference Processing 0.041ms
[6891.979s][debug][gc,phases      ] GC(264) Weak Processing 0.136ms
[6891.980s][debug][gc,phases      ] GC(264) Scrub String Table 0.526ms
[6891.980s][debug][gc,age         ] GC(264) Desired survivor size 65536000 bytes, new threshold 15 (max threshold 15)
[6891.980s][info ][gc,heap        ] GC(264) PSYoungGen: 2028368K->57632K(2030080K)
[6891.980s][info ][gc,heap        ] GC(264) ParOldGen: 456156K->458164K(521216K)
[6891.980s][info ][gc,metaspace   ] GC(264) Metaspace: 75146K->75146K(1118208K)
[6891.980s][info ][gc             ] GC(264) Pause Young (Allocation Failure) 2426M->503M(2491M) 24.101ms
[6891.980s][info ][gc,cpu         ] GC(264) User=0.07s Sys=0.03s Real=0.02s
[6891.980s][info ][safepoint      ] Leaving safepoint region
[6891.980s][info ][safepoint      ] Total time for which application threads were stopped: 0.0243147 seconds, Stopping threads took: 0.0000460 seconds
[6912.811s][info ][safepoint      ] Application time: 20.8314822 seconds
[6912.812s][info ][safepoint      ] Entering safepoint region: RevokeBias
[6912.812s][info ][safepoint      ] Leaving safepoint region
[6912.812s][info ][safepoint      ] Total time for which application threads were stopped: 0.0001362 seconds, Stopping threads took: 0.0000187 seconds
[6912.874s][info ][safepoint      ] Application time: 0.0628047 seconds
[6912.875s][info ][safepoint      ] Entering safepoint region: RevokeBias
[6912.875s][info ][safepoint      ] Leaving safepoint region
[6912.875s][info ][safepoint      ] Total time for which application threads were stopped: 0.0001433 seconds, Stopping threads took: 0.0000583 seconds
[6912.882s][info ][safepoint      ] Application time: 0.0076375 seconds
[6912.882s][info ][safepoint      ] Entering safepoint region: RevokeBias
[6912.882s][info ][safepoint      ] Leaving safepoint region
[6912.882s][info ][safepoint      ] Total time for which application threads were stopped: 0.0000879 seconds, Stopping threads took: 0.0000336 seconds
[6913.882s][info ][safepoint      ] Application time: 1.0001053 seconds
[6913.883s][info ][safepoint      ] Entering safepoint region: Cleanup
[6913.883s][info ][safepoint      ] Leaving safepoint region
[6913.883s][info ][safepoint      ] Total time for which application threads were stopped: 0.0000956 seconds, Stopping threads took: 0.0000201 seconds
[6916.911s][info ][safepoint      ] Application time: 3.0284591 seconds
[6916.911s][info ][safepoint      ] Entering safepoint region: ParallelGCFailedAllocation
[6916.911s][info ][gc,start       ] GC(265) Pause Young (Allocation Failure)
[6916.928s][debug][gc,phases      ] GC(265) Scavenge 17.163ms
[6916.929s][debug][gc,ref         ] GC(265) Skipped phase1 of Reference Processing due to unavailable references
[6916.929s][debug][gc,ref         ] GC(265) Skipped phase3 of Reference Processing due to unavailable references
[6916.929s][debug][gc,phases      ] GC(265) Reference Processing 0.038ms
[6916.929s][debug][gc,phases      ] GC(265) Weak Processing 0.265ms
[6916.930s][debug][gc,phases      ] GC(265) Scrub String Table 0.811ms
[6916.930s][debug][gc,age         ] GC(265) Desired survivor size 66060288 bytes, new threshold 15 (max threshold 15)
[6916.930s][info ][gc,heap        ] GC(265) PSYoungGen: 2029814K->55584K(2032128K)
[6916.930s][info ][gc,heap        ] GC(265) ParOldGen: 458164K->465124K(521216K)
[6916.930s][info ][gc,metaspace   ] GC(265) Metaspace: 75147K->75147K(1118208K)
[6916.930s][info ][gc             ] GC(265) Pause Young (Allocation Failure) 2429M->508M(2493M) 18.438ms
[6916.930s][info ][gc,cpu         ] GC(265) User=0.07s Sys=0.00s Real=0.02s
[6916.930s][info ][safepoint      ] Leaving safepoint region
[6916.930s][info ][safepoint      ] Total time for which application threads were stopped: 0.0186624 seconds, Stopping threads took: 0.0000170 seconds
[6925.931s][info ][safepoint      ] Application time: 9.0010497 seconds
[6925.931s][info ][safepoint      ] Entering safepoint region: Cleanup
[6925.931s][info ][safepoint      ] Leaving safepoint region
[6925.931s][info ][safepoint      ] Total time for which application threads were stopped: 0.0001049 seconds, Stopping threads took: 0.0000345 seconds
[6929.931s][info ][safepoint      ] Application time: 4.0004573 seconds
[6929.932s][info ][safepoint      ] Entering safepoint region: Cleanup
[6929.932s][info ][safepoint      ] Leaving safepoint region
[6929.932s][info ][safepoint      ] Total time for which application threads were stopped: 0.0001184 seconds, Stopping threads took: 0.0000182 seconds
[6931.932s][info ][safepoint      ] Application time: 2.0002080 seconds
[6931.932s][info ][safepoint      ] Entering safepoint region: Cleanup
[6931.932s][info ][safepoint      ] Leaving safepoint region
[6931.932s][info ][safepoint      ] Total time for which application threads were stopped: 0.0001109 seconds, Stopping threads took: 0.0000187 seconds
[6932.932s][info ][safepoint      ] Application time: 1.0000851 seconds
[6932.932s][info ][safepoint      ] Entering safepoint region: Cleanup
[6932.932s][info ][safepoint      ] Leaving safepoint region
[6932.932s][info ][safepoint      ] Total time for which application threads were stopped: 0.0001106 seconds, Stopping threads took: 0.0000197 seconds
[6933.932s][info ][safepoint      ] Application time: 1.0001338 seconds
[6933.932s][info ][safepoint      ] Entering safepoint region: Cleanup
[6933.933s][info ][safepoint      ] Leaving safepoint region
[6933.933s][info ][safepoint      ] Total time for which application threads were stopped: 0.0001218 seconds, Stopping threads took: 0.0000202 seconds
[6934.933s][info ][safepoint      ] Application time: 1.0001240 seconds
[6934.933s][info ][safepoint      ] Entering safepoint region: Cleanup
[6934.933s][info ][safepoint      ] Leaving safepoint region
[6934.933s][info ][safepoint      ] Total time for which application threads were stopped: 0.0000897 seconds, Stopping threads took: 0.0000185 seconds
[6940.933s][info ][safepoint      ] Application time: 6.0005952 seconds
[6940.933s][info ][safepoint      ] Entering safepoint region: Cleanup
[6940.934s][info ][safepoint      ] Leaving safepoint region
[6940.934s][info ][safepoint      ] Total time for which application threads were stopped: 0.0000963 seconds, Stopping threads took: 0.0000190 seconds
[6950.468s][info ][safepoint      ] Application time: 9.5347093 seconds
[6950.468s][info ][safepoint      ] Entering safepoint region: RevokeBias
[6950.469s][info ][safepoint      ] Leaving safepoint region
[6950.469s][info ][safepoint      ] Total time for which application threads were stopped: 0.0009202 seconds, Stopping threads took: 0.0000308 seconds
[6950.470s][info ][safepoint      ] Application time: 0.0007305 seconds
[6950.470s][info ][safepoint      ] Entering safepoint region: RevokeBias
[6950.470s][info ][safepoint      ] Leaving safepoint region
[6950.470s][info ][safepoint      ] Total time for which application threads were stopped: 0.0001324 seconds, Stopping threads took: 0.0000699 seconds
[6950.873s][info ][safepoint      ] Application time: 0.4027292 seconds
[6950.873s][info ][safepoint      ] Entering safepoint region: ParallelGCFailedAllocation
[6950.873s][info ][gc,start       ] GC(266) Pause Young (Allocation Failure)
[6950.889s][debug][gc,phases      ] GC(266) Scavenge 15.606ms
[6950.889s][debug][gc,ref         ] GC(266) Skipped phase1 of Reference Processing due to unavailable references
[6950.889s][debug][gc,ref         ] GC(266) Skipped phase3 of Reference Processing due to unavailable references
[6950.889s][debug][gc,phases      ] GC(266) Reference Processing 0.039ms
[6950.889s][debug][gc,phases      ] GC(266) Weak Processing 0.135ms
[6950.889s][debug][gc,phases      ] GC(266) Scrub String Table 0.478ms
[6950.889s][debug][gc,age         ] GC(266) Desired survivor size 66060288 bytes, new threshold 15 (max threshold 15)
[6950.889s][info ][gc,heap        ] GC(266) PSYoungGen: 2023704K->54448K(2032640K)
[6950.889s][info ][gc,heap        ] GC(266) ParOldGen: 465124K->470553K(521216K)
[6950.889s][info ][gc,metaspace   ] GC(266) Metaspace: 75152K->75152K(1118208K)
[6950.889s][info ][gc             ] GC(266) Pause Young (Allocation Failure) 2430M->512M(2494M) 16.432ms
[6950.889s][info ][gc,cpu         ] GC(266) User=0.06s Sys=0.00s Real=0.01s
[6950.889s][info ][safepoint      ] Leaving safepoint region
[6950.889s][info ][safepoint      ] Total time for which application threads were stopped: 0.0165999 seconds, Stopping threads took: 0.0000166 seconds
[6951.890s][info ][safepoint      ] Application time: 1.0001290 seconds
[6951.890s][info ][safepoint      ] Entering safepoint region: Cleanup
[6951.890s][info ][safepoint      ] Leaving safepoint region
[6951.890s][info ][safepoint      ] Total time for which application threads were stopped: 0.0000882 seconds, Stopping threads took: 0.0000190 seconds
[6952.890s][info ][safepoint      ] Application time: 1.0000690 seconds
[6952.890s][info ][safepoint      ] Entering safepoint region: Cleanup
[6952.890s][info ][safepoint      ] Leaving safepoint region
[6952.890s][info ][safepoint      ] Total time for which application threads were stopped: 0.0001296 seconds, Stopping threads took: 0.0000569 seconds
[6954.890s][info ][safepoint      ] Application time: 2.0002015 seconds
[6954.890s][info ][safepoint      ] Entering safepoint region: Cleanup
[6954.890s][info ][safepoint      ] Leaving safepoint region
[6954.890s][info ][safepoint      ] Total time for which application threads were stopped: 0.0000912 seconds, Stopping threads took: 0.0000194 seconds
[6965.897s][info ][safepoint      ] Application time: 11.0064503 seconds
[6965.897s][info ][safepoint      ] Entering safepoint region: Cleanup
[6965.897s][info ][safepoint      ] Leaving safepoint region
[6965.897s][info ][safepoint      ] Total time for which application threads were stopped: 0.0000937 seconds, Stopping threads took: 0.0000212 seconds
[6969.897s][info ][safepoint      ] Application time: 4.0005484 seconds
[6969.898s][info ][safepoint      ] Entering safepoint region: Cleanup
[6969.898s][info ][safepoint      ] Leaving safepoint region
[6969.898s][info ][safepoint      ] Total time for which application threads were stopped: 0.0000955 seconds, Stopping threads took: 0.0000206 seconds
[6972.586s][info ][safepoint      ] Application time: 2.6889062 seconds
[6972.587s][info ][safepoint      ] Entering safepoint region: RevokeBias
[6972.587s][info ][safepoint      ] Leaving safepoint region
[6972.587s][info ][safepoint      ] Total time for which application threads were stopped: 0.0001055 seconds, Stopping threads took: 0.0000206 seconds
[6972.736s][info ][safepoint      ] Application time: 0.1492627 seconds
[6972.736s][info ][safepoint      ] Entering safepoint region: RevokeBias
[6972.736s][info ][safepoint      ] Leaving safepoint region
[6972.736s][info ][safepoint      ] Total time for which application threads were stopped: 0.0000836 seconds, Stopping threads took: 0.0000189 seconds
[6977.737s][info ][safepoint      ] Application time: 5.0006959 seconds
[6977.737s][info ][safepoint      ] Entering safepoint region: Cleanup
[6977.737s][info ][safepoint      ] Leaving safepoint region
[6977.737s][info ][safepoint      ] Total time for which application threads were stopped: 0.0001212 seconds, Stopping threads took: 0.0000436 seconds
[6979.365s][info ][safepoint      ] Application time: 1.6285110 seconds
[6979.365s][info ][safepoint      ] Entering safepoint region: ParallelGCFailedAllocation
[6979.366s][info ][gc,start       ] GC(267) Pause Young (Allocation Failure)
[6979.383s][debug][gc,phases      ] GC(267) Scavenge 17.700ms
[6979.383s][debug][gc,ref         ] GC(267) Skipped phase1 of Reference Processing due to unavailable references
[6979.383s][debug][gc,ref         ] GC(267) Skipped phase3 of Reference Processing due to unavailable references
[6979.383s][debug][gc,phases      ] GC(267) Reference Processing 0.038ms
[6979.383s][debug][gc,phases      ] GC(267) Weak Processing 0.131ms
[6979.384s][debug][gc,phases      ] GC(267) Scrub String Table 0.546ms
[6979.384s][debug][gc,age         ] GC(267) Desired survivor size 67108864 bytes, new threshold 15 (max threshold 15)
[6979.384s][info ][gc,heap        ] GC(267) PSYoungGen: 2022576K->58209K(2030592K)
[6979.384s][info ][gc,heap        ] GC(267) ParOldGen: 470553K->474136K(521216K)
[6979.384s][info ][gc,metaspace   ] GC(267) Metaspace: 75159K->75159K(1118208K)
[6979.384s][info ][gc             ] GC(267) Pause Young (Allocation Failure) 2434M->519M(2492M) 18.581ms
[6979.384s][info ][gc,cpu         ] GC(267) User=0.07s Sys=0.00s Real=0.02s
[6979.384s][info ][safepoint      ] Leaving safepoint region
[6979.384s][info ][safepoint      ] Total time for which application threads were stopped: 0.0187597 seconds, Stopping threads took: 0.0000156 seconds
[6984.385s][info ][safepoint      ] Application time: 5.0005507 seconds
[6984.385s][info ][safepoint      ] Entering safepoint region: Cleanup
[6984.385s][info ][safepoint      ] Leaving safepoint region
[6984.385s][info ][safepoint      ] Total time for which application threads were stopped: 0.0001026 seconds, Stopping threads took: 0.0000337 seconds
[7006.387s][info ][safepoint      ] Application time: 22.0022225 seconds
[7006.387s][info ][safepoint      ] Entering safepoint region: Cleanup
[7006.387s][info ][safepoint      ] Leaving safepoint region
[7006.387s][info ][safepoint      ] Total time for which application threads were stopped: 0.0000873 seconds, Stopping threads took: 0.0000194 seconds
[7013.007s][info ][safepoint      ] Application time: 6.6195598 seconds
[7013.007s][info ][safepoint      ] Entering safepoint region: ParallelGCFailedAllocation
[7013.007s][info ][gc,start       ] GC(268) Pause Young (Allocation Failure)
[7013.026s][debug][gc,phases      ] GC(268) Scavenge 18.766ms
[7013.026s][debug][gc,ref         ] GC(268) Skipped phase1 of Reference Processing due to unavailable references
[7013.026s][debug][gc,ref         ] GC(268) Skipped phase2 of Reference Processing due to unavailable references
[7013.026s][debug][gc,ref         ] GC(268) Skipped phase3 of Reference Processing due to unavailable references
[7013.026s][debug][gc,phases      ] GC(268) Reference Processing 0.042ms
[7013.026s][debug][gc,phases      ] GC(268) Weak Processing 0.286ms
[7013.027s][debug][gc,phases      ] GC(268) Scrub String Table 0.703ms
[7013.027s][debug][gc,age         ] GC(268) Desired survivor size 66060288 bytes, new threshold 15 (max threshold 15)
[7013.027s][info ][gc,heap        ] GC(268) PSYoungGen: 2024289K->53377K(2031616K)
[7013.027s][info ][gc,heap        ] GC(268) ParOldGen: 474136K->480048K(521216K)
[7013.027s][info ][gc,metaspace   ] GC(268) Metaspace: 75159K->75159K(1118208K)
[7013.027s][info ][gc             ] GC(268) Pause Young (Allocation Failure) 2439M->520M(2493M) 19.986ms
[7013.027s][info ][gc,cpu         ] GC(268) User=0.06s Sys=0.02s Real=0.02s
[7013.027s][info ][safepoint      ] Leaving safepoint region
[7013.027s][info ][safepoint      ] Total time for which application threads were stopped: 0.0202682 seconds, Stopping threads took: 0.0000650 seconds
[7018.028s][info ][safepoint      ] Application time: 5.0004668 seconds
[7018.028s][info ][safepoint      ] Entering safepoint region: Cleanup
[7018.028s][info ][safepoint      ] Leaving safepoint region
[7018.028s][info ][safepoint      ] Total time for which application threads were stopped: 0.0001016 seconds, Stopping threads took: 0.0000336 seconds
[7033.029s][info ][safepoint      ] Application time: 15.0012990 seconds
[7033.029s][info ][safepoint      ] Entering safepoint region: Cleanup
[7033.029s][info ][safepoint      ] Leaving safepoint region
[7033.029s][info ][safepoint      ] Total time for which application threads were stopped: 0.0000822 seconds, Stopping threads took: 0.0000172 seconds
[7037.659s][info ][safepoint      ] Application time: 4.6303161 seconds
[7037.660s][info ][safepoint      ] Entering safepoint region: RevokeBias
[7037.660s][info ][safepoint      ] Leaving safepoint region
[7037.660s][info ][safepoint      ] Total time for which application threads were stopped: 0.0001235 seconds, Stopping threads took: 0.0000432 seconds
[7038.082s][info ][safepoint      ] Application time: 0.4218975 seconds
[7038.082s][info ][safepoint      ] Entering safepoint region: RevokeBias
[7038.082s][info ][safepoint      ] Leaving safepoint region
[7038.082s][info ][safepoint      ] Total time for which application threads were stopped: 0.0001040 seconds, Stopping threads took: 0.0000420 seconds
[7038.082s][info ][safepoint      ] Application time: 0.0000734 seconds
[7038.082s][info ][safepoint      ] Entering safepoint region: RevokeBias
[7038.082s][info ][safepoint      ] Leaving safepoint region
[7038.082s][info ][safepoint      ] Total time for which application threads were stopped: 0.0000359 seconds, Stopping threads took: 0.0000071 seconds
[7042.082s][info ][safepoint      ] Application time: 4.0004082 seconds
[7042.082s][info ][safepoint      ] Entering safepoint region: Cleanup
[7042.082s][info ][safepoint      ] Leaving safepoint region
[7042.082s][info ][safepoint      ] Total time for which application threads were stopped: 0.0000825 seconds, Stopping threads took: 0.0000181 seconds
[7044.083s][info ][safepoint      ] Application time: 2.0002273 seconds
[7044.083s][info ][safepoint      ] Entering safepoint region: Cleanup
[7044.083s][info ][safepoint      ] Leaving safepoint region
[7044.083s][info ][safepoint      ] Total time for which application threads were stopped: 0.0000817 seconds, Stopping threads took: 0.0000191 seconds
[7046.083s][info ][safepoint      ] Application time: 2.0001611 seconds
[7046.083s][info ][safepoint      ] Entering safepoint region: Cleanup
[7046.083s][info ][safepoint      ] Leaving safepoint region
[7046.083s][info ][safepoint      ] Total time for which application threads were stopped: 0.0000926 seconds, Stopping threads took: 0.0000165 seconds
[7049.663s][info ][safepoint      ] Application time: 3.5797101 seconds
[7049.663s][info ][safepoint      ] Entering safepoint region: ParallelGCFailedAllocation
[7049.663s][info ][gc,start       ] GC(269) Pause Young (Allocation Failure)
[7049.678s][debug][gc,phases      ] GC(269) Scavenge 15.485ms
[7049.678s][debug][gc,ref         ] GC(269) Skipped phase1 of Reference Processing due to unavailable references
[7049.678s][debug][gc,ref         ] GC(269) Skipped phase3 of Reference Processing due to unavailable references
[7049.678s][debug][gc,phases      ] GC(269) Reference Processing 0.037ms
[7049.679s][debug][gc,phases      ] GC(269) Weak Processing 0.116ms
[7049.679s][debug][gc,phases      ] GC(269) Scrub String Table 0.430ms
[7049.679s][debug][gc,age         ] GC(269) Desired survivor size 65536000 bytes, new threshold 15 (max threshold 15)
[7049.679s][info ][gc,heap        ] GC(269) PSYoungGen: 2019457K->53393K(2033152K)
[7049.679s][info ][gc,heap        ] GC(269) ParOldGen: 480048K->480248K(521216K)
[7049.679s][info ][gc,metaspace   ] GC(269) Metaspace: 75172K->75172K(1118208K)
[7049.679s][info ][gc             ] GC(269) Pause Young (Allocation Failure) 2440M->521M(2494M) 16.228ms
[7049.679s][info ][gc,cpu         ] GC(269) User=0.06s Sys=0.00s Real=0.01s
[7049.679s][info ][safepoint      ] Leaving safepoint region
[7049.679s][info ][safepoint      ] Total time for which application threads were stopped: 0.0164081 seconds, Stopping threads took: 0.0000175 seconds
[7052.679s][info ][safepoint      ] Application time: 3.0003122 seconds
[7052.680s][info ][safepoint      ] Entering safepoint region: Cleanup
[7052.680s][info ][safepoint      ] Leaving safepoint region
[7052.680s][info ][safepoint      ] Total time for which application threads were stopped: 0.0001178 seconds, Stopping threads took: 0.0000304 seconds
[7054.680s][info ][safepoint      ] Application time: 2.0001907 seconds
[7054.680s][info ][safepoint      ] Entering safepoint region: Cleanup
[7054.680s][info ][safepoint      ] Leaving safepoint region
[7054.680s][info ][safepoint      ] Total time for which application threads were stopped: 0.0000830 seconds, Stopping threads took: 0.0000193 seconds
[7058.680s][info ][safepoint      ] Application time: 4.0003797 seconds
[7058.680s][info ][safepoint      ] Entering safepoint region: Cleanup
[7058.680s][info ][safepoint      ] Leaving safepoint region
[7058.680s][info ][safepoint      ] Total time for which application threads were stopped: 0.0000803 seconds, Stopping threads took: 0.0000187 seconds
[7059.784s][info ][safepoint      ] Application time: 1.1030268 seconds
[7059.784s][info ][safepoint      ] Entering safepoint region: RevokeBias
[7059.784s][info ][safepoint      ] Leaving safepoint region
[7059.784s][info ][safepoint      ] Total time for which application threads were stopped: 0.0001057 seconds, Stopping threads took: 0.0000159 seconds
[7059.784s][info ][safepoint      ] Application time: 0.0002769 seconds
[7059.784s][info ][safepoint      ] Entering safepoint region: RevokeBias
[7059.784s][info ][safepoint      ] Leaving safepoint region
[7059.784s][info ][safepoint      ] Total time for which application threads were stopped: 0.0000391 seconds, Stopping threads took: 0.0000070 seconds
[7059.868s][info ][safepoint      ] Application time: 0.0843929 seconds
[7059.868s][info ][safepoint      ] Entering safepoint region: RevokeBias
[7059.869s][info ][safepoint      ] Leaving safepoint region
[7059.869s][info ][safepoint      ] Total time for which application threads were stopped: 0.0001020 seconds, Stopping threads took: 0.0000152 seconds
[7060.797s][info ][safepoint      ] Application time: 0.9284616 seconds
[7060.797s][info ][safepoint      ] Entering safepoint region: RevokeBias
[7060.797s][info ][safepoint      ] Leaving safepoint region
[7060.797s][info ][safepoint      ] Total time for which application threads were stopped: 0.0001407 seconds, Stopping threads took: 0.0000312 seconds
[7060.800s][info ][safepoint      ] Application time: 0.0025869 seconds
[7060.800s][info ][safepoint      ] Entering safepoint region: RevokeBias
[7060.800s][info ][safepoint      ] Leaving safepoint region
[7060.800s][info ][safepoint      ] Total time for which application threads were stopped: 0.0000736 seconds, Stopping threads took: 0.0000224 seconds
[7060.800s][info ][safepoint      ] Application time: 0.0000672 seconds
[7060.800s][info ][safepoint      ] Entering safepoint region: RevokeBias
[7060.800s][info ][safepoint      ] Leaving safepoint region
[7060.800s][info ][safepoint      ] Total time for which application threads were stopped: 0.0000310 seconds, Stopping threads took: 0.0000067 seconds
[7060.800s][info ][safepoint      ] Application time: 0.0000477 seconds
[7060.800s][info ][safepoint      ] Entering safepoint region: RevokeBias
[7060.800s][info ][safepoint      ] Leaving safepoint region
[7060.800s][info ][safepoint      ] Total time for which application threads were stopped: 0.0000618 seconds, Stopping threads took: 0.0000383 seconds
[7060.800s][info ][safepoint      ] Application time: 0.0000458 seconds
[7060.800s][info ][safepoint      ] Entering safepoint region: RevokeBias
[7060.800s][info ][safepoint      ] Leaving safepoint region
[7060.800s][info ][safepoint      ] Total time for which application threads were stopped: 0.0000269 seconds, Stopping threads took: 0.0000063 seconds
[7060.800s][info ][safepoint      ] Application time: 0.0000435 seconds
[7060.800s][info ][safepoint      ] Entering safepoint region: RevokeBias
[7060.800s][info ][safepoint      ] Leaving safepoint region
[7060.800s][info ][safepoint      ] Total time for which application threads were stopped: 0.0000609 seconds, Stopping threads took: 0.0000385 seconds
[7060.800s][info ][safepoint      ] Application time: 0.0000432 seconds
[7060.800s][info ][safepoint      ] Entering safepoint region: RevokeBias
[7060.800s][info ][safepoint      ] Leaving safepoint region
[7060.800s][info ][safepoint      ] Total time for which application threads were stopped: 0.0000269 seconds, Stopping threads took: 0.0000063 seconds
[7060.800s][info ][safepoint      ] Application time: 0.0000950 seconds
[7060.800s][info ][safepoint      ] Entering safepoint region: RevokeBias
[7060.801s][info ][safepoint      ] Leaving safepoint region
[7060.801s][info ][safepoint      ] Total time for which application threads were stopped: 0.0000292 seconds, Stopping threads took: 0.0000061 seconds
[7060.801s][info ][safepoint      ] Application time: 0.0000417 seconds
[7060.801s][info ][safepoint      ] Entering safepoint region: RevokeBias
[7060.801s][info ][safepoint      ] Leaving safepoint region
[7060.801s][info ][safepoint      ] Total time for which application threads were stopped: 0.0000449 seconds, Stopping threads took: 0.0000219 seconds
[7060.801s][info ][safepoint      ] Application time: 0.0000475 seconds
[7060.801s][info ][safepoint      ] Entering safepoint region: RevokeBias
[7060.801s][info ][safepoint      ] Leaving safepoint region
[7060.801s][info ][safepoint      ] Total time for which application threads were stopped: 0.0000268 seconds, Stopping threads took: 0.0000064 seconds
[7060.801s][info ][safepoint      ] Application time: 0.0000390 seconds
[7060.801s][info ][safepoint      ] Entering safepoint region: RevokeBias
[7060.801s][info ][safepoint      ] Leaving safepoint region
[7060.801s][info ][safepoint      ] Total time for which application threads were stopped: 0.0000260 seconds, Stopping threads took: 0.0000060 seconds
[7060.801s][info ][safepoint      ] Application time: 0.0000391 seconds
[7060.801s][info ][safepoint      ] Entering safepoint region: RevokeBias
[7060.801s][info ][safepoint      ] Leaving safepoint region
[7060.801s][info ][safepoint      ] Total time for which application threads were stopped: 0.0000559 seconds, Stopping threads took: 0.0000338 seconds
[7060.801s][info ][safepoint      ] Application time: 0.0000573 seconds
[7060.801s][info ][safepoint      ] Entering safepoint region: RevokeBias
[7060.801s][info ][safepoint      ] Leaving safepoint region
[7060.801s][info ][safepoint      ] Total time for which application threads were stopped: 0.0000265 seconds, Stopping threads took: 0.0000063 seconds
[7060.801s][info ][safepoint      ] Application time: 0.0000467 seconds
[7060.801s][info ][safepoint      ] Entering safepoint region: RevokeBias
[7060.801s][info ][safepoint      ] Leaving safepoint region
[7060.801s][info ][safepoint      ] Total time for which application threads were stopped: 0.0000263 seconds, Stopping threads took: 0.0000062 seconds
[7060.801s][info ][safepoint      ] Application time: 0.0000385 seconds
[7060.801s][info ][safepoint      ] Entering safepoint region: RevokeBias
[7060.801s][info ][safepoint      ] Leaving safepoint region
[7060.801s][info ][safepoint      ] Total time for which application threads were stopped: 0.0000609 seconds, Stopping threads took: 0.0000387 seconds
[7060.801s][info ][safepoint      ] Application time: 0.0000460 seconds
[7060.801s][info ][safepoint      ] Entering safepoint region: RevokeBias
[7060.801s][info ][safepoint      ] Leaving safepoint region
[7060.801s][info ][safepoint      ] Total time for which application threads were stopped: 0.0000272 seconds, Stopping threads took: 0.0000062 seconds
[7060.801s][info ][safepoint      ] Application time: 0.0000447 seconds
[7060.801s][info ][safepoint      ] Entering safepoint region: RevokeBias
[7060.801s][info ][safepoint      ] Leaving safepoint region
[7060.801s][info ][safepoint      ] Total time for which application threads were stopped: 0.0000267 seconds, Stopping threads took: 0.0000062 seconds
[7060.801s][info ][safepoint      ] Application time: 0.0000433 seconds
[7060.801s][info ][safepoint      ] Entering safepoint region: RevokeBias
[7060.801s][info ][safepoint      ] Leaving safepoint region
[7060.801s][info ][safepoint      ] Total time for which application threads were stopped: 0.0000262 seconds, Stopping threads took: 0.0000061 seconds
[7060.801s][info ][safepoint      ] Application time: 0.0000384 seconds
[7060.801s][info ][safepoint      ] Entering safepoint region: RevokeBias
[7060.802s][info ][safepoint      ] Leaving safepoint region
[7060.802s][info ][safepoint      ] Total time for which application threads were stopped: 0.0000612 seconds, Stopping threads took: 0.0000390 seconds
[7060.802s][info ][safepoint      ] Application time: 0.0000437 seconds
[7060.802s][info ][safepoint      ] Entering safepoint region: RevokeBias
[7060.802s][info ][safepoint      ] Leaving safepoint region
[7060.802s][info ][safepoint      ] Total time for which application threads were stopped: 0.0000263 seconds, Stopping threads took: 0.0000061 seconds
[7060.802s][info ][safepoint      ] Application time: 0.0000435 seconds
[7060.802s][info ][safepoint      ] Entering safepoint region: BulkRevokeBias
[7060.802s][info ][safepoint      ] Leaving safepoint region
[7060.802s][info ][safepoint      ] Total time for which application threads were stopped: 0.0001485 seconds, Stopping threads took: 0.0000063 seconds
[7060.820s][info ][safepoint      ] Application time: 0.0180211 seconds
[7060.820s][info ][safepoint      ] Entering safepoint region: RevokeBias
[7060.820s][info ][safepoint      ] Leaving safepoint region
[7060.820s][info ][safepoint      ] Total time for which application threads were stopped: 0.0001254 seconds, Stopping threads took: 0.0000512 seconds
[7060.938s][info ][safepoint      ] Application time: 0.1179398 seconds
[7060.938s][info ][safepoint      ] Entering safepoint region: RevokeBias
[7060.938s][info ][safepoint      ] Leaving safepoint region
[7060.938s][info ][safepoint      ] Total time for which application threads were stopped: 0.0001069 seconds, Stopping threads took: 0.0000153 seconds
[7060.964s][info ][safepoint      ] Application time: 0.0259456 seconds
[7060.964s][info ][safepoint      ] Entering safepoint region: RevokeBias
[7060.964s][info ][safepoint      ] Leaving safepoint region
[7060.964s][info ][safepoint      ] Total time for which application threads were stopped: 0.0000935 seconds, Stopping threads took: 0.0000161 seconds
[7061.169s][info ][safepoint      ] Application time: 0.2050717 seconds
[7061.169s][info ][safepoint      ] Entering safepoint region: ICBufferFull
[7061.169s][info ][safepoint      ] Leaving safepoint region
[7061.169s][info ][safepoint      ] Total time for which application threads were stopped: 0.0002443 seconds, Stopping threads took: 0.0000149 seconds
[7062.097s][info ][safepoint      ] Application time: 0.9276165 seconds
[7062.097s][info ][safepoint      ] Entering safepoint region: RevokeBias
[7062.097s][info ][safepoint      ] Leaving safepoint region
[7062.097s][info ][safepoint      ] Total time for which application threads were stopped: 0.0001682 seconds, Stopping threads took: 0.0000177 seconds
[7062.098s][info ][safepoint      ] Application time: 0.0003308 seconds
[7062.098s][info ][safepoint      ] Entering safepoint region: RevokeBias
[7062.098s][info ][safepoint      ] Leaving safepoint region
[7062.098s][info ][safepoint      ] Total time for which application threads were stopped: 0.0000410 seconds, Stopping threads took: 0.0000078 seconds
[7062.254s][info ][safepoint      ] Application time: 0.1563882 seconds
[7062.254s][info ][safepoint      ] Entering safepoint region: RevokeBias
[7062.254s][info ][safepoint      ] Leaving safepoint region
[7062.254s][info ][safepoint      ] Total time for which application threads were stopped: 0.0002239 seconds, Stopping threads took: 0.0000612 seconds
[7063.254s][info ][safepoint      ] Application time: 1.0001095 seconds
[7063.255s][info ][safepoint      ] Entering safepoint region: Cleanup
[7063.255s][info ][safepoint      ] Leaving safepoint region
[7063.255s][info ][safepoint      ] Total time for which application threads were stopped: 0.0001616 seconds, Stopping threads took: 0.0000557 seconds
[7063.704s][info ][safepoint      ] Application time: 0.4494245 seconds
[7063.704s][info ][safepoint      ] Entering safepoint region: RevokeBias
[7063.704s][info ][safepoint      ] Leaving safepoint region
[7063.704s][info ][safepoint      ] Total time for which application threads were stopped: 0.0001949 seconds, Stopping threads took: 0.0000679 seconds
[7063.915s][info ][safepoint      ] Application time: 0.2103078 seconds
[7063.915s][info ][safepoint      ] Entering safepoint region: RevokeBias
[7063.915s][info ][safepoint      ] Leaving safepoint region
[7063.915s][info ][safepoint      ] Total time for which application threads were stopped: 0.0001534 seconds, Stopping threads took: 0.0000600 seconds
[7063.915s][info ][safepoint      ] Application time: 0.0001837 seconds
[7063.915s][info ][safepoint      ] Entering safepoint region: RevokeBias
[7063.915s][info ][safepoint      ] Leaving safepoint region
[7063.915s][info ][safepoint      ] Total time for which application threads were stopped: 0.0000867 seconds, Stopping threads took: 0.0000525 seconds
[7063.915s][info ][safepoint      ] Application time: 0.0000864 seconds
[7063.915s][info ][safepoint      ] Entering safepoint region: RevokeBias
[7063.915s][info ][safepoint      ] Leaving safepoint region
[7063.915s][info ][safepoint      ] Total time for which application threads were stopped: 0.0000752 seconds, Stopping threads took: 0.0000421 seconds
[7063.915s][info ][safepoint      ] Application time: 0.0000388 seconds
[7063.915s][info ][safepoint      ] Entering safepoint region: RevokeBias
[7063.915s][info ][safepoint      ] Leaving safepoint region
[7063.915s][info ][safepoint      ] Total time for which application threads were stopped: 0.0000612 seconds, Stopping threads took: 0.0000331 seconds
[7063.915s][info ][safepoint      ] Application time: 0.0000444 seconds
[7063.915s][info ][safepoint      ] Entering safepoint region: RevokeBias
[7063.916s][info ][safepoint      ] Leaving safepoint region
[7063.916s][info ][safepoint      ] Total time for which application threads were stopped: 0.0000709 seconds, Stopping threads took: 0.0000391 seconds
[7063.916s][info ][safepoint      ] Application time: 0.0000668 seconds
[7063.916s][info ][safepoint      ] Entering safepoint region: RevokeBias
[7063.916s][info ][safepoint      ] Leaving safepoint region
[7063.916s][info ][safepoint      ] Total time for which application threads were stopped: 0.0000683 seconds, Stopping threads took: 0.0000392 seconds
[7063.916s][info ][safepoint      ] Application time: 0.0003404 seconds
[7063.916s][info ][safepoint      ] Entering safepoint region: RevokeBias
[7063.916s][info ][safepoint      ] Leaving safepoint region
[7063.916s][info ][safepoint      ] Total time for which application threads were stopped: 0.0001251 seconds, Stopping threads took: 0.0000855 seconds
[7064.035s][info ][safepoint      ] Application time: 0.1187113 seconds
[7064.035s][info ][safepoint      ] Entering safepoint region: RevokeBias
[7064.035s][info ][safepoint      ] Leaving safepoint region
[7064.035s][info ][safepoint      ] Total time for which application threads were stopped: 0.0001434 seconds, Stopping threads took: 0.0000182 seconds
[7064.072s][info ][safepoint      ] Application time: 0.0370867 seconds
[7064.072s][info ][safepoint      ] Entering safepoint region: RevokeBias
[7064.072s][info ][safepoint      ] Leaving safepoint region
[7064.072s][info ][safepoint      ] Total time for which application threads were stopped: 0.0001041 seconds, Stopping threads took: 0.0000183 seconds
[7065.072s][info ][safepoint      ] Application time: 1.0000955 seconds
[7065.072s][info ][safepoint      ] Entering safepoint region: Cleanup
[7065.073s][info ][safepoint      ] Leaving safepoint region
[7065.073s][info ][safepoint      ] Total time for which application threads were stopped: 0.0001282 seconds, Stopping threads took: 0.0000182 seconds
[7067.073s][info ][safepoint      ] Application time: 2.0002442 seconds
[7067.073s][info ][safepoint      ] Entering safepoint region: Cleanup
[7067.073s][info ][safepoint      ] Leaving safepoint region
[7067.073s][info ][safepoint      ] Total time for which application threads were stopped: 0.0001332 seconds, Stopping threads took: 0.0000180 seconds
[7068.073s][info ][safepoint      ] Application time: 1.0000467 seconds
[7068.073s][info ][safepoint      ] Entering safepoint region: Cleanup
[7068.073s][info ][safepoint      ] Leaving safepoint region
[7068.073s][info ][safepoint      ] Total time for which application threads were stopped: 0.0001058 seconds, Stopping threads took: 0.0000191 seconds
[7070.938s][info ][safepoint      ] Application time: 2.8645483 seconds
[7070.938s][info ][safepoint      ] Entering safepoint region: RevokeBias
[7070.938s][info ][safepoint      ] Leaving safepoint region
[7070.938s][info ][safepoint      ] Total time for which application threads were stopped: 0.0001113 seconds, Stopping threads took: 0.0000400 seconds
[7070.938s][info ][safepoint      ] Application time: 0.0001001 seconds
[7070.938s][info ][safepoint      ] Entering safepoint region: RevokeBias
[7070.938s][info ][safepoint      ] Leaving safepoint region
[7070.938s][info ][safepoint      ] Total time for which application threads were stopped: 0.0000630 seconds, Stopping threads took: 0.0000342 seconds
[7071.938s][info ][safepoint      ] Application time: 1.0001359 seconds
[7071.938s][info ][safepoint      ] Entering safepoint region: Cleanup
[7071.938s][info ][safepoint      ] Leaving safepoint region
[7071.938s][info ][safepoint      ] Total time for which application threads were stopped: 0.0000880 seconds, Stopping threads took: 0.0000207 seconds
[7072.424s][info ][safepoint      ] Application time: 0.4856148 seconds
[7072.424s][info ][safepoint      ] Entering safepoint region: ParallelGCFailedAllocation
[7072.424s][info ][gc,start       ] GC(270) Pause Young (Allocation Failure)
[7072.453s][debug][gc,phases      ] GC(270) Scavenge 28.350ms
[7072.453s][debug][gc,ref         ] GC(270) Skipped phase1 of Reference Processing due to unavailable references
[7072.453s][debug][gc,phases      ] GC(270) Reference Processing 0.103ms
[7072.453s][debug][gc,phases      ] GC(270) Weak Processing 0.316ms
[7072.453s][debug][gc,phases      ] GC(270) Scrub String Table 0.431ms
[7072.453s][debug][gc,age         ] GC(270) Desired survivor size 79167488 bytes, new threshold 14 (max threshold 15)
[7072.453s][info ][gc,heap        ] GC(270) PSYoungGen: 2022033K->63979K(2032640K)
[7072.453s][info ][gc,heap        ] GC(270) ParOldGen: 480248K->508038K(521216K)
[7072.453s][info ][gc,metaspace   ] GC(270) Metaspace: 75265K->75265K(1118208K)
[7072.453s][info ][gc             ] GC(270) Pause Young (Allocation Failure) 2443M->558M(2494M) 29.362ms
[7072.454s][info ][gc,cpu         ] GC(270) User=0.10s Sys=0.01s Real=0.03s
[7072.454s][debug][gc,phases      ] GC(271) Pre Compact 0.012ms
[7072.454s][info ][gc,start       ] GC(271) Pause Full (Ergonomics)
[7072.454s][info ][gc,phases,start] GC(271) Marking Phase
[7072.638s][debug][gc,phases      ] GC(271) Par Mark 184.174ms
[7072.639s][debug][gc,ref         ] GC(271) Skipped phase3 of Reference Processing due to unavailable references
[7072.639s][debug][gc,phases      ] GC(271) Reference Processing 0.510ms
[7072.639s][debug][gc,phases      ] GC(271) Weak Processing 0.238ms
[7072.640s][debug][gc,phases      ] GC(271) ClassLoaderData 0.527ms
[7072.640s][debug][gc,phases      ] GC(271) ProtectionDomainCacheTable 0.004ms
[7072.640s][debug][gc,phases      ] GC(271) ResolvedMethodTable 0.243ms
[7072.649s][debug][gc,phases      ] GC(271) Class Unloading 10.339ms
[7072.650s][debug][gc,phases      ] GC(271) Scrub String Table 0.508ms
[7072.656s][debug][gc,phases      ] GC(271) Scrub Symbol Table 5.843ms
[7072.656s][info ][gc,phases      ] GC(271) Marking Phase 202.256ms
[7072.656s][info ][gc,phases,start] GC(271) Summary Phase
[7072.656s][info ][gc,phases      ] GC(271) Summary Phase 0.028ms
[7072.656s][info ][gc,phases,start] GC(271) Adjust Roots
[7072.676s][info ][gc,phases      ] GC(271) Adjust Roots 19.809ms
[7072.676s][info ][gc,phases,start] GC(271) Compaction Phase
[7072.764s][info ][gc,phases      ] GC(271) Compaction Phase 88.164ms
[7072.764s][info ][gc,phases,start] GC(271) Post Compact
[7072.768s][info ][gc,phases      ] GC(271) Post Compact 3.570ms
[7072.768s][info ][gc,heap        ] GC(271) PSYoungGen: 63979K->0K(2007040K)
[7072.768s][info ][gc,heap        ] GC(271) ParOldGen: 508038K->389479K(599552K)
[7072.768s][info ][gc,metaspace   ] GC(271) Metaspace: 75265K->75265K(1118208K)
[7072.768s][info ][gc             ] GC(271) Pause Full (Ergonomics) 558M->380M(2545M) 314.237ms
[7072.768s][info ][gc,cpu         ] GC(271) User=1.13s Sys=0.00s Real=0.31s
[7072.768s][info ][safepoint      ] Leaving safepoint region
[7072.768s][info ][safepoint      ] Total time for which application threads were stopped: 0.3438754 seconds, Stopping threads took: 0.0000154 seconds
[7074.768s][info ][safepoint      ] Application time: 2.0002242 seconds
[7074.768s][info ][safepoint      ] Entering safepoint region: Cleanup
[7074.768s][info ][safepoint      ] Leaving safepoint region
[7074.768s][info ][safepoint      ] Total time for which application threads were stopped: 0.0001360 seconds, Stopping threads took: 0.0000564 seconds
[7077.769s][info ][safepoint      ] Application time: 3.0003261 seconds
[7077.769s][info ][safepoint      ] Entering safepoint region: Cleanup
[7077.769s][info ][safepoint      ] Leaving safepoint region
[7077.769s][info ][safepoint      ] Total time for which application threads were stopped: 0.0001359 seconds, Stopping threads took: 0.0000566 seconds
[7081.769s][info ][safepoint      ] Application time: 4.0003205 seconds
[7081.769s][info ][safepoint      ] Entering safepoint region: Cleanup
[7081.769s][info ][safepoint      ] Leaving safepoint region
[7081.769s][info ][safepoint      ] Total time for which application threads were stopped: 0.0001259 seconds, Stopping threads took: 0.0000403 seconds
[7085.770s][info ][safepoint      ] Application time: 4.0002971 seconds
[7085.770s][info ][safepoint      ] Entering safepoint region: Cleanup
[7085.770s][info ][safepoint      ] Leaving safepoint region
[7085.770s][info ][safepoint      ] Total time for which application threads were stopped: 0.0001285 seconds, Stopping threads took: 0.0000533 seconds
[7086.770s][info ][safepoint      ] Application time: 1.0001306 seconds
[7086.770s][info ][safepoint      ] Entering safepoint region: Cleanup
[7086.770s][info ][safepoint      ] Leaving safepoint region
[7086.770s][info ][safepoint      ] Total time for which application threads were stopped: 0.0001164 seconds, Stopping threads took: 0.0000399 seconds
[7087.770s][info ][safepoint      ] Application time: 1.0001369 seconds
[7087.770s][info ][safepoint      ] Entering safepoint region: Cleanup
[7087.770s][info ][safepoint      ] Leaving safepoint region
[7087.770s][info ][safepoint      ] Total time for which application threads were stopped: 0.0001188 seconds, Stopping threads took: 0.0000437 seconds
[7088.771s][info ][safepoint      ] Application time: 1.0001551 seconds
[7088.771s][info ][safepoint      ] Entering safepoint region: Cleanup
[7088.771s][info ][safepoint      ] Leaving safepoint region
[7088.771s][info ][safepoint      ] Total time for which application threads were stopped: 0.0001369 seconds, Stopping threads took: 0.0000555 seconds
[7089.028s][info ][safepoint      ] Application time: 0.2569656 seconds
[7089.028s][info ][safepoint      ] Entering safepoint region: ParallelGCFailedAllocation
[7089.028s][info ][gc,start       ] GC(272) Pause Young (Allocation Failure)
[7089.033s][debug][gc,phases      ] GC(272) Scavenge 4.888ms
[7089.033s][debug][gc,ref         ] GC(272) Skipped phase1 of Reference Processing due to unavailable references
[7089.033s][debug][gc,ref         ] GC(272) Skipped phase2 of Reference Processing due to unavailable references
[7089.033s][debug][gc,ref         ] GC(272) Skipped phase3 of Reference Processing due to unavailable references
[7089.033s][debug][gc,phases      ] GC(272) Reference Processing 0.036ms
[7089.033s][debug][gc,phases      ] GC(272) Weak Processing 0.110ms
[7089.033s][debug][gc,phases      ] GC(272) Scrub String Table 0.402ms
[7089.033s][debug][gc,age         ] GC(272) Desired survivor size 85458944 bytes, new threshold 15 (max threshold 15)
[7089.033s][info ][gc,heap        ] GC(272) PSYoungGen: 1942528K->7936K(1950720K)
[7089.033s][info ][gc,heap        ] GC(272) ParOldGen: 389479K->389479K(599552K)
[7089.033s][info ][gc,metaspace   ] GC(272) Metaspace: 75267K->75267K(1118208K)
[7089.033s][info ][gc             ] GC(272) Pause Young (Allocation Failure) 2277M->388M(2490M) 5.569ms
[7089.033s][info ][gc,cpu         ] GC(272) User=0.02s Sys=0.00s Real=0.01s
[7089.033s][info ][safepoint      ] Leaving safepoint region
[7089.033s][info ][safepoint      ] Total time for which application threads were stopped: 0.0057297 seconds, Stopping threads took: 0.0000154 seconds
[7090.034s][info ][safepoint      ] Application time: 1.0000941 seconds
[7090.034s][info ][safepoint      ] Entering safepoint region: Cleanup
[7090.034s][info ][safepoint      ] Leaving safepoint region
[7090.034s][info ][safepoint      ] Total time for which application threads were stopped: 0.0001248 seconds, Stopping threads took: 0.0000453 seconds
[7091.034s][info ][safepoint      ] Application time: 1.0000942 seconds
[7091.034s][info ][safepoint      ] Entering safepoint region: Cleanup
[7091.034s][info ][safepoint      ] Leaving safepoint region
[7091.034s][info ][safepoint      ] Total time for which application threads were stopped: 0.0001429 seconds, Stopping threads took: 0.0000543 seconds
[7092.034s][info ][safepoint      ] Application time: 1.0000860 seconds
[7092.034s][info ][safepoint      ] Entering safepoint region: Cleanup
[7092.034s][info ][safepoint      ] Leaving safepoint region
[7092.034s][info ][safepoint      ] Total time for which application threads were stopped: 0.0001390 seconds, Stopping threads took: 0.0000635 seconds
[7093.034s][info ][safepoint      ] Application time: 1.0001311 seconds
[7093.034s][info ][safepoint      ] Entering safepoint region: Cleanup
[7093.035s][info ][safepoint      ] Leaving safepoint region
[7093.035s][info ][safepoint      ] Total time for which application threads were stopped: 0.0001429 seconds, Stopping threads took: 0.0000648 seconds
[7094.035s][info ][safepoint      ] Application time: 1.0001254 seconds
[7094.035s][info ][safepoint      ] Entering safepoint region: Cleanup
[7094.035s][info ][safepoint      ] Leaving safepoint region
[7094.035s][info ][safepoint      ] Total time for which application threads were stopped: 0.0000843 seconds, Stopping threads took: 0.0000172 seconds
[7095.035s][info ][safepoint      ] Application time: 1.0000755 seconds
[7095.035s][info ][safepoint      ] Entering safepoint region: Cleanup
[7095.035s][info ][safepoint      ] Leaving safepoint region
[7095.035s][info ][safepoint      ] Total time for which application threads were stopped: 0.0001139 seconds, Stopping threads took: 0.0000444 seconds
[7097.035s][info ][safepoint      ] Application time: 2.0002037 seconds
[7097.035s][info ][safepoint      ] Entering safepoint region: Cleanup
[7097.035s][info ][safepoint      ] Leaving safepoint region
[7097.035s][info ][safepoint      ] Total time for which application threads were stopped: 0.0001306 seconds, Stopping threads took: 0.0000600 seconds
[7098.036s][info ][safepoint      ] Application time: 1.0000843 seconds
[7098.036s][info ][safepoint      ] Entering safepoint region: Cleanup
[7098.036s][info ][safepoint      ] Leaving safepoint region
[7098.036s][info ][safepoint      ] Total time for which application threads were stopped: 0.0001634 seconds, Stopping threads took: 0.0000788 seconds
[7099.036s][info ][safepoint      ] Application time: 1.0000823 seconds
[7099.036s][info ][safepoint      ] Entering safepoint region: Cleanup
[7099.036s][info ][safepoint      ] Leaving safepoint region
[7099.036s][info ][safepoint      ] Total time for which application threads were stopped: 0.0001233 seconds, Stopping threads took: 0.0000430 seconds
[7100.036s][info ][safepoint      ] Application time: 1.0001304 seconds
[7100.036s][info ][safepoint      ] Entering safepoint region: Cleanup
[7100.036s][info ][safepoint      ] Leaving safepoint region
[7100.036s][info ][safepoint      ] Total time for which application threads were stopped: 0.0001022 seconds, Stopping threads took: 0.0000362 seconds
[7101.036s][info ][safepoint      ] Application time: 1.0000917 seconds
[7101.036s][info ][safepoint      ] Entering safepoint region: Cleanup
[7101.036s][info ][safepoint      ] Leaving safepoint region
[7101.036s][info ][safepoint      ] Total time for which application threads were stopped: 0.0001147 seconds, Stopping threads took: 0.0000450 seconds
[7102.037s][info ][safepoint      ] Application time: 1.0000865 seconds
[7102.037s][info ][safepoint      ] Entering safepoint region: Cleanup
[7102.037s][info ][safepoint      ] Leaving safepoint region
[7102.037s][info ][safepoint      ] Total time for which application threads were stopped: 0.0001231 seconds, Stopping threads took: 0.0000416 seconds
[7103.428s][info ][safepoint      ] Application time: 1.3913820 seconds
[7103.428s][info ][safepoint      ] Entering safepoint region: ParallelGCFailedAllocation
[7103.428s][info ][gc,start       ] GC(273) Pause Young (Allocation Failure)
[7103.434s][debug][gc,phases      ] GC(273) Scavenge 5.793ms
[7103.434s][debug][gc,ref         ] GC(273) Skipped phase1 of Reference Processing due to unavailable references
[7103.434s][debug][gc,ref         ] GC(273) Skipped phase2 of Reference Processing due to unavailable references
[7103.434s][debug][gc,ref         ] GC(273) Skipped phase3 of Reference Processing due to unavailable references
[7103.434s][debug][gc,phases      ] GC(273) Reference Processing 0.036ms
[7103.434s][debug][gc,phases      ] GC(273) Weak Processing 0.114ms
[7103.435s][debug][gc,phases      ] GC(273) Scrub String Table 0.406ms
[7103.435s][debug][gc,age         ] GC(273) Desired survivor size 89128960 bytes, new threshold 15 (max threshold 15)
[7103.435s][info ][gc,heap        ] GC(273) PSYoungGen: 1950464K->11600K(2006528K)
[7103.435s][info ][gc,heap        ] GC(273) ParOldGen: 389479K->389479K(599552K)
[7103.435s][info ][gc,metaspace   ] GC(273) Metaspace: 75275K->75275K(1118208K)
[7103.435s][info ][gc             ] GC(273) Pause Young (Allocation Failure) 2285M->391M(2545M) 6.489ms
[7103.435s][info ][gc,cpu         ] GC(273) User=0.03s Sys=0.00s Real=0.01s
[7103.435s][info ][safepoint      ] Leaving safepoint region
[7103.435s][info ][safepoint      ] Total time for which application threads were stopped: 0.0066542 seconds, Stopping threads took: 0.0000165 seconds
[7104.435s][info ][safepoint      ] Application time: 1.0001041 seconds
[7104.435s][info ][safepoint      ] Entering safepoint region: Cleanup
[7104.435s][info ][safepoint      ] Leaving safepoint region
[7104.435s][info ][safepoint      ] Total time for which application threads were stopped: 0.0001154 seconds, Stopping threads took: 0.0000393 seconds
[7116.437s][info ][safepoint      ] Application time: 12.0021194 seconds
[7116.437s][info ][safepoint      ] Entering safepoint region: Cleanup
[7116.437s][info ][safepoint      ] Leaving safepoint region
[7116.437s][info ][safepoint      ] Total time for which application threads were stopped: 0.0001066 seconds, Stopping threads took: 0.0000370 seconds
[7117.437s][info ][safepoint      ] Application time: 1.0001155 seconds
[7117.438s][info ][safepoint      ] Entering safepoint region: Cleanup
[7117.438s][info ][safepoint      ] Leaving safepoint region
[7117.438s][info ][safepoint      ] Total time for which application threads were stopped: 0.0000877 seconds, Stopping threads took: 0.0000183 seconds
[7118.059s][info ][safepoint      ] Application time: 0.6210339 seconds
[7118.059s][info ][safepoint      ] Entering safepoint region: ParallelGCFailedAllocation
[7118.059s][info ][gc,start       ] GC(274) Pause Young (Allocation Failure)
[7118.066s][debug][gc,phases      ] GC(274) Scavenge 7.251ms
[7118.066s][debug][gc,ref         ] GC(274) Skipped phase1 of Reference Processing due to unavailable references
[7118.066s][debug][gc,ref         ] GC(274) Skipped phase2 of Reference Processing due to unavailable references
[7118.066s][debug][gc,ref         ] GC(274) Skipped phase3 of Reference Processing due to unavailable references
[7118.066s][debug][gc,phases      ] GC(274) Reference Processing 0.037ms
[7118.066s][debug][gc,phases      ] GC(274) Weak Processing 0.112ms
[7118.067s][debug][gc,phases      ] GC(274) Scrub String Table 0.415ms
[7118.067s][debug][gc,age         ] GC(274) Desired survivor size 90701824 bytes, new threshold 15 (max threshold 15)
[7118.067s][info ][gc,heap        ] GC(274) PSYoungGen: 1934672K->14432K(1937920K)
[7118.067s][info ][gc,heap        ] GC(274) ParOldGen: 389479K->389479K(599552K)
[7118.067s][info ][gc,metaspace   ] GC(274) Metaspace: 75275K->75275K(1118208K)
[7118.067s][info ][gc             ] GC(274) Pause Young (Allocation Failure) 2269M->394M(2478M) 8.013ms
[7118.067s][info ][gc,cpu         ] GC(274) User=0.03s Sys=0.00s Real=0.01s
[7118.067s][info ][safepoint      ] Leaving safepoint region
[7118.067s][info ][safepoint      ] Total time for which application threads were stopped: 0.0082082 seconds, Stopping threads took: 0.0000185 seconds
[7120.067s][info ][safepoint      ] Application time: 2.0002106 seconds
[7120.067s][info ][safepoint      ] Entering safepoint region: Cleanup
[7120.067s][info ][safepoint      ] Leaving safepoint region
[7120.067s][info ][safepoint      ] Total time for which application threads were stopped: 0.0001197 seconds, Stopping threads took: 0.0000443 seconds
[7121.223s][info ][safepoint      ] Application time: 1.1561026 seconds
[7121.223s][info ][safepoint      ] Entering safepoint region: RevokeBias
[7121.224s][info ][safepoint      ] Leaving safepoint region
[7121.224s][info ][safepoint      ] Total time for which application threads were stopped: 0.0001320 seconds, Stopping threads took: 0.0000417 seconds
[7124.870s][info ][safepoint      ] Application time: 3.6464441 seconds
[7124.870s][info ][safepoint      ] Entering safepoint region: RevokeBias
[7124.870s][info ][safepoint      ] Leaving safepoint region
[7124.870s][info ][safepoint      ] Total time for which application threads were stopped: 0.0001473 seconds, Stopping threads took: 0.0000724 seconds
[7124.872s][info ][safepoint      ] Application time: 0.0019764 seconds
[7124.872s][info ][safepoint      ] Entering safepoint region: RevokeBias
[7124.872s][info ][safepoint      ] Leaving safepoint region
[7124.872s][info ][safepoint      ] Total time for which application threads were stopped: 0.0001269 seconds, Stopping threads took: 0.0000605 seconds
[7125.872s][info ][safepoint      ] Application time: 1.0001145 seconds
[7125.872s][info ][safepoint      ] Entering safepoint region: Cleanup
[7125.873s][info ][safepoint      ] Leaving safepoint region
[7125.873s][info ][safepoint      ] Total time for which application threads were stopped: 0.0001632 seconds, Stopping threads took: 0.0000409 seconds
[7127.873s][info ][safepoint      ] Application time: 2.0002496 seconds
[7127.873s][info ][safepoint      ] Entering safepoint region: Cleanup
[7127.873s][info ][safepoint      ] Leaving safepoint region
[7127.873s][info ][safepoint      ] Total time for which application threads were stopped: 0.0001707 seconds, Stopping threads took: 0.0000737 seconds
[7128.873s][info ][safepoint      ] Application time: 1.0001306 seconds
[7128.873s][info ][safepoint      ] Entering safepoint region: Cleanup
[7128.873s][info ][safepoint      ] Leaving safepoint region
[7128.873s][info ][safepoint      ] Total time for which application threads were stopped: 0.0001337 seconds, Stopping threads took: 0.0000542 seconds
[7130.874s][info ][safepoint      ] Application time: 2.0002347 seconds
[7130.874s][info ][safepoint      ] Entering safepoint region: Cleanup
[7130.874s][info ][safepoint      ] Leaving safepoint region
[7130.874s][info ][safepoint      ] Total time for which application threads were stopped: 0.0004934 seconds, Stopping threads took: 0.0004156 seconds
[7131.874s][info ][safepoint      ] Application time: 1.0000785 seconds
[7131.874s][info ][safepoint      ] Entering safepoint region: Cleanup
[7131.874s][info ][safepoint      ] Leaving safepoint region
[7131.874s][info ][safepoint      ] Total time for which application threads were stopped: 0.0002055 seconds, Stopping threads took: 0.0001052 seconds
[7132.209s][info ][safepoint      ] Application time: 0.3345875 seconds
[7132.209s][info ][safepoint      ] Entering safepoint region: ParallelGCFailedAllocation
[7132.209s][info ][gc,start       ] GC(275) Pause Young (Allocation Failure)
[7132.217s][debug][gc,phases      ] GC(275) Scavenge 7.408ms
[7132.217s][debug][gc,ref         ] GC(275) Skipped phase1 of Reference Processing due to unavailable references
[7132.217s][debug][gc,ref         ] GC(275) Skipped phase2 of Reference Processing due to unavailable references
[7132.217s][debug][gc,ref         ] GC(275) Skipped phase3 of Reference Processing due to unavailable references
[7132.217s][debug][gc,phases      ] GC(275) Reference Processing 0.037ms
[7132.217s][debug][gc,phases      ] GC(275) Weak Processing 0.253ms
[7132.218s][debug][gc,phases      ] GC(275) Scrub String Table 0.796ms
[7132.218s][debug][gc,age         ] GC(275) Desired survivor size 91226112 bytes, new threshold 15 (max threshold 15)
[7132.218s][info ][gc,heap        ] GC(275) PSYoungGen: 1937504K->15648K(2007552K)
[7132.218s][info ][gc,heap        ] GC(275) ParOldGen: 389479K->389479K(599552K)
[7132.218s][info ][gc,metaspace   ] GC(275) Metaspace: 75282K->75282K(1118208K)
[7132.218s][info ][gc             ] GC(275) Pause Young (Allocation Failure) 2272M->395M(2546M) 8.625ms
[7132.218s][info ][gc,cpu         ] GC(275) User=0.02s Sys=0.01s Real=0.01s
[7132.218s][info ][safepoint      ] Leaving safepoint region
[7132.218s][info ][safepoint      ] Total time for which application threads were stopped: 0.0087891 seconds, Stopping threads took: 0.0000163 seconds
[7134.218s][info ][safepoint      ] Application time: 2.0001944 seconds
[7134.218s][info ][safepoint      ] Entering safepoint region: Cleanup
[7134.218s][info ][safepoint      ] Leaving safepoint region
[7134.218s][info ][safepoint      ] Total time for which application threads were stopped: 0.0001520 seconds, Stopping threads took: 0.0000759 seconds
[7135.218s][info ][safepoint      ] Application time: 1.0001002 seconds
[7135.219s][info ][safepoint      ] Entering safepoint region: Cleanup
[7135.219s][info ][safepoint      ] Leaving safepoint region
[7135.219s][info ][safepoint      ] Total time for which application threads were stopped: 0.0001778 seconds, Stopping threads took: 0.0001038 seconds
[7136.219s][info ][safepoint      ] Application time: 1.0001219 seconds
[7136.219s][info ][safepoint      ] Entering safepoint region: Cleanup
[7136.219s][info ][safepoint      ] Leaving safepoint region
[7136.219s][info ][safepoint      ] Total time for which application threads were stopped: 0.0001352 seconds, Stopping threads took: 0.0000606 seconds
[7138.224s][info ][safepoint      ] Application time: 2.0055978 seconds
[7138.225s][info ][safepoint      ] Entering safepoint region: RevokeBias
[7138.225s][info ][safepoint      ] Leaving safepoint region
[7138.225s][info ][safepoint      ] Total time for which application threads were stopped: 0.0001691 seconds, Stopping threads took: 0.0000751 seconds
[7138.225s][info ][safepoint      ] Application time: 0.0003386 seconds
[7138.225s][info ][safepoint      ] Entering safepoint region: RevokeBias
[7138.225s][info ][safepoint      ] Leaving safepoint region
[7138.225s][info ][safepoint      ] Total time for which application threads were stopped: 0.0000682 seconds, Stopping threads took: 0.0000241 seconds
[7138.307s][info ][safepoint      ] Application time: 0.0815891 seconds
[7138.307s][info ][safepoint      ] Entering safepoint region: RevokeBias
[7138.307s][info ][safepoint      ] Leaving safepoint region
[7138.307s][info ][safepoint      ] Total time for which application threads were stopped: 0.0001712 seconds, Stopping threads took: 0.0000434 seconds
[7139.374s][info ][safepoint      ] Application time: 1.0674377 seconds
[7139.374s][info ][safepoint      ] Entering safepoint region: RevokeBias
[7139.375s][info ][safepoint      ] Leaving safepoint region
[7139.375s][info ][safepoint      ] Total time for which application threads were stopped: 0.0001251 seconds, Stopping threads took: 0.0000406 seconds
[7139.377s][info ][safepoint      ] Application time: 0.0020651 seconds
[7139.377s][info ][safepoint      ] Entering safepoint region: RevokeBias
[7139.377s][info ][safepoint      ] Leaving safepoint region
[7139.377s][info ][safepoint      ] Total time for which application threads were stopped: 0.0001663 seconds, Stopping threads took: 0.0001226 seconds
[7139.377s][info ][safepoint      ] Application time: 0.0004573 seconds
[7139.377s][info ][safepoint      ] Entering safepoint region: RevokeBias
[7139.377s][info ][safepoint      ] Leaving safepoint region
[7139.377s][info ][safepoint      ] Total time for which application threads were stopped: 0.0000881 seconds, Stopping threads took: 0.0000462 seconds
[7139.377s][info ][safepoint      ] Application time: 0.0000518 seconds
[7139.377s][info ][safepoint      ] Entering safepoint region: RevokeBias
[7139.377s][info ][safepoint      ] Leaving safepoint region
[7139.377s][info ][safepoint      ] Total time for which application threads were stopped: 0.0000635 seconds, Stopping threads took: 0.0000319 seconds
[7139.378s][info ][safepoint      ] Application time: 0.0000655 seconds
[7139.378s][info ][safepoint      ] Entering safepoint region: RevokeBias
[7139.378s][info ][safepoint      ] Leaving safepoint region
[7139.378s][info ][safepoint      ] Total time for which application threads were stopped: 0.0000806 seconds, Stopping threads took: 0.0000483 seconds
[7139.378s][info ][safepoint      ] Application time: 0.0000449 seconds
[7139.378s][info ][safepoint      ] Entering safepoint region: RevokeBias
[7139.378s][info ][safepoint      ] Leaving safepoint region
[7139.378s][info ][safepoint      ] Total time for which application threads were stopped: 0.0000766 seconds, Stopping threads took: 0.0000458 seconds
[7139.378s][info ][safepoint      ] Application time: 0.0001170 seconds
[7139.378s][info ][safepoint      ] Entering safepoint region: RevokeBias
[7139.378s][info ][safepoint      ] Leaving safepoint region
[7139.378s][info ][safepoint      ] Total time for which application threads were stopped: 0.0000730 seconds, Stopping threads took: 0.0000439 seconds
[7139.378s][info ][safepoint      ] Application time: 0.0000548 seconds
[7139.378s][info ][safepoint      ] Entering safepoint region: RevokeBias
[7139.378s][info ][safepoint      ] Leaving safepoint region
[7139.378s][info ][safepoint      ] Total time for which application threads were stopped: 0.0000582 seconds, Stopping threads took: 0.0000303 seconds
[7139.378s][info ][safepoint      ] Application time: 0.0000483 seconds
[7139.378s][info ][safepoint      ] Entering safepoint region: RevokeBias
[7139.378s][info ][safepoint      ] Leaving safepoint region
[7139.378s][info ][safepoint      ] Total time for which application threads were stopped: 0.0000649 seconds, Stopping threads took: 0.0000352 seconds
[7139.378s][info ][safepoint      ] Application time: 0.0000474 seconds
[7139.378s][info ][safepoint      ] Entering safepoint region: RevokeBias
[7139.378s][info ][safepoint      ] Leaving safepoint region
[7139.378s][info ][safepoint      ] Total time for which application threads were stopped: 0.0000792 seconds, Stopping threads took: 0.0000489 seconds
[7139.378s][info ][safepoint      ] Application time: 0.0000453 seconds
[7139.378s][info ][safepoint      ] Entering safepoint region: RevokeBias
[7139.378s][info ][safepoint      ] Leaving safepoint region
[7139.378s][info ][safepoint      ] Total time for which application threads were stopped: 0.0000713 seconds, Stopping threads took: 0.0000420 seconds
[7139.379s][info ][safepoint      ] Application time: 0.0000454 seconds
[7139.379s][info ][safepoint      ] Entering safepoint region: RevokeBias
[7139.379s][info ][safepoint      ] Leaving safepoint region
[7139.379s][info ][safepoint      ] Total time for which application threads were stopped: 0.0000800 seconds, Stopping threads took: 0.0000511 seconds
[7139.379s][info ][safepoint      ] Application time: 0.0000636 seconds
[7139.379s][info ][safepoint      ] Entering safepoint region: RevokeBias
[7139.379s][info ][safepoint      ] Leaving safepoint region
[7139.379s][info ][safepoint      ] Total time for which application threads were stopped: 0.0000796 seconds, Stopping threads took: 0.0000501 seconds
[7139.379s][info ][safepoint      ] Application time: 0.0000497 seconds
[7139.379s][info ][safepoint      ] Entering safepoint region: RevokeBias
[7139.379s][info ][safepoint      ] Leaving safepoint region
[7139.379s][info ][safepoint      ] Total time for which application threads were stopped: 0.0000460 seconds, Stopping threads took: 0.0000179 seconds
[7139.379s][info ][safepoint      ] Application time: 0.0000596 seconds
[7139.379s][info ][safepoint      ] Entering safepoint region: RevokeBias
[7139.379s][info ][safepoint      ] Leaving safepoint region
[7139.379s][info ][safepoint      ] Total time for which application threads were stopped: 0.0000739 seconds, Stopping threads took: 0.0000454 seconds
[7139.379s][info ][safepoint      ] Application time: 0.0000462 seconds
[7139.379s][info ][safepoint      ] Entering safepoint region: RevokeBias
[7139.379s][info ][safepoint      ] Leaving safepoint region
[7139.379s][info ][safepoint      ] Total time for which application threads were stopped: 0.0000739 seconds, Stopping threads took: 0.0000460 seconds
[7139.379s][info ][safepoint      ] Application time: 0.0000455 seconds
[7139.379s][info ][safepoint      ] Entering safepoint region: RevokeBias
[7139.379s][info ][safepoint      ] Leaving safepoint region
[7139.379s][info ][safepoint      ] Total time for which application threads were stopped: 0.0000628 seconds, Stopping threads took: 0.0000331 seconds
[7139.379s][info ][safepoint      ] Application time: 0.0000460 seconds
[7139.379s][info ][safepoint      ] Entering safepoint region: RevokeBias
[7139.379s][info ][safepoint      ] Leaving safepoint region
[7139.379s][info ][safepoint      ] Total time for which application threads were stopped: 0.0001529 seconds, Stopping threads took: 0.0000989 seconds
[7139.380s][info ][safepoint      ] Application time: 0.0000542 seconds
[7139.380s][info ][safepoint      ] Entering safepoint region: RevokeBias
[7139.380s][info ][safepoint      ] Leaving safepoint region
[7139.380s][info ][safepoint      ] Total time for which application threads were stopped: 0.0000735 seconds, Stopping threads took: 0.0000385 seconds
[7139.380s][info ][safepoint      ] Application time: 0.0000473 seconds
[7139.380s][info ][safepoint      ] Entering safepoint region: RevokeBias
[7139.380s][info ][safepoint      ] Leaving safepoint region
[7139.380s][info ][safepoint      ] Total time for which application threads were stopped: 0.0000759 seconds, Stopping threads took: 0.0000448 seconds
[7139.380s][info ][safepoint      ] Application time: 0.0000462 seconds
[7139.380s][info ][safepoint      ] Entering safepoint region: BulkRevokeBias
[7139.380s][info ][safepoint      ] Leaving safepoint region
[7139.380s][info ][safepoint      ] Total time for which application threads were stopped: 0.0004416 seconds, Stopping threads took: 0.0000439 seconds
[7139.381s][info ][safepoint      ] Application time: 0.0006300 seconds
[7139.381s][info ][safepoint      ] Entering safepoint region: RevokeBias
[7139.381s][info ][safepoint      ] Leaving safepoint region
[7139.381s][info ][safepoint      ] Total time for which application threads were stopped: 0.0000852 seconds, Stopping threads took: 0.0000468 seconds
[7139.381s][info ][safepoint      ] Application time: 0.0002215 seconds
[7139.381s][info ][safepoint      ] Entering safepoint region: RevokeBias
[7139.381s][info ][safepoint      ] Leaving safepoint region
[7139.381s][info ][safepoint      ] Total time for which application threads were stopped: 0.0000904 seconds, Stopping threads took: 0.0000451 seconds
[7139.396s][info ][safepoint      ] Application time: 0.0150865 seconds
[7139.396s][info ][safepoint      ] Entering safepoint region: RevokeBias
[7139.397s][info ][safepoint      ] Leaving safepoint region
[7139.397s][info ][safepoint      ] Total time for which application threads were stopped: 0.0001011 seconds, Stopping threads took: 0.0000173 seconds
[7139.516s][info ][safepoint      ] Application time: 0.1198518 seconds
[7139.517s][info ][safepoint      ] Entering safepoint region: RevokeBias
[7139.518s][info ][safepoint      ] Leaving safepoint region
[7139.518s][info ][safepoint      ] Total time for which application threads were stopped: 0.0011524 seconds, Stopping threads took: 0.0010562 seconds
[7139.530s][info ][safepoint      ] Application time: 0.0124812 seconds
[7139.530s][info ][safepoint      ] Entering safepoint region: RevokeBias
[7139.530s][info ][safepoint      ] Leaving safepoint region
[7139.530s][info ][safepoint      ] Total time for which application threads were stopped: 0.0000977 seconds, Stopping threads took: 0.0000135 seconds
[7140.530s][info ][safepoint      ] Application time: 1.0001698 seconds
[7140.530s][info ][safepoint      ] Entering safepoint region: Cleanup
[7140.531s][info ][safepoint      ] Leaving safepoint region
[7140.531s][info ][safepoint      ] Total time for which application threads were stopped: 0.0001063 seconds, Stopping threads took: 0.0000168 seconds
[7143.531s][info ][safepoint      ] Application time: 3.0003240 seconds
[7143.531s][info ][safepoint      ] Entering safepoint region: Cleanup
[7143.531s][info ][safepoint      ] Leaving safepoint region
[7143.531s][info ][safepoint      ] Total time for which application threads were stopped: 0.0001027 seconds, Stopping threads took: 0.0000182 seconds
[7144.516s][info ][safepoint      ] Application time: 0.9849916 seconds
[7144.516s][info ][safepoint      ] Entering safepoint region: RevokeBias
[7144.516s][info ][safepoint      ] Leaving safepoint region
[7144.516s][info ][safepoint      ] Total time for which application threads were stopped: 0.0001352 seconds, Stopping threads took: 0.0000596 seconds
[7145.020s][info ][safepoint      ] Application time: 0.5039386 seconds
[7145.020s][info ][safepoint      ] Entering safepoint region: ParallelGCFailedAllocation
[7145.020s][info ][gc,start       ] GC(276) Pause Young (Allocation Failure)
[7145.031s][debug][gc,phases      ] GC(276) Scavenge 10.503ms
[7145.031s][debug][gc,ref         ] GC(276) Skipped phase1 of Reference Processing due to unavailable references
[7145.031s][debug][gc,ref         ] GC(276) Skipped phase3 of Reference Processing due to unavailable references
[7145.031s][debug][gc,phases      ] GC(276) Reference Processing 0.037ms
[7145.031s][debug][gc,phases      ] GC(276) Weak Processing 0.219ms
[7145.032s][debug][gc,phases      ] GC(276) Scrub String Table 0.736ms
[7145.032s][debug][gc,age         ] GC(276) Desired survivor size 87031808 bytes, new threshold 15 (max threshold 15)
[7145.032s][info ][gc,heap        ] GC(276) PSYoungGen: 1934624K->37794K(2008064K)
[7145.032s][info ][gc,heap        ] GC(276) ParOldGen: 389479K->389487K(599552K)
[7145.032s][info ][gc,metaspace   ] GC(276) Metaspace: 75316K->75316K(1118208K)
[7145.032s][info ][gc             ] GC(276) Pause Young (Allocation Failure) 2269M->417M(2546M) 11.655ms
[7145.032s][info ][gc,cpu         ] GC(276) User=0.04s Sys=0.00s Real=0.01s
[7145.032s][info ][safepoint      ] Leaving safepoint region
[7145.032s][info ][safepoint      ] Total time for which application threads were stopped: 0.0118343 seconds, Stopping threads took: 0.0000195 seconds
[7149.032s][info ][safepoint      ] Application time: 4.0004422 seconds
[7149.032s][info ][safepoint      ] Entering safepoint region: Cleanup
[7149.033s][info ][safepoint      ] Leaving safepoint region
[7149.033s][info ][safepoint      ] Total time for which application threads were stopped: 0.0000924 seconds, Stopping threads took: 0.0000187 seconds
[7149.516s][info ][safepoint      ] Application time: 0.4838519 seconds
[7149.516s][info ][safepoint      ] Entering safepoint region: RevokeBias
[7149.517s][info ][safepoint      ] Leaving safepoint region
[7149.517s][info ][safepoint      ] Total time for which application threads were stopped: 0.0001277 seconds, Stopping threads took: 0.0000477 seconds
[7149.517s][info ][safepoint      ] Application time: 0.0003516 seconds
[7149.517s][info ][safepoint      ] Entering safepoint region: RevokeBias
[7149.517s][info ][safepoint      ] Leaving safepoint region
[7149.517s][info ][safepoint      ] Total time for which application threads were stopped: 0.0001100 seconds, Stopping threads took: 0.0000710 seconds
[7149.517s][info ][safepoint      ] Application time: 0.0000482 seconds
[7149.517s][info ][safepoint      ] Entering safepoint region: RevokeBias
[7149.517s][info ][safepoint      ] Leaving safepoint region
[7149.517s][info ][safepoint      ] Total time for which application threads were stopped: 0.0000679 seconds, Stopping threads took: 0.0000367 seconds
[7149.517s][info ][safepoint      ] Application time: 0.0000824 seconds
[7149.517s][info ][safepoint      ] Entering safepoint region: RevokeBias
[7149.517s][info ][safepoint      ] Leaving safepoint region
[7149.517s][info ][safepoint      ] Total time for which application threads were stopped: 0.0000572 seconds, Stopping threads took: 0.0000279 seconds
[7149.517s][info ][safepoint      ] Application time: 0.0001689 seconds
[7149.518s][info ][safepoint      ] Entering safepoint region: RevokeBias
[7149.518s][info ][safepoint      ] Leaving safepoint region
[7149.518s][info ][safepoint      ] Total time for which application threads were stopped: 0.0000646 seconds, Stopping threads took: 0.0000365 seconds
[7150.518s][info ][safepoint      ] Application time: 1.0000901 seconds
[7150.518s][info ][safepoint      ] Entering safepoint region: Cleanup
[7150.518s][info ][safepoint      ] Leaving safepoint region
[7150.518s][info ][safepoint      ] Total time for which application threads were stopped: 0.0001371 seconds, Stopping threads took: 0.0000625 seconds
[7151.518s][info ][safepoint      ] Application time: 1.0001303 seconds
[7151.518s][info ][safepoint      ] Entering safepoint region: Cleanup
[7151.518s][info ][safepoint      ] Leaving safepoint region
[7151.518s][info ][safepoint      ] Total time for which application threads were stopped: 0.0001920 seconds, Stopping threads took: 0.0001187 seconds
[7154.519s][info ][safepoint      ] Application time: 3.0003209 seconds
[7154.519s][info ][safepoint      ] Entering safepoint region: Cleanup
[7154.519s][info ][safepoint      ] Leaving safepoint region
[7154.519s][info ][safepoint      ] Total time for which application threads were stopped: 0.0001148 seconds, Stopping threads took: 0.0000442 seconds
[7156.519s][info ][safepoint      ] Application time: 2.0001975 seconds
[7156.519s][info ][safepoint      ] Entering safepoint region: Cleanup
[7156.519s][info ][safepoint      ] Leaving safepoint region
[7156.519s][info ][safepoint      ] Total time for which application threads were stopped: 0.0001274 seconds, Stopping threads took: 0.0000552 seconds
[7158.519s][info ][safepoint      ] Application time: 2.0002590 seconds
[7158.519s][info ][safepoint      ] Entering safepoint region: Cleanup
[7158.520s][info ][safepoint      ] Leaving safepoint region
[7158.520s][info ][safepoint      ] Total time for which application threads were stopped: 0.0001324 seconds, Stopping threads took: 0.0000574 seconds
[7158.723s][info ][safepoint      ] Application time: 0.2031027 seconds
[7158.723s][info ][safepoint      ] Entering safepoint region: ParallelGCFailedAllocation
[7158.723s][info ][gc,start       ] GC(277) Pause Young (Allocation Failure)
[7158.733s][debug][gc,phases      ] GC(277) Scavenge 10.230ms
[7158.733s][debug][gc,ref         ] GC(277) Skipped phase1 of Reference Processing due to unavailable references
[7158.733s][debug][gc,phases      ] GC(277) Reference Processing 0.075ms
[7158.733s][debug][gc,phases      ] GC(277) Weak Processing 0.217ms
[7158.734s][debug][gc,phases      ] GC(277) Scrub String Table 0.824ms
[7158.734s][debug][gc,age         ] GC(277) Desired survivor size 82837504 bytes, new threshold 15 (max threshold 15)
[7158.734s][info ][gc,heap        ] GC(277) PSYoungGen: 1956770K->38244K(2016256K)
[7158.734s][info ][gc,heap        ] GC(277) ParOldGen: 389487K->389487K(599552K)
[7158.734s][info ][gc,metaspace   ] GC(277) Metaspace: 75320K->75320K(1118208K)
[7158.734s][info ][gc             ] GC(277) Pause Young (Allocation Failure) 2291M->417M(2554M) 11.535ms
[7158.734s][info ][gc,cpu         ] GC(277) User=0.04s Sys=0.00s Real=0.01s
[7158.734s][info ][safepoint      ] Leaving safepoint region
[7158.734s][info ][safepoint      ] Total time for which application threads were stopped: 0.0117492 seconds, Stopping threads took: 0.0000192 seconds
[7164.735s][info ][safepoint      ] Application time: 6.0005471 seconds
[7164.735s][info ][safepoint      ] Entering safepoint region: Cleanup
[7164.735s][info ][safepoint      ] Leaving safepoint region
[7164.735s][info ][safepoint      ] Total time for which application threads were stopped: 0.0001433 seconds, Stopping threads took: 0.0000303 seconds
[7165.735s][info ][safepoint      ] Application time: 1.0000992 seconds
[7165.735s][info ][safepoint      ] Entering safepoint region: Cleanup
[7165.735s][info ][safepoint      ] Leaving safepoint region
[7165.735s][info ][safepoint      ] Total time for which application threads were stopped: 0.0000861 seconds, Stopping threads took: 0.0000171 seconds
[7166.736s][info ][safepoint      ] Application time: 1.0000896 seconds
[7166.736s][info ][safepoint      ] Entering safepoint region: Cleanup
[7166.736s][info ][safepoint      ] Leaving safepoint region
[7166.736s][info ][safepoint      ] Total time for which application threads were stopped: 0.0000888 seconds, Stopping threads took: 0.0000172 seconds
[7168.736s][info ][safepoint      ] Application time: 2.0001493 seconds
[7168.736s][info ][safepoint      ] Entering safepoint region: Cleanup
[7168.736s][info ][safepoint      ] Leaving safepoint region
[7168.736s][info ][safepoint      ] Total time for which application threads were stopped: 0.0001171 seconds, Stopping threads took: 0.0000312 seconds
[7172.269s][info ][safepoint      ] Application time: 3.5332638 seconds
[7172.269s][info ][safepoint      ] Entering safepoint region: ParallelGCFailedAllocation
[7172.269s][info ][gc,start       ] GC(278) Pause Young (Allocation Failure)
[7172.282s][debug][gc,phases      ] GC(278) Scavenge 12.305ms
[7172.282s][debug][gc,ref         ] GC(278) Skipped phase1 of Reference Processing due to unavailable references
[7172.282s][debug][gc,ref         ] GC(278) Skipped phase3 of Reference Processing due to unavailable references
[7172.282s][debug][gc,phases      ] GC(278) Reference Processing 0.038ms
[7172.282s][debug][gc,phases      ] GC(278) Weak Processing 0.240ms
[7172.283s][debug][gc,phases      ] GC(278) Scrub String Table 0.776ms
[7172.283s][debug][gc,age         ] GC(278) Desired survivor size 79167488 bytes, new threshold 15 (max threshold 15)
[7172.283s][info ][gc,heap        ] GC(278) PSYoungGen: 1969508K->38930K(2012160K)
[7172.283s][info ][gc,heap        ] GC(278) ParOldGen: 389487K->389487K(599552K)
[7172.283s][info ][gc,metaspace   ] GC(278) Metaspace: 75322K->75322K(1118208K)
[7172.283s][info ][gc             ] GC(278) Pause Young (Allocation Failure) 2303M->418M(2550M) 13.523ms
[7172.283s][info ][gc,cpu         ] GC(278) User=0.05s Sys=0.00s Real=0.02s
[7172.283s][info ][safepoint      ] Leaving safepoint region
[7172.283s][info ][safepoint      ] Total time for which application threads were stopped: 0.0137176 seconds, Stopping threads took: 0.0000333 seconds
[7179.284s][info ][safepoint      ] Application time: 7.0007593 seconds
[7179.284s][info ][safepoint      ] Entering safepoint region: Cleanup
[7179.284s][info ][safepoint      ] Leaving safepoint region
[7179.284s][info ][safepoint      ] Total time for which application threads were stopped: 0.0000861 seconds, Stopping threads took: 0.0000164 seconds
[7184.285s][info ][safepoint      ] Application time: 5.0007299 seconds
[7184.285s][info ][safepoint      ] Entering safepoint region: Cleanup
[7184.285s][info ][safepoint      ] Leaving safepoint region
[7184.285s][info ][safepoint      ] Total time for which application threads were stopped: 0.0001465 seconds, Stopping threads took: 0.0000451 seconds
[7184.796s][info ][safepoint      ] Application time: 0.5111396 seconds
[7184.796s][info ][safepoint      ] Entering safepoint region: ParallelGCFailedAllocation
[7184.796s][info ][gc,start       ] GC(279) Pause Young (Allocation Failure)
[7184.814s][debug][gc,phases      ] GC(279) Scavenge 17.384ms
[7184.814s][debug][gc,ref         ] GC(279) Skipped phase1 of Reference Processing due to unavailable references
[7184.814s][debug][gc,ref         ] GC(279) Skipped phase3 of Reference Processing due to unavailable references
[7184.814s][debug][gc,phases      ] GC(279) Reference Processing 0.037ms
[7184.814s][debug][gc,phases      ] GC(279) Weak Processing 0.115ms
[7184.814s][debug][gc,phases      ] GC(279) Scrub String Table 0.408ms
[7184.814s][debug][gc,age         ] GC(279) Desired survivor size 82837504 bytes, new threshold 15 (max threshold 15)
[7184.814s][info ][gc,heap        ] GC(279) PSYoungGen: 1970194K->60002K(2012672K)
[7184.814s][info ][gc,heap        ] GC(279) ParOldGen: 389487K->389487K(599552K)
[7184.814s][info ][gc,metaspace   ] GC(279) Metaspace: 75329K->75329K(1118208K)
[7184.814s][info ][gc             ] GC(279) Pause Young (Allocation Failure) 2304M->438M(2551M) 18.102ms
[7184.814s][info ][gc,cpu         ] GC(279) User=0.07s Sys=0.00s Real=0.02s
[7184.814s][info ][safepoint      ] Leaving safepoint region
[7184.814s][info ][safepoint      ] Total time for which application threads were stopped: 0.0183442 seconds, Stopping threads took: 0.0000785 seconds
[7186.815s][info ][safepoint      ] Application time: 2.0002044 seconds
[7186.815s][info ][safepoint      ] Entering safepoint region: Cleanup
[7186.815s][info ][safepoint      ] Leaving safepoint region
[7186.815s][info ][safepoint      ] Total time for which application threads were stopped: 0.0001760 seconds, Stopping threads took: 0.0000926 seconds
[7188.815s][info ][safepoint      ] Application time: 2.0001238 seconds
[7188.815s][info ][safepoint      ] Entering safepoint region: Cleanup
[7188.815s][info ][safepoint      ] Leaving safepoint region
[7188.815s][info ][safepoint      ] Total time for which application threads were stopped: 0.0001437 seconds, Stopping threads took: 0.0000430 seconds
[7190.815s][info ][safepoint      ] Application time: 2.0000953 seconds
[7190.815s][info ][safepoint      ] Entering safepoint region: Cleanup
[7190.815s][info ][safepoint      ] Leaving safepoint region
[7190.815s][info ][safepoint      ] Total time for which application threads were stopped: 0.0001292 seconds, Stopping threads took: 0.0000497 seconds
[7193.373s][info ][safepoint      ] Application time: 2.5573794 seconds
[7193.374s][info ][safepoint      ] Entering safepoint region: ParallelGCFailedAllocation
[7193.374s][info ][gc,start       ] GC(280) Pause Young (Allocation Failure)
[7193.404s][debug][gc,phases      ] GC(280) Scavenge 29.532ms
[7193.404s][debug][gc,ref         ] GC(280) Skipped phase1 of Reference Processing due to unavailable references
[7193.404s][debug][gc,ref         ] GC(280) Skipped phase3 of Reference Processing due to unavailable references
[7193.404s][debug][gc,phases      ] GC(280) Reference Processing 0.038ms
[7193.404s][debug][gc,phases      ] GC(280) Weak Processing 0.121ms
[7193.404s][debug][gc,phases      ] GC(280) Scrub String Table 0.412ms
[7193.404s][debug][gc,age         ] GC(280) Desired survivor size 95944704 bytes, new threshold 14 (max threshold 15)
[7193.404s][info ][gc,heap        ] GC(280) PSYoungGen: 1995362K->80866K(2016256K)
[7193.404s][info ][gc,heap        ] GC(280) ParOldGen: 389487K->395705K(599552K)
[7193.404s][info ][gc,metaspace   ] GC(280) Metaspace: 75329K->75329K(1118208K)
[7193.405s][info ][gc             ] GC(280) Pause Young (Allocation Failure) 2328M->465M(2554M) 30.278ms
[7193.405s][info ][gc,cpu         ] GC(280) User=0.10s Sys=0.00s Real=0.03s
[7193.405s][info ][safepoint      ] Leaving safepoint region
[7193.405s][info ][safepoint      ] Total time for which application threads were stopped: 0.0317040 seconds, Stopping threads took: 0.0012491 seconds
[7193.761s][info ][safepoint      ] Application time: 0.3566292 seconds
[7193.761s][info ][safepoint      ] Entering safepoint region: RevokeBias
[7193.761s][info ][safepoint      ] Leaving safepoint region
[7193.761s][info ][safepoint      ] Total time for which application threads were stopped: 0.0001798 seconds, Stopping threads took: 0.0000757 seconds
[7195.615s][info ][safepoint      ] Application time: 1.8533385 seconds
[7195.615s][info ][safepoint      ] Entering safepoint region: RevokeBias
[7195.615s][info ][safepoint      ] Leaving safepoint region
[7195.616s][info ][safepoint      ] Total time for which application threads were stopped: 0.0004184 seconds, Stopping threads took: 0.0000251 seconds
[7201.616s][info ][safepoint      ] Application time: 6.0008251 seconds
[7201.617s][info ][safepoint      ] Entering safepoint region: Cleanup
[7201.617s][info ][safepoint      ] Leaving safepoint region
[7201.617s][info ][safepoint      ] Total time for which application threads were stopped: 0.0002594 seconds, Stopping threads took: 0.0000794 seconds
[7202.311s][info ][safepoint      ] Application time: 0.6947942 seconds
[7202.312s][info ][safepoint      ] Entering safepoint region: ParallelGCFailedAllocation
[7202.312s][info ][gc,start       ] GC(281) Pause Young (Allocation Failure)
[7202.338s][debug][gc,phases      ] GC(281) Scavenge 26.771ms
[7202.338s][debug][gc,ref         ] GC(281) Skipped phase1 of Reference Processing due to unavailable references
[7202.339s][debug][gc,ref         ] GC(281) Skipped phase3 of Reference Processing due to unavailable references
[7202.339s][debug][gc,phases      ] GC(281) Reference Processing 0.037ms
[7202.339s][debug][gc,phases      ] GC(281) Weak Processing 0.117ms
[7202.339s][debug][gc,phases      ] GC(281) Scrub String Table 0.438ms
[7202.339s][debug][gc,age         ] GC(281) Desired survivor size 109051904 bytes, new threshold 13 (max threshold 15)
[7202.339s][info ][gc,heap        ] GC(281) PSYoungGen: 2016226K->80869K(1965056K)
[7202.339s][info ][gc,heap        ] GC(281) ParOldGen: 395705K->408446K(599552K)
[7202.339s][info ][gc,metaspace   ] GC(281) Metaspace: 75333K->75333K(1118208K)
[7202.339s][info ][gc             ] GC(281) Pause Young (Allocation Failure) 2355M->477M(2504M) 27.499ms
[7202.339s][info ][gc,cpu         ] GC(281) User=0.11s Sys=0.00s Real=0.03s
[7202.339s][info ][safepoint      ] Leaving safepoint region
[7202.339s][info ][safepoint      ] Total time for which application threads were stopped: 0.0276919 seconds, Stopping threads took: 0.0000181 seconds
[7206.340s][info ][safepoint      ] Application time: 4.0005592 seconds
[7206.340s][info ][safepoint      ] Entering safepoint region: Cleanup
[7206.340s][info ][safepoint      ] Leaving safepoint region
[7206.340s][info ][safepoint      ] Total time for which application threads were stopped: 0.0000856 seconds, Stopping threads took: 0.0000178 seconds
[7208.340s][info ][safepoint      ] Application time: 2.0002263 seconds
[7208.340s][info ][safepoint      ] Entering safepoint region: Cleanup
[7208.340s][info ][safepoint      ] Leaving safepoint region
[7208.340s][info ][safepoint      ] Total time for which application threads were stopped: 0.0001379 seconds, Stopping threads took: 0.0000601 seconds
[7209.341s][info ][safepoint      ] Application time: 1.0000961 seconds
[7209.341s][info ][safepoint      ] Entering safepoint region: Cleanup
[7209.341s][info ][safepoint      ] Leaving safepoint region
[7209.341s][info ][safepoint      ] Total time for which application threads were stopped: 0.0001078 seconds, Stopping threads took: 0.0000348 seconds
[7211.390s][info ][safepoint      ] Application time: 2.0493589 seconds
[7211.390s][info ][safepoint      ] Entering safepoint region: ParallelGCFailedAllocation
[7211.390s][info ][gc,start       ] GC(282) Pause Young (Allocation Failure)
[7211.412s][debug][gc,phases      ] GC(282) Scavenge 21.916ms
[7211.412s][debug][gc,ref         ] GC(282) Skipped phase1 of Reference Processing due to unavailable references
[7211.412s][debug][gc,ref         ] GC(282) Skipped phase3 of Reference Processing due to unavailable references
[7211.412s][debug][gc,phases      ] GC(282) Reference Processing 0.038ms
[7211.412s][debug][gc,phases      ] GC(282) Weak Processing 0.222ms
[7211.413s][debug][gc,phases      ] GC(282) Scrub String Table 0.744ms
[7211.413s][debug][gc,age         ] GC(282) Desired survivor size 116916224 bytes, new threshold 14 (max threshold 15)
[7211.413s][info ][gc,heap        ] GC(282) PSYoungGen: 1965029K->87135K(1971712K)
[7211.413s][info ][gc,heap        ] GC(282) ParOldGen: 408446K->408446K(599552K)
[7211.413s][info ][gc,metaspace   ] GC(282) Metaspace: 75337K->75337K(1118208K)
[7211.413s][info ][gc             ] GC(282) Pause Young (Allocation Failure) 2317M->483M(2511M) 23.093ms
[7211.413s][info ][gc,cpu         ] GC(282) User=0.09s Sys=0.00s Real=0.03s
[7211.413s][info ][safepoint      ] Leaving safepoint region
[7211.413s][info ][safepoint      ] Total time for which application threads were stopped: 0.0232886 seconds, Stopping threads took: 0.0000175 seconds
[7213.414s][info ][safepoint      ] Application time: 2.0001779 seconds
[7213.414s][info ][safepoint      ] Entering safepoint region: Cleanup
[7213.414s][info ][safepoint      ] Leaving safepoint region
[7213.414s][info ][safepoint      ] Total time for which application threads were stopped: 0.0001388 seconds, Stopping threads took: 0.0000482 seconds
[7218.723s][info ][safepoint      ] Application time: 5.3092527 seconds
[7218.723s][info ][safepoint      ] Entering safepoint region: ParallelGCFailedAllocation
[7218.723s][info ][gc,start       ] GC(283) Pause Young (Allocation Failure)
[7218.748s][debug][gc,phases      ] GC(283) Scavenge 24.944ms
[7218.748s][debug][gc,ref         ] GC(283) Skipped phase1 of Reference Processing due to unavailable references
[7218.748s][debug][gc,ref         ] GC(283) Skipped phase3 of Reference Processing due to unavailable references
[7218.748s][debug][gc,phases      ] GC(283) Reference Processing 0.040ms
[7218.748s][debug][gc,phases      ] GC(283) Weak Processing 0.238ms
[7218.749s][debug][gc,phases      ] GC(283) Scrub String Table 0.802ms
[7218.749s][debug][gc,age         ] GC(283) Desired survivor size 123731968 bytes, new threshold 15 (max threshold 15)
[7218.749s][info ][gc,heap        ] GC(283) PSYoungGen: 1971295K->89473K(1969664K)
[7218.749s][info ][gc,heap        ] GC(283) ParOldGen: 408446K->408446K(599552K)
[7218.749s][info ][gc,metaspace   ] GC(283) Metaspace: 75341K->75341K(1118208K)
[7218.749s][info ][gc             ] GC(283) Pause Young (Allocation Failure) 2323M->486M(2509M) 26.191ms
[7218.749s][info ][gc,cpu         ] GC(283) User=0.10s Sys=0.00s Real=0.02s
[7218.749s][info ][safepoint      ] Leaving safepoint region
[7218.749s][info ][safepoint      ] Total time for which application threads were stopped: 0.0264193 seconds, Stopping threads took: 0.0000593 seconds
[7227.163s][info ][safepoint      ] Application time: 8.4135890 seconds
[7227.163s][info ][safepoint      ] Entering safepoint region: ParallelGCFailedAllocation
[7227.163s][info ][gc,start       ] GC(284) Pause Young (Allocation Failure)
[7227.190s][debug][gc,phases      ] GC(284) Scavenge 26.870ms
[7227.190s][debug][gc,ref         ] GC(284) Skipped phase1 of Reference Processing due to unavailable references
[7227.190s][debug][gc,ref         ] GC(284) Skipped phase3 of Reference Processing due to unavailable references
[7227.190s][debug][gc,phases      ] GC(284) Reference Processing 0.039ms
[7227.190s][debug][gc,phases      ] GC(284) Weak Processing 0.221ms
[7227.191s][debug][gc,phases      ] GC(284) Scrub String Table 0.563ms
[7227.191s][debug][gc,age         ] GC(284) Desired survivor size 131596288 bytes, new threshold 15 (max threshold 15)
[7227.191s][info ][gc,heap        ] GC(284) PSYoungGen: 1944961K->96866K(1952768K)
[7227.191s][info ][gc,heap        ] GC(284) ParOldGen: 408446K->408446K(599552K)
[7227.191s][info ][gc,metaspace   ] GC(284) Metaspace: 75342K->75342K(1118208K)
[7227.191s][info ][gc             ] GC(284) Pause Young (Allocation Failure) 2298M->493M(2492M) 27.870ms
[7227.191s][info ][gc,cpu         ] GC(284) User=0.11s Sys=0.00s Real=0.02s
[7227.191s][info ][safepoint      ] Leaving safepoint region
[7227.191s][info ][safepoint      ] Total time for which application threads were stopped: 0.0280557 seconds, Stopping threads took: 0.0000193 seconds
[7230.192s][info ][safepoint      ] Application time: 3.0003947 seconds
[7230.192s][info ][safepoint      ] Entering safepoint region: Cleanup
[7230.192s][info ][safepoint      ] Leaving safepoint region
[7230.192s][info ][safepoint      ] Total time for which application threads were stopped: 0.0001495 seconds, Stopping threads took: 0.0000462 seconds
[7231.192s][info ][safepoint      ] Application time: 1.0001021 seconds
[7231.192s][info ][safepoint      ] Entering safepoint region: Cleanup
[7231.192s][info ][safepoint      ] Leaving safepoint region
[7231.192s][info ][safepoint      ] Total time for which application threads were stopped: 0.0001030 seconds, Stopping threads took: 0.0000197 seconds
[7232.192s][info ][safepoint      ] Application time: 1.0000814 seconds
[7232.192s][info ][safepoint      ] Entering safepoint region: Cleanup
[7232.192s][info ][safepoint      ] Leaving safepoint region
[7232.192s][info ][safepoint      ] Total time for which application threads were stopped: 0.0000944 seconds, Stopping threads took: 0.0000189 seconds
[7233.192s][info ][safepoint      ] Application time: 1.0000918 seconds
[7233.192s][info ][safepoint      ] Entering safepoint region: Cleanup
[7233.192s][info ][safepoint      ] Leaving safepoint region
[7233.192s][info ][safepoint      ] Total time for which application threads were stopped: 0.0000831 seconds, Stopping threads took: 0.0000209 seconds
[7234.192s][info ][safepoint      ] Application time: 1.0000618 seconds
[7234.193s][info ][safepoint      ] Entering safepoint region: Cleanup
[7234.193s][info ][safepoint      ] Leaving safepoint region
[7234.193s][info ][safepoint      ] Total time for which application threads were stopped: 0.0002203 seconds, Stopping threads took: 0.0001046 seconds
[7235.193s][info ][safepoint      ] Application time: 1.0001207 seconds
[7235.193s][info ][safepoint      ] Entering safepoint region: Cleanup
[7235.193s][info ][safepoint      ] Leaving safepoint region
[7235.193s][info ][safepoint      ] Total time for which application threads were stopped: 0.0000829 seconds, Stopping threads took: 0.0000173 seconds
[7236.096s][info ][safepoint      ] Application time: 0.9033722 seconds
[7236.096s][info ][safepoint      ] Entering safepoint region: ParallelGCFailedAllocation
[7236.097s][info ][gc,start       ] GC(285) Pause Young (Allocation Failure)
[7236.123s][debug][gc,phases      ] GC(285) Scavenge 26.607ms
[7236.123s][debug][gc,ref         ] GC(285) Skipped phase1 of Reference Processing due to unavailable references
[7236.123s][debug][gc,ref         ] GC(285) Skipped phase3 of Reference Processing due to unavailable references
[7236.123s][debug][gc,phases      ] GC(285) Reference Processing 0.056ms
[7236.123s][debug][gc,phases      ] GC(285) Weak Processing 0.119ms
[7236.124s][debug][gc,phases      ] GC(285) Scrub String Table 0.766ms
[7236.124s][debug][gc,age         ] GC(285) Desired survivor size 139460608 bytes, new threshold 15 (max threshold 15)
[7236.125s][info ][gc,heap        ] GC(285) PSYoungGen: 1952354K->100208K(1953280K)
[7236.125s][info ][gc,heap        ] GC(285) ParOldGen: 408446K->408446K(599552K)
[7236.125s][info ][gc,metaspace   ] GC(285) Metaspace: 75343K->75343K(1118208K)
[7236.125s][info ][gc             ] GC(285) Pause Young (Allocation Failure) 2305M->496M(2493M) 27.996ms
[7236.125s][info ][gc,cpu         ] GC(285) User=0.11s Sys=0.00s Real=0.03s
[7236.125s][info ][safepoint      ] Leaving safepoint region
[7236.125s][info ][safepoint      ] Total time for which application threads were stopped: 0.0282360 seconds, Stopping threads took: 0.0000476 seconds
[7237.125s][info ][safepoint      ] Application time: 1.0001347 seconds
[7237.125s][info ][safepoint      ] Entering safepoint region: Cleanup
[7237.125s][info ][safepoint      ] Leaving safepoint region
[7237.125s][info ][safepoint      ] Total time for which application threads were stopped: 0.0001811 seconds, Stopping threads took: 0.0000942 seconds
[7238.125s][info ][safepoint      ] Application time: 1.0000849 seconds
[7238.125s][info ][safepoint      ] Entering safepoint region: Cleanup
[7238.125s][info ][safepoint      ] Leaving safepoint region
[7238.125s][info ][safepoint      ] Total time for which application threads were stopped: 0.0001792 seconds, Stopping threads took: 0.0000849 seconds
[7239.125s][info ][safepoint      ] Application time: 1.0000925 seconds
[7239.125s][info ][safepoint      ] Entering safepoint region: Cleanup
[7239.126s][info ][safepoint      ] Leaving safepoint region
[7239.126s][info ][safepoint      ] Total time for which application threads were stopped: 0.0001066 seconds, Stopping threads took: 0.0000372 seconds
[7240.126s][info ][safepoint      ] Application time: 1.0001251 seconds
[7240.126s][info ][safepoint      ] Entering safepoint region: Cleanup
[7240.126s][info ][safepoint      ] Leaving safepoint region
[7240.126s][info ][safepoint      ] Total time for which application threads were stopped: 0.0001348 seconds, Stopping threads took: 0.0000570 seconds
[7241.126s][info ][safepoint      ] Application time: 1.0001027 seconds
[7241.126s][info ][safepoint      ] Entering safepoint region: Cleanup
[7241.126s][info ][safepoint      ] Leaving safepoint region
[7241.126s][info ][safepoint      ] Total time for which application threads were stopped: 0.0001402 seconds, Stopping threads took: 0.0000426 seconds
[7242.126s][info ][safepoint      ] Application time: 1.0001239 seconds
[7242.126s][info ][safepoint      ] Entering safepoint region: Cleanup
[7242.126s][info ][safepoint      ] Leaving safepoint region
[7242.126s][info ][safepoint      ] Total time for which application threads were stopped: 0.0001737 seconds, Stopping threads took: 0.0000586 seconds
[7243.127s][info ][safepoint      ] Application time: 1.0001284 seconds
[7243.127s][info ][safepoint      ] Entering safepoint region: Cleanup
[7243.127s][info ][safepoint      ] Leaving safepoint region
[7243.127s][info ][safepoint      ] Total time for which application threads were stopped: 0.0002015 seconds, Stopping threads took: 0.0000426 seconds
[7244.127s][info ][safepoint      ] Application time: 1.0000883 seconds
[7244.127s][info ][safepoint      ] Entering safepoint region: Cleanup
[7244.127s][info ][safepoint      ] Leaving safepoint region
[7244.127s][info ][safepoint      ] Total time for which application threads were stopped: 0.0001256 seconds, Stopping threads took: 0.0000422 seconds
[7244.259s][info ][safepoint      ] Application time: 0.1323639 seconds
[7244.259s][info ][safepoint      ] Entering safepoint region: ParallelGCFailedAllocation
[7244.260s][info ][gc,start       ] GC(286) Pause Young (Allocation Failure)
[7244.285s][debug][gc,phases      ] GC(286) Scavenge 25.707ms
[7244.285s][debug][gc,ref         ] GC(286) Skipped phase1 of Reference Processing due to unavailable references
[7244.285s][debug][gc,ref         ] GC(286) Skipped phase3 of Reference Processing due to unavailable references
[7244.285s][debug][gc,phases      ] GC(286) Reference Processing 0.037ms
[7244.286s][debug][gc,phases      ] GC(286) Weak Processing 0.119ms
[7244.286s][debug][gc,phases      ] GC(286) Scrub String Table 0.424ms
[7244.286s][debug][gc,age         ] GC(286) Desired survivor size 144179200 bytes, new threshold 15 (max threshold 15)
[7244.286s][info ][gc,heap        ] GC(286) PSYoungGen: 1924976K->98002K(1923072K)
[7244.286s][info ][gc,heap        ] GC(286) ParOldGen: 408446K->408446K(599552K)
[7244.286s][info ][gc,metaspace   ] GC(286) Metaspace: 75346K->75346K(1118208K)
[7244.286s][info ][gc             ] GC(286) Pause Young (Allocation Failure) 2278M->494M(2463M) 26.464ms
[7244.286s][info ][gc,cpu         ] GC(286) User=0.10s Sys=0.00s Real=0.03s
[7244.286s][info ][safepoint      ] Leaving safepoint region
[7244.286s][info ][safepoint      ] Total time for which application threads were stopped: 0.0266656 seconds, Stopping threads took: 0.0000341 seconds
[7245.286s][info ][safepoint      ] Application time: 1.0001188 seconds
[7245.286s][info ][safepoint      ] Entering safepoint region: Cleanup
[7245.286s][info ][safepoint      ] Leaving safepoint region
[7245.286s][info ][safepoint      ] Total time for which application threads were stopped: 0.0001268 seconds, Stopping threads took: 0.0000430 seconds
[7246.287s][info ][safepoint      ] Application time: 1.0000855 seconds
[7246.287s][info ][safepoint      ] Entering safepoint region: Cleanup
[7246.287s][info ][safepoint      ] Leaving safepoint region
[7246.287s][info ][safepoint      ] Total time for which application threads were stopped: 0.0001314 seconds, Stopping threads took: 0.0000607 seconds
[7247.287s][info ][safepoint      ] Application time: 1.0000857 seconds
[7247.287s][info ][safepoint      ] Entering safepoint region: Cleanup
[7247.287s][info ][safepoint      ] Leaving safepoint region
[7247.287s][info ][safepoint      ] Total time for which application threads were stopped: 0.0001133 seconds, Stopping threads took: 0.0000444 seconds
[7248.287s][info ][safepoint      ] Application time: 1.0000921 seconds
[7248.287s][info ][safepoint      ] Entering safepoint region: Cleanup
[7248.287s][info ][safepoint      ] Leaving safepoint region
[7248.287s][info ][safepoint      ] Total time for which application threads were stopped: 0.0001288 seconds, Stopping threads took: 0.0000554 seconds
[7249.287s][info ][safepoint      ] Application time: 1.0000826 seconds
[7249.287s][info ][safepoint      ] Entering safepoint region: Cleanup
[7249.287s][info ][safepoint      ] Leaving safepoint region
[7249.287s][info ][safepoint      ] Total time for which application threads were stopped: 0.0001468 seconds, Stopping threads took: 0.0000732 seconds
[7250.288s][info ][safepoint      ] Application time: 1.0001223 seconds
[7250.288s][info ][safepoint      ] Entering safepoint region: Cleanup
[7250.288s][info ][safepoint      ] Leaving safepoint region
[7250.288s][info ][safepoint      ] Total time for which application threads were stopped: 0.0001262 seconds, Stopping threads took: 0.0000549 seconds
[7251.288s][info ][safepoint      ] Application time: 1.0001033 seconds
[7251.288s][info ][safepoint      ] Entering safepoint region: Cleanup
[7251.288s][info ][safepoint      ] Leaving safepoint region
[7251.288s][info ][safepoint      ] Total time for which application threads were stopped: 0.0001305 seconds, Stopping threads took: 0.0000611 seconds
[7252.288s][info ][safepoint      ] Application time: 1.0001514 seconds
[7252.288s][info ][safepoint      ] Entering safepoint region: Cleanup
[7252.288s][info ][safepoint      ] Leaving safepoint region
[7252.288s][info ][safepoint      ] Total time for which application threads were stopped: 0.0000801 seconds, Stopping threads took: 0.0000175 seconds
[7253.289s][info ][safepoint      ] Application time: 1.0001251 seconds
[7253.289s][info ][safepoint      ] Entering safepoint region: Cleanup
[7253.289s][info ][safepoint      ] Leaving safepoint region
[7253.289s][info ][safepoint      ] Total time for which application threads were stopped: 0.0001038 seconds, Stopping threads took: 0.0000180 seconds
[7254.156s][info ][safepoint      ] Application time: 0.8675634 seconds
[7254.156s][info ][safepoint      ] Entering safepoint region: ParallelGCFailedAllocation
[7254.156s][info ][gc,start       ] GC(287) Pause Young (Allocation Failure)
[7254.185s][debug][gc,phases      ] GC(287) Scavenge 29.047ms
[7254.186s][debug][gc,ref         ] GC(287) Skipped phase1 of Reference Processing due to unavailable references
[7254.186s][debug][gc,ref         ] GC(287) Skipped phase3 of Reference Processing due to unavailable references
[7254.186s][debug][gc,phases      ] GC(287) Reference Processing 0.037ms
[7254.186s][debug][gc,phases      ] GC(287) Weak Processing 0.128ms
[7254.186s][debug][gc,phases      ] GC(287) Scrub String Table 0.473ms
[7254.186s][debug][gc,age         ] GC(287) Desired survivor size 148897792 bytes, new threshold 15 (max threshold 15)
[7254.186s][info ][gc,heap        ] GC(287) PSYoungGen: 1922770K->100288K(1947136K)
[7254.186s][info ][gc,heap        ] GC(287) ParOldGen: 408446K->412755K(599552K)
[7254.186s][info ][gc,metaspace   ] GC(287) Metaspace: 75346K->75346K(1118208K)
[7254.186s][info ][gc             ] GC(287) Pause Young (Allocation Failure) 2276M->501M(2487M) 29.863ms
[7254.186s][info ][gc,cpu         ] GC(287) User=0.11s Sys=0.00s Real=0.03s
[7254.186s][info ][safepoint      ] Leaving safepoint region
[7254.186s][info ][safepoint      ] Total time for which application threads were stopped: 0.0300804 seconds, Stopping threads took: 0.0000507 seconds
[7255.186s][info ][safepoint      ] Application time: 1.0001329 seconds
[7255.187s][info ][safepoint      ] Entering safepoint region: Cleanup
[7255.187s][info ][safepoint      ] Leaving safepoint region
[7255.187s][info ][safepoint      ] Total time for which application threads were stopped: 0.0001154 seconds, Stopping threads took: 0.0000407 seconds
[7256.187s][info ][safepoint      ] Application time: 1.0000892 seconds
[7256.187s][info ][safepoint      ] Entering safepoint region: Cleanup
[7256.187s][info ][safepoint      ] Leaving safepoint region
[7256.187s][info ][safepoint      ] Total time for which application threads were stopped: 0.0001529 seconds, Stopping threads took: 0.0000599 seconds
[7257.187s][info ][safepoint      ] Application time: 1.0001206 seconds
[7257.187s][info ][safepoint      ] Entering safepoint region: Cleanup
[7257.187s][info ][safepoint      ] Leaving safepoint region
[7257.187s][info ][safepoint      ] Total time for which application threads were stopped: 0.0001407 seconds, Stopping threads took: 0.0000687 seconds
[7258.187s][info ][safepoint      ] Application time: 1.0001247 seconds
[7258.187s][info ][safepoint      ] Entering safepoint region: Cleanup
[7258.187s][info ][safepoint      ] Leaving safepoint region
[7258.187s][info ][safepoint      ] Total time for which application threads were stopped: 0.0001108 seconds, Stopping threads took: 0.0000416 seconds
[7259.188s][info ][safepoint      ] Application time: 1.0001554 seconds
[7259.188s][info ][safepoint      ] Entering safepoint region: Cleanup
[7259.188s][info ][safepoint      ] Leaving safepoint region
[7259.188s][info ][safepoint      ] Total time for which application threads were stopped: 0.0001299 seconds, Stopping threads took: 0.0000577 seconds
[7260.188s][info ][safepoint      ] Application time: 1.0000823 seconds
[7260.188s][info ][safepoint      ] Entering safepoint region: Cleanup
[7260.188s][info ][safepoint      ] Leaving safepoint region
[7260.188s][info ][safepoint      ] Total time for which application threads were stopped: 0.0001548 seconds, Stopping threads took: 0.0000539 seconds
[7261.188s][info ][safepoint      ] Application time: 1.0001270 seconds
[7261.188s][info ][safepoint      ] Entering safepoint region: Cleanup
[7261.188s][info ][safepoint      ] Leaving safepoint region
[7261.188s][info ][safepoint      ] Total time for which application threads were stopped: 0.0001331 seconds, Stopping threads took: 0.0000564 seconds
[7262.189s][info ][safepoint      ] Application time: 1.0001393 seconds
[7262.189s][info ][safepoint      ] Entering safepoint region: Cleanup
[7262.189s][info ][safepoint      ] Leaving safepoint region
[7262.189s][info ][safepoint      ] Total time for which application threads were stopped: 0.0001219 seconds, Stopping threads took: 0.0000409 seconds
[7263.189s][info ][safepoint      ] Application time: 1.0000849 seconds
[7263.189s][info ][safepoint      ] Entering safepoint region: Cleanup
[7263.189s][info ][safepoint      ] Leaving safepoint region
[7263.189s][info ][safepoint      ] Total time for which application threads were stopped: 0.0001410 seconds, Stopping threads took: 0.0000417 seconds
[7265.189s][info ][safepoint      ] Application time: 2.0001712 seconds
[7265.189s][info ][safepoint      ] Entering safepoint region: Cleanup
[7265.189s][info ][safepoint      ] Leaving safepoint region
[7265.189s][info ][safepoint      ] Total time for which application threads were stopped: 0.0001328 seconds, Stopping threads took: 0.0000351 seconds
[7265.280s][info ][safepoint      ] Application time: 0.0911371 seconds
[7265.281s][info ][safepoint      ] Entering safepoint region: ParallelGCFailedAllocation
[7265.281s][info ][gc,start       ] GC(288) Pause Young (Allocation Failure)
[7265.308s][debug][gc,phases      ] GC(288) Scavenge 27.035ms
[7265.308s][debug][gc,ref         ] GC(288) Skipped phase1 of Reference Processing due to unavailable references
[7265.308s][debug][gc,ref         ] GC(288) Skipped phase3 of Reference Processing due to unavailable references
[7265.308s][debug][gc,phases      ] GC(288) Reference Processing 0.042ms
[7265.308s][debug][gc,phases      ] GC(288) Weak Processing 0.261ms
[7265.309s][debug][gc,phases      ] GC(288) Scrub String Table 0.771ms
[7265.309s][debug][gc,age         ] GC(288) Desired survivor size 150994944 bytes, new threshold 15 (max threshold 15)
[7265.309s][info ][gc,heap        ] GC(288) PSYoungGen: 1906624K->97762K(1904128K)
[7265.309s][info ][gc,heap        ] GC(288) ParOldGen: 412755K->415756K(599552K)
[7265.309s][info ][gc,metaspace   ] GC(288) Metaspace: 75392K->75392K(1118208K)
[7265.309s][info ][gc             ] GC(288) Pause Young (Allocation Failure) 2265M->501M(2445M) 28.360ms
[7265.309s][info ][gc,cpu         ] GC(288) User=0.11s Sys=0.00s Real=0.02s
[7265.309s][info ][safepoint      ] Leaving safepoint region
[7265.309s][info ][safepoint      ] Total time for which application threads were stopped: 0.0285604 seconds, Stopping threads took: 0.0000180 seconds
[7267.309s][info ][safepoint      ] Application time: 2.0002199 seconds
[7267.309s][info ][safepoint      ] Entering safepoint region: Cleanup
[7267.309s][info ][safepoint      ] Leaving safepoint region
[7267.309s][info ][safepoint      ] Total time for which application threads were stopped: 0.0001512 seconds, Stopping threads took: 0.0000713 seconds
[7268.310s][info ][safepoint      ] Application time: 1.0000798 seconds
[7268.310s][info ][safepoint      ] Entering safepoint region: Cleanup
[7268.310s][info ][safepoint      ] Leaving safepoint region
[7268.310s][info ][safepoint      ] Total time for which application threads were stopped: 0.0001630 seconds, Stopping threads took: 0.0000838 seconds
[7271.310s][info ][safepoint      ] Application time: 3.0004021 seconds
[7271.310s][info ][safepoint      ] Entering safepoint region: Cleanup
[7271.310s][info ][safepoint      ] Leaving safepoint region
[7271.310s][info ][safepoint      ] Total time for which application threads were stopped: 0.0001392 seconds, Stopping threads took: 0.0000566 seconds
[7273.311s][info ][safepoint      ] Application time: 2.0001618 seconds
[7273.311s][info ][safepoint      ] Entering safepoint region: Cleanup
[7273.311s][info ][safepoint      ] Leaving safepoint region
[7273.311s][info ][safepoint      ] Total time for which application threads were stopped: 0.0001767 seconds, Stopping threads took: 0.0000731 seconds
[7275.311s][info ][safepoint      ] Application time: 2.0002564 seconds
[7275.311s][info ][safepoint      ] Entering safepoint region: Cleanup
[7275.311s][info ][safepoint      ] Leaving safepoint region
[7275.311s][info ][safepoint      ] Total time for which application threads were stopped: 0.0001344 seconds, Stopping threads took: 0.0000528 seconds
[7275.386s][info ][safepoint      ] Application time: 0.0746626 seconds
[7275.386s][info ][safepoint      ] Entering safepoint region: ParallelGCFailedAllocation
[7275.386s][info ][gc,start       ] GC(289) Pause Young (Allocation Failure)
[7275.413s][debug][gc,phases      ] GC(289) Scavenge 27.141ms
[7275.413s][debug][gc,ref         ] GC(289) Skipped phase1 of Reference Processing due to unavailable references
[7275.413s][debug][gc,ref         ] GC(289) Skipped phase3 of Reference Processing due to unavailable references
[7275.413s][debug][gc,phases      ] GC(289) Reference Processing 0.041ms
[7275.414s][debug][gc,phases      ] GC(289) Weak Processing 0.310ms
[7275.414s][debug][gc,phases      ] GC(289) Scrub String Table 0.779ms
[7275.414s][debug][gc,age         ] GC(289) Desired survivor size 153092096 bytes, new threshold 15 (max threshold 15)
[7275.414s][info ][gc,heap        ] GC(289) PSYoungGen: 1904098K->100112K(1945600K)
[7275.414s][info ][gc,heap        ] GC(289) ParOldGen: 415756K->417688K(599552K)
[7275.414s][info ][gc,metaspace   ] GC(289) Metaspace: 75431K->75431K(1118208K)
[7275.414s][info ][gc             ] GC(289) Pause Young (Allocation Failure) 2265M->505M(2485M) 28.446ms
[7275.414s][info ][gc,cpu         ] GC(289) User=0.11s Sys=0.00s Real=0.03s
[7275.414s][info ][safepoint      ] Leaving safepoint region
[7275.415s][info ][safepoint      ] Total time for which application threads were stopped: 0.0286204 seconds, Stopping threads took: 0.0000164 seconds
[7276.415s][info ][safepoint      ] Application time: 1.0001444 seconds
[7276.415s][info ][safepoint      ] Entering safepoint region: Cleanup
[7276.415s][info ][safepoint      ] Leaving safepoint region
[7276.415s][info ][safepoint      ] Total time for which application threads were stopped: 0.0004587 seconds, Stopping threads took: 0.0000447 seconds
[7278.418s][info ][safepoint      ] Application time: 2.0024383 seconds
[7278.418s][info ][safepoint      ] Entering safepoint region: Cleanup
[7278.418s][info ][safepoint      ] Leaving safepoint region
[7278.418s][info ][safepoint      ] Total time for which application threads were stopped: 0.0001660 seconds, Stopping threads took: 0.0000673 seconds
[7279.418s][info ][safepoint      ] Application time: 1.0001143 seconds
[7279.418s][info ][safepoint      ] Entering safepoint region: Cleanup
[7279.418s][info ][safepoint      ] Leaving safepoint region
[7279.418s][info ][safepoint      ] Total time for which application threads were stopped: 0.0002353 seconds, Stopping threads took: 0.0000979 seconds
[7281.418s][info ][safepoint      ] Application time: 2.0001924 seconds
[7281.419s][info ][safepoint      ] Entering safepoint region: Cleanup
[7281.419s][info ][safepoint      ] Leaving safepoint region
[7281.419s][info ][safepoint      ] Total time for which application threads were stopped: 0.0001675 seconds, Stopping threads took: 0.0000707 seconds
[7286.278s][info ][safepoint      ] Application time: 4.8595016 seconds
[7286.278s][info ][safepoint      ] Entering safepoint region: ParallelGCFailedAllocation
[7286.278s][info ][gc,start       ] GC(290) Pause Young (Allocation Failure)
[7286.306s][debug][gc,phases      ] GC(290) Scavenge 27.672ms
[7286.306s][debug][gc,ref         ] GC(290) Skipped phase1 of Reference Processing due to unavailable references
[7286.306s][debug][gc,ref         ] GC(290) Skipped phase3 of Reference Processing due to unavailable references
[7286.306s][debug][gc,phases      ] GC(290) Reference Processing 0.040ms
[7286.306s][debug][gc,phases      ] GC(290) Weak Processing 0.271ms
[7286.307s][debug][gc,phases      ] GC(290) Scrub String Table 0.827ms
[7286.307s][debug][gc,age         ] GC(290) Desired survivor size 155713536 bytes, new threshold 15 (max threshold 15)
[7286.307s][info ][gc,heap        ] GC(290) PSYoungGen: 1898256K->104466K(1903104K)
[7286.307s][info ][gc,heap        ] GC(290) ParOldGen: 417688K->418653K(599552K)
[7286.307s][info ][gc,metaspace   ] GC(290) Metaspace: 75435K->75435K(1118208K)
[7286.307s][info ][gc             ] GC(290) Pause Young (Allocation Failure) 2261M->510M(2444M) 28.989ms
[7286.307s][info ][gc,cpu         ] GC(290) User=0.11s Sys=0.00s Real=0.03s
[7286.307s][info ][safepoint      ] Leaving safepoint region
[7286.307s][info ][safepoint      ] Total time for which application threads were stopped: 0.0291792 seconds, Stopping threads took: 0.0000171 seconds
[7288.308s][info ][safepoint      ] Application time: 2.0002691 seconds
[7288.308s][info ][safepoint      ] Entering safepoint region: Cleanup
[7288.308s][info ][safepoint      ] Leaving safepoint region
[7288.308s][info ][safepoint      ] Total time for which application threads were stopped: 0.0001249 seconds, Stopping threads took: 0.0000439 seconds
[7292.309s][info ][safepoint      ] Application time: 4.0008346 seconds
[7292.309s][info ][safepoint      ] Entering safepoint region: Cleanup
[7292.309s][info ][safepoint      ] Leaving safepoint region
[7292.309s][info ][safepoint      ] Total time for which application threads were stopped: 0.0001412 seconds, Stopping threads took: 0.0000447 seconds
[7293.309s][info ][safepoint      ] Application time: 1.0000933 seconds
[7293.309s][info ][safepoint      ] Entering safepoint region: Cleanup
[7293.309s][info ][safepoint      ] Leaving safepoint region
[7293.309s][info ][safepoint      ] Total time for which application threads were stopped: 0.0000908 seconds, Stopping threads took: 0.0000182 seconds
[7294.309s][info ][safepoint      ] Application time: 1.0000824 seconds
[7294.309s][info ][safepoint      ] Entering safepoint region: Cleanup
[7294.309s][info ][safepoint      ] Leaving safepoint region
[7294.309s][info ][safepoint      ] Total time for which application threads were stopped: 0.0001441 seconds, Stopping threads took: 0.0000432 seconds
[7295.309s][info ][safepoint      ] Application time: 1.0001033 seconds
[7295.309s][info ][safepoint      ] Entering safepoint region: Cleanup
[7295.310s][info ][safepoint      ] Leaving safepoint region
[7295.310s][info ][safepoint      ] Total time for which application threads were stopped: 0.0001401 seconds, Stopping threads took: 0.0000456 seconds
[7297.310s][info ][safepoint      ] Application time: 2.0001668 seconds
[7297.310s][info ][safepoint      ] Entering safepoint region: Cleanup
[7297.310s][info ][safepoint      ] Leaving safepoint region
[7297.310s][info ][safepoint      ] Total time for which application threads were stopped: 0.0001378 seconds, Stopping threads took: 0.0000366 seconds
[7298.310s][info ][safepoint      ] Application time: 1.0000827 seconds
[7298.310s][info ][safepoint      ] Entering safepoint region: Cleanup
[7298.310s][info ][safepoint      ] Leaving safepoint region
[7298.310s][info ][safepoint      ] Total time for which application threads were stopped: 0.0001917 seconds, Stopping threads took: 0.0001116 seconds
[7298.347s][info ][safepoint      ] Application time: 0.0364287 seconds
[7298.347s][info ][safepoint      ] Entering safepoint region: ParallelGCFailedAllocation
[7298.347s][info ][gc,start       ] GC(291) Pause Young (Allocation Failure)
[7298.378s][debug][gc,phases      ] GC(291) Scavenge 31.319ms
[7298.378s][debug][gc,ref         ] GC(291) Skipped phase1 of Reference Processing due to unavailable references
[7298.378s][debug][gc,ref         ] GC(291) Skipped phase3 of Reference Processing due to unavailable references
[7298.378s][debug][gc,phases      ] GC(291) Reference Processing 0.040ms
[7298.378s][debug][gc,phases      ] GC(291) Weak Processing 0.120ms
[7298.379s][debug][gc,phases      ] GC(291) Scrub String Table 0.411ms
[7298.379s][debug][gc,age         ] GC(291) Desired survivor size 151519232 bytes, new threshold 15 (max threshold 15)
[7298.379s][info ][gc,heap        ] GC(291) PSYoungGen: 1902610K->88065K(1949184K)
[7298.379s][info ][gc,heap        ] GC(291) ParOldGen: 418653K->456719K(599552K)
[7298.379s][info ][gc,metaspace   ] GC(291) Metaspace: 75441K->75441K(1118208K)
[7298.379s][info ][gc             ] GC(291) Pause Young (Allocation Failure) 2266M->532M(2489M) 32.061ms
[7298.379s][info ][gc,cpu         ] GC(291) User=0.12s Sys=0.00s Real=0.03s
[7298.379s][info ][safepoint      ] Leaving safepoint region
[7298.379s][info ][safepoint      ] Total time for which application threads were stopped: 0.0322551 seconds, Stopping threads took: 0.0000216 seconds
[7299.379s][info ][safepoint      ] Application time: 1.0001410 seconds
[7299.379s][info ][safepoint      ] Entering safepoint region: Cleanup
[7299.379s][info ][safepoint      ] Leaving safepoint region
[7299.379s][info ][safepoint      ] Total time for which application threads were stopped: 0.0001297 seconds, Stopping threads took: 0.0000398 seconds
[7300.379s][info ][safepoint      ] Application time: 1.0000888 seconds
[7300.379s][info ][safepoint      ] Entering safepoint region: Cleanup
[7300.380s][info ][safepoint      ] Leaving safepoint region
[7300.380s][info ][safepoint      ] Total time for which application threads were stopped: 0.0001292 seconds, Stopping threads took: 0.0000573 seconds
[7306.380s][info ][safepoint      ] Application time: 6.0006470 seconds
[7306.380s][info ][safepoint      ] Entering safepoint region: Cleanup
[7306.380s][info ][safepoint      ] Leaving safepoint region
[7306.380s][info ][safepoint      ] Total time for which application threads were stopped: 0.0001374 seconds, Stopping threads took: 0.0000588 seconds
[7307.381s][info ][safepoint      ] Application time: 1.0001315 seconds
[7307.381s][info ][safepoint      ] Entering safepoint region: Cleanup
[7307.381s][info ][safepoint      ] Leaving safepoint region
[7307.381s][info ][safepoint      ] Total time for which application threads were stopped: 0.0001843 seconds, Stopping threads took: 0.0001014 seconds
[7307.945s][info ][safepoint      ] Application time: 0.5643638 seconds
[7307.945s][info ][safepoint      ] Entering safepoint region: RevokeBias
[7307.945s][info ][safepoint      ] Leaving safepoint region
[7307.945s][info ][safepoint      ] Total time for which application threads were stopped: 0.0001111 seconds, Stopping threads took: 0.0000155 seconds
[7308.945s][info ][safepoint      ] Application time: 1.0000876 seconds
[7308.945s][info ][safepoint      ] Entering safepoint region: Cleanup
[7308.945s][info ][safepoint      ] Leaving safepoint region
[7308.945s][info ][safepoint      ] Total time for which application threads were stopped: 0.0000956 seconds, Stopping threads took: 0.0000194 seconds
[7309.946s][info ][safepoint      ] Application time: 1.0001506 seconds
[7309.946s][info ][safepoint      ] Entering safepoint region: Cleanup
[7309.946s][info ][safepoint      ] Leaving safepoint region
[7309.946s][info ][safepoint      ] Total time for which application threads were stopped: 0.0001085 seconds, Stopping threads took: 0.0000351 seconds
[7310.851s][info ][safepoint      ] Application time: 0.9051313 seconds
[7310.851s][info ][safepoint      ] Entering safepoint region: RevokeBias
[7310.851s][info ][safepoint      ] Leaving safepoint region
[7310.851s][info ][safepoint      ] Total time for which application threads were stopped: 0.0001083 seconds, Stopping threads took: 0.0000159 seconds
[7310.939s][info ][safepoint      ] Application time: 0.0878267 seconds
[7310.939s][info ][safepoint      ] Entering safepoint region: ParallelGCFailedAllocation
[7310.939s][info ][gc,start       ] GC(292) Pause Young (Allocation Failure)
[7310.965s][debug][gc,phases      ] GC(292) Scavenge 25.577ms
[7310.965s][debug][gc,ref         ] GC(292) Skipped phase1 of Reference Processing due to unavailable references
[7310.965s][debug][gc,ref         ] GC(292) Skipped phase3 of Reference Processing due to unavailable references
[7310.965s][debug][gc,phases      ] GC(292) Reference Processing 0.060ms
[7310.965s][debug][gc,phases      ] GC(292) Weak Processing 0.119ms
[7310.965s][debug][gc,phases      ] GC(292) Scrub String Table 0.430ms
[7310.965s][debug][gc,age         ] GC(292) Desired survivor size 147849216 bytes, new threshold 15 (max threshold 15)
[7310.965s][info ][gc,heap        ] GC(292) PSYoungGen: 1885178K->88910K(1945088K)
[7310.965s][info ][gc,heap        ] GC(292) ParOldGen: 456719K->457203K(599552K)
[7310.965s][info ][gc,metaspace   ] GC(292) Metaspace: 75444K->75444K(1118208K)
[7310.965s][info ][gc             ] GC(292) Pause Young (Allocation Failure) 2287M->533M(2485M) 26.360ms
[7310.965s][info ][gc,cpu         ] GC(292) User=0.10s Sys=0.00s Real=0.03s
[7310.965s][info ][safepoint      ] Leaving safepoint region
[7310.965s][info ][safepoint      ] Total time for which application threads were stopped: 0.0265470 seconds, Stopping threads took: 0.0000165 seconds
[7311.966s][info ][safepoint      ] Application time: 1.0001544 seconds
[7311.966s][info ][safepoint      ] Entering safepoint region: Cleanup
[7311.966s][info ][safepoint      ] Leaving safepoint region
[7311.966s][info ][safepoint      ] Total time for which application threads were stopped: 0.0001447 seconds, Stopping threads took: 0.0000402 seconds
[7312.966s][info ][safepoint      ] Application time: 1.0000706 seconds
[7312.966s][info ][safepoint      ] Entering safepoint region: Cleanup
[7312.966s][info ][safepoint      ] Leaving safepoint region
[7312.966s][info ][safepoint      ] Total time for which application threads were stopped: 0.0001478 seconds, Stopping threads took: 0.0000552 seconds
[7314.966s][info ][safepoint      ] Application time: 2.0001609 seconds
[7314.966s][info ][safepoint      ] Entering safepoint region: Cleanup
[7314.966s][info ][safepoint      ] Leaving safepoint region
[7314.966s][info ][safepoint      ] Total time for which application threads were stopped: 0.0001637 seconds, Stopping threads took: 0.0000565 seconds
[7320.967s][info ][safepoint      ] Application time: 6.0005708 seconds
[7320.967s][info ][safepoint      ] Entering safepoint region: Cleanup
[7320.967s][info ][safepoint      ] Leaving safepoint region
[7320.967s][info ][safepoint      ] Total time for which application threads were stopped: 0.0001363 seconds, Stopping threads took: 0.0000613 seconds
[7321.967s][info ][safepoint      ] Application time: 1.0001257 seconds
[7321.967s][info ][safepoint      ] Entering safepoint region: Cleanup
[7321.967s][info ][safepoint      ] Leaving safepoint region
[7321.967s][info ][safepoint      ] Total time for which application threads were stopped: 0.0001156 seconds, Stopping threads took: 0.0000424 seconds
[7322.968s][info ][safepoint      ] Application time: 1.0001299 seconds
[7322.968s][info ][safepoint      ] Entering safepoint region: Cleanup
[7322.968s][info ][safepoint      ] Leaving safepoint region
[7322.968s][info ][safepoint      ] Total time for which application threads were stopped: 0.0001194 seconds, Stopping threads took: 0.0000389 seconds
[7323.177s][info ][safepoint      ] Application time: 0.2093308 seconds
[7323.177s][info ][safepoint      ] Entering safepoint region: ParallelGCFailedAllocation
[7323.177s][info ][gc,start       ] GC(293) Pause Young (Allocation Failure)
[7323.204s][debug][gc,phases      ] GC(293) Scavenge 26.838ms
[7323.204s][debug][gc,ref         ] GC(293) Skipped phase1 of Reference Processing due to unavailable references
[7323.204s][debug][gc,ref         ] GC(293) Skipped phase3 of Reference Processing due to unavailable references
[7323.204s][debug][gc,phases      ] GC(293) Reference Processing 0.039ms
[7323.204s][debug][gc,phases      ] GC(293) Weak Processing 0.117ms
[7323.205s][debug][gc,phases      ] GC(293) Scrub String Table 0.486ms
[7323.205s][debug][gc,age         ] GC(293) Desired survivor size 144703488 bytes, new threshold 15 (max threshold 15)
[7323.205s][info ][gc,heap        ] GC(293) PSYoungGen: 1886030K->91214K(1955840K)
[7323.205s][info ][gc,heap        ] GC(293) ParOldGen: 457203K->457855K(599552K)
[7323.205s][info ][gc,metaspace   ] GC(293) Metaspace: 75469K->75469K(1118208K)
[7323.205s][info ][gc             ] GC(293) Pause Young (Allocation Failure) 2288M->536M(2495M) 27.673ms
[7323.205s][info ][gc,cpu         ] GC(293) User=0.10s Sys=0.01s Real=0.03s
[7323.205s][info ][safepoint      ] Leaving safepoint region
[7323.205s][info ][safepoint      ] Total time for which application threads were stopped: 0.0279299 seconds, Stopping threads took: 0.0000408 seconds
[7324.205s][info ][safepoint      ] Application time: 1.0001363 seconds
[7324.205s][info ][safepoint      ] Entering safepoint region: Cleanup
[7324.205s][info ][safepoint      ] Leaving safepoint region
[7324.205s][info ][safepoint      ] Total time for which application threads were stopped: 0.0001355 seconds, Stopping threads took: 0.0000591 seconds
[7325.206s][info ][safepoint      ] Application time: 1.0001372 seconds
[7325.206s][info ][safepoint      ] Entering safepoint region: Cleanup
[7325.206s][info ][safepoint      ] Leaving safepoint region
[7325.206s][info ][safepoint      ] Total time for which application threads were stopped: 0.0001154 seconds, Stopping threads took: 0.0000397 seconds
[7326.206s][info ][safepoint      ] Application time: 1.0001274 seconds
[7326.206s][info ][safepoint      ] Entering safepoint region: Cleanup
[7326.206s][info ][safepoint      ] Leaving safepoint region
[7326.206s][info ][safepoint      ] Total time for which application threads were stopped: 0.0001159 seconds, Stopping threads took: 0.0000407 seconds
[7327.206s][info ][safepoint      ] Application time: 1.0000890 seconds
[7327.206s][info ][safepoint      ] Entering safepoint region: Cleanup
[7327.206s][info ][safepoint      ] Leaving safepoint region
[7327.206s][info ][safepoint      ] Total time for which application threads were stopped: 0.0001252 seconds, Stopping threads took: 0.0000431 seconds
[7328.206s][info ][safepoint      ] Application time: 1.0001869 seconds
[7328.207s][info ][safepoint      ] Entering safepoint region: Cleanup
[7328.207s][info ][safepoint      ] Leaving safepoint region
[7328.207s][info ][safepoint      ] Total time for which application threads were stopped: 0.0000908 seconds, Stopping threads took: 0.0000197 seconds
[7329.207s][info ][safepoint      ] Application time: 1.0000829 seconds
[7329.207s][info ][safepoint      ] Entering safepoint region: Cleanup
[7329.207s][info ][safepoint      ] Leaving safepoint region
[7329.207s][info ][safepoint      ] Total time for which application threads were stopped: 0.0002551 seconds, Stopping threads took: 0.0000401 seconds
[7332.207s][info ][safepoint      ] Application time: 3.0003944 seconds
[7332.208s][info ][safepoint      ] Entering safepoint region: Cleanup
[7332.208s][info ][safepoint      ] Leaving safepoint region
[7332.208s][info ][safepoint      ] Total time for which application threads were stopped: 0.0002965 seconds, Stopping threads took: 0.0001444 seconds
[7333.208s][info ][safepoint      ] Application time: 1.0000929 seconds
[7333.208s][info ][safepoint      ] Entering safepoint region: Cleanup
[7333.208s][info ][safepoint      ] Leaving safepoint region
[7333.208s][info ][safepoint      ] Total time for which application threads were stopped: 0.0001181 seconds, Stopping threads took: 0.0000404 seconds
[7334.208s][info ][safepoint      ] Application time: 1.0001325 seconds
[7334.208s][info ][safepoint      ] Entering safepoint region: Cleanup
[7334.208s][info ][safepoint      ] Leaving safepoint region
[7334.208s][info ][safepoint      ] Total time for which application threads were stopped: 0.0001697 seconds, Stopping threads took: 0.0000739 seconds
[7334.930s][info ][safepoint      ] Application time: 0.7219712 seconds
[7334.930s][info ][safepoint      ] Entering safepoint region: ParallelGCFailedAllocation
[7334.931s][info ][gc,start       ] GC(294) Pause Young (Allocation Failure)
[7334.958s][debug][gc,phases      ] GC(294) Scavenge 27.717ms
[7334.958s][debug][gc,ref         ] GC(294) Skipped phase1 of Reference Processing due to unavailable references
[7334.958s][debug][gc,ref         ] GC(294) Skipped phase3 of Reference Processing due to unavailable references
[7334.958s][debug][gc,phases      ] GC(294) Reference Processing 0.055ms
[7334.959s][debug][gc,phases      ] GC(294) Weak Processing 0.122ms
[7334.959s][debug][gc,phases      ] GC(294) Scrub String Table 0.406ms
[7334.959s][debug][gc,age         ] GC(294) Desired survivor size 141557760 bytes, new threshold 15 (max threshold 15)
[7334.959s][info ][gc,heap        ] GC(294) PSYoungGen: 1902670K->89262K(1952768K)
[7334.959s][info ][gc,heap        ] GC(294) ParOldGen: 457855K->470354K(599552K)
[7334.959s][info ][gc,metaspace   ] GC(294) Metaspace: 75470K->75470K(1118208K)
[7334.959s][info ][gc             ] GC(294) Pause Young (Allocation Failure) 2305M->546M(2492M) 28.461ms
[7334.959s][info ][gc,cpu         ] GC(294) User=0.11s Sys=0.00s Real=0.03s
[7334.959s][info ][safepoint      ] Leaving safepoint region
[7334.959s][info ][safepoint      ] Total time for which application threads were stopped: 0.0286576 seconds, Stopping threads took: 0.0000176 seconds
[7337.959s][info ][safepoint      ] Application time: 3.0002970 seconds
[7337.959s][info ][safepoint      ] Entering safepoint region: Cleanup
[7337.960s][info ][safepoint      ] Leaving safepoint region
[7337.960s][info ][safepoint      ] Total time for which application threads were stopped: 0.0001300 seconds, Stopping threads took: 0.0000553 seconds
[7339.960s][info ][safepoint      ] Application time: 2.0002651 seconds
[7339.960s][info ][safepoint      ] Entering safepoint region: Cleanup
[7339.960s][info ][safepoint      ] Leaving safepoint region
[7339.960s][info ][safepoint      ] Total time for which application threads were stopped: 0.0001438 seconds, Stopping threads took: 0.0000336 seconds
[7340.960s][info ][safepoint      ] Application time: 1.0001221 seconds
[7340.960s][info ][safepoint      ] Entering safepoint region: Cleanup
[7340.960s][info ][safepoint      ] Leaving safepoint region
[7340.960s][info ][safepoint      ] Total time for which application threads were stopped: 0.0001533 seconds, Stopping threads took: 0.0000634 seconds
[7341.960s][info ][safepoint      ] Application time: 1.0000801 seconds
[7341.960s][info ][safepoint      ] Entering safepoint region: Cleanup
[7341.961s][info ][safepoint      ] Leaving safepoint region
[7341.961s][info ][safepoint      ] Total time for which application threads were stopped: 0.0001448 seconds, Stopping threads took: 0.0000393 seconds
[7342.961s][info ][safepoint      ] Application time: 1.0001259 seconds
[7342.961s][info ][safepoint      ] Entering safepoint region: Cleanup
[7342.961s][info ][safepoint      ] Leaving safepoint region
[7342.961s][info ][safepoint      ] Total time for which application threads were stopped: 0.0001259 seconds, Stopping threads took: 0.0000413 seconds
[7344.961s][info ][safepoint      ] Application time: 2.0001917 seconds
[7344.961s][info ][safepoint      ] Entering safepoint region: Cleanup
[7344.961s][info ][safepoint      ] Leaving safepoint region
[7344.961s][info ][safepoint      ] Total time for which application threads were stopped: 0.0001050 seconds, Stopping threads took: 0.0000347 seconds
[7345.961s][info ][safepoint      ] Application time: 1.0000797 seconds
[7345.961s][info ][safepoint      ] Entering safepoint region: Cleanup
[7345.961s][info ][safepoint      ] Leaving safepoint region
[7345.961s][info ][safepoint      ] Total time for which application threads were stopped: 0.0001230 seconds, Stopping threads took: 0.0000388 seconds
[7346.733s][info ][safepoint      ] Application time: 0.7713398 seconds
[7346.733s][info ][safepoint      ] Entering safepoint region: ParallelGCFailedAllocation
[7346.733s][info ][gc,start       ] GC(295) Pause Young (Allocation Failure)
[7346.761s][debug][gc,phases      ] GC(295) Scavenge 27.839ms
[7346.761s][debug][gc,ref         ] GC(295) Skipped phase1 of Reference Processing due to unavailable references
[7346.761s][debug][gc,ref         ] GC(295) Skipped phase3 of Reference Processing due to unavailable references
[7346.761s][debug][gc,phases      ] GC(295) Reference Processing 0.060ms
[7346.761s][debug][gc,phases      ] GC(295) Weak Processing 0.255ms
[7346.762s][debug][gc,phases      ] GC(295) Scrub String Table 0.807ms
[7346.762s][debug][gc,age         ] GC(295) Desired survivor size 137363456 bytes, new threshold 15 (max threshold 15)
[7346.762s][info ][gc,heap        ] GC(295) PSYoungGen: 1900718K->74654K(1963008K)
[7346.762s][info ][gc,heap        ] GC(295) ParOldGen: 470354K->489594K(599552K)
[7346.762s][info ][gc,metaspace   ] GC(295) Metaspace: 75477K->75477K(1118208K)
[7346.762s][info ][gc             ] GC(295) Pause Young (Allocation Failure) 2315M->551M(2502M) 29.133ms
[7346.762s][info ][gc,cpu         ] GC(295) User=0.11s Sys=0.00s Real=0.03s
[7346.762s][info ][safepoint      ] Leaving safepoint region
[7346.762s][info ][safepoint      ] Total time for which application threads were stopped: 0.0293118 seconds, Stopping threads took: 0.0000183 seconds
[7350.763s][info ][safepoint      ] Application time: 4.0004051 seconds
[7350.763s][info ][safepoint      ] Entering safepoint region: Cleanup
[7350.763s][info ][safepoint      ] Leaving safepoint region
[7350.763s][info ][safepoint      ] Total time for which application threads were stopped: 0.0001208 seconds, Stopping threads took: 0.0000404 seconds
[7351.763s][info ][safepoint      ] Application time: 1.0001300 seconds
[7351.763s][info ][safepoint      ] Entering safepoint region: Cleanup
[7351.763s][info ][safepoint      ] Leaving safepoint region
[7351.763s][info ][safepoint      ] Total time for which application threads were stopped: 0.0001385 seconds, Stopping threads took: 0.0000419 seconds
[7352.763s][info ][safepoint      ] Application time: 1.0000963 seconds
[7352.763s][info ][safepoint      ] Entering safepoint region: Cleanup
[7352.763s][info ][safepoint      ] Leaving safepoint region
[7352.763s][info ][safepoint      ] Total time for which application threads were stopped: 0.0001215 seconds, Stopping threads took: 0.0000434 seconds
[7354.764s][info ][safepoint      ] Application time: 2.0002196 seconds
[7354.764s][info ][safepoint      ] Entering safepoint region: Cleanup
[7354.764s][info ][safepoint      ] Leaving safepoint region
[7354.764s][info ][safepoint      ] Total time for which application threads were stopped: 0.0001280 seconds, Stopping threads took: 0.0000406 seconds
[7355.764s][info ][safepoint      ] Application time: 1.0000550 seconds
[7355.764s][info ][safepoint      ] Entering safepoint region: Cleanup
[7355.764s][info ][safepoint      ] Leaving safepoint region
[7355.764s][info ][safepoint      ] Total time for which application threads were stopped: 0.0001283 seconds, Stopping threads took: 0.0000546 seconds
[7356.764s][info ][safepoint      ] Application time: 1.0001353 seconds
[7356.764s][info ][safepoint      ] Entering safepoint region: Cleanup
[7356.764s][info ][safepoint      ] Leaving safepoint region
[7356.764s][info ][safepoint      ] Total time for which application threads were stopped: 0.0001192 seconds, Stopping threads took: 0.0000392 seconds
[7357.092s][info ][safepoint      ] Application time: 0.3277199 seconds
[7357.092s][info ][safepoint      ] Entering safepoint region: ParallelGCFailedAllocation
[7357.092s][info ][gc,start       ] GC(296) Pause Young (Allocation Failure)
[7357.117s][debug][gc,phases      ] GC(296) Scavenge 25.300ms
[7357.118s][debug][gc,ref         ] GC(296) Skipped phase1 of Reference Processing due to unavailable references
[7357.118s][debug][gc,ref         ] GC(296) Skipped phase3 of Reference Processing due to unavailable references
[7357.118s][debug][gc,phases      ] GC(296) Reference Processing 0.042ms
[7357.118s][debug][gc,phases      ] GC(296) Weak Processing 0.136ms
[7357.118s][debug][gc,phases      ] GC(296) Scrub String Table 0.413ms
[7357.118s][debug][gc,age         ] GC(296) Desired survivor size 133169152 bytes, new threshold 15 (max threshold 15)
[7357.118s][info ][gc,heap        ] GC(296) PSYoungGen: 1899422K->74735K(1958912K)
[7357.118s][info ][gc,heap        ] GC(296) ParOldGen: 489594K->495320K(599552K)
[7357.118s][info ][gc,metaspace   ] GC(296) Metaspace: 75479K->75479K(1118208K)
[7357.118s][info ][gc             ] GC(296) Pause Young (Allocation Failure) 2333M->556M(2498M) 26.075ms
[7357.118s][info ][gc,cpu         ] GC(296) User=0.10s Sys=0.00s Real=0.03s
[7357.118s][info ][safepoint      ] Leaving safepoint region
[7357.118s][info ][safepoint      ] Total time for which application threads were stopped: 0.0263119 seconds, Stopping threads took: 0.0000679 seconds
[7358.118s][info ][safepoint      ] Application time: 1.0001329 seconds
[7358.118s][info ][safepoint      ] Entering safepoint region: Cleanup
[7358.119s][info ][safepoint      ] Leaving safepoint region
[7358.119s][info ][safepoint      ] Total time for which application threads were stopped: 0.0001204 seconds, Stopping threads took: 0.0000410 seconds
[7360.119s][info ][safepoint      ] Application time: 2.0002089 seconds
[7360.119s][info ][safepoint      ] Entering safepoint region: Cleanup
[7360.119s][info ][safepoint      ] Leaving safepoint region
[7360.119s][info ][safepoint      ] Total time for which application threads were stopped: 0.0001239 seconds, Stopping threads took: 0.0000446 seconds
[7361.119s][info ][safepoint      ] Application time: 1.0000878 seconds
[7361.119s][info ][safepoint      ] Entering safepoint region: Cleanup
[7361.119s][info ][safepoint      ] Leaving safepoint region
[7361.119s][info ][safepoint      ] Total time for which application threads were stopped: 0.0001383 seconds, Stopping threads took: 0.0000711 seconds
[7362.119s][info ][safepoint      ] Application time: 1.0001295 seconds
[7362.119s][info ][safepoint      ] Entering safepoint region: Cleanup
[7362.120s][info ][safepoint      ] Leaving safepoint region
[7362.120s][info ][safepoint      ] Total time for which application threads were stopped: 0.0001199 seconds, Stopping threads took: 0.0000513 seconds
[7363.120s][info ][safepoint      ] Application time: 1.0001345 seconds
[7363.120s][info ][safepoint      ] Entering safepoint region: Cleanup
[7363.120s][info ][safepoint      ] Leaving safepoint region
[7363.120s][info ][safepoint      ] Total time for which application threads were stopped: 0.0001194 seconds, Stopping threads took: 0.0000417 seconds
[7364.120s][info ][safepoint      ] Application time: 1.0000847 seconds
[7364.120s][info ][safepoint      ] Entering safepoint region: Cleanup
[7364.120s][info ][safepoint      ] Leaving safepoint region
[7364.120s][info ][safepoint      ] Total time for which application threads were stopped: 0.0001091 seconds, Stopping threads took: 0.0000429 seconds
[7365.121s][info ][safepoint      ] Application time: 1.0014046 seconds
[7365.122s][info ][safepoint      ] Entering safepoint region: Cleanup
[7365.122s][info ][safepoint      ] Leaving safepoint region
[7365.122s][info ][safepoint      ] Total time for which application threads were stopped: 0.0001216 seconds, Stopping threads took: 0.0000454 seconds
[7366.122s][info ][safepoint      ] Application time: 1.0000882 seconds
[7366.122s][info ][safepoint      ] Entering safepoint region: Cleanup
[7366.122s][info ][safepoint      ] Leaving safepoint region
[7366.122s][info ][safepoint      ] Total time for which application threads were stopped: 0.0001308 seconds, Stopping threads took: 0.0000601 seconds
[7367.122s][info ][safepoint      ] Application time: 1.0000819 seconds
[7367.122s][info ][safepoint      ] Entering safepoint region: Cleanup
[7367.122s][info ][safepoint      ] Leaving safepoint region
[7367.122s][info ][safepoint      ] Total time for which application threads were stopped: 0.0001158 seconds, Stopping threads took: 0.0000407 seconds
[7367.137s][info ][safepoint      ] Application time: 0.0146404 seconds
[7367.137s][info ][safepoint      ] Entering safepoint region: ParallelGCFailedAllocation
[7367.137s][info ][gc,start       ] GC(297) Pause Young (Allocation Failure)
[7367.163s][debug][gc,phases      ] GC(297) Scavenge 25.465ms
[7367.163s][debug][gc,ref         ] GC(297) Skipped phase1 of Reference Processing due to unavailable references
[7367.163s][debug][gc,ref         ] GC(297) Skipped phase3 of Reference Processing due to unavailable references
[7367.163s][debug][gc,phases      ] GC(297) Reference Processing 0.071ms
[7367.163s][debug][gc,phases      ] GC(297) Weak Processing 0.122ms
[7367.163s][debug][gc,phases      ] GC(297) Scrub String Table 0.443ms
[7367.163s][debug][gc,age         ] GC(297) Desired survivor size 130547712 bytes, new threshold 15 (max threshold 15)
[7367.163s][info ][gc,heap        ] GC(297) PSYoungGen: 1899503K->70257K(1969664K)
[7367.163s][info ][gc,heap        ] GC(297) ParOldGen: 495320K->500818K(599552K)
[7367.163s][info ][gc,metaspace   ] GC(297) Metaspace: 75480K->75480K(1118208K)
[7367.163s][info ][gc             ] GC(297) Pause Young (Allocation Failure) 2338M->557M(2509M) 26.266ms
[7367.163s][info ][gc,cpu         ] GC(297) User=0.10s Sys=0.00s Real=0.03s
[7367.163s][info ][safepoint      ] Leaving safepoint region
[7367.163s][info ][safepoint      ] Total time for which application threads were stopped: 0.0264843 seconds, Stopping threads took: 0.0000677 seconds
[7368.163s][info ][safepoint      ] Application time: 1.0001279 seconds
[7368.164s][info ][safepoint      ] Entering safepoint region: Cleanup
[7368.164s][info ][safepoint      ] Leaving safepoint region
[7368.164s][info ][safepoint      ] Total time for which application threads were stopped: 0.0001253 seconds, Stopping threads took: 0.0000550 seconds
[7369.164s][info ][safepoint      ] Application time: 1.0000980 seconds
[7369.164s][info ][safepoint      ] Entering safepoint region: Cleanup
[7369.164s][info ][safepoint      ] Leaving safepoint region
[7369.164s][info ][safepoint      ] Total time for which application threads were stopped: 0.0001160 seconds, Stopping threads took: 0.0000430 seconds
[7370.164s][info ][safepoint      ] Application time: 1.0000844 seconds
[7370.164s][info ][safepoint      ] Entering safepoint region: Cleanup
[7370.164s][info ][safepoint      ] Leaving safepoint region
[7370.164s][info ][safepoint      ] Total time for which application threads were stopped: 0.0001071 seconds, Stopping threads took: 0.0000364 seconds
[7371.164s][info ][safepoint      ] Application time: 1.0001324 seconds
[7371.164s][info ][safepoint      ] Entering safepoint region: Cleanup
[7371.164s][info ][safepoint      ] Leaving safepoint region
[7371.164s][info ][safepoint      ] Total time for which application threads were stopped: 0.0001650 seconds, Stopping threads took: 0.0000807 seconds
[7372.165s][info ][safepoint      ] Application time: 1.0001239 seconds
[7372.165s][info ][safepoint      ] Entering safepoint region: Cleanup
[7372.165s][info ][safepoint      ] Leaving safepoint region
[7372.165s][info ][safepoint      ] Total time for which application threads were stopped: 0.0001444 seconds, Stopping threads took: 0.0000394 seconds
[7373.165s][info ][safepoint      ] Application time: 1.0000919 seconds
[7373.165s][info ][safepoint      ] Entering safepoint region: Cleanup
[7373.165s][info ][safepoint      ] Leaving safepoint region
[7373.165s][info ][safepoint      ] Total time for which application threads were stopped: 0.0001149 seconds, Stopping threads took: 0.0000428 seconds
[7374.165s][info ][safepoint      ] Application time: 1.0001230 seconds
[7374.165s][info ][safepoint      ] Entering safepoint region: Cleanup
[7374.165s][info ][safepoint      ] Leaving safepoint region
[7374.165s][info ][safepoint      ] Total time for which application threads were stopped: 0.0001144 seconds, Stopping threads took: 0.0000411 seconds
[7375.165s][info ][safepoint      ] Application time: 1.0000789 seconds
[7375.166s][info ][safepoint      ] Entering safepoint region: Cleanup
[7375.166s][info ][safepoint      ] Leaving safepoint region
[7375.166s][info ][safepoint      ] Total time for which application threads were stopped: 0.0001493 seconds, Stopping threads took: 0.0000719 seconds
[7376.166s][info ][safepoint      ] Application time: 1.0000838 seconds
[7376.166s][info ][safepoint      ] Entering safepoint region: Cleanup
[7376.166s][info ][safepoint      ] Leaving safepoint region
[7376.166s][info ][safepoint      ] Total time for which application threads were stopped: 0.0001251 seconds, Stopping threads took: 0.0000396 seconds
[7377.166s][info ][safepoint      ] Application time: 1.0000770 seconds
[7377.166s][info ][safepoint      ] Entering safepoint region: Cleanup
[7377.166s][info ][safepoint      ] Leaving safepoint region
[7377.166s][info ][safepoint      ] Total time for which application threads were stopped: 0.0002045 seconds, Stopping threads took: 0.0001290 seconds
[7378.166s][info ][safepoint      ] Application time: 1.0000906 seconds
[7378.166s][info ][safepoint      ] Entering safepoint region: Cleanup
[7378.166s][info ][safepoint      ] Leaving safepoint region
[7378.166s][info ][safepoint      ] Total time for which application threads were stopped: 0.0001256 seconds, Stopping threads took: 0.0000559 seconds
[7378.570s][info ][safepoint      ] Application time: 0.4037404 seconds
[7378.570s][info ][safepoint      ] Entering safepoint region: ParallelGCFailedAllocation
[7378.570s][info ][gc,start       ] GC(298) Pause Young (Allocation Failure)
[7378.593s][debug][gc,phases      ] GC(298) Scavenge 22.052ms
[7378.593s][debug][gc,ref         ] GC(298) Skipped phase1 of Reference Processing due to unavailable references
[7378.593s][debug][gc,ref         ] GC(298) Skipped phase3 of Reference Processing due to unavailable references
[7378.593s][debug][gc,phases      ] GC(298) Reference Processing 0.071ms
[7378.593s][debug][gc,phases      ] GC(298) Weak Processing 0.124ms
[7378.593s][debug][gc,phases      ] GC(298) Scrub String Table 0.515ms
[7378.593s][debug][gc,age         ] GC(298) Desired survivor size 127401984 bytes, new threshold 15 (max threshold 15)
[7378.593s][info ][gc,heap        ] GC(298) PSYoungGen: 1909873K->69507K(1967104K)
[7378.593s][info ][gc,heap        ] GC(298) ParOldGen: 500818K->502181K(599552K)
[7378.593s][info ][gc,metaspace   ] GC(298) Metaspace: 75480K->75480K(1118208K)
[7378.593s][info ][gc             ] GC(298) Pause Young (Allocation Failure) 2354M->558M(2506M) 22.937ms
[7378.593s][info ][gc,cpu         ] GC(298) User=0.09s Sys=0.00s Real=0.03s
[7378.593s][info ][safepoint      ] Leaving safepoint region
[7378.593s][info ][safepoint      ] Total time for which application threads were stopped: 0.0231292 seconds, Stopping threads took: 0.0000334 seconds
[7379.594s][info ][safepoint      ] Application time: 1.0000977 seconds
[7379.594s][info ][safepoint      ] Entering safepoint region: Cleanup
[7379.594s][info ][safepoint      ] Leaving safepoint region
[7379.594s][info ][safepoint      ] Total time for which application threads were stopped: 0.0001056 seconds, Stopping threads took: 0.0000196 seconds
[7380.594s][info ][safepoint      ] Application time: 1.0001004 seconds
[7380.594s][info ][safepoint      ] Entering safepoint region: Cleanup
[7380.594s][info ][safepoint      ] Leaving safepoint region
[7380.594s][info ][safepoint      ] Total time for which application threads were stopped: 0.0000827 seconds, Stopping threads took: 0.0000181 seconds
[7381.600s][info ][safepoint      ] Application time: 1.0057341 seconds
[7381.600s][info ][safepoint      ] Entering safepoint region: Cleanup
[7381.600s][info ][safepoint      ] Leaving safepoint region
[7381.600s][info ][safepoint      ] Total time for which application threads were stopped: 0.0000950 seconds, Stopping threads took: 0.0000157 seconds
[7382.600s][info ][safepoint      ] Application time: 1.0001171 seconds
[7382.600s][info ][safepoint      ] Entering safepoint region: Cleanup
[7382.600s][info ][safepoint      ] Leaving safepoint region
[7382.600s][info ][safepoint      ] Total time for which application threads were stopped: 0.0000805 seconds, Stopping threads took: 0.0000171 seconds
[7383.600s][info ][safepoint      ] Application time: 1.0000800 seconds
[7383.600s][info ][safepoint      ] Entering safepoint region: Cleanup
[7383.600s][info ][safepoint      ] Leaving safepoint region
[7383.600s][info ][safepoint      ] Total time for which application threads were stopped: 0.0000831 seconds, Stopping threads took: 0.0000180 seconds
[7384.600s][info ][safepoint      ] Application time: 1.0000968 seconds
[7384.600s][info ][safepoint      ] Entering safepoint region: Cleanup
[7384.600s][info ][safepoint      ] Leaving safepoint region
[7384.600s][info ][safepoint      ] Total time for which application threads were stopped: 0.0000837 seconds, Stopping threads took: 0.0000192 seconds
[7385.601s][info ][safepoint      ] Application time: 1.0001298 seconds
[7385.601s][info ][safepoint      ] Entering safepoint region: Cleanup
[7385.601s][info ][safepoint      ] Leaving safepoint region
[7385.601s][info ][safepoint      ] Total time for which application threads were stopped: 0.0001606 seconds, Stopping threads took: 0.0000238 seconds
[7386.601s][info ][safepoint      ] Application time: 1.0000943 seconds
[7386.601s][info ][safepoint      ] Entering safepoint region: Cleanup
[7386.601s][info ][safepoint      ] Leaving safepoint region
[7386.601s][info ][safepoint      ] Total time for which application threads were stopped: 0.0000844 seconds, Stopping threads took: 0.0000207 seconds
[7387.487s][info ][safepoint      ] Application time: 0.8862169 seconds
[7387.487s][info ][safepoint      ] Entering safepoint region: RevokeBias
[7387.488s][info ][safepoint      ] Leaving safepoint region
[7387.488s][info ][safepoint      ] Total time for which application threads were stopped: 0.0002402 seconds, Stopping threads took: 0.0001444 seconds
[7387.493s][info ][safepoint      ] Application time: 0.0058143 seconds
[7387.493s][info ][safepoint      ] Entering safepoint region: RevokeBias
[7387.493s][info ][safepoint      ] Leaving safepoint region
[7387.493s][info ][safepoint      ] Total time for which application threads were stopped: 0.0000676 seconds, Stopping threads took: 0.0000108 seconds
[7388.495s][info ][safepoint      ] Application time: 1.0010313 seconds
[7388.495s][info ][safepoint      ] Entering safepoint region: Cleanup
[7388.495s][info ][safepoint      ] Leaving safepoint region
[7388.495s][info ][safepoint      ] Total time for which application threads were stopped: 0.0001312 seconds, Stopping threads took: 0.0000182 seconds
[7388.830s][info ][safepoint      ] Application time: 0.3351325 seconds
[7388.830s][info ][safepoint      ] Entering safepoint region: ParallelGCFailedAllocation
[7388.830s][info ][gc,start       ] GC(299) Pause Young (Allocation Failure)
[7388.851s][debug][gc,phases      ] GC(299) Scavenge 20.534ms
[7388.851s][debug][gc,ref         ] GC(299) Skipped phase1 of Reference Processing due to unavailable references
[7388.851s][debug][gc,ref         ] GC(299) Skipped phase3 of Reference Processing due to unavailable references
[7388.851s][debug][gc,phases      ] GC(299) Reference Processing 0.038ms
[7388.851s][debug][gc,phases      ] GC(299) Weak Processing 0.125ms
[7388.851s][debug][gc,phases      ] GC(299) Scrub String Table 0.435ms
[7388.851s][debug][gc,age         ] GC(299) Desired survivor size 125829120 bytes, new threshold 15 (max threshold 15)
[7388.851s][info ][gc,heap        ] GC(299) PSYoungGen: 1909123K->62690K(1974272K)
[7388.851s][info ][gc,heap        ] GC(299) ParOldGen: 502181K->507422K(599552K)
[7388.851s][info ][gc,metaspace   ] GC(299) Metaspace: 75480K->75480K(1118208K)
[7388.851s][info ][gc             ] GC(299) Pause Young (Allocation Failure) 2354M->556M(2513M) 21.282ms
[7388.851s][info ][gc,cpu         ] GC(299) User=0.08s Sys=0.00s Real=0.02s
[7388.851s][info ][safepoint      ] Leaving safepoint region
[7388.851s][info ][safepoint      ] Total time for which application threads were stopped: 0.0214902 seconds, Stopping threads took: 0.0000166 seconds
[7389.851s][info ][safepoint      ] Application time: 1.0001166 seconds
[7389.852s][info ][safepoint      ] Entering safepoint region: Cleanup
[7389.852s][info ][safepoint      ] Leaving safepoint region
[7389.852s][info ][safepoint      ] Total time for which application threads were stopped: 0.0000986 seconds, Stopping threads took: 0.0000181 seconds
[7390.852s][info ][safepoint      ] Application time: 1.0000747 seconds
[7390.852s][info ][safepoint      ] Entering safepoint region: Cleanup
[7390.852s][info ][safepoint      ] Leaving safepoint region
[7390.852s][info ][safepoint      ] Total time for which application threads were stopped: 0.0000832 seconds, Stopping threads took: 0.0000197 seconds
[7391.852s][info ][safepoint      ] Application time: 1.0000862 seconds
[7391.852s][info ][safepoint      ] Entering safepoint region: Cleanup
[7391.852s][info ][safepoint      ] Leaving safepoint region
[7391.852s][info ][safepoint      ] Total time for which application threads were stopped: 0.0001061 seconds, Stopping threads took: 0.0000404 seconds
[7392.852s][info ][safepoint      ] Application time: 1.0000928 seconds
[7392.852s][info ][safepoint      ] Entering safepoint region: Cleanup
[7392.852s][info ][safepoint      ] Leaving safepoint region
[7392.852s][info ][safepoint      ] Total time for which application threads were stopped: 0.0002116 seconds, Stopping threads took: 0.0000712 seconds
[7393.853s][info ][safepoint      ] Application time: 1.0000795 seconds
[7393.853s][info ][safepoint      ] Entering safepoint region: Cleanup
[7393.853s][info ][safepoint      ] Leaving safepoint region
[7393.853s][info ][safepoint      ] Total time for which application threads were stopped: 0.0001534 seconds, Stopping threads took: 0.0000864 seconds
[7394.853s][info ][safepoint      ] Application time: 1.0000803 seconds
[7394.853s][info ][safepoint      ] Entering safepoint region: Cleanup
[7394.853s][info ][safepoint      ] Leaving safepoint region
[7394.853s][info ][safepoint      ] Total time for which application threads were stopped: 0.0001647 seconds, Stopping threads took: 0.0000841 seconds
[7395.853s][info ][safepoint      ] Application time: 1.0000881 seconds
[7395.853s][info ][safepoint      ] Entering safepoint region: Cleanup
[7395.853s][info ][safepoint      ] Leaving safepoint region
[7395.853s][info ][safepoint      ] Total time for which application threads were stopped: 0.0001092 seconds, Stopping threads took: 0.0000427 seconds
[7396.853s][info ][safepoint      ] Application time: 1.0000911 seconds
[7396.853s][info ][safepoint      ] Entering safepoint region: Cleanup
[7396.854s][info ][safepoint      ] Leaving safepoint region
[7396.854s][info ][safepoint      ] Total time for which application threads were stopped: 0.0001376 seconds, Stopping threads took: 0.0000422 seconds
[7397.854s][info ][safepoint      ] Application time: 1.0000880 seconds
[7397.861s][info ][safepoint      ] Entering safepoint region: Cleanup
[7397.861s][info ][safepoint      ] Leaving safepoint region
[7397.861s][info ][safepoint      ] Total time for which application threads were stopped: 0.0076944 seconds, Stopping threads took: 0.0076169 seconds
[7398.861s][info ][safepoint      ] Application time: 1.0000847 seconds
[7398.862s][info ][safepoint      ] Entering safepoint region: Cleanup
[7398.862s][info ][safepoint      ] Leaving safepoint region
[7398.862s][info ][safepoint      ] Total time for which application threads were stopped: 0.0001119 seconds, Stopping threads took: 0.0000432 seconds
[7399.080s][info ][safepoint      ] Application time: 0.2178738 seconds
[7399.080s][info ][safepoint      ] Entering safepoint region: ParallelGCFailedAllocation
[7399.080s][info ][gc,start       ] GC(300) Pause Young (Allocation Failure)
[7399.099s][debug][gc,phases      ] GC(300) Scavenge 18.789ms
[7399.099s][debug][gc,ref         ] GC(300) Skipped phase1 of Reference Processing due to unavailable references
[7399.099s][debug][gc,ref         ] GC(300) Skipped phase3 of Reference Processing due to unavailable references
[7399.099s][debug][gc,phases      ] GC(300) Reference Processing 0.039ms
[7399.099s][debug][gc,phases      ] GC(300) Weak Processing 0.119ms
[7399.099s][debug][gc,phases      ] GC(300) Scrub String Table 0.410ms
[7399.099s][debug][gc,age         ] GC(300) Desired survivor size 124780544 bytes, new threshold 15 (max threshold 15)
[7399.099s][info ][gc,heap        ] GC(300) PSYoungGen: 1912546K->59281K(1972736K)
[7399.099s][info ][gc,heap        ] GC(300) ParOldGen: 507422K->509683K(599552K)
[7399.099s][info ][gc,metaspace   ] GC(300) Metaspace: 75483K->75483K(1118208K)
[7399.099s][info ][gc             ] GC(300) Pause Young (Allocation Failure) 2363M->555M(2512M) 19.524ms
[7399.099s][info ][gc,cpu         ] GC(300) User=0.07s Sys=0.00s Real=0.02s
[7399.099s][info ][safepoint      ] Leaving safepoint region
[7399.099s][info ][safepoint      ] Total time for which application threads were stopped: 0.0197478 seconds, Stopping threads took: 0.0000616 seconds
[7400.099s][info ][safepoint      ] Application time: 1.0001144 seconds
[7400.099s][info ][safepoint      ] Entering safepoint region: Cleanup
[7400.100s][info ][safepoint      ] Leaving safepoint region
[7400.100s][info ][safepoint      ] Total time for which application threads were stopped: 0.0000856 seconds, Stopping threads took: 0.0000193 seconds
[7401.100s][info ][safepoint      ] Application time: 1.0000798 seconds
[7401.100s][info ][safepoint      ] Entering safepoint region: Cleanup
[7401.100s][info ][safepoint      ] Leaving safepoint region
[7401.100s][info ][safepoint      ] Total time for which application threads were stopped: 0.0001132 seconds, Stopping threads took: 0.0000180 seconds
[7402.100s][info ][safepoint      ] Application time: 1.0000979 seconds
[7402.100s][info ][safepoint      ] Entering safepoint region: Cleanup
[7402.100s][info ][safepoint      ] Leaving safepoint region
[7402.100s][info ][safepoint      ] Total time for which application threads were stopped: 0.0000883 seconds, Stopping threads took: 0.0000189 seconds
[7403.100s][info ][safepoint      ] Application time: 1.0001104 seconds
[7403.100s][info ][safepoint      ] Entering safepoint region: Cleanup
[7403.100s][info ][safepoint      ] Leaving safepoint region
[7403.100s][info ][safepoint      ] Total time for which application threads were stopped: 0.0001514 seconds, Stopping threads took: 0.0000794 seconds
[7404.100s][info ][safepoint      ] Application time: 1.0001088 seconds
[7404.100s][info ][safepoint      ] Entering safepoint region: Cleanup
[7404.101s][info ][safepoint      ] Leaving safepoint region
[7404.101s][info ][safepoint      ] Total time for which application threads were stopped: 0.0000851 seconds, Stopping threads took: 0.0000196 seconds
[7405.000s][info ][safepoint      ] Application time: 0.8991773 seconds
[7405.000s][info ][safepoint      ] Entering safepoint region: RevokeBias
[7405.000s][info ][safepoint      ] Leaving safepoint region
[7405.000s][info ][safepoint      ] Total time for which application threads were stopped: 0.0001012 seconds, Stopping threads took: 0.0000193 seconds
[7410.205s][info ][safepoint      ] Application time: 5.2051681 seconds
[7410.205s][info ][safepoint      ] Entering safepoint region: ParallelGCFailedAllocation
[7410.205s][info ][gc,start       ] GC(301) Pause Young (Allocation Failure)
[7410.225s][debug][gc,phases      ] GC(301) Scavenge 19.212ms
[7410.225s][debug][gc,ref         ] GC(301) Skipped phase1 of Reference Processing due to unavailable references
[7410.225s][debug][gc,ref         ] GC(301) Skipped phase3 of Reference Processing due to unavailable references
[7410.225s][debug][gc,phases      ] GC(301) Reference Processing 0.053ms
[7410.225s][debug][gc,phases      ] GC(301) Weak Processing 0.122ms
[7410.225s][debug][gc,phases      ] GC(301) Scrub String Table 0.536ms
[7410.225s][debug][gc,age         ] GC(301) Desired survivor size 123207680 bytes, new threshold 15 (max threshold 15)
[7410.225s][info ][gc,heap        ] GC(301) PSYoungGen: 1909137K->56801K(1976832K)
[7410.225s][info ][gc,heap        ] GC(301) ParOldGen: 509683K->513822K(599552K)
[7410.225s][info ][gc,metaspace   ] GC(301) Metaspace: 75485K->75485K(1118208K)
[7410.225s][info ][gc             ] GC(301) Pause Young (Allocation Failure) 2362M->557M(2516M) 20.084ms
[7410.225s][info ][gc,cpu         ] GC(301) User=0.06s Sys=0.02s Real=0.02s
[7410.225s][info ][safepoint      ] Leaving safepoint region
[7410.225s][info ][safepoint      ] Total time for which application threads were stopped: 0.0203490 seconds, Stopping threads took: 0.0000874 seconds
[7418.226s][info ][safepoint      ] Application time: 8.0006818 seconds
[7418.226s][info ][safepoint      ] Entering safepoint region: Cleanup
[7418.226s][info ][safepoint      ] Leaving safepoint region
[7418.226s][info ][safepoint      ] Total time for which application threads were stopped: 0.0001285 seconds, Stopping threads took: 0.0000513 seconds
[7420.529s][info ][safepoint      ] Application time: 2.3030785 seconds
[7420.529s][info ][safepoint      ] Entering safepoint region: ParallelGCFailedAllocation
[7420.529s][info ][gc,start       ] GC(302) Pause Young (Allocation Failure)
[7420.547s][debug][gc,phases      ] GC(302) Scavenge 17.689ms
[7420.547s][debug][gc,ref         ] GC(302) Skipped phase1 of Reference Processing due to unavailable references
[7420.547s][debug][gc,ref         ] GC(302) Skipped phase3 of Reference Processing due to unavailable references
[7420.547s][debug][gc,phases      ] GC(302) Reference Processing 0.039ms
[7420.548s][debug][gc,phases      ] GC(302) Weak Processing 0.288ms
[7420.548s][debug][gc,phases      ] GC(302) Scrub String Table 0.832ms
[7420.548s][debug][gc,age         ] GC(302) Desired survivor size 122159104 bytes, new threshold 15 (max threshold 15)
[7420.548s][info ][gc,heap        ] GC(302) PSYoungGen: 1911777K->52401K(1975296K)
[7420.549s][info ][gc,heap        ] GC(302) ParOldGen: 513822K->516479K(599552K)
[7420.549s][info ][gc,metaspace   ] GC(302) Metaspace: 75488K->75488K(1118208K)
[7420.549s][info ][gc             ] GC(302) Pause Young (Allocation Failure) 2368M->555M(2514M) 19.108ms
[7420.549s][info ][gc,cpu         ] GC(302) User=0.07s Sys=0.00s Real=0.02s
[7420.549s][info ][safepoint      ] Leaving safepoint region
[7420.549s][info ][safepoint      ] Total time for which application threads were stopped: 0.0193561 seconds, Stopping threads took: 0.0000188 seconds
[7424.549s][info ][safepoint      ] Application time: 4.0003097 seconds
[7424.549s][info ][safepoint      ] Entering safepoint region: Cleanup
[7424.549s][info ][safepoint      ] Leaving safepoint region
[7424.549s][info ][safepoint      ] Total time for which application threads were stopped: 0.0000830 seconds, Stopping threads took: 0.0000168 seconds
[7425.549s][info ][safepoint      ] Application time: 1.0000718 seconds
[7425.549s][info ][safepoint      ] Entering safepoint region: Cleanup
[7425.549s][info ][safepoint      ] Leaving safepoint region
[7425.549s][info ][safepoint      ] Total time for which application threads were stopped: 0.0002286 seconds, Stopping threads took: 0.0000411 seconds
[7427.550s][info ][safepoint      ] Application time: 2.0002393 seconds
[7427.550s][info ][safepoint      ] Entering safepoint region: Cleanup
[7427.550s][info ][safepoint      ] Leaving safepoint region
[7427.550s][info ][safepoint      ] Total time for which application threads were stopped: 0.0000932 seconds, Stopping threads took: 0.0000188 seconds
[7430.122s][info ][safepoint      ] Application time: 2.5721631 seconds
[7430.122s][info ][safepoint      ] Entering safepoint region: ParallelGCFailedAllocation
[7430.122s][info ][gc,start       ] GC(303) Pause Young (Allocation Failure)
[7430.140s][debug][gc,phases      ] GC(303) Scavenge 17.423ms
[7430.140s][debug][gc,ref         ] GC(303) Skipped phase1 of Reference Processing due to unavailable references
[7430.140s][debug][gc,ref         ] GC(303) Skipped phase3 of Reference Processing due to unavailable references
[7430.140s][debug][gc,phases      ] GC(303) Reference Processing 0.038ms
[7430.140s][debug][gc,phases      ] GC(303) Weak Processing 0.117ms
[7430.141s][debug][gc,phases      ] GC(303) Scrub String Table 0.642ms
[7430.141s][debug][gc,age         ] GC(303) Desired survivor size 120586240 bytes, new threshold 15 (max threshold 15)
[7430.141s][info ][gc,heap        ] GC(303) PSYoungGen: 1907377K->54722K(1979392K)
[7430.141s][info ][gc,heap        ] GC(303) ParOldGen: 516479K->516575K(599552K)
[7430.141s][info ][gc,metaspace   ] GC(303) Metaspace: 75488K->75488K(1118208K)
[7430.141s][info ][gc             ] GC(303) Pause Young (Allocation Failure) 2367M->557M(2518M) 18.477ms
[7430.141s][info ][gc,cpu         ] GC(303) User=0.07s Sys=0.00s Real=0.02s
[7430.141s][info ][safepoint      ] Leaving safepoint region
[7430.141s][info ][safepoint      ] Total time for which application threads were stopped: 0.0187153 seconds, Stopping threads took: 0.0000166 seconds
[7434.141s][info ][safepoint      ] Application time: 4.0005515 seconds
[7434.141s][info ][safepoint      ] Entering safepoint region: Cleanup
[7434.141s][info ][safepoint      ] Leaving safepoint region
[7434.141s][info ][safepoint      ] Total time for which application threads were stopped: 0.0000859 seconds, Stopping threads took: 0.0000176 seconds
[7435.142s][info ][safepoint      ] Application time: 1.0001178 seconds
[7435.142s][info ][safepoint      ] Entering safepoint region: Cleanup
[7435.142s][info ][safepoint      ] Leaving safepoint region
[7435.142s][info ][safepoint      ] Total time for which application threads were stopped: 0.0000855 seconds, Stopping threads took: 0.0000176 seconds
[7438.142s][info ][safepoint      ] Application time: 3.0003113 seconds
[7438.142s][info ][safepoint      ] Entering safepoint region: Cleanup
[7438.142s][info ][safepoint      ] Leaving safepoint region
[7438.142s][info ][safepoint      ] Total time for which application threads were stopped: 0.0001269 seconds, Stopping threads took: 0.0000553 seconds
[7439.142s][info ][safepoint      ] Application time: 1.0001283 seconds
[7439.142s][info ][safepoint      ] Entering safepoint region: Cleanup
[7439.142s][info ][safepoint      ] Leaving safepoint region
[7439.142s][info ][safepoint      ] Total time for which application threads were stopped: 0.0000880 seconds, Stopping threads took: 0.0000185 seconds
[7439.630s][info ][safepoint      ] Application time: 0.4876157 seconds
[7439.630s][info ][safepoint      ] Entering safepoint region: ParallelGCFailedAllocation
[7439.630s][info ][gc,start       ] GC(304) Pause Young (Allocation Failure)
[7439.647s][debug][gc,phases      ] GC(304) Scavenge 16.456ms
[7439.647s][debug][gc,ref         ] GC(304) Skipped phase1 of Reference Processing due to unavailable references
[7439.647s][debug][gc,ref         ] GC(304) Skipped phase3 of Reference Processing due to unavailable references
[7439.647s][debug][gc,phases      ] GC(304) Reference Processing 0.040ms
[7439.647s][debug][gc,phases      ] GC(304) Weak Processing 0.118ms
[7439.647s][debug][gc,phases      ] GC(304) Scrub String Table 0.409ms
[7439.647s][debug][gc,age         ] GC(304) Desired survivor size 117964800 bytes, new threshold 15 (max threshold 15)
[7439.647s][info ][gc,heap        ] GC(304) PSYoungGen: 1914818K->55314K(1977856K)
[7439.647s][info ][gc,heap        ] GC(304) ParOldGen: 516575K->516947K(599552K)
[7439.647s][info ][gc,metaspace   ] GC(304) Metaspace: 75489K->75489K(1118208K)
[7439.647s][info ][gc             ] GC(304) Pause Young (Allocation Failure) 2374M->558M(2517M) 17.200ms
[7439.647s][info ][gc,cpu         ] GC(304) User=0.06s Sys=0.00s Real=0.02s
[7439.648s][info ][safepoint      ] Leaving safepoint region
[7439.648s][info ][safepoint      ] Total time for which application threads were stopped: 0.0173903 seconds, Stopping threads took: 0.0000173 seconds
[7441.648s][info ][safepoint      ] Application time: 2.0001716 seconds
[7441.649s][info ][safepoint      ] Entering safepoint region: Cleanup
[7441.649s][info ][safepoint      ] Leaving safepoint region
[7441.649s][info ][safepoint      ] Total time for which application threads were stopped: 0.0010000 seconds, Stopping threads took: 0.0009290 seconds
[7443.649s][info ][safepoint      ] Application time: 2.0002020 seconds
[7443.649s][info ][safepoint      ] Entering safepoint region: Cleanup
[7443.649s][info ][safepoint      ] Leaving safepoint region
[7443.649s][info ][safepoint      ] Total time for which application threads were stopped: 0.0000909 seconds, Stopping threads took: 0.0000193 seconds
[7445.649s][info ][safepoint      ] Application time: 2.0001418 seconds
[7445.649s][info ][safepoint      ] Entering safepoint region: Cleanup
[7445.649s][info ][safepoint      ] Leaving safepoint region
[7445.649s][info ][safepoint      ] Total time for which application threads were stopped: 0.0000887 seconds, Stopping threads took: 0.0000180 seconds
[7446.649s][info ][safepoint      ] Application time: 1.0000801 seconds
[7446.650s][info ][safepoint      ] Entering safepoint region: Cleanup
[7446.650s][info ][safepoint      ] Leaving safepoint region
[7446.650s][info ][safepoint      ] Total time for which application threads were stopped: 0.0001229 seconds, Stopping threads took: 0.0000197 seconds
[7447.650s][info ][safepoint      ] Application time: 1.0000788 seconds
[7447.650s][info ][safepoint      ] Entering safepoint region: Cleanup
[7447.650s][info ][safepoint      ] Leaving safepoint region
[7447.650s][info ][safepoint      ] Total time for which application threads were stopped: 0.0001221 seconds, Stopping threads took: 0.0000429 seconds
[7447.945s][info ][safepoint      ] Application time: 0.2948905 seconds
[7447.945s][info ][safepoint      ] Entering safepoint region: ParallelGCFailedAllocation
[7447.945s][info ][gc,start       ] GC(305) Pause Young (Allocation Failure)
[7447.964s][debug][gc,phases      ] GC(305) Scavenge 18.928ms
[7447.964s][debug][gc,ref         ] GC(305) Skipped phase1 of Reference Processing due to unavailable references
[7447.964s][debug][gc,ref         ] GC(305) Skipped phase3 of Reference Processing due to unavailable references
[7447.964s][debug][gc,phases      ] GC(305) Reference Processing 0.038ms
[7447.964s][debug][gc,phases      ] GC(305) Weak Processing 0.231ms
[7447.965s][debug][gc,phases      ] GC(305) Scrub String Table 0.939ms
[7447.965s][debug][gc,age         ] GC(305) Desired survivor size 115343360 bytes, new threshold 15 (max threshold 15)
[7447.965s][info ][gc,heap        ] GC(305) PSYoungGen: 1915410K->56370K(1984512K)
[7447.965s][info ][gc,heap        ] GC(305) ParOldGen: 516947K->517980K(599552K)
[7447.965s][info ][gc,metaspace   ] GC(305) Metaspace: 75490K->75490K(1118208K)
[7447.965s][info ][gc             ] GC(305) Pause Young (Allocation Failure) 2375M->560M(2523M) 20.311ms
[7447.965s][info ][gc,cpu         ] GC(305) User=0.07s Sys=0.00s Real=0.02s
[7447.965s][info ][safepoint      ] Leaving safepoint region
[7447.965s][info ][safepoint      ] Total time for which application threads were stopped: 0.0205702 seconds, Stopping threads took: 0.0000858 seconds
[7448.965s][info ][safepoint      ] Application time: 1.0000977 seconds
[7448.966s][info ][safepoint      ] Entering safepoint region: Cleanup
[7448.966s][info ][safepoint      ] Leaving safepoint region
[7448.966s][info ][safepoint      ] Total time for which application threads were stopped: 0.0002271 seconds, Stopping threads took: 0.0000428 seconds
[7449.966s][info ][safepoint      ] Application time: 1.0000899 seconds
[7449.966s][info ][safepoint      ] Entering safepoint region: Cleanup
[7449.966s][info ][safepoint      ] Leaving safepoint region
[7449.966s][info ][safepoint      ] Total time for which application threads were stopped: 0.0001374 seconds, Stopping threads took: 0.0000418 seconds
[7452.968s][info ][safepoint      ] Application time: 3.0024740 seconds
[7452.969s][info ][safepoint      ] Entering safepoint region: Cleanup
[7452.969s][info ][safepoint      ] Leaving safepoint region
[7452.969s][info ][safepoint      ] Total time for which application threads were stopped: 0.0001463 seconds, Stopping threads took: 0.0000376 seconds
[7456.806s][info ][safepoint      ] Application time: 3.8375940 seconds
[7456.806s][info ][safepoint      ] Entering safepoint region: RevokeBias
[7456.806s][info ][safepoint      ] Leaving safepoint region
[7456.806s][info ][safepoint      ] Total time for which application threads were stopped: 0.0001082 seconds, Stopping threads took: 0.0000178 seconds
[7457.435s][info ][safepoint      ] Application time: 0.6288995 seconds
[7457.435s][info ][safepoint      ] Entering safepoint region: ParallelGCFailedAllocation
[7457.435s][info ][gc,start       ] GC(306) Pause Young (Allocation Failure)
[7457.453s][debug][gc,phases      ] GC(306) Scavenge 17.709ms
[7457.453s][debug][gc,ref         ] GC(306) Skipped phase1 of Reference Processing due to unavailable references
[7457.453s][debug][gc,ref         ] GC(306) Skipped phase3 of Reference Processing due to unavailable references
[7457.453s][debug][gc,phases      ] GC(306) Reference Processing 0.051ms
[7457.453s][debug][gc,phases      ] GC(306) Weak Processing 0.120ms
[7457.454s][debug][gc,phases      ] GC(306) Scrub String Table 0.425ms
[7457.454s][debug][gc,age         ] GC(306) Desired survivor size 112721920 bytes, new threshold 15 (max threshold 15)
[7457.454s][info ][gc,heap        ] GC(306) PSYoungGen: 1925682K->57634K(1981952K)
[7457.454s][info ][gc,heap        ] GC(306) ParOldGen: 517980K->518412K(599552K)
[7457.454s][info ][gc,metaspace   ] GC(306) Metaspace: 75490K->75490K(1118208K)
[7457.454s][info ][gc             ] GC(306) Pause Young (Allocation Failure) 2386M->562M(2521M) 18.478ms
[7457.454s][info ][gc,cpu         ] GC(306) User=0.07s Sys=0.00s Real=0.02s
[7457.454s][info ][safepoint      ] Leaving safepoint region
[7457.454s][info ][safepoint      ] Total time for which application threads were stopped: 0.0186650 seconds, Stopping threads took: 0.0000196 seconds
[7458.454s][info ][safepoint      ] Application time: 1.0003005 seconds
[7458.454s][info ][safepoint      ] Entering safepoint region: Cleanup
[7458.455s][info ][safepoint      ] Leaving safepoint region
[7458.455s][info ][safepoint      ] Total time for which application threads were stopped: 0.0001861 seconds, Stopping threads took: 0.0000923 seconds
[7467.647s][info ][safepoint      ] Application time: 9.1926955 seconds
[7467.647s][info ][safepoint      ] Entering safepoint region: ParallelGCFailedAllocation
[7467.648s][info ][gc,start       ] GC(307) Pause Young (Allocation Failure)
[7467.665s][debug][gc,phases      ] GC(307) Scavenge 17.570ms
[7467.665s][debug][gc,ref         ] GC(307) Skipped phase1 of Reference Processing due to unavailable references
[7467.665s][debug][gc,ref         ] GC(307) Skipped phase3 of Reference Processing due to unavailable references
[7467.665s][debug][gc,phases      ] GC(307) Reference Processing 0.050ms
[7467.666s][debug][gc,phases      ] GC(307) Weak Processing 0.307ms
[7467.666s][debug][gc,phases      ] GC(307) Scrub String Table 0.732ms
[7467.666s][debug][gc,age         ] GC(307) Desired survivor size 109576192 bytes, new threshold 15 (max threshold 15)
[7467.666s][info ][gc,heap        ] GC(307) PSYoungGen: 1926946K->57170K(1990144K)
[7467.666s][info ][gc,heap        ] GC(307) ParOldGen: 518412K->519030K(599552K)
[7467.666s][info ][gc,metaspace   ] GC(307) Metaspace: 75490K->75490K(1118208K)
[7467.666s][info ][gc             ] GC(307) Pause Young (Allocation Failure) 2388M->562M(2529M) 18.874ms
[7467.666s][info ][gc,cpu         ] GC(307) User=0.07s Sys=0.01s Real=0.02s
[7467.667s][info ][safepoint      ] Leaving safepoint region
[7467.667s][info ][safepoint      ] Total time for which application threads were stopped: 0.0192041 seconds, Stopping threads took: 0.0000919 seconds
[7469.350s][info ][safepoint      ] Application time: 1.6832360 seconds
[7469.350s][info ][safepoint      ] Entering safepoint region: RevokeBias
[7469.350s][info ][safepoint      ] Leaving safepoint region
[7469.350s][info ][safepoint      ] Total time for which application threads were stopped: 0.0001521 seconds, Stopping threads took: 0.0000406 seconds
[7472.350s][info ][safepoint      ] Application time: 3.0003074 seconds
[7472.350s][info ][safepoint      ] Entering safepoint region: Cleanup
[7472.350s][info ][safepoint      ] Leaving safepoint region
[7472.350s][info ][safepoint      ] Total time for which application threads were stopped: 0.0000899 seconds, Stopping threads took: 0.0000181 seconds
[7474.351s][info ][safepoint      ] Application time: 2.0002233 seconds
[7474.351s][info ][safepoint      ] Entering safepoint region: Cleanup
[7474.351s][info ][safepoint      ] Leaving safepoint region
[7474.351s][info ][safepoint      ] Total time for which application threads were stopped: 0.0000898 seconds, Stopping threads took: 0.0000193 seconds
[7476.351s][info ][safepoint      ] Application time: 2.0001702 seconds
[7476.351s][info ][safepoint      ] Entering safepoint region: Cleanup
[7476.351s][info ][safepoint      ] Leaving safepoint region
[7476.351s][info ][safepoint      ] Total time for which application threads were stopped: 0.0000902 seconds, Stopping threads took: 0.0000181 seconds
[7476.691s][info ][safepoint      ] Application time: 0.3396103 seconds
[7476.691s][info ][safepoint      ] Entering safepoint region: ParallelGCFailedAllocation
[7476.691s][info ][gc,start       ] GC(308) Pause Young (Allocation Failure)
[7476.708s][debug][gc,phases      ] GC(308) Scavenge 16.933ms
[7476.708s][debug][gc,ref         ] GC(308) Skipped phase1 of Reference Processing due to unavailable references
[7476.708s][debug][gc,ref         ] GC(308) Skipped phase3 of Reference Processing due to unavailable references
[7476.708s][debug][gc,phases      ] GC(308) Reference Processing 0.051ms
[7476.708s][debug][gc,phases      ] GC(308) Weak Processing 0.120ms
[7476.709s][debug][gc,phases      ] GC(308) Scrub String Table 0.629ms
[7476.709s][debug][gc,age         ] GC(308) Desired survivor size 106954752 bytes, new threshold 15 (max threshold 15)
[7476.709s][info ][gc,heap        ] GC(308) PSYoungGen: 1937234K->57618K(1987072K)
[7476.709s][info ][gc,heap        ] GC(308) ParOldGen: 519030K->519126K(599552K)
[7476.709s][info ][gc,metaspace   ] GC(308) Metaspace: 75491K->75491K(1118208K)
[7476.709s][info ][gc             ] GC(308) Pause Young (Allocation Failure) 2398M->563M(2526M) 18.088ms
[7476.709s][info ][gc,cpu         ] GC(308) User=0.07s Sys=0.00s Real=0.02s
[7476.709s][info ][safepoint      ] Leaving safepoint region
[7476.709s][info ][safepoint      ] Total time for which application threads were stopped: 0.0183136 seconds, Stopping threads took: 0.0000553 seconds
[7477.709s][info ][safepoint      ] Application time: 1.0001414 seconds
[7477.709s][info ][safepoint      ] Entering safepoint region: Cleanup
[7477.709s][info ][safepoint      ] Leaving safepoint region
[7477.709s][info ][safepoint      ] Total time for which application threads were stopped: 0.0001266 seconds, Stopping threads took: 0.0000549 seconds
[7482.710s][info ][safepoint      ] Application time: 5.0004468 seconds
[7482.710s][info ][safepoint      ] Entering safepoint region: Cleanup
[7482.710s][info ][safepoint      ] Leaving safepoint region
[7482.710s][info ][safepoint      ] Total time for which application threads were stopped: 0.0001382 seconds, Stopping threads took: 0.0000650 seconds
[7485.105s][info ][safepoint      ] Application time: 2.3950659 seconds
[7485.105s][info ][safepoint      ] Entering safepoint region: ParallelGCFailedAllocation
[7485.105s][info ][gc,start       ] GC(309) Pause Young (Allocation Failure)
[7485.123s][debug][gc,phases      ] GC(309) Scavenge 17.237ms
[7485.123s][debug][gc,ref         ] GC(309) Skipped phase1 of Reference Processing due to unavailable references
[7485.123s][debug][gc,ref         ] GC(309) Skipped phase3 of Reference Processing due to unavailable references
[7485.123s][debug][gc,phases      ] GC(309) Reference Processing 0.041ms
[7485.123s][debug][gc,phases      ] GC(309) Weak Processing 0.279ms
[7485.124s][debug][gc,phases      ] GC(309) Scrub String Table 0.818ms
[7485.124s][debug][gc,age         ] GC(309) Desired survivor size 104857600 bytes, new threshold 15 (max threshold 15)
[7485.124s][info ][gc,heap        ] GC(309) PSYoungGen: 1937682K->53905K(1994752K)
[7485.124s][info ][gc,heap        ] GC(309) ParOldGen: 519126K->520994K(599552K)
[7485.124s][info ][gc,metaspace   ] GC(309) Metaspace: 75498K->75498K(1118208K)
[7485.124s][info ][gc             ] GC(309) Pause Young (Allocation Failure) 2399M->561M(2533M) 18.540ms
[7485.124s][info ][gc,cpu         ] GC(309) User=0.06s Sys=0.01s Real=0.02s
[7485.124s][info ][safepoint      ] Leaving safepoint region
[7485.124s][info ][safepoint      ] Total time for which application threads were stopped: 0.0187437 seconds, Stopping threads took: 0.0000382 seconds
[7491.125s][info ][safepoint      ] Application time: 6.0007364 seconds
[7491.125s][info ][safepoint      ] Entering safepoint region: Cleanup
[7491.125s][info ][safepoint      ] Leaving safepoint region
[7491.125s][info ][safepoint      ] Total time for which application threads were stopped: 0.0001436 seconds, Stopping threads took: 0.0000677 seconds
[7495.904s][info ][safepoint      ] Application time: 4.7793155 seconds
[7495.905s][info ][safepoint      ] Entering safepoint region: ParallelGCFailedAllocation
[7495.905s][info ][gc,start       ] GC(310) Pause Young (Allocation Failure)
[7495.920s][debug][gc,phases      ] GC(310) Scavenge 15.117ms
[7495.920s][debug][gc,ref         ] GC(310) Skipped phase1 of Reference Processing due to unavailable references
[7495.920s][debug][gc,ref         ] GC(310) Skipped phase3 of Reference Processing due to unavailable references
[7495.920s][debug][gc,phases      ] GC(310) Reference Processing 0.037ms
[7495.920s][debug][gc,phases      ] GC(310) Weak Processing 0.226ms
[7495.921s][debug][gc,phases      ] GC(310) Scrub String Table 0.620ms
[7495.921s][debug][gc,age         ] GC(310) Desired survivor size 102760448 bytes, new threshold 15 (max threshold 15)
[7495.921s][info ][gc,heap        ] GC(310) PSYoungGen: 1944209K->52273K(1992704K)
[7495.921s][info ][gc,heap        ] GC(310) ParOldGen: 520994K->521066K(599552K)
[7495.921s][info ][gc,metaspace   ] GC(310) Metaspace: 75499K->75499K(1118208K)
[7495.921s][info ][gc             ] GC(310) Pause Young (Allocation Failure) 2407M->559M(2531M) 16.169ms
[7495.921s][info ][gc,cpu         ] GC(310) User=0.06s Sys=0.00s Real=0.02s
[7495.921s][info ][safepoint      ] Leaving safepoint region
[7495.921s][info ][safepoint      ] Total time for which application threads were stopped: 0.0170545 seconds, Stopping threads took: 0.0007037 seconds
[7507.225s][info ][safepoint      ] Application time: 11.3034516 seconds
[7507.225s][info ][safepoint      ] Entering safepoint region: ParallelGCFailedAllocation
[7507.225s][info ][gc,start       ] GC(311) Pause Young (Allocation Failure)
[7507.243s][debug][gc,phases      ] GC(311) Scavenge 17.888ms
[7507.243s][debug][gc,ref         ] GC(311) Skipped phase1 of Reference Processing due to unavailable references
[7507.243s][debug][gc,ref         ] GC(311) Skipped phase3 of Reference Processing due to unavailable references
[7507.243s][debug][gc,phases      ] GC(311) Reference Processing 0.038ms
[7507.243s][debug][gc,phases      ] GC(311) Weak Processing 0.119ms
[7507.243s][debug][gc,phases      ] GC(311) Scrub String Table 0.493ms
[7507.244s][debug][gc,age         ] GC(311) Desired survivor size 100663296 bytes, new threshold 15 (max threshold 15)
[7507.244s][info ][gc,heap        ] GC(311) PSYoungGen: 1942577K->51713K(1998848K)
[7507.244s][info ][gc,heap        ] GC(311) ParOldGen: 521066K->521230K(599552K)
[7507.244s][info ][gc,metaspace   ] GC(311) Metaspace: 75499K->75499K(1118208K)
[7507.244s][info ][gc             ] GC(311) Pause Young (Allocation Failure) 2405M->559M(2537M) 18.719ms
[7507.244s][info ][gc,cpu         ] GC(311) User=0.07s Sys=0.00s Real=0.02s
[7507.244s][info ][safepoint      ] Leaving safepoint region
[7507.244s][info ][safepoint      ] Total time for which application threads were stopped: 0.0189141 seconds, Stopping threads took: 0.0000329 seconds
[7509.244s][info ][safepoint      ] Application time: 2.0002403 seconds
[7509.244s][info ][safepoint      ] Entering safepoint region: Cleanup
[7509.244s][info ][safepoint      ] Leaving safepoint region
[7509.244s][info ][safepoint      ] Total time for which application threads were stopped: 0.0000886 seconds, Stopping threads took: 0.0000188 seconds
[7514.244s][info ][safepoint      ] Application time: 5.0004404 seconds
[7514.244s][info ][safepoint      ] Entering safepoint region: Cleanup
[7514.245s][info ][safepoint      ] Leaving safepoint region
[7514.245s][info ][safepoint      ] Total time for which application threads were stopped: 0.0001595 seconds, Stopping threads took: 0.0000171 seconds
[7515.245s][info ][safepoint      ] Application time: 1.0000885 seconds
[7515.245s][info ][safepoint      ] Entering safepoint region: Cleanup
[7515.245s][info ][safepoint      ] Leaving safepoint region
[7515.245s][info ][safepoint      ] Total time for which application threads were stopped: 0.0003771 seconds, Stopping threads took: 0.0001117 seconds
[7516.245s][info ][safepoint      ] Application time: 1.0001231 seconds
[7516.245s][info ][safepoint      ] Entering safepoint region: Cleanup
[7516.245s][info ][safepoint      ] Leaving safepoint region
[7516.245s][info ][safepoint      ] Total time for which application threads were stopped: 0.0000859 seconds, Stopping threads took: 0.0000173 seconds
[7518.246s][info ][safepoint      ] Application time: 2.0001609 seconds
[7518.246s][info ][safepoint      ] Entering safepoint region: Cleanup
[7518.246s][info ][safepoint      ] Leaving safepoint region
[7518.246s][info ][safepoint      ] Total time for which application threads were stopped: 0.0000898 seconds, Stopping threads took: 0.0000181 seconds
[7519.246s][info ][safepoint      ] Application time: 1.0000723 seconds
[7519.246s][info ][safepoint      ] Entering safepoint region: Cleanup
[7519.246s][info ][safepoint      ] Leaving safepoint region
[7519.246s][info ][safepoint      ] Total time for which application threads were stopped: 0.0000975 seconds, Stopping threads took: 0.0000209 seconds
[7519.322s][info ][safepoint      ] Application time: 0.0762583 seconds
[7519.322s][info ][safepoint      ] Entering safepoint region: ParallelGCFailedAllocation
[7519.323s][info ][gc,start       ] GC(312) Pause Young (Allocation Failure)
[7519.338s][debug][gc,phases      ] GC(312) Scavenge 14.934ms
[7519.338s][debug][gc,ref         ] GC(312) Skipped phase1 of Reference Processing due to unavailable references
[7519.338s][debug][gc,ref         ] GC(312) Skipped phase3 of Reference Processing due to unavailable references
[7519.338s][debug][gc,phases      ] GC(312) Reference Processing 0.036ms
[7519.338s][debug][gc,phases      ] GC(312) Weak Processing 0.270ms
[7519.339s][debug][gc,phases      ] GC(312) Scrub String Table 0.846ms
[7519.339s][debug][gc,age         ] GC(312) Desired survivor size 99090432 bytes, new threshold 15 (max threshold 15)
[7519.339s][info ][gc,heap        ] GC(312) PSYoungGen: 1950209K->49056K(1996800K)
[7519.339s][info ][gc,heap        ] GC(312) ParOldGen: 521230K->521442K(599552K)
[7519.339s][info ][gc,metaspace   ] GC(312) Metaspace: 75507K->75507K(1118208K)
[7519.339s][info ][gc             ] GC(312) Pause Young (Allocation Failure) 2413M->557M(2535M) 16.242ms
[7519.339s][info ][gc,cpu         ] GC(312) User=0.07s Sys=0.00s Real=0.01s
[7519.339s][info ][safepoint      ] Leaving safepoint region
[7519.339s][info ][safepoint      ] Total time for which application threads were stopped: 0.0164619 seconds, Stopping threads took: 0.0000326 seconds
[7527.340s][info ][safepoint      ] Application time: 8.0007859 seconds
[7527.340s][info ][safepoint      ] Entering safepoint region: Cleanup
[7527.340s][info ][safepoint      ] Leaving safepoint region
[7527.340s][info ][safepoint      ] Total time for which application threads were stopped: 0.0000942 seconds, Stopping threads took: 0.0000181 seconds
[7532.240s][info ][safepoint      ] Application time: 4.8999878 seconds
[7532.240s][info ][safepoint      ] Entering safepoint region: RevokeBias
[7532.240s][info ][safepoint      ] Leaving safepoint region
[7532.240s][info ][safepoint      ] Total time for which application threads were stopped: 0.0002263 seconds, Stopping threads took: 0.0001013 seconds
[7533.624s][info ][safepoint      ] Application time: 1.3837492 seconds
[7533.624s][info ][safepoint      ] Entering safepoint region: ParallelGCFailedAllocation
[7533.624s][info ][gc,start       ] GC(313) Pause Young (Allocation Failure)
[7533.642s][debug][gc,phases      ] GC(313) Scavenge 18.321ms
[7533.642s][debug][gc,ref         ] GC(313) Skipped phase1 of Reference Processing due to unavailable references
[7533.642s][debug][gc,ref         ] GC(313) Skipped phase3 of Reference Processing due to unavailable references
[7533.642s][debug][gc,phases      ] GC(313) Reference Processing 0.060ms
[7533.643s][debug][gc,phases      ] GC(313) Weak Processing 0.237ms
[7533.643s][debug][gc,phases      ] GC(313) Scrub String Table 0.752ms
[7533.643s][debug][gc,age         ] GC(313) Desired survivor size 96468992 bytes, new threshold 15 (max threshold 15)
[7533.644s][info ][gc,heap        ] GC(313) PSYoungGen: 1947552K->55392K(2002944K)
[7533.644s][info ][gc,heap        ] GC(313) ParOldGen: 521442K->521542K(599552K)
[7533.644s][info ][gc,metaspace   ] GC(313) Metaspace: 75513K->75513K(1118208K)
[7533.644s][info ][gc             ] GC(313) Pause Young (Allocation Failure) 2411M->563M(2541M) 19.543ms
[7533.644s][info ][gc,cpu         ] GC(313) User=0.07s Sys=0.00s Real=0.02s
[7533.644s][info ][safepoint      ] Leaving safepoint region
[7533.644s][info ][safepoint      ] Total time for which application threads were stopped: 0.0197360 seconds, Stopping threads took: 0.0000176 seconds
[7533.860s][info ][safepoint      ] Application time: 0.2163006 seconds
[7533.860s][info ][safepoint      ] Entering safepoint region: RevokeBias
[7533.860s][info ][safepoint      ] Leaving safepoint region
[7533.860s][info ][safepoint      ] Total time for which application threads were stopped: 0.0001176 seconds, Stopping threads took: 0.0000162 seconds
[7535.860s][info ][safepoint      ] Application time: 2.0002600 seconds
[7535.860s][info ][safepoint      ] Entering safepoint region: Cleanup
[7535.861s][info ][safepoint      ] Leaving safepoint region
[7535.861s][info ][safepoint      ] Total time for which application threads were stopped: 0.0001553 seconds, Stopping threads took: 0.0000783 seconds
[7537.861s][info ][safepoint      ] Application time: 2.0002118 seconds
[7537.861s][info ][safepoint      ] Entering safepoint region: Cleanup
[7537.861s][info ][safepoint      ] Leaving safepoint region
[7537.861s][info ][safepoint      ] Total time for which application threads were stopped: 0.0001461 seconds, Stopping threads took: 0.0000599 seconds
[7539.861s][info ][safepoint      ] Application time: 2.0002621 seconds
[7539.861s][info ][safepoint      ] Entering safepoint region: Cleanup
[7539.861s][info ][safepoint      ] Leaving safepoint region
[7539.861s][info ][safepoint      ] Total time for which application threads were stopped: 0.0001501 seconds, Stopping threads took: 0.0000435 seconds
[7547.426s][info ][safepoint      ] Application time: 7.5643320 seconds
[7547.426s][info ][safepoint      ] Entering safepoint region: ParallelGCFailedAllocation
[7547.426s][info ][gc,start       ] GC(314) Pause Young (Allocation Failure)
[7547.442s][debug][gc,phases      ] GC(314) Scavenge 16.329ms
[7547.442s][debug][gc,ref         ] GC(314) Skipped phase1 of Reference Processing due to unavailable references
[7547.442s][debug][gc,ref         ] GC(314) Skipped phase3 of Reference Processing due to unavailable references
[7547.442s][debug][gc,phases      ] GC(314) Reference Processing 0.039ms
[7547.443s][debug][gc,phases      ] GC(314) Weak Processing 0.244ms
[7547.444s][debug][gc,phases      ] GC(314) Scrub String Table 0.958ms
[7547.444s][debug][gc,age         ] GC(314) Desired survivor size 93323264 bytes, new threshold 15 (max threshold 15)
[7547.444s][info ][gc,heap        ] GC(314) PSYoungGen: 1961568K->58256K(2000384K)
[7547.444s][info ][gc,heap        ] GC(314) ParOldGen: 521542K->521634K(599552K)
[7547.444s][info ][gc,metaspace   ] GC(314) Metaspace: 75525K->75525K(1118208K)
[7547.444s][info ][gc             ] GC(314) Pause Young (Allocation Failure) 2424M->566M(2539M) 17.819ms
[7547.444s][info ][gc,cpu         ] GC(314) User=0.06s Sys=0.00s Real=0.02s
[7547.444s][info ][safepoint      ] Leaving safepoint region
[7547.444s][info ][safepoint      ] Total time for which application threads were stopped: 0.0180348 seconds, Stopping threads took: 0.0000168 seconds
[7556.445s][info ][safepoint      ] Application time: 9.0010356 seconds
[7556.445s][info ][safepoint      ] Entering safepoint region: Cleanup
[7556.445s][info ][safepoint      ] Leaving safepoint region
[7556.445s][info ][safepoint      ] Total time for which application threads were stopped: 0.0001073 seconds, Stopping threads took: 0.0000340 seconds
[7560.604s][info ][safepoint      ] Application time: 4.1585900 seconds
[7560.604s][info ][safepoint      ] Entering safepoint region: ParallelGCFailedAllocation
[7560.604s][info ][gc,start       ] GC(315) Pause Young (Allocation Failure)
[7560.622s][debug][gc,phases      ] GC(315) Scavenge 17.827ms
[7560.622s][debug][gc,ref         ] GC(315) Skipped phase1 of Reference Processing due to unavailable references
[7560.622s][debug][gc,ref         ] GC(315) Skipped phase3 of Reference Processing due to unavailable references
[7560.622s][debug][gc,phases      ] GC(315) Reference Processing 0.039ms
[7560.622s][debug][gc,phases      ] GC(315) Weak Processing 0.282ms
[7560.623s][debug][gc,phases      ] GC(315) Scrub String Table 0.834ms
[7560.623s][debug][gc,age         ] GC(315) Desired survivor size 90177536 bytes, new threshold 15 (max threshold 15)
[7560.623s][info ][gc,heap        ] GC(315) PSYoungGen: 1964432K->59504K(2009088K)
[7560.623s][info ][gc,heap        ] GC(315) ParOldGen: 521634K->521734K(599552K)
[7560.623s][info ][gc,metaspace   ] GC(315) Metaspace: 75527K->75527K(1118208K)
[7560.623s][info ][gc             ] GC(315) Pause Young (Allocation Failure) 2427M->567M(2547M) 19.146ms
[7560.623s][info ][gc,cpu         ] GC(315) User=0.08s Sys=0.00s Real=0.02s
[7560.623s][info ][safepoint      ] Leaving safepoint region
[7560.623s][info ][safepoint      ] Total time for which application threads were stopped: 0.0193842 seconds, Stopping threads took: 0.0000431 seconds
[7568.624s][info ][safepoint      ] Application time: 8.0008403 seconds
[7568.624s][info ][safepoint      ] Entering safepoint region: Cleanup
[7568.624s][info ][safepoint      ] Leaving safepoint region
[7568.624s][info ][safepoint      ] Total time for which application threads were stopped: 0.0001565 seconds, Stopping threads took: 0.0000579 seconds
[7572.976s][info ][safepoint      ] Application time: 4.3516676 seconds
[7572.976s][info ][safepoint      ] Entering safepoint region: ParallelGCFailedAllocation
[7572.976s][info ][gc,start       ] GC(316) Pause Young (Allocation Failure)
[7572.994s][debug][gc,phases      ] GC(316) Scavenge 18.254ms
[7572.994s][debug][gc,ref         ] GC(316) Skipped phase1 of Reference Processing due to unavailable references
[7572.994s][debug][gc,ref         ] GC(316) Skipped phase3 of Reference Processing due to unavailable references
[7572.994s][debug][gc,phases      ] GC(316) Reference Processing 0.040ms
[7572.995s][debug][gc,phases      ] GC(316) Weak Processing 0.226ms
[7572.995s][debug][gc,phases      ] GC(316) Scrub String Table 0.878ms
[7572.995s][debug][gc,age         ] GC(316) Desired survivor size 87031808 bytes, new threshold 15 (max threshold 15)
[7572.995s][info ][gc,heap        ] GC(316) PSYoungGen: 1977456K->59344K(2006016K)
[7572.995s][info ][gc,heap        ] GC(316) ParOldGen: 521734K->521766K(599552K)
[7572.995s][info ][gc,metaspace   ] GC(316) Metaspace: 75529K->75529K(1118208K)
[7572.995s][info ][gc             ] GC(316) Pause Young (Allocation Failure) 2440M->567M(2544M) 19.577ms
[7572.996s][info ][gc,cpu         ] GC(316) User=0.07s Sys=0.00s Real=0.02s
[7572.996s][info ][safepoint      ] Leaving safepoint region
[7572.996s][info ][safepoint      ] Total time for which application threads were stopped: 0.0197784 seconds, Stopping threads took: 0.0000348 seconds
[7574.996s][info ][safepoint      ] Application time: 2.0002039 seconds
[7574.996s][info ][safepoint      ] Entering safepoint region: Cleanup
[7574.996s][info ][safepoint      ] Leaving safepoint region
[7574.996s][info ][safepoint      ] Total time for which application threads were stopped: 0.0001197 seconds, Stopping threads took: 0.0000182 seconds
[7578.996s][info ][safepoint      ] Application time: 4.0002958 seconds
[7578.996s][info ][safepoint      ] Entering safepoint region: Cleanup
[7578.996s][info ][safepoint      ] Leaving safepoint region
[7578.996s][info ][safepoint      ] Total time for which application threads were stopped: 0.0001327 seconds, Stopping threads took: 0.0000378 seconds
[7584.997s][info ][safepoint      ] Application time: 6.0006610 seconds
[7584.997s][info ][safepoint      ] Entering safepoint region: Cleanup
[7584.997s][info ][safepoint      ] Leaving safepoint region
[7584.997s][info ][safepoint      ] Total time for which application threads were stopped: 0.0000929 seconds, Stopping threads took: 0.0000192 seconds
[7585.228s][info ][safepoint      ] Application time: 0.2307153 seconds
[7585.228s][info ][safepoint      ] Entering safepoint region: ParallelGCFailedAllocation
[7585.228s][info ][gc,start       ] GC(317) Pause Young (Allocation Failure)
[7585.247s][debug][gc,phases      ] GC(317) Scavenge 18.488ms
[7585.247s][debug][gc,ref         ] GC(317) Skipped phase1 of Reference Processing due to unavailable references
[7585.247s][debug][gc,ref         ] GC(317) Skipped phase3 of Reference Processing due to unavailable references
[7585.247s][debug][gc,phases      ] GC(317) Reference Processing 0.042ms
[7585.247s][debug][gc,phases      ] GC(317) Weak Processing 0.222ms
[7585.248s][debug][gc,phases      ] GC(317) Scrub String Table 0.772ms
[7585.248s][debug][gc,age         ] GC(317) Desired survivor size 84410368 bytes, new threshold 15 (max threshold 15)
[7585.248s][info ][gc,heap        ] GC(317) PSYoungGen: 1977296K->59552K(2014720K)
[7585.248s][info ][gc,heap        ] GC(317) ParOldGen: 521766K->521890K(599552K)
[7585.248s][info ][gc,metaspace   ] GC(317) Metaspace: 75545K->75545K(1118208K)
[7585.248s][info ][gc             ] GC(317) Pause Young (Allocation Failure) 2440M->567M(2553M) 19.680ms
[7585.248s][info ][gc,cpu         ] GC(317) User=0.07s Sys=0.00s Real=0.02s
[7585.248s][info ][safepoint      ] Leaving safepoint region
[7585.248s][info ][safepoint      ] Total time for which application threads were stopped: 0.0198599 seconds, Stopping threads took: 0.0000185 seconds
[7589.248s][info ][safepoint      ] Application time: 4.0004022 seconds
[7589.248s][info ][safepoint      ] Entering safepoint region: Cleanup
[7589.248s][info ][safepoint      ] Leaving safepoint region
[7589.248s][info ][safepoint      ] Total time for which application threads were stopped: 0.0000881 seconds, Stopping threads took: 0.0000177 seconds
[7591.249s][info ][safepoint      ] Application time: 2.0002298 seconds
[7591.249s][info ][safepoint      ] Entering safepoint region: Cleanup
[7591.249s][info ][safepoint      ] Leaving safepoint region
[7591.249s][info ][safepoint      ] Total time for which application threads were stopped: 0.0000858 seconds, Stopping threads took: 0.0000179 seconds
[7593.249s][info ][safepoint      ] Application time: 2.0001497 seconds
[7593.249s][info ][safepoint      ] Entering safepoint region: Cleanup
[7593.249s][info ][safepoint      ] Leaving safepoint region
[7593.249s][info ][safepoint      ] Total time for which application threads were stopped: 0.0001129 seconds, Stopping threads took: 0.0000173 seconds
[7594.249s][info ][safepoint      ] Application time: 1.0001021 seconds
[7594.249s][info ][safepoint      ] Entering safepoint region: Cleanup
[7594.249s][info ][safepoint      ] Leaving safepoint region
[7594.249s][info ][safepoint      ] Total time for which application threads were stopped: 0.0000906 seconds, Stopping threads took: 0.0000159 seconds
[7597.249s][info ][safepoint      ] Application time: 3.0002314 seconds
[7597.250s][info ][safepoint      ] Entering safepoint region: Cleanup
[7597.250s][info ][safepoint      ] Leaving safepoint region
[7597.250s][info ][safepoint      ] Total time for which application threads were stopped: 0.0001904 seconds, Stopping threads took: 0.0000176 seconds
[7597.284s][info ][safepoint      ] Application time: 0.0341205 seconds
[7597.284s][info ][safepoint      ] Entering safepoint region: ParallelGCFailedAllocation
[7597.284s][info ][safepoint      ] Leaving safepoint region
[7597.284s][info ][safepoint      ] Total time for which application threads were stopped: 0.0001458 seconds, Stopping threads took: 0.0000557 seconds
[7597.284s][info ][safepoint      ] Application time: 0.0000529 seconds
[7597.284s][info ][safepoint      ] Entering safepoint region: ParallelGCSystemGC
[7597.284s][info ][gc,start       ] GC(318) Pause Young (GCLocker Initiated GC)
[7597.303s][debug][gc,phases      ] GC(318) Scavenge 18.374ms
[7597.303s][debug][gc,ref         ] GC(318) Skipped phase1 of Reference Processing due to unavailable references
[7597.303s][debug][gc,ref         ] GC(318) Skipped phase3 of Reference Processing due to unavailable references
[7597.303s][debug][gc,phases      ] GC(318) Reference Processing 0.041ms
[7597.303s][debug][gc,phases      ] GC(318) Weak Processing 0.119ms
[7597.303s][debug][gc,phases      ] GC(318) Scrub String Table 0.423ms
[7597.303s][debug][gc,age         ] GC(318) Desired survivor size 83361792 bytes, new threshold 15 (max threshold 15)
[7597.303s][info ][gc,heap        ] GC(318) PSYoungGen: 1989280K->61952K(2012160K)
[7597.303s][info ][gc,heap        ] GC(318) ParOldGen: 522146K->522234K(599552K)
[7597.303s][info ][gc,metaspace   ] GC(318) Metaspace: 75563K->75563K(1118208K)
[7597.303s][info ][gc             ] GC(318) Pause Young (GCLocker Initiated GC) 2452M->570M(2550M) 19.121ms
[7597.303s][info ][gc,cpu         ] GC(318) User=0.07s Sys=0.00s Real=0.02s
[7597.303s][info ][safepoint      ] Leaving safepoint region
[7597.303s][info ][safepoint      ] Total time for which application threads were stopped: 0.0193208 seconds, Stopping threads took: 0.0000647 seconds
[7602.304s][info ][safepoint      ] Application time: 5.0007513 seconds
[7602.304s][info ][safepoint      ] Entering safepoint region: Cleanup
[7602.304s][info ][safepoint      ] Leaving safepoint region
[7602.304s][info ][safepoint      ] Total time for which application threads were stopped: 0.0001564 seconds, Stopping threads took: 0.0000617 seconds
[7603.304s][info ][safepoint      ] Application time: 1.0000884 seconds
[7603.305s][info ][safepoint      ] Entering safepoint region: Cleanup
[7603.305s][info ][safepoint      ] Leaving safepoint region
[7603.305s][info ][safepoint      ] Total time for which application threads were stopped: 0.0002081 seconds, Stopping threads took: 0.0001278 seconds
[7610.306s][info ][safepoint      ] Application time: 7.0008856 seconds
[7610.306s][info ][safepoint      ] Entering safepoint region: Cleanup
[7610.306s][info ][safepoint      ] Leaving safepoint region
[7610.306s][info ][safepoint      ] Total time for which application threads were stopped: 0.0001432 seconds, Stopping threads took: 0.0000579 seconds
[7610.604s][info ][safepoint      ] Application time: 0.2981364 seconds
[7610.604s][info ][safepoint      ] Entering safepoint region: ParallelGCFailedAllocation
[7610.604s][info ][gc,start       ] GC(319) Pause Young (Allocation Failure)
[7610.629s][debug][gc,phases      ] GC(319) Scavenge 24.378ms
[7610.629s][debug][gc,ref         ] GC(319) Skipped phase1 of Reference Processing due to unavailable references
[7610.629s][debug][gc,ref         ] GC(319) Skipped phase3 of Reference Processing due to unavailable references
[7610.629s][debug][gc,phases      ] GC(319) Reference Processing 0.042ms
[7610.629s][debug][gc,phases      ] GC(319) Weak Processing 0.232ms
[7610.630s][debug][gc,phases      ] GC(319) Scrub String Table 0.738ms
[7610.630s][debug][gc,age         ] GC(319) Desired survivor size 81264640 bytes, new threshold 15 (max threshold 15)
[7610.630s][info ][gc,heap        ] GC(319) PSYoungGen: 1991680K->59392K(2017792K)
[7610.630s][info ][gc,heap        ] GC(319) ParOldGen: 522236K->522284K(599552K)
[7610.630s][info ][gc,metaspace   ] GC(319) Metaspace: 75570K->75570K(1118208K)
[7610.630s][info ][gc             ] GC(319) Pause Young (Allocation Failure) 2454M->568M(2556M) 25.545ms
[7610.630s][info ][gc,cpu         ] GC(319) User=0.09s Sys=0.00s Real=0.02s
[7610.630s][info ][safepoint      ] Leaving safepoint region
[7610.630s][info ][safepoint      ] Total time for which application threads were stopped: 0.0257850 seconds, Stopping threads took: 0.0000656 seconds
[7611.630s][info ][safepoint      ] Application time: 1.0001047 seconds
[7611.630s][info ][safepoint      ] Entering safepoint region: Cleanup
[7611.630s][info ][safepoint      ] Leaving safepoint region
[7611.630s][info ][safepoint      ] Total time for which application threads were stopped: 0.0001251 seconds, Stopping threads took: 0.0000438 seconds
[7611.774s][info ][safepoint      ] Application time: 0.1438606 seconds
[7611.774s][info ][safepoint      ] Entering safepoint region: RevokeBias
[7611.774s][info ][safepoint      ] Leaving safepoint region
[7611.774s][info ][safepoint      ] Total time for which application threads were stopped: 0.0001438 seconds, Stopping threads took: 0.0000352 seconds
[7613.774s][info ][safepoint      ] Application time: 2.0002388 seconds
[7613.775s][info ][safepoint      ] Entering safepoint region: Cleanup
[7613.775s][info ][safepoint      ] Leaving safepoint region
[7613.775s][info ][safepoint      ] Total time for which application threads were stopped: 0.0001874 seconds, Stopping threads took: 0.0000946 seconds
[7614.775s][info ][safepoint      ] Application time: 1.0001893 seconds
[7614.775s][info ][safepoint      ] Entering safepoint region: Cleanup
[7614.775s][info ][safepoint      ] Leaving safepoint region
[7614.775s][info ][safepoint      ] Total time for which application threads were stopped: 0.0001338 seconds, Stopping threads took: 0.0000546 seconds
[7615.775s][info ][safepoint      ] Application time: 1.0000812 seconds
[7615.775s][info ][safepoint      ] Entering safepoint region: Cleanup
[7615.775s][info ][safepoint      ] Leaving safepoint region
[7615.775s][info ][safepoint      ] Total time for which application threads were stopped: 0.0001448 seconds, Stopping threads took: 0.0000189 seconds
[7616.775s][info ][safepoint      ] Application time: 1.0001218 seconds
[7616.775s][info ][safepoint      ] Entering safepoint region: Cleanup
[7616.776s][info ][safepoint      ] Leaving safepoint region
[7616.776s][info ][safepoint      ] Total time for which application threads were stopped: 0.0001404 seconds, Stopping threads took: 0.0000555 seconds
[7617.776s][info ][safepoint      ] Application time: 1.0001736 seconds
[7617.776s][info ][safepoint      ] Entering safepoint region: Cleanup
[7617.776s][info ][safepoint      ] Leaving safepoint region
[7617.776s][info ][safepoint      ] Total time for which application threads were stopped: 0.0001433 seconds, Stopping threads took: 0.0000723 seconds
[7618.776s][info ][safepoint      ] Application time: 1.0000899 seconds
[7618.776s][info ][safepoint      ] Entering safepoint region: Cleanup
[7618.776s][info ][safepoint      ] Leaving safepoint region
[7618.776s][info ][safepoint      ] Total time for which application threads were stopped: 0.0001112 seconds, Stopping threads took: 0.0000177 seconds
[7619.776s][info ][safepoint      ] Application time: 1.0001360 seconds
[7619.776s][info ][safepoint      ] Entering safepoint region: Cleanup
[7619.776s][info ][safepoint      ] Leaving safepoint region
[7619.776s][info ][safepoint      ] Total time for which application threads were stopped: 0.0000815 seconds, Stopping threads took: 0.0000188 seconds
[7620.777s][info ][safepoint      ] Application time: 1.0001338 seconds
[7620.777s][info ][safepoint      ] Entering safepoint region: Cleanup
[7620.777s][info ][safepoint      ] Leaving safepoint region
[7620.777s][info ][safepoint      ] Total time for which application threads were stopped: 0.0001659 seconds, Stopping threads took: 0.0000947 seconds
[7621.777s][info ][safepoint      ] Application time: 1.0000875 seconds
[7621.777s][info ][safepoint      ] Entering safepoint region: Cleanup
[7621.777s][info ][safepoint      ] Leaving safepoint region
[7621.777s][info ][safepoint      ] Total time for which application threads were stopped: 0.0001596 seconds, Stopping threads took: 0.0000830 seconds
[7622.777s][info ][safepoint      ] Application time: 1.0001246 seconds
[7622.777s][info ][safepoint      ] Entering safepoint region: Cleanup
[7622.777s][info ][safepoint      ] Leaving safepoint region
[7622.777s][info ][safepoint      ] Total time for which application threads were stopped: 0.0001071 seconds, Stopping threads took: 0.0000330 seconds
[7623.778s][info ][safepoint      ] Application time: 1.0001439 seconds
[7623.778s][info ][safepoint      ] Entering safepoint region: Cleanup
[7623.778s][info ][safepoint      ] Leaving safepoint region
[7623.778s][info ][safepoint      ] Total time for which application threads were stopped: 0.0001215 seconds, Stopping threads took: 0.0000422 seconds
[7623.907s][info ][safepoint      ] Application time: 0.1296919 seconds
[7623.907s][info ][safepoint      ] Entering safepoint region: ParallelGCFailedAllocation
[7623.908s][info ][gc,start       ] GC(320) Pause Young (Allocation Failure)
[7623.925s][debug][gc,phases      ] GC(320) Scavenge 17.878ms
[7623.925s][debug][gc,ref         ] GC(320) Skipped phase1 of Reference Processing due to unavailable references
[7623.926s][debug][gc,ref         ] GC(320) Skipped phase3 of Reference Processing due to unavailable references
[7623.926s][debug][gc,phases      ] GC(320) Reference Processing 0.040ms
[7623.926s][debug][gc,phases      ] GC(320) Weak Processing 0.119ms
[7623.926s][debug][gc,phases      ] GC(320) Scrub String Table 0.442ms
[7623.926s][debug][gc,age         ] GC(320) Desired survivor size 79691776 bytes, new threshold 15 (max threshold 15)
[7623.926s][info ][gc,heap        ] GC(320) PSYoungGen: 1995776K->61312K(2015744K)
[7623.926s][info ][gc,heap        ] GC(320) ParOldGen: 522284K->522468K(599552K)
[7623.926s][info ][gc,metaspace   ] GC(320) Metaspace: 75579K->75579K(1118208K)
[7623.926s][info ][gc             ] GC(320) Pause Young (Allocation Failure) 2459M->570M(2554M) 18.625ms
[7623.926s][info ][gc,cpu         ] GC(320) User=0.07s Sys=0.00s Real=0.02s
[7623.926s][info ][safepoint      ] Leaving safepoint region
[7623.926s][info ][safepoint      ] Total time for which application threads were stopped: 0.0188396 seconds, Stopping threads took: 0.0000330 seconds
[7624.926s][info ][safepoint      ] Application time: 1.0001059 seconds
[7624.926s][info ][safepoint      ] Entering safepoint region: Cleanup
[7624.927s][info ][safepoint      ] Leaving safepoint region
[7624.927s][info ][safepoint      ] Total time for which application threads were stopped: 0.0001452 seconds, Stopping threads took: 0.0000824 seconds
[7625.927s][info ][safepoint      ] Application time: 1.0000717 seconds
[7625.927s][info ][safepoint      ] Entering safepoint region: Cleanup
[7625.927s][info ][safepoint      ] Leaving safepoint region
[7625.927s][info ][safepoint      ] Total time for which application threads were stopped: 0.0001485 seconds, Stopping threads took: 0.0000775 seconds
[7626.927s][info ][safepoint      ] Application time: 1.0000943 seconds
[7626.927s][info ][safepoint      ] Entering safepoint region: Cleanup
[7626.927s][info ][safepoint      ] Leaving safepoint region
[7626.927s][info ][safepoint      ] Total time for which application threads were stopped: 0.0001657 seconds, Stopping threads took: 0.0000801 seconds
[7627.927s][info ][safepoint      ] Application time: 1.0001315 seconds
[7627.927s][info ][safepoint      ] Entering safepoint region: Cleanup
[7627.927s][info ][safepoint      ] Leaving safepoint region
[7627.927s][info ][safepoint      ] Total time for which application threads were stopped: 0.0001270 seconds, Stopping threads took: 0.0000435 seconds
[7628.928s][info ][safepoint      ] Application time: 1.0001870 seconds
[7628.928s][info ][safepoint      ] Entering safepoint region: Cleanup
[7628.928s][info ][safepoint      ] Leaving safepoint region
[7628.928s][info ][safepoint      ] Total time for which application threads were stopped: 0.0000996 seconds, Stopping threads took: 0.0000353 seconds
[7629.928s][info ][safepoint      ] Application time: 1.0004986 seconds
[7629.928s][info ][safepoint      ] Entering safepoint region: Cleanup
[7629.928s][info ][safepoint      ] Leaving safepoint region
[7629.928s][info ][safepoint      ] Total time for which application threads were stopped: 0.0001283 seconds, Stopping threads took: 0.0000585 seconds
[7630.929s][info ][safepoint      ] Application time: 1.0001103 seconds
[7630.929s][info ][safepoint      ] Entering safepoint region: Cleanup
[7630.929s][info ][safepoint      ] Leaving safepoint region
[7630.929s][info ][safepoint      ] Total time for which application threads were stopped: 0.0002305 seconds, Stopping threads took: 0.0001565 seconds
[7631.929s][info ][safepoint      ] Application time: 1.0001257 seconds
[7631.929s][info ][safepoint      ] Entering safepoint region: Cleanup
[7631.929s][info ][safepoint      ] Leaving safepoint region
[7631.929s][info ][safepoint      ] Total time for which application threads were stopped: 0.0001329 seconds, Stopping threads took: 0.0000549 seconds
[7632.929s][info ][safepoint      ] Application time: 1.0001289 seconds
[7632.929s][info ][safepoint      ] Entering safepoint region: Cleanup
[7632.929s][info ][safepoint      ] Leaving safepoint region
[7632.929s][info ][safepoint      ] Total time for which application threads were stopped: 0.0001104 seconds, Stopping threads took: 0.0000390 seconds
[7633.930s][info ][safepoint      ] Application time: 1.0001228 seconds
[7633.930s][info ][safepoint      ] Entering safepoint region: Cleanup
[7633.930s][info ][safepoint      ] Leaving safepoint region
[7633.930s][info ][safepoint      ] Total time for which application threads were stopped: 0.0001533 seconds, Stopping threads took: 0.0000765 seconds
[7634.930s][info ][safepoint      ] Application time: 1.0001273 seconds
[7634.930s][info ][safepoint      ] Entering safepoint region: Cleanup
[7634.930s][info ][safepoint      ] Leaving safepoint region
[7634.930s][info ][safepoint      ] Total time for which application threads were stopped: 0.0001398 seconds, Stopping threads took: 0.0000712 seconds
[7635.930s][info ][safepoint      ] Application time: 1.0001339 seconds
[7635.930s][info ][safepoint      ] Entering safepoint region: Cleanup
[7635.930s][info ][safepoint      ] Leaving safepoint region
[7635.930s][info ][safepoint      ] Total time for which application threads were stopped: 0.0001283 seconds, Stopping threads took: 0.0000596 seconds
[7636.931s][info ][safepoint      ] Application time: 1.0001363 seconds
[7636.931s][info ][safepoint      ] Entering safepoint region: Cleanup
[7636.931s][info ][safepoint      ] Leaving safepoint region
[7636.931s][info ][safepoint      ] Total time for which application threads were stopped: 0.0002403 seconds, Stopping threads took: 0.0001600 seconds
[7637.181s][info ][safepoint      ] Application time: 0.2503457 seconds
[7637.181s][info ][safepoint      ] Entering safepoint region: ParallelGCFailedAllocation
[7637.181s][info ][gc,start       ] GC(321) Pause Young (Allocation Failure)
[7637.201s][debug][gc,phases      ] GC(321) Scavenge 19.432ms
[7637.201s][debug][gc,ref         ] GC(321) Skipped phase1 of Reference Processing due to unavailable references
[7637.201s][debug][gc,ref         ] GC(321) Skipped phase3 of Reference Processing due to unavailable references
[7637.201s][debug][gc,phases      ] GC(321) Reference Processing 0.042ms
[7637.201s][debug][gc,phases      ] GC(321) Weak Processing 0.272ms
[7637.202s][debug][gc,phases      ] GC(321) Scrub String Table 0.708ms
[7637.202s][debug][gc,age         ] GC(321) Desired survivor size 79691776 bytes, new threshold 15 (max threshold 15)
[7637.202s][info ][gc,heap        ] GC(321) PSYoungGen: 1997696K->65360K(2019328K)
[7637.202s][info ][gc,heap        ] GC(321) ParOldGen: 522468K->522608K(599552K)
[7637.202s][info ][gc,metaspace   ] GC(321) Metaspace: 75581K->75581K(1118208K)
[7637.202s][info ][gc             ] GC(321) Pause Young (Allocation Failure) 2461M->574M(2557M) 20.611ms
[7637.202s][info ][gc,cpu         ] GC(321) User=0.08s Sys=0.00s Real=0.02s
[7637.202s][info ][safepoint      ] Leaving safepoint region
[7637.202s][info ][safepoint      ] Total time for which application threads were stopped: 0.0208814 seconds, Stopping threads took: 0.0000602 seconds
[7638.202s][info ][safepoint      ] Application time: 1.0001455 seconds
[7638.202s][info ][safepoint      ] Entering safepoint region: Cleanup
[7638.202s][info ][safepoint      ] Leaving safepoint region
[7638.202s][info ][safepoint      ] Total time for which application threads were stopped: 0.0001293 seconds, Stopping threads took: 0.0000582 seconds
[7639.203s][info ][safepoint      ] Application time: 1.0001241 seconds
[7639.203s][info ][safepoint      ] Entering safepoint region: Cleanup
[7639.203s][info ][safepoint      ] Leaving safepoint region
[7639.203s][info ][safepoint      ] Total time for which application threads were stopped: 0.0001155 seconds, Stopping threads took: 0.0000414 seconds
[7640.203s][info ][safepoint      ] Application time: 1.0000932 seconds
[7640.203s][info ][safepoint      ] Entering safepoint region: Cleanup
[7640.203s][info ][safepoint      ] Leaving safepoint region
[7640.203s][info ][safepoint      ] Total time for which application threads were stopped: 0.0001673 seconds, Stopping threads took: 0.0000878 seconds
[7641.203s][info ][safepoint      ] Application time: 1.0001236 seconds
[7641.203s][info ][safepoint      ] Entering safepoint region: Cleanup
[7641.203s][info ][safepoint      ] Leaving safepoint region
[7641.203s][info ][safepoint      ] Total time for which application threads were stopped: 0.0001086 seconds, Stopping threads took: 0.0000395 seconds
[7642.203s][info ][safepoint      ] Application time: 1.0001566 seconds
[7642.204s][info ][safepoint      ] Entering safepoint region: Cleanup
[7642.204s][info ][safepoint      ] Leaving safepoint region
[7642.204s][info ][safepoint      ] Total time for which application threads were stopped: 0.0001121 seconds, Stopping threads took: 0.0000444 seconds
[7643.204s][info ][safepoint      ] Application time: 1.0001398 seconds
[7643.204s][info ][safepoint      ] Entering safepoint region: Cleanup
[7643.204s][info ][safepoint      ] Leaving safepoint region
[7643.204s][info ][safepoint      ] Total time for which application threads were stopped: 0.0001983 seconds, Stopping threads took: 0.0001243 seconds
[7644.204s][info ][safepoint      ] Application time: 1.0001129 seconds
[7644.204s][info ][safepoint      ] Entering safepoint region: Cleanup
[7644.204s][info ][safepoint      ] Leaving safepoint region
[7644.204s][info ][safepoint      ] Total time for which application threads were stopped: 0.0001722 seconds, Stopping threads took: 0.0000871 seconds
[7645.204s][info ][safepoint      ] Application time: 1.0001204 seconds
[7645.205s][info ][safepoint      ] Entering safepoint region: Cleanup
[7645.205s][info ][safepoint      ] Leaving safepoint region
[7645.205s][info ][safepoint      ] Total time for which application threads were stopped: 0.0001592 seconds, Stopping threads took: 0.0000797 seconds
[7646.205s][info ][safepoint      ] Application time: 1.0000985 seconds
[7646.205s][info ][safepoint      ] Entering safepoint region: Cleanup
[7646.205s][info ][safepoint      ] Leaving safepoint region
[7646.205s][info ][safepoint      ] Total time for which application threads were stopped: 0.0001737 seconds, Stopping threads took: 0.0000851 seconds
[7647.205s][info ][safepoint      ] Application time: 1.0000924 seconds
[7647.205s][info ][safepoint      ] Entering safepoint region: Cleanup
[7647.205s][info ][safepoint      ] Leaving safepoint region
[7647.205s][info ][safepoint      ] Total time for which application threads were stopped: 0.0001338 seconds, Stopping threads took: 0.0000403 seconds
[7648.205s][info ][safepoint      ] Application time: 1.0000866 seconds
[7648.205s][info ][safepoint      ] Entering safepoint region: Cleanup
[7648.205s][info ][safepoint      ] Leaving safepoint region
[7648.205s][info ][safepoint      ] Total time for which application threads were stopped: 0.0001163 seconds, Stopping threads took: 0.0000388 seconds
[7649.206s][info ][safepoint      ] Application time: 1.0001623 seconds
[7649.206s][info ][safepoint      ] Entering safepoint region: Cleanup
[7649.206s][info ][safepoint      ] Leaving safepoint region
[7649.206s][info ][safepoint      ] Total time for which application threads were stopped: 0.0001289 seconds, Stopping threads took: 0.0000419 seconds
[7649.436s][info ][safepoint      ] Application time: 0.2298290 seconds
[7649.436s][info ][safepoint      ] Entering safepoint region: ParallelGCFailedAllocation
[7649.436s][info ][gc,start       ] GC(322) Pause Young (Allocation Failure)
[7649.455s][debug][gc,phases      ] GC(322) Scavenge 19.279ms
[7649.455s][debug][gc,ref         ] GC(322) Skipped phase1 of Reference Processing due to unavailable references
[7649.455s][debug][gc,ref         ] GC(322) Skipped phase3 of Reference Processing due to unavailable references
[7649.455s][debug][gc,phases      ] GC(322) Reference Processing 0.040ms
[7649.456s][debug][gc,phases      ] GC(322) Weak Processing 0.284ms
[7649.456s][debug][gc,phases      ] GC(322) Scrub String Table 0.759ms
[7649.456s][debug][gc,age         ] GC(322) Desired survivor size 80740352 bytes, new threshold 15 (max threshold 15)
[7649.456s][info ][gc,heap        ] GC(322) PSYoungGen: 2006864K->67873K(2009600K)
[7649.456s][info ][gc,heap        ] GC(322) ParOldGen: 522608K->522780K(599552K)
[7649.456s][info ][gc,metaspace   ] GC(322) Metaspace: 75582K->75582K(1118208K)
[7649.456s][info ][gc             ] GC(322) Pause Young (Allocation Failure) 2470M->576M(2548M) 20.560ms
[7649.456s][info ][gc,cpu         ] GC(322) User=0.07s Sys=0.00s Real=0.02s
[7649.456s][info ][safepoint      ] Leaving safepoint region
[7649.456s][info ][safepoint      ] Total time for which application threads were stopped: 0.0207381 seconds, Stopping threads took: 0.0000175 seconds
[7650.457s][info ][safepoint      ] Application time: 1.0001656 seconds
[7650.457s][info ][safepoint      ] Entering safepoint region: Cleanup
[7650.457s][info ][safepoint      ] Leaving safepoint region
[7650.457s][info ][safepoint      ] Total time for which application threads were stopped: 0.0001174 seconds, Stopping threads took: 0.0000435 seconds
[7651.457s][info ][safepoint      ] Application time: 1.0001345 seconds
[7651.457s][info ][safepoint      ] Entering safepoint region: Cleanup
[7651.457s][info ][safepoint      ] Leaving safepoint region
[7651.457s][info ][safepoint      ] Total time for which application threads were stopped: 0.0001111 seconds, Stopping threads took: 0.0000409 seconds
[7652.457s][info ][safepoint      ] Application time: 1.0000881 seconds
[7652.457s][info ][safepoint      ] Entering safepoint region: Cleanup
[7652.457s][info ][safepoint      ] Leaving safepoint region
[7652.457s][info ][safepoint      ] Total time for which application threads were stopped: 0.0001429 seconds, Stopping threads took: 0.0000403 seconds
[7653.457s][info ][safepoint      ] Application time: 1.0000887 seconds
[7653.458s][info ][safepoint      ] Entering safepoint region: Cleanup
[7653.458s][info ][safepoint      ] Leaving safepoint region
[7653.458s][info ][safepoint      ] Total time for which application threads were stopped: 0.0001495 seconds, Stopping threads took: 0.0000424 seconds
[7654.458s][info ][safepoint      ] Application time: 1.0000817 seconds
[7654.458s][info ][safepoint      ] Entering safepoint region: Cleanup
[7654.458s][info ][safepoint      ] Leaving safepoint region
[7654.458s][info ][safepoint      ] Total time for which application threads were stopped: 0.0001445 seconds, Stopping threads took: 0.0000649 seconds
[7655.458s][info ][safepoint      ] Application time: 1.0001378 seconds
[7655.458s][info ][safepoint      ] Entering safepoint region: Cleanup
[7655.458s][info ][safepoint      ] Leaving safepoint region
[7655.458s][info ][safepoint      ] Total time for which application threads were stopped: 0.0001119 seconds, Stopping threads took: 0.0000408 seconds
[7656.458s][info ][safepoint      ] Application time: 1.0000399 seconds
[7656.458s][info ][safepoint      ] Entering safepoint region: Cleanup
[7656.458s][info ][safepoint      ] Leaving safepoint region
[7656.458s][info ][safepoint      ] Total time for which application threads were stopped: 0.0001244 seconds, Stopping threads took: 0.0000594 seconds
[7657.459s][info ][safepoint      ] Application time: 1.0000948 seconds
[7657.459s][info ][safepoint      ] Entering safepoint region: Cleanup
[7657.459s][info ][safepoint      ] Leaving safepoint region
[7657.459s][info ][safepoint      ] Total time for which application threads were stopped: 0.0001148 seconds, Stopping threads took: 0.0000420 seconds
[7658.459s][info ][safepoint      ] Application time: 1.0000911 seconds
[7658.459s][info ][safepoint      ] Entering safepoint region: Cleanup
[7658.459s][info ][safepoint      ] Leaving safepoint region
[7658.459s][info ][safepoint      ] Total time for which application threads were stopped: 0.0001160 seconds, Stopping threads took: 0.0000419 seconds
[7659.459s][info ][safepoint      ] Application time: 1.0001203 seconds
[7659.459s][info ][safepoint      ] Entering safepoint region: Cleanup
[7659.459s][info ][safepoint      ] Leaving safepoint region
[7659.459s][info ][safepoint      ] Total time for which application threads were stopped: 0.0001291 seconds, Stopping threads took: 0.0000587 seconds
[7660.405s][info ][safepoint      ] Application time: 0.9454641 seconds
[7660.405s][info ][safepoint      ] Entering safepoint region: ParallelGCFailedAllocation
[7660.405s][info ][gc,start       ] GC(323) Pause Young (Allocation Failure)
[7660.425s][debug][gc,phases      ] GC(323) Scavenge 19.741ms
[7660.425s][debug][gc,ref         ] GC(323) Skipped phase1 of Reference Processing due to unavailable references
[7660.425s][debug][gc,ref         ] GC(323) Skipped phase3 of Reference Processing due to unavailable references
[7660.425s][debug][gc,phases      ] GC(323) Reference Processing 0.054ms
[7660.425s][debug][gc,phases      ] GC(323) Weak Processing 0.123ms
[7660.425s][debug][gc,phases      ] GC(323) Scrub String Table 0.411ms
[7660.425s][debug][gc,age         ] GC(323) Desired survivor size 82313216 bytes, new threshold 15 (max threshold 15)
[7660.425s][info ][gc,heap        ] GC(323) PSYoungGen: 2009377K->69633K(2015232K)
[7660.425s][info ][gc,heap        ] GC(323) ParOldGen: 522780K->522996K(599552K)
[7660.425s][info ][gc,metaspace   ] GC(323) Metaspace: 75583K->75583K(1118208K)
[7660.425s][info ][gc             ] GC(323) Pause Young (Allocation Failure) 2472M->578M(2553M) 20.478ms
[7660.425s][info ][gc,cpu         ] GC(323) User=0.08s Sys=0.01s Real=0.02s
[7660.425s][info ][safepoint      ] Leaving safepoint region
[7660.425s][info ][safepoint      ] Total time for which application threads were stopped: 0.0207141 seconds, Stopping threads took: 0.0000635 seconds
[7661.425s][info ][safepoint      ] Application time: 1.0000960 seconds
[7661.426s][info ][safepoint      ] Entering safepoint region: Cleanup
[7661.426s][info ][safepoint      ] Leaving safepoint region
[7661.426s][info ][safepoint      ] Total time for which application threads were stopped: 0.0001179 seconds, Stopping threads took: 0.0000448 seconds
[7662.426s][info ][safepoint      ] Application time: 1.0001243 seconds
[7662.426s][info ][safepoint      ] Entering safepoint region: Cleanup
[7662.426s][info ][safepoint      ] Leaving safepoint region
[7662.426s][info ][safepoint      ] Total time for which application threads were stopped: 0.0001399 seconds, Stopping threads took: 0.0000564 seconds
[7663.426s][info ][safepoint      ] Application time: 1.0001248 seconds
[7663.426s][info ][safepoint      ] Entering safepoint region: Cleanup
[7663.426s][info ][safepoint      ] Leaving safepoint region
[7663.426s][info ][safepoint      ] Total time for which application threads were stopped: 0.0001229 seconds, Stopping threads took: 0.0000430 seconds
[7664.426s][info ][safepoint      ] Application time: 1.0001310 seconds
[7664.426s][info ][safepoint      ] Entering safepoint region: Cleanup
[7664.427s][info ][safepoint      ] Leaving safepoint region
[7664.427s][info ][safepoint      ] Total time for which application threads were stopped: 0.0002041 seconds, Stopping threads took: 0.0000390 seconds
[7665.427s][info ][safepoint      ] Application time: 1.0001491 seconds
[7665.427s][info ][safepoint      ] Entering safepoint region: Cleanup
[7665.427s][info ][safepoint      ] Leaving safepoint region
[7665.427s][info ][safepoint      ] Total time for which application threads were stopped: 0.0001548 seconds, Stopping threads took: 0.0000835 seconds
[7666.427s][info ][safepoint      ] Application time: 1.0001240 seconds
[7666.427s][info ][safepoint      ] Entering safepoint region: Cleanup
[7666.427s][info ][safepoint      ] Leaving safepoint region
[7666.427s][info ][safepoint      ] Total time for which application threads were stopped: 0.0001245 seconds, Stopping threads took: 0.0000432 seconds
[7667.427s][info ][safepoint      ] Application time: 1.0001366 seconds
[7667.427s][info ][safepoint      ] Entering safepoint region: Cleanup
[7667.428s][info ][safepoint      ] Leaving safepoint region
[7667.428s][info ][safepoint      ] Total time for which application threads were stopped: 0.0001488 seconds, Stopping threads took: 0.0000680 seconds
[7668.428s][info ][safepoint      ] Application time: 1.0000891 seconds
[7668.428s][info ][safepoint      ] Entering safepoint region: Cleanup
[7668.428s][info ][safepoint      ] Leaving safepoint region
[7668.428s][info ][safepoint      ] Total time for which application threads were stopped: 0.0001218 seconds, Stopping threads took: 0.0000449 seconds
[7669.428s][info ][safepoint      ] Application time: 1.0000918 seconds
[7669.428s][info ][safepoint      ] Entering safepoint region: Cleanup
[7669.428s][info ][safepoint      ] Leaving safepoint region
[7669.428s][info ][safepoint      ] Total time for which application threads were stopped: 0.0001338 seconds, Stopping threads took: 0.0000576 seconds
[7670.388s][info ][safepoint      ] Application time: 0.9602796 seconds
[7670.388s][info ][safepoint      ] Entering safepoint region: ParallelGCFailedAllocation
[7670.389s][info ][gc,start       ] GC(324) Pause Young (Allocation Failure)
[7670.418s][debug][gc,phases      ] GC(324) Scavenge 28.952ms
[7670.418s][debug][gc,ref         ] GC(324) Skipped phase1 of Reference Processing due to unavailable references
[7670.418s][debug][gc,ref         ] GC(324) Skipped phase3 of Reference Processing due to unavailable references
[7670.418s][debug][gc,phases      ] GC(324) Reference Processing 0.039ms
[7670.418s][debug][gc,phases      ] GC(324) Weak Processing 0.118ms
[7670.418s][debug][gc,phases      ] GC(324) Scrub String Table 0.409ms
[7670.418s][debug][gc,age         ] GC(324) Desired survivor size 85458944 bytes, new threshold 15 (max threshold 15)
[7670.418s][info ][gc,heap        ] GC(324) PSYoungGen: 2006017K->75633K(2012160K)
[7670.418s][info ][gc,heap        ] GC(324) ParOldGen: 522996K->523180K(599552K)
[7670.418s][info ][gc,metaspace   ] GC(324) Metaspace: 75586K->75586K(1118208K)
[7670.418s][info ][gc             ] GC(324) Pause Young (Allocation Failure) 2469M->584M(2550M) 29.696ms
[7670.418s][info ][gc,cpu         ] GC(324) User=0.09s Sys=0.00s Real=0.03s
[7670.418s][info ][safepoint      ] Leaving safepoint region
[7670.418s][info ][safepoint      ] Total time for which application threads were stopped: 0.0299043 seconds, Stopping threads took: 0.0000383 seconds
[7671.418s][info ][safepoint      ] Application time: 1.0000909 seconds
[7671.418s][info ][safepoint      ] Entering safepoint region: Cleanup
[7671.419s][info ][safepoint      ] Leaving safepoint region
[7671.419s][info ][safepoint      ] Total time for which application threads were stopped: 0.0001222 seconds, Stopping threads took: 0.0000470 seconds
[7672.419s][info ][safepoint      ] Application time: 1.0000899 seconds
[7672.419s][info ][safepoint      ] Entering safepoint region: Cleanup
[7672.419s][info ][safepoint      ] Leaving safepoint region
[7672.419s][info ][safepoint      ] Total time for which application threads were stopped: 0.0001194 seconds, Stopping threads took: 0.0000422 seconds
[7673.419s][info ][safepoint      ] Application time: 1.0001289 seconds
[7673.419s][info ][safepoint      ] Entering safepoint region: Cleanup
[7673.419s][info ][safepoint      ] Leaving safepoint region
[7673.419s][info ][safepoint      ] Total time for which application threads were stopped: 0.0001481 seconds, Stopping threads took: 0.0000473 seconds
[7674.419s][info ][safepoint      ] Application time: 1.0000862 seconds
[7674.419s][info ][safepoint      ] Entering safepoint region: Cleanup
[7674.419s][info ][safepoint      ] Leaving safepoint region
[7674.419s][info ][safepoint      ] Total time for which application threads were stopped: 0.0001235 seconds, Stopping threads took: 0.0000421 seconds
[7675.420s][info ][safepoint      ] Application time: 1.0001215 seconds
[7675.420s][info ][safepoint      ] Entering safepoint region: Cleanup
[7675.420s][info ][safepoint      ] Leaving safepoint region
[7675.420s][info ][safepoint      ] Total time for which application threads were stopped: 0.0001279 seconds, Stopping threads took: 0.0000442 seconds
[7676.420s][info ][safepoint      ] Application time: 1.0000875 seconds
[7676.420s][info ][safepoint      ] Entering safepoint region: Cleanup
[7676.420s][info ][safepoint      ] Leaving safepoint region
[7676.420s][info ][safepoint      ] Total time for which application threads were stopped: 0.0001244 seconds, Stopping threads took: 0.0000460 seconds
[7677.420s][info ][safepoint      ] Application time: 1.0000598 seconds
[7677.420s][info ][safepoint      ] Entering safepoint region: Cleanup
[7677.420s][info ][safepoint      ] Leaving safepoint region
[7677.420s][info ][safepoint      ] Total time for which application threads were stopped: 0.0001225 seconds, Stopping threads took: 0.0000446 seconds
[7678.420s][info ][safepoint      ] Application time: 1.0000859 seconds
[7678.420s][info ][safepoint      ] Entering safepoint region: Cleanup
[7678.420s][info ][safepoint      ] Leaving safepoint region
[7678.420s][info ][safepoint      ] Total time for which application threads were stopped: 0.0001467 seconds, Stopping threads took: 0.0000594 seconds
[7679.421s][info ][safepoint      ] Application time: 1.0000835 seconds
[7679.421s][info ][safepoint      ] Entering safepoint region: Cleanup
[7679.421s][info ][safepoint      ] Leaving safepoint region
[7679.421s][info ][safepoint      ] Total time for which application threads were stopped: 0.0001546 seconds, Stopping threads took: 0.0000635 seconds
[7680.421s][info ][safepoint      ] Application time: 1.0000911 seconds
[7680.421s][info ][safepoint      ] Entering safepoint region: Cleanup
[7680.421s][info ][safepoint      ] Leaving safepoint region
[7680.421s][info ][safepoint      ] Total time for which application threads were stopped: 0.0001282 seconds, Stopping threads took: 0.0000426 seconds
[7680.832s][info ][safepoint      ] Application time: 0.4107526 seconds
[7680.832s][info ][safepoint      ] Entering safepoint region: ParallelGCFailedAllocation
[7680.832s][info ][gc,start       ] GC(325) Pause Young (Allocation Failure)
[7680.855s][debug][gc,phases      ] GC(325) Scavenge 22.704ms
[7680.855s][debug][gc,ref         ] GC(325) Skipped phase1 of Reference Processing due to unavailable references
[7680.855s][debug][gc,ref         ] GC(325) Skipped phase3 of Reference Processing due to unavailable references
[7680.855s][debug][gc,phases      ] GC(325) Reference Processing 0.039ms
[7680.855s][debug][gc,phases      ] GC(325) Weak Processing 0.124ms
[7680.855s][debug][gc,phases      ] GC(325) Scrub String Table 0.416ms
[7680.855s][debug][gc,age         ] GC(325) Desired survivor size 88080384 bytes, new threshold 15 (max threshold 15)
[7680.855s][info ][gc,heap        ] GC(325) PSYoungGen: 2012017K->74737K(2008576K)
[7680.855s][info ][gc,heap        ] GC(325) ParOldGen: 523180K->523244K(599552K)
[7680.855s][info ][gc,metaspace   ] GC(325) Metaspace: 75589K->75589K(1118208K)
[7680.855s][info ][gc             ] GC(325) Pause Young (Allocation Failure) 2475M->583M(2547M) 23.439ms
[7680.855s][info ][gc,cpu         ] GC(325) User=0.08s Sys=0.00s Real=0.03s
[7680.855s][info ][safepoint      ] Leaving safepoint region
[7680.855s][info ][safepoint      ] Total time for which application threads were stopped: 0.0236626 seconds, Stopping threads took: 0.0000367 seconds
[7681.856s][info ][safepoint      ] Application time: 1.0001009 seconds
[7681.856s][info ][safepoint      ] Entering safepoint region: Cleanup
[7681.856s][info ][safepoint      ] Leaving safepoint region
[7681.856s][info ][safepoint      ] Total time for which application threads were stopped: 0.0001258 seconds, Stopping threads took: 0.0000441 seconds
[7682.856s][info ][safepoint      ] Application time: 1.0001829 seconds
[7682.856s][info ][safepoint      ] Entering safepoint region: Cleanup
[7682.856s][info ][safepoint      ] Leaving safepoint region
[7682.856s][info ][safepoint      ] Total time for which application threads were stopped: 0.0000889 seconds, Stopping threads took: 0.0000197 seconds
[7683.856s][info ][safepoint      ] Application time: 1.0000892 seconds
[7683.856s][info ][safepoint      ] Entering safepoint region: Cleanup
[7683.856s][info ][safepoint      ] Leaving safepoint region
[7683.856s][info ][safepoint      ] Total time for which application threads were stopped: 0.0001161 seconds, Stopping threads took: 0.0000457 seconds
[7684.856s][info ][safepoint      ] Application time: 1.0000874 seconds
[7684.856s][info ][safepoint      ] Entering safepoint region: Cleanup
[7684.857s][info ][safepoint      ] Leaving safepoint region
[7684.857s][info ][safepoint      ] Total time for which application threads were stopped: 0.0001202 seconds, Stopping threads took: 0.0000423 seconds
[7685.857s][info ][safepoint      ] Application time: 1.0000610 seconds
[7685.857s][info ][safepoint      ] Entering safepoint region: Cleanup
[7685.857s][info ][safepoint      ] Leaving safepoint region
[7685.857s][info ][safepoint      ] Total time for which application threads were stopped: 0.0001380 seconds, Stopping threads took: 0.0000615 seconds
[7686.857s][info ][safepoint      ] Application time: 1.0002468 seconds
[7686.857s][info ][safepoint      ] Entering safepoint region: Cleanup
[7686.857s][info ][safepoint      ] Leaving safepoint region
[7686.857s][info ][safepoint      ] Total time for which application threads were stopped: 0.0001142 seconds, Stopping threads took: 0.0000398 seconds
[7687.857s][info ][safepoint      ] Application time: 1.0000829 seconds
[7687.857s][info ][safepoint      ] Entering safepoint region: Cleanup
[7687.857s][info ][safepoint      ] Leaving safepoint region
[7687.857s][info ][safepoint      ] Total time for which application threads were stopped: 0.0001345 seconds, Stopping threads took: 0.0000397 seconds
[7688.858s][info ][safepoint      ] Application time: 1.0001340 seconds
[7688.858s][info ][safepoint      ] Entering safepoint region: Cleanup
[7688.858s][info ][safepoint      ] Leaving safepoint region
[7688.858s][info ][safepoint      ] Total time for which application threads were stopped: 0.0001215 seconds, Stopping threads took: 0.0000413 seconds
[7689.858s][info ][safepoint      ] Application time: 1.0000923 seconds
[7689.858s][info ][safepoint      ] Entering safepoint region: Cleanup
[7689.858s][info ][safepoint      ] Leaving safepoint region
[7689.858s][info ][safepoint      ] Total time for which application threads were stopped: 0.0001274 seconds, Stopping threads took: 0.0000366 seconds
[7690.858s][info ][safepoint      ] Application time: 1.0001061 seconds
[7690.858s][info ][safepoint      ] Entering safepoint region: Cleanup
[7690.858s][info ][safepoint      ] Leaving safepoint region
[7690.858s][info ][safepoint      ] Total time for which application threads were stopped: 0.0001475 seconds, Stopping threads took: 0.0000577 seconds
[7691.858s][info ][safepoint      ] Application time: 1.0001069 seconds
[7691.859s][info ][safepoint      ] Entering safepoint region: Cleanup
[7691.859s][info ][safepoint      ] Leaving safepoint region
[7691.859s][info ][safepoint      ] Total time for which application threads were stopped: 0.0002996 seconds, Stopping threads took: 0.0002241 seconds
[7692.288s][info ][safepoint      ] Application time: 0.4292017 seconds
[7692.288s][info ][safepoint      ] Entering safepoint region: ParallelGCFailedAllocation
[7692.288s][info ][gc,start       ] GC(326) Pause Young (Allocation Failure)
[7692.308s][debug][gc,phases      ] GC(326) Scavenge 19.743ms
[7692.308s][debug][gc,ref         ] GC(326) Skipped phase1 of Reference Processing due to unavailable references
[7692.308s][debug][gc,ref         ] GC(326) Skipped phase3 of Reference Processing due to unavailable references
[7692.308s][debug][gc,phases      ] GC(326) Reference Processing 0.042ms
[7692.308s][debug][gc,phases      ] GC(326) Weak Processing 0.123ms
[7692.309s][debug][gc,phases      ] GC(326) Scrub String Table 0.439ms
[7692.309s][debug][gc,age         ] GC(326) Desired survivor size 89128960 bytes, new threshold 15 (max threshold 15)
[7692.309s][info ][gc,heap        ] GC(326) PSYoungGen: 1999857K->73937K(1999360K)
[7692.309s][info ][gc,heap        ] GC(326) ParOldGen: 523244K->523760K(599552K)
[7692.309s][info ][gc,metaspace   ] GC(326) Metaspace: 75589K->75589K(1118208K)
[7692.309s][info ][gc             ] GC(326) Pause Young (Allocation Failure) 2463M->583M(2538M) 20.500ms
[7692.309s][info ][gc,cpu         ] GC(326) User=0.08s Sys=0.00s Real=0.02s
[7692.309s][info ][safepoint      ] Leaving safepoint region
[7692.309s][info ][safepoint      ] Total time for which application threads were stopped: 0.0208947 seconds, Stopping threads took: 0.0001281 seconds
[7693.309s][info ][safepoint      ] Application time: 1.0001320 seconds
[7693.309s][info ][safepoint      ] Entering safepoint region: Cleanup
[7693.309s][info ][safepoint      ] Leaving safepoint region
[7693.309s][info ][safepoint      ] Total time for which application threads were stopped: 0.0000999 seconds, Stopping threads took: 0.0000189 seconds
[7694.309s][info ][safepoint      ] Application time: 1.0001185 seconds
[7694.309s][info ][safepoint      ] Entering safepoint region: Cleanup
[7694.309s][info ][safepoint      ] Leaving safepoint region
[7694.309s][info ][safepoint      ] Total time for which application threads were stopped: 0.0001052 seconds, Stopping threads took: 0.0000178 seconds
[7695.309s][info ][safepoint      ] Application time: 1.0000907 seconds
[7695.310s][info ][safepoint      ] Entering safepoint region: Cleanup
[7695.310s][info ][safepoint      ] Leaving safepoint region
[7695.310s][info ][safepoint      ] Total time for which application threads were stopped: 0.0001475 seconds, Stopping threads took: 0.0000614 seconds
[7696.310s][info ][safepoint      ] Application time: 1.0000872 seconds
[7696.310s][info ][safepoint      ] Entering safepoint region: Cleanup
[7696.310s][info ][safepoint      ] Leaving safepoint region
[7696.310s][info ][safepoint      ] Total time for which application threads were stopped: 0.0001679 seconds, Stopping threads took: 0.0000708 seconds
[7697.310s][info ][safepoint      ] Application time: 1.0001315 seconds
[7697.310s][info ][safepoint      ] Entering safepoint region: Cleanup
[7697.310s][info ][safepoint      ] Leaving safepoint region
[7697.310s][info ][safepoint      ] Total time for which application threads were stopped: 0.0002541 seconds, Stopping threads took: 0.0001690 seconds
[7698.311s][info ][safepoint      ] Application time: 1.0001334 seconds
[7698.311s][info ][safepoint      ] Entering safepoint region: Cleanup
[7698.311s][info ][safepoint      ] Leaving safepoint region
[7698.311s][info ][safepoint      ] Total time for which application threads were stopped: 0.0001431 seconds, Stopping threads took: 0.0000554 seconds
[7699.311s][info ][safepoint      ] Application time: 1.0001280 seconds
[7699.311s][info ][safepoint      ] Entering safepoint region: Cleanup
[7699.311s][info ][safepoint      ] Leaving safepoint region
[7699.311s][info ][safepoint      ] Total time for which application threads were stopped: 0.0001269 seconds, Stopping threads took: 0.0000426 seconds
[7700.311s][info ][safepoint      ] Application time: 1.0000949 seconds
[7700.311s][info ][safepoint      ] Entering safepoint region: Cleanup
[7700.311s][info ][safepoint      ] Leaving safepoint region
[7700.311s][info ][safepoint      ] Total time for which application threads were stopped: 0.0001512 seconds, Stopping threads took: 0.0000731 seconds
[7701.311s][info ][safepoint      ] Application time: 1.0000844 seconds
[7701.311s][info ][safepoint      ] Entering safepoint region: Cleanup
[7701.312s][info ][safepoint      ] Leaving safepoint region
[7701.312s][info ][safepoint      ] Total time for which application threads were stopped: 0.0001207 seconds, Stopping threads took: 0.0000409 seconds
[7702.312s][info ][safepoint      ] Application time: 1.0001502 seconds
[7702.312s][info ][safepoint      ] Entering safepoint region: Cleanup
[7702.312s][info ][safepoint      ] Leaving safepoint region
[7702.312s][info ][safepoint      ] Total time for which application threads were stopped: 0.0001553 seconds, Stopping threads took: 0.0000791 seconds
[7703.312s][info ][safepoint      ] Application time: 1.0000904 seconds
[7703.312s][info ][safepoint      ] Entering safepoint region: Cleanup
[7703.312s][info ][safepoint      ] Leaving safepoint region
[7703.312s][info ][safepoint      ] Total time for which application threads were stopped: 0.0001314 seconds, Stopping threads took: 0.0000410 seconds
[7703.804s][info ][safepoint      ] Application time: 0.4916573 seconds
[7703.804s][info ][safepoint      ] Entering safepoint region: ParallelGCFailedAllocation
[7703.804s][info ][gc,start       ] GC(327) Pause Young (Allocation Failure)
[7703.824s][debug][gc,phases      ] GC(327) Scavenge 19.434ms
[7703.824s][debug][gc,ref         ] GC(327) Skipped phase1 of Reference Processing due to unavailable references
[7703.824s][debug][gc,ref         ] GC(327) Skipped phase3 of Reference Processing due to unavailable references
[7703.824s][debug][gc,phases      ] GC(327) Reference Processing 0.040ms
[7703.824s][debug][gc,phases      ] GC(327) Weak Processing 0.123ms
[7703.824s][debug][gc,phases      ] GC(327) Scrub String Table 0.446ms
[7703.824s][debug][gc,age         ] GC(327) Desired survivor size 88604672 bytes, new threshold 15 (max threshold 15)
[7703.824s][info ][gc,heap        ] GC(327) PSYoungGen: 1999057K->69521K(2010624K)
[7703.824s][info ][gc,heap        ] GC(327) ParOldGen: 523760K->524356K(599552K)
[7703.824s][info ][gc,metaspace   ] GC(327) Metaspace: 75600K->75600K(1118208K)
[7703.824s][info ][gc             ] GC(327) Pause Young (Allocation Failure) 2463M->579M(2549M) 20.209ms
[7703.824s][info ][gc,cpu         ] GC(327) User=0.08s Sys=0.00s Real=0.02s
[7703.824s][info ][safepoint      ] Leaving safepoint region
[7703.824s][info ][safepoint      ] Total time for which application threads were stopped: 0.0204174 seconds, Stopping threads took: 0.0000394 seconds
[7704.824s][info ][safepoint      ] Application time: 1.0000872 seconds
[7704.825s][info ][safepoint      ] Entering safepoint region: Cleanup
[7704.825s][info ][safepoint      ] Leaving safepoint region
[7704.825s][info ][safepoint      ] Total time for which application threads were stopped: 0.0002233 seconds, Stopping threads took: 0.0000989 seconds
[7705.825s][info ][safepoint      ] Application time: 1.0000856 seconds
[7705.825s][info ][safepoint      ] Entering safepoint region: Cleanup
[7705.825s][info ][safepoint      ] Leaving safepoint region
[7705.825s][info ][safepoint      ] Total time for which application threads were stopped: 0.0001515 seconds, Stopping threads took: 0.0000728 seconds
[7706.825s][info ][safepoint      ] Application time: 1.0000953 seconds
[7706.825s][info ][safepoint      ] Entering safepoint region: Cleanup
[7706.825s][info ][safepoint      ] Leaving safepoint region
[7706.825s][info ][safepoint      ] Total time for which application threads were stopped: 0.0001105 seconds, Stopping threads took: 0.0000400 seconds
[7707.825s][info ][safepoint      ] Application time: 1.0000942 seconds
[7707.825s][info ][safepoint      ] Entering safepoint region: Cleanup
[7707.826s][info ][safepoint      ] Leaving safepoint region
[7707.826s][info ][safepoint      ] Total time for which application threads were stopped: 0.0002562 seconds, Stopping threads took: 0.0000411 seconds
[7708.826s][info ][safepoint      ] Application time: 1.0000485 seconds
[7708.826s][info ][safepoint      ] Entering safepoint region: Cleanup
[7708.826s][info ][safepoint      ] Leaving safepoint region
[7708.826s][info ][safepoint      ] Total time for which application threads were stopped: 0.0001103 seconds, Stopping threads took: 0.0000438 seconds
[7709.826s][info ][safepoint      ] Application time: 1.0001217 seconds
[7709.826s][info ][safepoint      ] Entering safepoint region: Cleanup
[7709.826s][info ][safepoint      ] Leaving safepoint region
[7709.826s][info ][safepoint      ] Total time for which application threads were stopped: 0.0001196 seconds, Stopping threads took: 0.0000435 seconds
[7710.826s][info ][safepoint      ] Application time: 1.0001339 seconds
[7710.826s][info ][safepoint      ] Entering safepoint region: Cleanup
[7710.826s][info ][safepoint      ] Leaving safepoint region
[7710.826s][info ][safepoint      ] Total time for which application threads were stopped: 0.0001137 seconds, Stopping threads took: 0.0000424 seconds
[7711.827s][info ][safepoint      ] Application time: 1.0001416 seconds
[7711.827s][info ][safepoint      ] Entering safepoint region: Cleanup
[7711.827s][info ][safepoint      ] Leaving safepoint region
[7711.827s][info ][safepoint      ] Total time for which application threads were stopped: 0.0001473 seconds, Stopping threads took: 0.0000415 seconds
[7712.827s][info ][safepoint      ] Application time: 1.0001084 seconds
[7712.827s][info ][safepoint      ] Entering safepoint region: Cleanup
[7712.827s][info ][safepoint      ] Leaving safepoint region
[7712.827s][info ][safepoint      ] Total time for which application threads were stopped: 0.0001677 seconds, Stopping threads took: 0.0000664 seconds
[7713.827s][info ][safepoint      ] Application time: 1.0000782 seconds
[7713.827s][info ][safepoint      ] Entering safepoint region: Cleanup
[7713.827s][info ][safepoint      ] Leaving safepoint region
[7713.827s][info ][safepoint      ] Total time for which application threads were stopped: 0.0001460 seconds, Stopping threads took: 0.0000425 seconds
[7714.827s][info ][safepoint      ] Application time: 1.0001380 seconds
[7714.827s][info ][safepoint      ] Entering safepoint region: Cleanup
[7714.828s][info ][safepoint      ] Leaving safepoint region
[7714.828s][info ][safepoint      ] Total time for which application threads were stopped: 0.0001342 seconds, Stopping threads took: 0.0000395 seconds
[7715.573s][info ][safepoint      ] Application time: 0.7455213 seconds
[7715.573s][info ][safepoint      ] Entering safepoint region: ParallelGCFailedAllocation
[7715.573s][info ][gc,start       ] GC(328) Pause Young (Allocation Failure)
[7715.593s][debug][gc,phases      ] GC(328) Scavenge 19.423ms
[7715.593s][debug][gc,ref         ] GC(328) Skipped phase1 of Reference Processing due to unavailable references
[7715.593s][debug][gc,ref         ] GC(328) Skipped phase3 of Reference Processing due to unavailable references
[7715.593s][debug][gc,phases      ] GC(328) Reference Processing 0.058ms
[7715.593s][debug][gc,phases      ] GC(328) Weak Processing 0.330ms
[7715.594s][debug][gc,phases      ] GC(328) Scrub String Table 0.409ms
[7715.594s][debug][gc,age         ] GC(328) Desired survivor size 86507520 bytes, new threshold 15 (max threshold 15)
[7715.594s][info ][gc,heap        ] GC(328) PSYoungGen: 1993105K->65793K(2010112K)
[7715.594s][info ][gc,heap        ] GC(328) ParOldGen: 524356K->527329K(599552K)
[7715.594s][info ][gc,metaspace   ] GC(328) Metaspace: 75604K->75604K(1118208K)
[7715.594s][info ][gc             ] GC(328) Pause Young (Allocation Failure) 2458M->579M(2548M) 20.407ms
[7715.594s][info ][gc,cpu         ] GC(328) User=0.07s Sys=0.01s Real=0.02s
[7715.594s][info ][safepoint      ] Leaving safepoint region
[7715.594s][info ][safepoint      ] Total time for which application threads were stopped: 0.0206684 seconds, Stopping threads took: 0.0000770 seconds
[7716.594s][info ][safepoint      ] Application time: 1.0001500 seconds
[7716.594s][info ][safepoint      ] Entering safepoint region: Cleanup
[7716.594s][info ][safepoint      ] Leaving safepoint region
[7716.594s][info ][safepoint      ] Total time for which application threads were stopped: 0.0001143 seconds, Stopping threads took: 0.0000439 seconds
[7717.594s][info ][safepoint      ] Application time: 1.0000780 seconds
[7717.594s][info ][safepoint      ] Entering safepoint region: Cleanup
[7717.594s][info ][safepoint      ] Leaving safepoint region
[7717.594s][info ][safepoint      ] Total time for which application threads were stopped: 0.0000831 seconds, Stopping threads took: 0.0000187 seconds
[7718.594s][info ][safepoint      ] Application time: 1.0000932 seconds
[7718.594s][info ][safepoint      ] Entering safepoint region: Cleanup
[7718.595s][info ][safepoint      ] Leaving safepoint region
[7718.595s][info ][safepoint      ] Total time for which application threads were stopped: 0.0000865 seconds, Stopping threads took: 0.0000197 seconds
[7719.595s][info ][safepoint      ] Application time: 1.0001179 seconds
[7719.595s][info ][safepoint      ] Entering safepoint region: Cleanup
[7719.595s][info ][safepoint      ] Leaving safepoint region
[7719.595s][info ][safepoint      ] Total time for which application threads were stopped: 0.0000874 seconds, Stopping threads took: 0.0000201 seconds
[7720.595s][info ][safepoint      ] Application time: 1.0000739 seconds
[7720.595s][info ][safepoint      ] Entering safepoint region: Cleanup
[7720.595s][info ][safepoint      ] Leaving safepoint region
[7720.595s][info ][safepoint      ] Total time for which application threads were stopped: 0.0001020 seconds, Stopping threads took: 0.0000192 seconds
[7721.595s][info ][safepoint      ] Application time: 1.0000869 seconds
[7721.595s][info ][safepoint      ] Entering safepoint region: Cleanup
[7721.595s][info ][safepoint      ] Leaving safepoint region
[7721.595s][info ][safepoint      ] Total time for which application threads were stopped: 0.0001197 seconds, Stopping threads took: 0.0000209 seconds
[7722.595s][info ][safepoint      ] Application time: 1.0000528 seconds
[7722.595s][info ][safepoint      ] Entering safepoint region: Cleanup
[7722.595s][info ][safepoint      ] Leaving safepoint region
[7722.595s][info ][safepoint      ] Total time for which application threads were stopped: 0.0001051 seconds, Stopping threads took: 0.0000197 seconds
[7723.596s][info ][safepoint      ] Application time: 1.0000840 seconds
[7723.596s][info ][safepoint      ] Entering safepoint region: Cleanup
[7723.596s][info ][safepoint      ] Leaving safepoint region
[7723.596s][info ][safepoint      ] Total time for which application threads were stopped: 0.0001058 seconds, Stopping threads took: 0.0000328 seconds
[7724.596s][info ][safepoint      ] Application time: 1.0001248 seconds
[7724.596s][info ][safepoint      ] Entering safepoint region: Cleanup
[7724.596s][info ][safepoint      ] Leaving safepoint region
[7724.596s][info ][safepoint      ] Total time for which application threads were stopped: 0.0000877 seconds, Stopping threads took: 0.0000204 seconds
[7725.596s][info ][safepoint      ] Application time: 1.0000576 seconds
[7725.596s][info ][safepoint      ] Entering safepoint region: Cleanup
[7725.596s][info ][safepoint      ] Leaving safepoint region
[7725.596s][info ][safepoint      ] Total time for which application threads were stopped: 0.0000825 seconds, Stopping threads took: 0.0000190 seconds
[7726.596s][info ][safepoint      ] Application time: 1.0001066 seconds
[7726.596s][info ][safepoint      ] Entering safepoint region: Cleanup
[7726.596s][info ][safepoint      ] Leaving safepoint region
[7726.596s][info ][safepoint      ] Total time for which application threads were stopped: 0.0000929 seconds, Stopping threads took: 0.0000212 seconds
[7727.596s][info ][safepoint      ] Application time: 1.0000883 seconds
[7727.597s][info ][safepoint      ] Entering safepoint region: Cleanup
[7727.597s][info ][safepoint      ] Leaving safepoint region
[7727.597s][info ][safepoint      ] Total time for which application threads were stopped: 0.0001029 seconds, Stopping threads took: 0.0000213 seconds
[7728.232s][info ][safepoint      ] Application time: 0.6350521 seconds
[7728.232s][info ][safepoint      ] Entering safepoint region: ParallelGCFailedAllocation
[7728.232s][info ][gc,start       ] GC(329) Pause Young (Allocation Failure)
[7728.251s][debug][gc,phases      ] GC(329) Scavenge 18.919ms
[7728.251s][debug][gc,ref         ] GC(329) Skipped phase1 of Reference Processing due to unavailable references
[7728.251s][debug][gc,ref         ] GC(329) Skipped phase3 of Reference Processing due to unavailable references
[7728.251s][debug][gc,phases      ] GC(329) Reference Processing 0.039ms
[7728.251s][debug][gc,phases      ] GC(329) Weak Processing 0.119ms
[7728.252s][debug][gc,phases      ] GC(329) Scrub String Table 0.435ms
[7728.252s][debug][gc,age         ] GC(329) Desired survivor size 84934656 bytes, new threshold 15 (max threshold 15)
[7728.252s][info ][gc,heap        ] GC(329) PSYoungGen: 1989377K->64193K(2014208K)
[7728.252s][info ][gc,heap        ] GC(329) ParOldGen: 527329K->529926K(599552K)
[7728.252s][info ][gc,metaspace   ] GC(329) Metaspace: 75607K->75607K(1118208K)
[7728.252s][info ][gc             ] GC(329) Pause Young (Allocation Failure) 2457M->580M(2552M) 19.689ms
[7728.252s][info ][gc,cpu         ] GC(329) User=0.08s Sys=0.01s Real=0.02s
[7728.252s][info ][safepoint      ] Leaving safepoint region
[7728.252s][info ][safepoint      ] Total time for which application threads were stopped: 0.0199423 seconds, Stopping threads took: 0.0000170 seconds
[7729.252s][info ][safepoint      ] Application time: 1.0001475 seconds
[7729.252s][info ][safepoint      ] Entering safepoint region: Cleanup
[7729.252s][info ][safepoint      ] Leaving safepoint region
[7729.252s][info ][safepoint      ] Total time for which application threads were stopped: 0.0001318 seconds, Stopping threads took: 0.0000397 seconds
[7730.252s][info ][safepoint      ] Application time: 1.0000863 seconds
[7730.252s][info ][safepoint      ] Entering safepoint region: Cleanup
[7730.252s][info ][safepoint      ] Leaving safepoint region
[7730.252s][info ][safepoint      ] Total time for which application threads were stopped: 0.0001143 seconds, Stopping threads took: 0.0000410 seconds
[7731.252s][info ][safepoint      ] Application time: 1.0000942 seconds
[7731.252s][info ][safepoint      ] Entering safepoint region: Cleanup
[7731.252s][info ][safepoint      ] Leaving safepoint region
[7731.252s][info ][safepoint      ] Total time for which application threads were stopped: 0.0001052 seconds, Stopping threads took: 0.0000417 seconds
[7732.253s][info ][safepoint      ] Application time: 1.0001227 seconds
[7732.253s][info ][safepoint      ] Entering safepoint region: Cleanup
[7732.253s][info ][safepoint      ] Leaving safepoint region
[7732.253s][info ][safepoint      ] Total time for which application threads were stopped: 0.0000784 seconds, Stopping threads took: 0.0000173 seconds
[7733.253s][info ][safepoint      ] Application time: 1.0000870 seconds
[7733.253s][info ][safepoint      ] Entering safepoint region: Cleanup
[7733.253s][info ][safepoint      ] Leaving safepoint region
[7733.253s][info ][safepoint      ] Total time for which application threads were stopped: 0.0001243 seconds, Stopping threads took: 0.0000397 seconds
[7734.253s][info ][safepoint      ] Application time: 1.0000914 seconds
[7734.253s][info ][safepoint      ] Entering safepoint region: Cleanup
[7734.253s][info ][safepoint      ] Leaving safepoint region
[7734.253s][info ][safepoint      ] Total time for which application threads were stopped: 0.0001077 seconds, Stopping threads took: 0.0000403 seconds
[7735.253s][info ][safepoint      ] Application time: 1.0001238 seconds
[7735.253s][info ][safepoint      ] Entering safepoint region: Cleanup
[7735.254s][info ][safepoint      ] Leaving safepoint region
[7735.254s][info ][safepoint      ] Total time for which application threads were stopped: 0.0001083 seconds, Stopping threads took: 0.0000414 seconds
[7736.254s][info ][safepoint      ] Application time: 1.0000907 seconds
[7736.254s][info ][safepoint      ] Entering safepoint region: Cleanup
[7736.254s][info ][safepoint      ] Leaving safepoint region
[7736.254s][info ][safepoint      ] Total time for which application threads were stopped: 0.0001097 seconds, Stopping threads took: 0.0000352 seconds
[7737.254s][info ][safepoint      ] Application time: 1.0001830 seconds
[7737.254s][info ][safepoint      ] Entering safepoint region: Cleanup
[7737.254s][info ][safepoint      ] Leaving safepoint region
[7737.254s][info ][safepoint      ] Total time for which application threads were stopped: 0.0001127 seconds, Stopping threads took: 0.0000411 seconds
[7738.254s][info ][safepoint      ] Application time: 1.0001262 seconds
[7738.254s][info ][safepoint      ] Entering safepoint region: Cleanup
[7738.254s][info ][safepoint      ] Leaving safepoint region
[7738.254s][info ][safepoint      ] Total time for which application threads were stopped: 0.0001766 seconds, Stopping threads took: 0.0001037 seconds
[7739.255s][info ][safepoint      ] Application time: 1.0003530 seconds
[7739.255s][info ][safepoint      ] Entering safepoint region: Cleanup
[7739.255s][info ][safepoint      ] Leaving safepoint region
[7739.255s][info ][safepoint      ] Total time for which application threads were stopped: 0.0001391 seconds, Stopping threads took: 0.0000574 seconds
[7739.907s][info ][safepoint      ] Application time: 0.6524092 seconds
[7739.907s][info ][safepoint      ] Entering safepoint region: ParallelGCFailedAllocation
[7739.908s][info ][gc,start       ] GC(330) Pause Young (Allocation Failure)
[7739.939s][debug][gc,phases      ] GC(330) Scavenge 31.750ms
[7739.939s][debug][gc,ref         ] GC(330) Skipped phase1 of Reference Processing due to unavailable references
[7739.939s][debug][gc,ref         ] GC(330) Skipped phase3 of Reference Processing due to unavailable references
[7739.939s][debug][gc,phases      ] GC(330) Reference Processing 0.041ms
[7739.940s][debug][gc,phases      ] GC(330) Weak Processing 0.139ms
[7739.940s][debug][gc,phases      ] GC(330) Scrub String Table 0.476ms
[7739.940s][debug][gc,age         ] GC(330) Desired survivor size 83886080 bytes, new threshold 15 (max threshold 15)
[7739.940s][info ][gc,heap        ] GC(330) PSYoungGen: 1993921K->60704K(2012672K)
[7739.940s][info ][gc,heap        ] GC(330) ParOldGen: 529926K->532342K(599552K)
[7739.940s][info ][gc,metaspace   ] GC(330) Metaspace: 75607K->75607K(1118208K)
[7739.940s][info ][gc             ] GC(330) Pause Young (Allocation Failure) 2464M->579M(2551M) 32.555ms
[7739.940s][info ][gc,cpu         ] GC(330) User=0.08s Sys=0.00s Real=0.03s
[7739.940s][info ][safepoint      ] Leaving safepoint region
[7739.940s][info ][safepoint      ] Total time for which application threads were stopped: 0.0327885 seconds, Stopping threads took: 0.0000629 seconds
[7740.940s][info ][safepoint      ] Application time: 1.0000925 seconds
[7740.940s][info ][safepoint      ] Entering safepoint region: Cleanup
[7740.940s][info ][safepoint      ] Leaving safepoint region
[7740.940s][info ][safepoint      ] Total time for which application threads were stopped: 0.0000994 seconds, Stopping threads took: 0.0000195 seconds
[7741.941s][info ][safepoint      ] Application time: 1.0001260 seconds
[7741.941s][info ][safepoint      ] Entering safepoint region: Cleanup
[7741.941s][info ][safepoint      ] Leaving safepoint region
[7741.941s][info ][safepoint      ] Total time for which application threads were stopped: 0.0001123 seconds, Stopping threads took: 0.0000420 seconds
[7742.941s][info ][safepoint      ] Application time: 1.0001241 seconds
[7742.941s][info ][safepoint      ] Entering safepoint region: Cleanup
[7742.941s][info ][safepoint      ] Leaving safepoint region
[7742.941s][info ][safepoint      ] Total time for which application threads were stopped: 0.0000827 seconds, Stopping threads took: 0.0000184 seconds
[7743.941s][info ][safepoint      ] Application time: 1.0000751 seconds
[7743.941s][info ][safepoint      ] Entering safepoint region: Cleanup
[7743.941s][info ][safepoint      ] Leaving safepoint region
[7743.941s][info ][safepoint      ] Total time for which application threads were stopped: 0.0000931 seconds, Stopping threads took: 0.0000186 seconds
[7744.945s][info ][safepoint      ] Application time: 1.0034334 seconds
[7744.945s][info ][safepoint      ] Entering safepoint region: Cleanup
[7744.945s][info ][safepoint      ] Leaving safepoint region
[7744.945s][info ][safepoint      ] Total time for which application threads were stopped: 0.0001045 seconds, Stopping threads took: 0.0000196 seconds
[7745.945s][info ][safepoint      ] Application time: 1.0000884 seconds
[7745.949s][info ][safepoint      ] Entering safepoint region: Cleanup
[7745.949s][info ][safepoint      ] Leaving safepoint region
[7745.949s][info ][safepoint      ] Total time for which application threads were stopped: 0.0045128 seconds, Stopping threads took: 0.0044310 seconds
[7746.949s][info ][safepoint      ] Application time: 1.0000854 seconds
[7746.950s][info ][safepoint      ] Entering safepoint region: Cleanup
[7746.950s][info ][safepoint      ] Leaving safepoint region
[7746.950s][info ][safepoint      ] Total time for which application threads were stopped: 0.0001526 seconds, Stopping threads took: 0.0000840 seconds
[7747.950s][info ][safepoint      ] Application time: 1.0001236 seconds
[7747.950s][info ][safepoint      ] Entering safepoint region: Cleanup
[7747.950s][info ][safepoint      ] Leaving safepoint region
[7747.950s][info ][safepoint      ] Total time for which application threads were stopped: 0.0001011 seconds, Stopping threads took: 0.0000195 seconds
[7748.950s][info ][safepoint      ] Application time: 1.0000821 seconds
[7748.950s][info ][safepoint      ] Entering safepoint region: Cleanup
[7748.950s][info ][safepoint      ] Leaving safepoint region
[7748.950s][info ][safepoint      ] Total time for which application threads were stopped: 0.0000848 seconds, Stopping threads took: 0.0000202 seconds
[7749.950s][info ][safepoint      ] Application time: 1.0001378 seconds
[7749.950s][info ][safepoint      ] Entering safepoint region: Cleanup
[7749.950s][info ][safepoint      ] Leaving safepoint region
[7749.950s][info ][safepoint      ] Total time for which application threads were stopped: 0.0000821 seconds, Stopping threads took: 0.0000186 seconds
[7750.951s][info ][safepoint      ] Application time: 1.0000723 seconds
[7750.951s][info ][safepoint      ] Entering safepoint region: Cleanup
[7750.951s][info ][safepoint      ] Leaving safepoint region
[7750.951s][info ][safepoint      ] Total time for which application threads were stopped: 0.0001424 seconds, Stopping threads took: 0.0000648 seconds
[7751.951s][info ][safepoint      ] Application time: 1.0001228 seconds
[7751.951s][info ][safepoint      ] Entering safepoint region: Cleanup
[7751.951s][info ][safepoint      ] Leaving safepoint region
[7751.951s][info ][safepoint      ] Total time for which application threads were stopped: 0.0000860 seconds, Stopping threads took: 0.0000192 seconds
[7752.218s][info ][safepoint      ] Application time: 0.2673697 seconds
[7752.218s][info ][safepoint      ] Entering safepoint region: ParallelGCFailedAllocation
[7752.218s][info ][gc,start       ] GC(331) Pause Young (Allocation Failure)
[7752.236s][debug][gc,phases      ] GC(331) Scavenge 17.198ms
[7752.236s][debug][gc,ref         ] GC(331) Skipped phase1 of Reference Processing due to unavailable references
[7752.236s][debug][gc,ref         ] GC(331) Skipped phase3 of Reference Processing due to unavailable references
[7752.236s][debug][gc,phases      ] GC(331) Reference Processing 0.039ms
[7752.236s][debug][gc,phases      ] GC(331) Weak Processing 0.137ms
[7752.236s][debug][gc,phases      ] GC(331) Scrub String Table 0.411ms
[7752.236s][debug][gc,age         ] GC(331) Desired survivor size 83361792 bytes, new threshold 15 (max threshold 15)
[7752.236s][info ][gc,heap        ] GC(331) PSYoungGen: 1990432K->59840K(2015744K)
[7752.236s][info ][gc,heap        ] GC(331) ParOldGen: 532342K->532382K(599552K)
[7752.236s][info ][gc,metaspace   ] GC(331) Metaspace: 75607K->75607K(1118208K)
[7752.236s][info ][gc             ] GC(331) Pause Young (Allocation Failure) 2463M->578M(2554M) 17.964ms
[7752.236s][info ][gc,cpu         ] GC(331) User=0.07s Sys=0.00s Real=0.02s
[7752.236s][info ][safepoint      ] Leaving safepoint region
[7752.236s][info ][safepoint      ] Total time for which application threads were stopped: 0.0181415 seconds, Stopping threads took: 0.0000176 seconds
[7753.237s][info ][safepoint      ] Application time: 1.0000833 seconds
[7753.237s][info ][safepoint      ] Entering safepoint region: Cleanup
[7753.237s][info ][safepoint      ] Leaving safepoint region
[7753.237s][info ][safepoint      ] Total time for which application threads were stopped: 0.0001634 seconds, Stopping threads took: 0.0000873 seconds
[7754.237s][info ][safepoint      ] Application time: 1.0000888 seconds
[7754.237s][info ][safepoint      ] Entering safepoint region: Cleanup
[7754.237s][info ][safepoint      ] Leaving safepoint region
[7754.237s][info ][safepoint      ] Total time for which application threads were stopped: 0.0000995 seconds, Stopping threads took: 0.0000194 seconds
[7755.237s][info ][safepoint      ] Application time: 1.0000859 seconds
[7755.237s][info ][safepoint      ] Entering safepoint region: Cleanup
[7755.237s][info ][safepoint      ] Leaving safepoint region
[7755.237s][info ][safepoint      ] Total time for which application threads were stopped: 0.0000817 seconds, Stopping threads took: 0.0000166 seconds
[7756.237s][info ][safepoint      ] Application time: 1.0001240 seconds
[7756.237s][info ][safepoint      ] Entering safepoint region: Cleanup
[7756.238s][info ][safepoint      ] Leaving safepoint region
[7756.238s][info ][safepoint      ] Total time for which application threads were stopped: 0.0000834 seconds, Stopping threads took: 0.0000187 seconds
[7757.238s][info ][safepoint      ] Application time: 1.0001420 seconds
[7757.238s][info ][safepoint      ] Entering safepoint region: Cleanup
[7757.238s][info ][safepoint      ] Leaving safepoint region
[7757.238s][info ][safepoint      ] Total time for which application threads were stopped: 0.0002039 seconds, Stopping threads took: 0.0001149 seconds
[7758.238s][info ][safepoint      ] Application time: 1.0001462 seconds
[7758.238s][info ][safepoint      ] Entering safepoint region: Cleanup
[7758.238s][info ][safepoint      ] Leaving safepoint region
[7758.238s][info ][safepoint      ] Total time for which application threads were stopped: 0.0000823 seconds, Stopping threads took: 0.0000185 seconds
[7759.238s][info ][safepoint      ] Application time: 1.0000955 seconds
[7759.238s][info ][safepoint      ] Entering safepoint region: Cleanup
[7759.239s][info ][safepoint      ] Leaving safepoint region
[7759.239s][info ][safepoint      ] Total time for which application threads were stopped: 0.0002271 seconds, Stopping threads took: 0.0001269 seconds
[7760.239s][info ][safepoint      ] Application time: 1.0001438 seconds
[7760.239s][info ][safepoint      ] Entering safepoint region: Cleanup
[7760.239s][info ][safepoint      ] Leaving safepoint region
[7760.239s][info ][safepoint      ] Total time for which application threads were stopped: 0.0000928 seconds, Stopping threads took: 0.0000197 seconds
[7761.239s][info ][safepoint      ] Application time: 1.0000761 seconds
[7761.239s][info ][safepoint      ] Entering safepoint region: Cleanup
[7761.239s][info ][safepoint      ] Leaving safepoint region
[7761.239s][info ][safepoint      ] Total time for which application threads were stopped: 0.0001112 seconds, Stopping threads took: 0.0000185 seconds
[7762.239s][info ][safepoint      ] Application time: 1.0001403 seconds
[7762.239s][info ][safepoint      ] Entering safepoint region: Cleanup
[7762.239s][info ][safepoint      ] Leaving safepoint region
[7762.239s][info ][safepoint      ] Total time for which application threads were stopped: 0.0000819 seconds, Stopping threads took: 0.0000192 seconds
[7763.239s][info ][safepoint      ] Application time: 1.0000752 seconds
[7763.240s][info ][safepoint      ] Entering safepoint region: Cleanup
[7763.240s][info ][safepoint      ] Leaving safepoint region
[7763.240s][info ][safepoint      ] Total time for which application threads were stopped: 0.0001642 seconds, Stopping threads took: 0.0000192 seconds
[7764.240s][info ][safepoint      ] Application time: 1.0001152 seconds
[7764.240s][info ][safepoint      ] Entering safepoint region: Cleanup
[7764.240s][info ][safepoint      ] Leaving safepoint region
[7764.240s][info ][safepoint      ] Total time for which application threads were stopped: 0.0000937 seconds, Stopping threads took: 0.0000195 seconds
[7765.240s][info ][safepoint      ] Application time: 1.0000959 seconds
[7765.240s][info ][safepoint      ] Entering safepoint region: Cleanup
[7765.240s][info ][safepoint      ] Leaving safepoint region
[7765.240s][info ][safepoint      ] Total time for which application threads were stopped: 0.0000790 seconds, Stopping threads took: 0.0000166 seconds
[7766.240s][info ][safepoint      ] Application time: 1.0001233 seconds
[7766.240s][info ][safepoint      ] Entering safepoint region: Cleanup
[7766.240s][info ][safepoint      ] Leaving safepoint region
[7766.240s][info ][safepoint      ] Total time for which application threads were stopped: 0.0000870 seconds, Stopping threads took: 0.0000180 seconds
[7766.404s][info ][safepoint      ] Application time: 0.1637551 seconds
[7766.404s][info ][safepoint      ] Entering safepoint region: ParallelGCFailedAllocation
[7766.404s][info ][gc,start       ] GC(332) Pause Young (Allocation Failure)
[7766.420s][debug][gc,phases      ] GC(332) Scavenge 15.834ms
[7766.420s][debug][gc,ref         ] GC(332) Skipped phase1 of Reference Processing due to unavailable references
[7766.420s][debug][gc,ref         ] GC(332) Skipped phase3 of Reference Processing due to unavailable references
[7766.420s][debug][gc,phases      ] GC(332) Reference Processing 0.038ms
[7766.420s][debug][gc,phases      ] GC(332) Weak Processing 0.118ms
[7766.421s][debug][gc,phases      ] GC(332) Scrub String Table 0.453ms
[7766.421s][debug][gc,age         ] GC(332) Desired survivor size 82837504 bytes, new threshold 15 (max threshold 15)
[7766.421s][info ][gc,heap        ] GC(332) PSYoungGen: 1993664K->57936K(2015232K)
[7766.421s][info ][gc,heap        ] GC(332) ParOldGen: 532382K->532422K(599552K)
[7766.421s][info ][gc,metaspace   ] GC(332) Metaspace: 75623K->75623K(1118208K)
[7766.421s][info ][gc             ] GC(332) Pause Young (Allocation Failure) 2466M->576M(2553M) 16.597ms
[7766.421s][info ][gc,cpu         ] GC(332) User=0.07s Sys=0.00s Real=0.02s
[7766.421s][info ][safepoint      ] Leaving safepoint region
[7766.421s][info ][safepoint      ] Total time for which application threads were stopped: 0.0168546 seconds, Stopping threads took: 0.0000872 seconds
[7767.421s][info ][safepoint      ] Application time: 1.0000919 seconds
[7767.421s][info ][safepoint      ] Entering safepoint region: Cleanup
[7767.421s][info ][safepoint      ] Leaving safepoint region
[7767.421s][info ][safepoint      ] Total time for which application threads were stopped: 0.0001250 seconds, Stopping threads took: 0.0000452 seconds
[7768.421s][info ][safepoint      ] Application time: 1.0000841 seconds
[7768.421s][info ][safepoint      ] Entering safepoint region: Cleanup
[7768.422s][info ][safepoint      ] Leaving safepoint region
[7768.422s][info ][safepoint      ] Total time for which application threads were stopped: 0.0001325 seconds, Stopping threads took: 0.0000562 seconds
[7769.422s][info ][safepoint      ] Application time: 1.0001303 seconds
[7769.422s][info ][safepoint      ] Entering safepoint region: Cleanup
[7769.422s][info ][safepoint      ] Leaving safepoint region
[7769.422s][info ][safepoint      ] Total time for which application threads were stopped: 0.0001429 seconds, Stopping threads took: 0.0000644 seconds
[7770.422s][info ][safepoint      ] Application time: 1.0001020 seconds
[7770.422s][info ][safepoint      ] Entering safepoint region: Cleanup
[7770.422s][info ][safepoint      ] Leaving safepoint region
[7770.422s][info ][safepoint      ] Total time for which application threads were stopped: 0.0001335 seconds, Stopping threads took: 0.0000595 seconds
[7771.422s][info ][safepoint      ] Application time: 1.0001172 seconds
[7771.422s][info ][safepoint      ] Entering safepoint region: Cleanup
[7771.422s][info ][safepoint      ] Leaving safepoint region
[7771.422s][info ][safepoint      ] Total time for which application threads were stopped: 0.0001264 seconds, Stopping threads took: 0.0000366 seconds
[7772.423s][info ][safepoint      ] Application time: 1.0001311 seconds
[7772.423s][info ][safepoint      ] Entering safepoint region: Cleanup
[7772.423s][info ][safepoint      ] Leaving safepoint region
[7772.423s][info ][safepoint      ] Total time for which application threads were stopped: 0.0001115 seconds, Stopping threads took: 0.0000383 seconds
[7773.423s][info ][safepoint      ] Application time: 1.0000614 seconds
[7773.423s][info ][safepoint      ] Entering safepoint region: Cleanup
[7773.423s][info ][safepoint      ] Leaving safepoint region
[7773.423s][info ][safepoint      ] Total time for which application threads were stopped: 0.0001145 seconds, Stopping threads took: 0.0000423 seconds
[7774.423s][info ][safepoint      ] Application time: 1.0000521 seconds
[7774.423s][info ][safepoint      ] Entering safepoint region: Cleanup
[7774.423s][info ][safepoint      ] Leaving safepoint region
[7774.423s][info ][safepoint      ] Total time for which application threads were stopped: 0.0001212 seconds, Stopping threads took: 0.0000554 seconds
[7775.423s][info ][safepoint      ] Application time: 1.0000803 seconds
[7775.423s][info ][safepoint      ] Entering safepoint region: Cleanup
[7775.423s][info ][safepoint      ] Leaving safepoint region
[7775.423s][info ][safepoint      ] Total time for which application threads were stopped: 0.0001226 seconds, Stopping threads took: 0.0000433 seconds
[7776.424s][info ][safepoint      ] Application time: 1.0000787 seconds
[7776.424s][info ][safepoint      ] Entering safepoint region: Cleanup
[7776.424s][info ][safepoint      ] Leaving safepoint region
[7776.424s][info ][safepoint      ] Total time for which application threads were stopped: 0.0001135 seconds, Stopping threads took: 0.0000429 seconds
[7777.424s][info ][safepoint      ] Application time: 1.0000951 seconds
[7777.424s][info ][safepoint      ] Entering safepoint region: Cleanup
[7777.424s][info ][safepoint      ] Leaving safepoint region
[7777.424s][info ][safepoint      ] Total time for which application threads were stopped: 0.0001130 seconds, Stopping threads took: 0.0000399 seconds
[7778.424s][info ][safepoint      ] Application time: 1.0000955 seconds
[7778.424s][info ][safepoint      ] Entering safepoint region: Cleanup
[7778.424s][info ][safepoint      ] Leaving safepoint region
[7778.424s][info ][safepoint      ] Total time for which application threads were stopped: 0.0001874 seconds, Stopping threads took: 0.0000416 seconds
[7782.427s][info ][safepoint      ] Application time: 4.0022843 seconds
[7782.427s][info ][safepoint      ] Entering safepoint region: ParallelGCFailedAllocation
[7782.427s][info ][gc,start       ] GC(333) Pause Young (Allocation Failure)
[7782.445s][debug][gc,phases      ] GC(333) Scavenge 18.062ms
[7782.445s][debug][gc,ref         ] GC(333) Skipped phase1 of Reference Processing due to unavailable references
[7782.445s][debug][gc,ref         ] GC(333) Skipped phase3 of Reference Processing due to unavailable references
[7782.445s][debug][gc,phases      ] GC(333) Reference Processing 0.038ms
[7782.445s][debug][gc,phases      ] GC(333) Weak Processing 0.225ms
[7782.446s][debug][gc,phases      ] GC(333) Scrub String Table 0.730ms
[7782.446s][debug][gc,age         ] GC(333) Desired survivor size 82313216 bytes, new threshold 15 (max threshold 15)
[7782.446s][info ][gc,heap        ] GC(333) PSYoungGen: 1991760K->58224K(2016768K)
[7782.446s][info ][gc,heap        ] GC(333) ParOldGen: 532422K->532590K(599552K)
[7782.446s][info ][gc,metaspace   ] GC(333) Metaspace: 75637K->75637K(1118208K)
[7782.446s][info ][gc             ] GC(333) Pause Young (Allocation Failure) 2465M->576M(2555M) 19.209ms
[7782.446s][info ][gc,cpu         ] GC(333) User=0.07s Sys=0.00s Real=0.02s
[7782.446s][info ][safepoint      ] Leaving safepoint region
[7782.446s][info ][safepoint      ] Total time for which application threads were stopped: 0.0194052 seconds, Stopping threads took: 0.0000186 seconds
[7786.446s][info ][safepoint      ] Application time: 4.0003627 seconds
[7786.446s][info ][safepoint      ] Entering safepoint region: Cleanup
[7786.447s][info ][safepoint      ] Leaving safepoint region
[7786.447s][info ][safepoint      ] Total time for which application threads were stopped: 0.0000945 seconds, Stopping threads took: 0.0000187 seconds
[7787.447s][info ][safepoint      ] Application time: 1.0001242 seconds
[7787.447s][info ][safepoint      ] Entering safepoint region: Cleanup
[7787.447s][info ][safepoint      ] Leaving safepoint region
[7787.447s][info ][safepoint      ] Total time for which application threads were stopped: 0.0000894 seconds, Stopping threads took: 0.0000182 seconds
[7789.447s][info ][safepoint      ] Application time: 2.0002071 seconds
[7789.447s][info ][safepoint      ] Entering safepoint region: Cleanup
[7789.447s][info ][safepoint      ] Leaving safepoint region
[7789.447s][info ][safepoint      ] Total time for which application threads were stopped: 0.0001276 seconds, Stopping threads took: 0.0000203 seconds
[7792.448s][info ][safepoint      ] Application time: 3.0004274 seconds
[7792.448s][info ][safepoint      ] Entering safepoint region: Cleanup
[7792.448s][info ][safepoint      ] Leaving safepoint region
[7792.448s][info ][safepoint      ] Total time for which application threads were stopped: 0.0000840 seconds, Stopping threads took: 0.0000187 seconds
[7795.448s][info ][safepoint      ] Application time: 3.0002683 seconds
[7795.448s][info ][safepoint      ] Entering safepoint region: Cleanup
[7795.448s][info ][safepoint      ] Leaving safepoint region
[7795.448s][info ][safepoint      ] Total time for which application threads were stopped: 0.0000887 seconds, Stopping threads took: 0.0000194 seconds
[7797.229s][info ][safepoint      ] Application time: 1.7807898 seconds
[7797.229s][info ][safepoint      ] Entering safepoint region: ParallelGCFailedAllocation
[7797.229s][info ][gc,start       ] GC(334) Pause Young (Allocation Failure)
[7797.247s][debug][gc,phases      ] GC(334) Scavenge 17.893ms
[7797.247s][debug][gc,ref         ] GC(334) Skipped phase1 of Reference Processing due to unavailable references
[7797.247s][debug][gc,ref         ] GC(334) Skipped phase3 of Reference Processing due to unavailable references
[7797.247s][debug][gc,phases      ] GC(334) Reference Processing 0.037ms
[7797.247s][debug][gc,phases      ] GC(334) Weak Processing 0.118ms
[7797.248s][debug][gc,phases      ] GC(334) Scrub String Table 0.444ms
[7797.248s][debug][gc,age         ] GC(334) Desired survivor size 82313216 bytes, new threshold 15 (max threshold 15)
[7797.248s][info ][gc,heap        ] GC(334) PSYoungGen: 1994096K->67808K(2016256K)
[7797.248s][info ][gc,heap        ] GC(334) ParOldGen: 532590K->532926K(599552K)
[7797.248s][info ][gc,metaspace   ] GC(334) Metaspace: 75638K->75638K(1118208K)
[7797.248s][info ][gc             ] GC(334) Pause Young (Allocation Failure) 2467M->586M(2554M) 18.652ms
[7797.248s][info ][gc,cpu         ] GC(334) User=0.07s Sys=0.00s Real=0.02s
[7797.248s][info ][safepoint      ] Leaving safepoint region
[7797.248s][info ][safepoint      ] Total time for which application threads were stopped: 0.0188364 seconds, Stopping threads took: 0.0000191 seconds
[7798.248s][info ][safepoint      ] Application time: 1.0000863 seconds
[7798.248s][info ][safepoint      ] Entering safepoint region: Cleanup
[7798.248s][info ][safepoint      ] Leaving safepoint region
[7798.248s][info ][safepoint      ] Total time for which application threads were stopped: 0.0000911 seconds, Stopping threads took: 0.0000211 seconds
[7800.749s][info ][safepoint      ] Application time: 2.5012751 seconds
[7800.749s][info ][safepoint      ] Entering safepoint region: RevokeBias
[7800.749s][info ][safepoint      ] Leaving safepoint region
[7800.749s][info ][safepoint      ] Total time for which application threads were stopped: 0.0001246 seconds, Stopping threads took: 0.0000377 seconds
[7803.750s][info ][safepoint      ] Application time: 3.0002523 seconds
[7803.750s][info ][safepoint      ] Entering safepoint region: Cleanup
[7803.750s][info ][safepoint      ] Leaving safepoint region
[7803.750s][info ][safepoint      ] Total time for which application threads were stopped: 0.0000987 seconds, Stopping threads took: 0.0000347 seconds
[7804.750s][info ][safepoint      ] Application time: 1.0001408 seconds
[7804.750s][info ][safepoint      ] Entering safepoint region: Cleanup
[7804.750s][info ][safepoint      ] Leaving safepoint region
[7804.750s][info ][safepoint      ] Total time for which application threads were stopped: 0.0001377 seconds, Stopping threads took: 0.0000687 seconds
[7805.750s][info ][safepoint      ] Application time: 1.0001272 seconds
[7805.750s][info ][safepoint      ] Entering safepoint region: Cleanup
[7805.750s][info ][safepoint      ] Leaving safepoint region
[7805.750s][info ][safepoint      ] Total time for which application threads were stopped: 0.0000800 seconds, Stopping threads took: 0.0000192 seconds
[7806.751s][info ][safepoint      ] Application time: 1.0001125 seconds
[7806.751s][info ][safepoint      ] Entering safepoint region: Cleanup
[7806.751s][info ][safepoint      ] Leaving safepoint region
[7806.751s][info ][safepoint      ] Total time for which application threads were stopped: 0.0000927 seconds, Stopping threads took: 0.0000180 seconds
[7807.751s][info ][safepoint      ] Application time: 1.0000913 seconds
[7807.751s][info ][safepoint      ] Entering safepoint region: Cleanup
[7807.751s][info ][safepoint      ] Leaving safepoint region
[7807.751s][info ][safepoint      ] Total time for which application threads were stopped: 0.0000825 seconds, Stopping threads took: 0.0000191 seconds
[7808.751s][info ][safepoint      ] Application time: 1.0000945 seconds
[7808.751s][info ][safepoint      ] Entering safepoint region: Cleanup
[7808.751s][info ][safepoint      ] Leaving safepoint region
[7808.751s][info ][safepoint      ] Total time for which application threads were stopped: 0.0001182 seconds, Stopping threads took: 0.0000350 seconds
[7809.751s][info ][safepoint      ] Application time: 1.0001086 seconds
[7809.751s][info ][safepoint      ] Entering safepoint region: Cleanup
[7809.751s][info ][safepoint      ] Leaving safepoint region
[7809.751s][info ][safepoint      ] Total time for which application threads were stopped: 0.0000840 seconds, Stopping threads took: 0.0000186 seconds
[7810.751s][info ][safepoint      ] Application time: 1.0000705 seconds
[7810.752s][info ][safepoint      ] Entering safepoint region: Cleanup
[7810.752s][info ][safepoint      ] Leaving safepoint region
[7810.752s][info ][safepoint      ] Total time for which application threads were stopped: 0.0001125 seconds, Stopping threads took: 0.0000344 seconds
[7811.204s][info ][safepoint      ] Application time: 0.4519550 seconds
[7811.204s][info ][safepoint      ] Entering safepoint region: ParallelGCFailedAllocation
[7811.204s][info ][gc,start       ] GC(335) Pause Young (Allocation Failure)
[7811.230s][debug][gc,phases      ] GC(335) Scavenge 26.185ms
[7811.230s][debug][gc,ref         ] GC(335) Skipped phase1 of Reference Processing due to unavailable references
[7811.230s][debug][gc,ref         ] GC(335) Skipped phase2 of Reference Processing due to unavailable references
[7811.230s][debug][gc,ref         ] GC(335) Skipped phase3 of Reference Processing due to unavailable references
[7811.230s][debug][gc,ref         ] GC(335) Skipped phase4 of Reference Processing due to unavailable references
[7811.230s][debug][gc,phases      ] GC(335) Reference Processing 0.040ms
[7811.230s][debug][gc,phases      ] GC(335) Weak Processing 0.118ms
[7811.231s][debug][gc,phases      ] GC(335) Scrub String Table 0.412ms
[7811.231s][debug][gc,age         ] GC(335) Desired survivor size 82313216 bytes, new threshold 15 (max threshold 15)
[7811.231s][info ][gc,heap        ] GC(335) PSYoungGen: 2003680K->68576K(2016768K)
[7811.231s][info ][gc,heap        ] GC(335) ParOldGen: 532926K->533190K(599552K)
[7811.231s][info ][gc,metaspace   ] GC(335) Metaspace: 75640K->75640K(1118208K)
[7811.231s][info ][gc             ] GC(335) Pause Young (Allocation Failure) 2477M->587M(2555M) 26.932ms
[7811.231s][info ][gc,cpu         ] GC(335) User=0.08s Sys=0.01s Real=0.02s
[7811.231s][info ][safepoint      ] Leaving safepoint region
[7811.231s][info ][safepoint      ] Total time for which application threads were stopped: 0.0271730 seconds, Stopping threads took: 0.0000740 seconds
[7812.231s][info ][safepoint      ] Application time: 1.0001601 seconds
[7812.231s][info ][safepoint      ] Entering safepoint region: Cleanup
[7812.231s][info ][safepoint      ] Leaving safepoint region
[7812.231s][info ][safepoint      ] Total time for which application threads were stopped: 0.0001194 seconds, Stopping threads took: 0.0000418 seconds
[7813.231s][info ][safepoint      ] Application time: 1.0001434 seconds
[7813.231s][info ][safepoint      ] Entering safepoint region: Cleanup
[7813.231s][info ][safepoint      ] Leaving safepoint region
[7813.231s][info ][safepoint      ] Total time for which application threads were stopped: 0.0001091 seconds, Stopping threads took: 0.0000402 seconds
[7814.232s][info ][safepoint      ] Application time: 1.0001369 seconds
[7814.232s][info ][safepoint      ] Entering safepoint region: Cleanup
[7814.232s][info ][safepoint      ] Leaving safepoint region
[7814.232s][info ][safepoint      ] Total time for which application threads were stopped: 0.0001126 seconds, Stopping threads took: 0.0000445 seconds
[7815.232s][info ][safepoint      ] Application time: 1.0001410 seconds
[7815.232s][info ][safepoint      ] Entering safepoint region: Cleanup
[7815.232s][info ][safepoint      ] Leaving safepoint region
[7815.232s][info ][safepoint      ] Total time for which application threads were stopped: 0.0001513 seconds, Stopping threads took: 0.0000664 seconds
[7816.232s][info ][safepoint      ] Application time: 1.0001271 seconds
[7816.232s][info ][safepoint      ] Entering safepoint region: Cleanup
[7816.232s][info ][safepoint      ] Leaving safepoint region
[7816.232s][info ][safepoint      ] Total time for which application threads were stopped: 0.0001898 seconds, Stopping threads took: 0.0000967 seconds
[7817.233s][info ][safepoint      ] Application time: 1.0001330 seconds
[7817.233s][info ][safepoint      ] Entering safepoint region: Cleanup
[7817.233s][info ][safepoint      ] Leaving safepoint region
[7817.233s][info ][safepoint      ] Total time for which application threads were stopped: 0.0001310 seconds, Stopping threads took: 0.0000575 seconds
[7818.233s][info ][safepoint      ] Application time: 1.0001482 seconds
[7818.233s][info ][safepoint      ] Entering safepoint region: Cleanup
[7818.233s][info ][safepoint      ] Leaving safepoint region
[7818.233s][info ][safepoint      ] Total time for which application threads were stopped: 0.0001165 seconds, Stopping threads took: 0.0000468 seconds
[7819.233s][info ][safepoint      ] Application time: 1.0000850 seconds
[7819.233s][info ][safepoint      ] Entering safepoint region: Cleanup
[7819.233s][info ][safepoint      ] Leaving safepoint region
[7819.233s][info ][safepoint      ] Total time for which application threads were stopped: 0.0001447 seconds, Stopping threads took: 0.0000741 seconds
[7820.233s][info ][safepoint      ] Application time: 1.0000920 seconds
[7820.233s][info ][safepoint      ] Entering safepoint region: Cleanup
[7820.234s][info ][safepoint      ] Leaving safepoint region
[7820.234s][info ][safepoint      ] Total time for which application threads were stopped: 0.0001463 seconds, Stopping threads took: 0.0000734 seconds
[7821.234s][info ][safepoint      ] Application time: 1.0000911 seconds
[7821.234s][info ][safepoint      ] Entering safepoint region: Cleanup
[7821.234s][info ][safepoint      ] Leaving safepoint region
[7821.234s][info ][safepoint      ] Total time for which application threads were stopped: 0.0001303 seconds, Stopping threads took: 0.0000594 seconds
[7822.234s][info ][safepoint      ] Application time: 1.0000912 seconds
[7822.234s][info ][safepoint      ] Entering safepoint region: Cleanup
[7822.234s][info ][safepoint      ] Leaving safepoint region
[7822.234s][info ][safepoint      ] Total time for which application threads were stopped: 0.0001212 seconds, Stopping threads took: 0.0000460 seconds
[7823.029s][info ][safepoint      ] Application time: 0.7947388 seconds
[7823.029s][info ][safepoint      ] Entering safepoint region: ParallelGCFailedAllocation
[7823.029s][info ][gc,start       ] GC(336) Pause Young (Allocation Failure)
[7823.048s][debug][gc,phases      ] GC(336) Scavenge 19.301ms
[7823.048s][debug][gc,ref         ] GC(336) Skipped phase1 of Reference Processing due to unavailable references
[7823.048s][debug][gc,ref         ] GC(336) Skipped phase2 of Reference Processing due to unavailable references
[7823.048s][debug][gc,ref         ] GC(336) Skipped phase3 of Reference Processing due to unavailable references
[7823.048s][debug][gc,phases      ] GC(336) Reference Processing 0.041ms
[7823.049s][debug][gc,phases      ] GC(336) Weak Processing 0.250ms
[7823.049s][debug][gc,phases      ] GC(336) Scrub String Table 0.751ms
[7823.049s][debug][gc,age         ] GC(336) Desired survivor size 80740352 bytes, new threshold 15 (max threshold 15)
[7823.049s][info ][gc,heap        ] GC(336) PSYoungGen: 2004960K->64560K(2016768K)
[7823.049s][info ][gc,heap        ] GC(336) ParOldGen: 533190K->536375K(599552K)
[7823.049s][info ][gc,metaspace   ] GC(336) Metaspace: 75648K->75648K(1118208K)
[7823.049s][info ][gc             ] GC(336) Pause Young (Allocation Failure) 2478M->586M(2555M) 20.509ms
[7823.050s][info ][gc,cpu         ] GC(336) User=0.07s Sys=0.00s Real=0.02s
[7823.050s][info ][safepoint      ] Leaving safepoint region
[7823.050s][info ][safepoint      ] Total time for which application threads were stopped: 0.0206982 seconds, Stopping threads took: 0.0000190 seconds
[7824.050s][info ][safepoint      ] Application time: 1.0000961 seconds
[7824.050s][info ][safepoint      ] Entering safepoint region: Cleanup
[7824.050s][info ][safepoint      ] Leaving safepoint region
[7824.050s][info ][safepoint      ] Total time for which application threads were stopped: 0.0000832 seconds, Stopping threads took: 0.0000191 seconds
[7825.050s][info ][safepoint      ] Application time: 1.0000847 seconds
[7825.050s][info ][safepoint      ] Entering safepoint region: Cleanup
[7825.050s][info ][safepoint      ] Leaving safepoint region
[7825.050s][info ][safepoint      ] Total time for which application threads were stopped: 0.0000885 seconds, Stopping threads took: 0.0000217 seconds
[7826.050s][info ][safepoint      ] Application time: 1.0001305 seconds
[7826.050s][info ][safepoint      ] Entering safepoint region: Cleanup
[7826.050s][info ][safepoint      ] Leaving safepoint region
[7826.050s][info ][safepoint      ] Total time for which application threads were stopped: 0.0000914 seconds, Stopping threads took: 0.0000185 seconds
[7827.050s][info ][safepoint      ] Application time: 1.0000709 seconds
[7827.050s][info ][safepoint      ] Entering safepoint region: Cleanup
[7827.050s][info ][safepoint      ] Leaving safepoint region
[7827.050s][info ][safepoint      ] Total time for which application threads were stopped: 0.0001002 seconds, Stopping threads took: 0.0000169 seconds
[7828.051s][info ][safepoint      ] Application time: 1.0000739 seconds
[7828.051s][info ][safepoint      ] Entering safepoint region: Cleanup
[7828.051s][info ][safepoint      ] Leaving safepoint region
[7828.051s][info ][safepoint      ] Total time for which application threads were stopped: 0.0001279 seconds, Stopping threads took: 0.0000360 seconds
[7829.051s][info ][safepoint      ] Application time: 1.0000941 seconds
[7829.051s][info ][safepoint      ] Entering safepoint region: Cleanup
[7829.051s][info ][safepoint      ] Leaving safepoint region
[7829.051s][info ][safepoint      ] Total time for which application threads were stopped: 0.0000859 seconds, Stopping threads took: 0.0000198 seconds
[7830.051s][info ][safepoint      ] Application time: 1.0001201 seconds
[7830.051s][info ][safepoint      ] Entering safepoint region: Cleanup
[7830.051s][info ][safepoint      ] Leaving safepoint region
[7830.051s][info ][safepoint      ] Total time for which application threads were stopped: 0.0000983 seconds, Stopping threads took: 0.0000182 seconds
[7831.051s][info ][safepoint      ] Application time: 1.0001179 seconds
[7831.051s][info ][safepoint      ] Entering safepoint region: Cleanup
[7831.051s][info ][safepoint      ] Leaving safepoint region
[7831.051s][info ][safepoint      ] Total time for which application threads were stopped: 0.0000818 seconds, Stopping threads took: 0.0000173 seconds
[7832.052s][info ][safepoint      ] Application time: 1.0000730 seconds
[7832.052s][info ][safepoint      ] Entering safepoint region: Cleanup
[7832.052s][info ][safepoint      ] Leaving safepoint region
[7832.052s][info ][safepoint      ] Total time for which application threads were stopped: 0.0001050 seconds, Stopping threads took: 0.0000403 seconds
[7833.052s][info ][safepoint      ] Application time: 1.0000777 seconds
[7833.052s][info ][safepoint      ] Entering safepoint region: Cleanup
[7833.052s][info ][safepoint      ] Leaving safepoint region
[7833.052s][info ][safepoint      ] Total time for which application threads were stopped: 0.0001579 seconds, Stopping threads took: 0.0000337 seconds
[7837.725s][info ][safepoint      ] Application time: 4.6730415 seconds
[7837.725s][info ][safepoint      ] Entering safepoint region: ParallelGCFailedAllocation
[7837.725s][info ][gc,start       ] GC(337) Pause Young (Allocation Failure)
[7837.745s][debug][gc,phases      ] GC(337) Scavenge 19.355ms
[7837.745s][debug][gc,ref         ] GC(337) Skipped phase1 of Reference Processing due to unavailable references
[7837.745s][debug][gc,ref         ] GC(337) Skipped phase2 of Reference Processing due to unavailable references
[7837.745s][debug][gc,ref         ] GC(337) Skipped phase3 of Reference Processing due to unavailable references
[7837.745s][debug][gc,phases      ] GC(337) Reference Processing 0.040ms
[7837.745s][debug][gc,phases      ] GC(337) Weak Processing 0.115ms
[7837.745s][debug][gc,phases      ] GC(337) Scrub String Table 0.419ms
[7837.745s][debug][gc,age         ] GC(337) Desired survivor size 79167488 bytes, new threshold 15 (max threshold 15)
[7837.745s][info ][gc,heap        ] GC(337) PSYoungGen: 2000944K->64768K(2019840K)
[7837.745s][info ][gc,heap        ] GC(337) ParOldGen: 536375K->536447K(599552K)
[7837.745s][info ][gc,metaspace   ] GC(337) Metaspace: 75649K->75649K(1118208K)
[7837.745s][info ][gc             ] GC(337) Pause Young (Allocation Failure) 2477M->587M(2558M) 20.085ms
[7837.745s][info ][gc,cpu         ] GC(337) User=0.07s Sys=0.00s Real=0.02s
[7837.745s][info ][safepoint      ] Leaving safepoint region
[7837.745s][info ][safepoint      ] Total time for which application threads were stopped: 0.0202707 seconds, Stopping threads took: 0.0000171 seconds
[7838.745s][info ][safepoint      ] Application time: 1.0001286 seconds
[7838.746s][info ][safepoint      ] Entering safepoint region: Cleanup
[7838.746s][info ][safepoint      ] Leaving safepoint region
[7838.746s][info ][safepoint      ] Total time for which application threads were stopped: 0.0000948 seconds, Stopping threads took: 0.0000189 seconds
[7841.746s][info ][safepoint      ] Application time: 3.0003478 seconds
[7841.746s][info ][safepoint      ] Entering safepoint region: Cleanup
[7841.746s][info ][safepoint      ] Leaving safepoint region
[7841.746s][info ][safepoint      ] Total time for which application threads were stopped: 0.0001047 seconds, Stopping threads took: 0.0000337 seconds
[7851.725s][info ][safepoint      ] Application time: 9.9789980 seconds
[7851.725s][info ][safepoint      ] Entering safepoint region: ParallelGCFailedAllocation
[7851.725s][info ][gc,start       ] GC(338) Pause Young (Allocation Failure)
[7851.743s][debug][gc,phases      ] GC(338) Scavenge 17.240ms
[7851.743s][debug][gc,ref         ] GC(338) Skipped phase1 of Reference Processing due to unavailable references
[7851.743s][debug][gc,ref         ] GC(338) Skipped phase2 of Reference Processing due to unavailable references
[7851.743s][debug][gc,ref         ] GC(338) Skipped phase3 of Reference Processing due to unavailable references
[7851.743s][debug][gc,phases      ] GC(338) Reference Processing 0.041ms
[7851.743s][debug][gc,phases      ] GC(338) Weak Processing 0.222ms
[7851.744s][debug][gc,phases      ] GC(338) Scrub String Table 0.631ms
[7851.744s][debug][gc,age         ] GC(338) Desired survivor size 78118912 bytes, new threshold 15 (max threshold 15)
[7851.744s][info ][gc,heap        ] GC(338) PSYoungGen: 2005760K->63920K(2018304K)
[7851.744s][info ][gc,heap        ] GC(338) ParOldGen: 536447K->536487K(599552K)
[7851.744s][info ][gc,metaspace   ] GC(338) Metaspace: 75651K->75651K(1118208K)
[7851.744s][info ][gc             ] GC(338) Pause Young (Allocation Failure) 2482M->586M(2556M) 18.331ms
[7851.744s][info ][gc,cpu         ] GC(338) User=0.07s Sys=0.00s Real=0.02s
[7851.744s][info ][safepoint      ] Leaving safepoint region
[7851.744s][info ][safepoint      ] Total time for which application threads were stopped: 0.0185247 seconds, Stopping threads took: 0.0000176 seconds
[7852.744s][info ][safepoint      ] Application time: 1.0000852 seconds
[7852.744s][info ][safepoint      ] Entering safepoint region: Cleanup
[7852.744s][info ][safepoint      ] Leaving safepoint region
[7852.744s][info ][safepoint      ] Total time for which application threads were stopped: 0.0001443 seconds, Stopping threads took: 0.0000454 seconds
[7856.744s][info ][safepoint      ] Application time: 4.0003887 seconds
[7856.744s][info ][safepoint      ] Entering safepoint region: Cleanup
[7856.744s][info ][safepoint      ] Leaving safepoint region
[7856.744s][info ][safepoint      ] Total time for which application threads were stopped: 0.0000886 seconds, Stopping threads took: 0.0000169 seconds
[7865.541s][info ][safepoint      ] Application time: 8.7962969 seconds
[7865.541s][info ][safepoint      ] Entering safepoint region: ParallelGCFailedAllocation
[7865.541s][info ][gc,start       ] GC(339) Pause Young (Allocation Failure)
[7865.560s][debug][gc,phases      ] GC(339) Scavenge 18.858ms
[7865.560s][debug][gc,ref         ] GC(339) Skipped phase1 of Reference Processing due to unavailable references
[7865.560s][debug][gc,ref         ] GC(339) Skipped phase2 of Reference Processing due to unavailable references
[7865.560s][debug][gc,ref         ] GC(339) Skipped phase3 of Reference Processing due to unavailable references
[7865.560s][debug][gc,phases      ] GC(339) Reference Processing 0.040ms
[7865.560s][debug][gc,phases      ] GC(339) Weak Processing 0.224ms
[7865.561s][debug][gc,phases      ] GC(339) Scrub String Table 0.802ms
[7865.561s][debug][gc,age         ] GC(339) Desired survivor size 77594624 bytes, new threshold 15 (max threshold 15)
[7865.561s][info ][gc,heap        ] GC(339) PSYoungGen: 2004912K->61152K(2021376K)
[7865.561s][info ][gc,heap        ] GC(339) ParOldGen: 536487K->538595K(599552K)
[7865.561s][info ][gc,metaspace   ] GC(339) Metaspace: 75653K->75653K(1118208K)
[7865.561s][info ][gc             ] GC(339) Pause Young (Allocation Failure) 2481M->585M(2559M) 20.120ms
[7865.561s][info ][gc,cpu         ] GC(339) User=0.08s Sys=0.00s Real=0.02s
[7865.561s][info ][safepoint      ] Leaving safepoint region
[7865.561s][info ][safepoint      ] Total time for which application threads were stopped: 0.0203172 seconds, Stopping threads took: 0.0000192 seconds
[7872.562s][info ][safepoint      ] Application time: 7.0008010 seconds
[7872.562s][info ][safepoint      ] Entering safepoint region: Cleanup
[7872.562s][info ][safepoint      ] Leaving safepoint region
[7872.562s][info ][safepoint      ] Total time for which application threads were stopped: 0.0001391 seconds, Stopping threads took: 0.0000602 seconds
[7875.925s][info ][safepoint      ] Application time: 3.3632611 seconds
[7875.925s][info ][safepoint      ] Entering safepoint region: RevokeBias
[7875.926s][info ][safepoint      ] Leaving safepoint region
[7875.926s][info ][safepoint      ] Total time for which application threads were stopped: 0.0001558 seconds, Stopping threads took: 0.0000641 seconds
[7878.926s][info ][safepoint      ] Application time: 3.0002561 seconds
[7878.926s][info ][safepoint      ] Entering safepoint region: Cleanup
[7878.926s][info ][safepoint      ] Leaving safepoint region
[7878.926s][info ][safepoint      ] Total time for which application threads were stopped: 0.0001907 seconds, Stopping threads took: 0.0001067 seconds
[7879.926s][info ][safepoint      ] Application time: 1.0000800 seconds
[7879.926s][info ][safepoint      ] Entering safepoint region: Cleanup
[7879.926s][info ][safepoint      ] Leaving safepoint region
[7879.926s][info ][safepoint      ] Total time for which application threads were stopped: 0.0001140 seconds, Stopping threads took: 0.0000419 seconds
[7880.804s][info ][safepoint      ] Application time: 0.8781672 seconds
[7880.805s][info ][safepoint      ] Entering safepoint region: ParallelGCFailedAllocation
[7880.805s][info ][gc,start       ] GC(340) Pause Young (Allocation Failure)
[7880.821s][debug][gc,phases      ] GC(340) Scavenge 16.525ms
[7880.821s][debug][gc,ref         ] GC(340) Skipped phase1 of Reference Processing due to unavailable references
[7880.821s][debug][gc,ref         ] GC(340) Skipped phase2 of Reference Processing due to unavailable references
[7880.821s][debug][gc,ref         ] GC(340) Skipped phase3 of Reference Processing due to unavailable references
[7880.821s][debug][gc,phases      ] GC(340) Reference Processing 0.038ms
[7880.822s][debug][gc,phases      ] GC(340) Weak Processing 0.281ms
[7880.823s][debug][gc,phases      ] GC(340) Scrub String Table 0.863ms
[7880.823s][debug][gc,age         ] GC(340) Desired survivor size 77070336 bytes, new threshold 15 (max threshold 15)
[7880.823s][info ][gc,heap        ] GC(340) PSYoungGen: 2006240K->59872K(2020864K)
[7880.823s][info ][gc,heap        ] GC(340) ParOldGen: 538595K->539023K(599552K)
[7880.823s][info ][gc,metaspace   ] GC(340) Metaspace: 75653K->75653K(1118208K)
[7880.823s][info ][gc             ] GC(340) Pause Young (Allocation Failure) 2485M->584M(2559M) 17.886ms
[7880.823s][info ][gc,cpu         ] GC(340) User=0.07s Sys=0.00s Real=0.02s
[7880.823s][info ][safepoint      ] Leaving safepoint region
[7880.823s][info ][safepoint      ] Total time for which application threads were stopped: 0.0182209 seconds, Stopping threads took: 0.0001322 seconds
[7881.823s][info ][safepoint      ] Application time: 1.0001503 seconds
[7881.823s][info ][safepoint      ] Entering safepoint region: Cleanup
[7881.823s][info ][safepoint      ] Leaving safepoint region
[7881.823s][info ][safepoint      ] Total time for which application threads were stopped: 0.0001477 seconds, Stopping threads took: 0.0000805 seconds
[7882.823s][info ][safepoint      ] Application time: 1.0001313 seconds
[7882.823s][info ][safepoint      ] Entering safepoint region: Cleanup
[7882.823s][info ][safepoint      ] Leaving safepoint region
[7882.823s][info ][safepoint      ] Total time for which application threads were stopped: 0.0001511 seconds, Stopping threads took: 0.0000436 seconds
[7883.823s][info ][safepoint      ] Application time: 1.0000805 seconds
[7883.824s][info ][safepoint      ] Entering safepoint region: Cleanup
[7883.824s][info ][safepoint      ] Leaving safepoint region
[7883.824s][info ][safepoint      ] Total time for which application threads were stopped: 0.0002659 seconds, Stopping threads took: 0.0001734 seconds
[7884.824s][info ][safepoint      ] Application time: 1.0000336 seconds
[7884.824s][info ][safepoint      ] Entering safepoint region: Cleanup
[7884.824s][info ][safepoint      ] Leaving safepoint region
[7884.824s][info ][safepoint      ] Total time for which application threads were stopped: 0.0001142 seconds, Stopping threads took: 0.0000438 seconds
[7885.824s][info ][safepoint      ] Application time: 1.0001357 seconds
[7885.824s][info ][safepoint      ] Entering safepoint region: Cleanup
[7885.824s][info ][safepoint      ] Leaving safepoint region
[7885.824s][info ][safepoint      ] Total time for which application threads were stopped: 0.0001305 seconds, Stopping threads took: 0.0000430 seconds
[7886.824s][info ][safepoint      ] Application time: 1.0001448 seconds
[7886.825s][info ][safepoint      ] Entering safepoint region: Cleanup
[7886.825s][info ][safepoint      ] Leaving safepoint region
[7886.825s][info ][safepoint      ] Total time for which application threads were stopped: 0.0001608 seconds, Stopping threads took: 0.0000852 seconds
[7887.825s][info ][safepoint      ] Application time: 1.0000845 seconds
[7887.825s][info ][safepoint      ] Entering safepoint region: Cleanup
[7887.825s][info ][safepoint      ] Leaving safepoint region
[7887.825s][info ][safepoint      ] Total time for which application threads were stopped: 0.0001182 seconds, Stopping threads took: 0.0000434 seconds
[7888.825s][info ][safepoint      ] Application time: 1.0000861 seconds
[7888.825s][info ][safepoint      ] Entering safepoint region: Cleanup
[7888.825s][info ][safepoint      ] Leaving safepoint region
[7888.825s][info ][safepoint      ] Total time for which application threads were stopped: 0.0001796 seconds, Stopping threads took: 0.0000816 seconds
[7889.825s][info ][safepoint      ] Application time: 1.0001242 seconds
[7889.825s][info ][safepoint      ] Entering safepoint region: Cleanup
[7889.826s][info ][safepoint      ] Leaving safepoint region
[7889.826s][info ][safepoint      ] Total time for which application threads were stopped: 0.0001976 seconds, Stopping threads took: 0.0000431 seconds
[7890.826s][info ][safepoint      ] Application time: 1.0000916 seconds
[7890.826s][info ][safepoint      ] Entering safepoint region: Cleanup
[7890.826s][info ][safepoint      ] Leaving safepoint region
[7890.826s][info ][safepoint      ] Total time for which application threads were stopped: 0.0001301 seconds, Stopping threads took: 0.0000594 seconds
[7891.826s][info ][safepoint      ] Application time: 1.0000580 seconds
[7891.826s][info ][safepoint      ] Entering safepoint region: Cleanup
[7891.826s][info ][safepoint      ] Leaving safepoint region
[7891.826s][info ][safepoint      ] Total time for which application threads were stopped: 0.0001389 seconds, Stopping threads took: 0.0000635 seconds
[7892.826s][info ][safepoint      ] Application time: 1.0001495 seconds
[7892.826s][info ][safepoint      ] Entering safepoint region: Cleanup
[7892.826s][info ][safepoint      ] Leaving safepoint region
[7892.826s][info ][safepoint      ] Total time for which application threads were stopped: 0.0001693 seconds, Stopping threads took: 0.0000936 seconds
[7893.224s][info ][safepoint      ] Application time: 0.3978437 seconds
[7893.224s][info ][safepoint      ] Entering safepoint region: ParallelGCFailedAllocation
[7893.225s][info ][gc,start       ] GC(341) Pause Young (Allocation Failure)
[7893.243s][debug][gc,phases      ] GC(341) Scavenge 18.769ms
[7893.243s][debug][gc,ref         ] GC(341) Skipped phase1 of Reference Processing due to unavailable references
[7893.243s][debug][gc,ref         ] GC(341) Skipped phase2 of Reference Processing due to unavailable references
[7893.243s][debug][gc,ref         ] GC(341) Skipped phase3 of Reference Processing due to unavailable references
[7893.243s][debug][gc,phases      ] GC(341) Reference Processing 0.038ms
[7893.244s][debug][gc,phases      ] GC(341) Weak Processing 0.122ms
[7893.244s][debug][gc,phases      ] GC(341) Scrub String Table 0.479ms
[7893.244s][debug][gc,age         ] GC(341) Desired survivor size 76021760 bytes, new threshold 15 (max threshold 15)
[7893.244s][info ][gc,heap        ] GC(341) PSYoungGen: 2004960K->61696K(2022912K)
[7893.244s][info ][gc,heap        ] GC(341) ParOldGen: 539023K->541207K(599552K)
[7893.244s][info ][gc,metaspace   ] GC(341) Metaspace: 75666K->75666K(1118208K)
[7893.244s][info ][gc             ] GC(341) Pause Young (Allocation Failure) 2484M->588M(2561M) 19.598ms
[7893.244s][info ][gc,cpu         ] GC(341) User=0.08s Sys=0.00s Real=0.02s
[7893.244s][info ][safepoint      ] Leaving safepoint region
[7893.244s][info ][safepoint      ] Total time for which application threads were stopped: 0.0198369 seconds, Stopping threads took: 0.0000444 seconds
[7894.244s][info ][safepoint      ] Application time: 1.0001153 seconds
[7894.244s][info ][safepoint      ] Entering safepoint region: Cleanup
[7894.244s][info ][safepoint      ] Leaving safepoint region
[7894.244s][info ][safepoint      ] Total time for which application threads were stopped: 0.0000970 seconds, Stopping threads took: 0.0000180 seconds
[7895.245s][info ][safepoint      ] Application time: 1.0001701 seconds
[7895.245s][info ][safepoint      ] Entering safepoint region: Cleanup
[7895.245s][info ][safepoint      ] Leaving safepoint region
[7895.245s][info ][safepoint      ] Total time for which application threads were stopped: 0.0000873 seconds, Stopping threads took: 0.0000185 seconds
[7896.245s][info ][safepoint      ] Application time: 1.0001666 seconds
[7896.245s][info ][safepoint      ] Entering safepoint region: Cleanup
[7896.245s][info ][safepoint      ] Leaving safepoint region
[7896.245s][info ][safepoint      ] Total time for which application threads were stopped: 0.0000787 seconds, Stopping threads took: 0.0000173 seconds
[7897.245s][info ][safepoint      ] Application time: 1.0000704 seconds
[7897.245s][info ][safepoint      ] Entering safepoint region: Cleanup
[7897.245s][info ][safepoint      ] Leaving safepoint region
[7897.245s][info ][safepoint      ] Total time for which application threads were stopped: 0.0001738 seconds, Stopping threads took: 0.0000198 seconds
[7898.245s][info ][safepoint      ] Application time: 1.0000874 seconds
[7898.246s][info ][safepoint      ] Entering safepoint region: Cleanup
[7898.246s][info ][safepoint      ] Leaving safepoint region
[7898.246s][info ][safepoint      ] Total time for which application threads were stopped: 0.0000953 seconds, Stopping threads took: 0.0000180 seconds
[7899.246s][info ][safepoint      ] Application time: 1.0000862 seconds
[7899.246s][info ][safepoint      ] Entering safepoint region: Cleanup
[7899.246s][info ][safepoint      ] Leaving safepoint region
[7899.246s][info ][safepoint      ] Total time for which application threads were stopped: 0.0001413 seconds, Stopping threads took: 0.0000737 seconds
[7900.246s][info ][safepoint      ] Application time: 1.0001309 seconds
[7900.246s][info ][safepoint      ] Entering safepoint region: Cleanup
[7900.246s][info ][safepoint      ] Leaving safepoint region
[7900.246s][info ][safepoint      ] Total time for which application threads were stopped: 0.0000936 seconds, Stopping threads took: 0.0000188 seconds
[7901.246s][info ][safepoint      ] Application time: 1.0000739 seconds
[7901.246s][info ][safepoint      ] Entering safepoint region: Cleanup
[7901.246s][info ][safepoint      ] Leaving safepoint region
[7901.246s][info ][safepoint      ] Total time for which application threads were stopped: 0.0000992 seconds, Stopping threads took: 0.0000340 seconds
[7902.246s][info ][safepoint      ] Application time: 1.0001129 seconds
[7902.247s][info ][safepoint      ] Entering safepoint region: Cleanup
[7902.247s][info ][safepoint      ] Leaving safepoint region
[7902.247s][info ][safepoint      ] Total time for which application threads were stopped: 0.0000803 seconds, Stopping threads took: 0.0000170 seconds
[7903.247s][info ][safepoint      ] Application time: 1.0001150 seconds
[7903.247s][info ][safepoint      ] Entering safepoint region: Cleanup
[7903.247s][info ][safepoint      ] Leaving safepoint region
[7903.247s][info ][safepoint      ] Total time for which application threads were stopped: 0.0000853 seconds, Stopping threads took: 0.0000190 seconds
[7904.247s][info ][safepoint      ] Application time: 1.0001196 seconds
[7904.247s][info ][safepoint      ] Entering safepoint region: Cleanup
[7904.247s][info ][safepoint      ] Leaving safepoint region
[7904.247s][info ][safepoint      ] Total time for which application threads were stopped: 0.0000826 seconds, Stopping threads took: 0.0000189 seconds
[7904.604s][info ][safepoint      ] Application time: 0.3571940 seconds
[7904.604s][info ][safepoint      ] Entering safepoint region: ParallelGCFailedAllocation
[7904.605s][info ][gc,start       ] GC(342) Pause Young (Allocation Failure)
[7904.625s][debug][gc,phases      ] GC(342) Scavenge 20.622ms
[7904.625s][debug][gc,ref         ] GC(342) Skipped phase1 of Reference Processing due to unavailable references
[7904.625s][debug][gc,ref         ] GC(342) Skipped phase2 of Reference Processing due to unavailable references
[7904.625s][debug][gc,ref         ] GC(342) Skipped phase3 of Reference Processing due to unavailable references
[7904.625s][debug][gc,phases      ] GC(342) Reference Processing 0.040ms
[7904.625s][debug][gc,phases      ] GC(342) Weak Processing 0.225ms
[7904.626s][debug][gc,phases      ] GC(342) Scrub String Table 0.748ms
[7904.626s][debug][gc,age         ] GC(342) Desired survivor size 75497472 bytes, new threshold 15 (max threshold 15)
[7904.626s][info ][gc,heap        ] GC(342) PSYoungGen: 2009344K->60832K(2021888K)
[7904.626s][info ][gc,heap        ] GC(342) ParOldGen: 541207K->546860K(599552K)
[7904.626s][info ][gc,metaspace   ] GC(342) Metaspace: 75668K->75668K(1118208K)
[7904.626s][info ][gc             ] GC(342) Pause Young (Allocation Failure) 2490M->593M(2560M) 21.795ms
[7904.626s][info ][gc,cpu         ] GC(342) User=0.07s Sys=0.01s Real=0.02s
[7904.626s][info ][safepoint      ] Leaving safepoint region
[7904.626s][info ][safepoint      ] Total time for which application threads were stopped: 0.0220611 seconds, Stopping threads took: 0.0000768 seconds
[7905.626s][info ][safepoint      ] Application time: 1.0000949 seconds
[7905.627s][info ][safepoint      ] Entering safepoint region: Cleanup
[7905.627s][info ][safepoint      ] Leaving safepoint region
[7905.627s][info ][safepoint      ] Total time for which application threads were stopped: 0.0001483 seconds, Stopping threads took: 0.0000709 seconds
[7906.627s][info ][safepoint      ] Application time: 1.0001353 seconds
[7906.627s][info ][safepoint      ] Entering safepoint region: Cleanup
[7906.627s][info ][safepoint      ] Leaving safepoint region
[7906.627s][info ][safepoint      ] Total time for which application threads were stopped: 0.0001514 seconds, Stopping threads took: 0.0000407 seconds
[7907.627s][info ][safepoint      ] Application time: 1.0003900 seconds
[7907.627s][info ][safepoint      ] Entering safepoint region: Cleanup
[7907.628s][info ][safepoint      ] Leaving safepoint region
[7907.628s][info ][safepoint      ] Total time for which application threads were stopped: 0.0001150 seconds, Stopping threads took: 0.0000427 seconds
[7908.628s][info ][safepoint      ] Application time: 1.0000797 seconds
[7908.628s][info ][safepoint      ] Entering safepoint region: Cleanup
[7908.628s][info ][safepoint      ] Leaving safepoint region
[7908.628s][info ][safepoint      ] Total time for which application threads were stopped: 0.0001863 seconds, Stopping threads took: 0.0001151 seconds
[7909.628s][info ][safepoint      ] Application time: 1.0001182 seconds
[7909.628s][info ][safepoint      ] Entering safepoint region: Cleanup
[7909.628s][info ][safepoint      ] Leaving safepoint region
[7909.628s][info ][safepoint      ] Total time for which application threads were stopped: 0.0001110 seconds, Stopping threads took: 0.0000413 seconds
[7910.628s][info ][safepoint      ] Application time: 1.0001086 seconds
[7910.628s][info ][safepoint      ] Entering safepoint region: Cleanup
[7910.628s][info ][safepoint      ] Leaving safepoint region
[7910.628s][info ][safepoint      ] Total time for which application threads were stopped: 0.0001088 seconds, Stopping threads took: 0.0000455 seconds
[7911.629s][info ][safepoint      ] Application time: 1.0001293 seconds
[7911.629s][info ][safepoint      ] Entering safepoint region: Cleanup
[7911.629s][info ][safepoint      ] Leaving safepoint region
[7911.629s][info ][safepoint      ] Total time for which application threads were stopped: 0.0001509 seconds, Stopping threads took: 0.0000760 seconds
[7912.629s][info ][safepoint      ] Application time: 1.0001245 seconds
[7912.629s][info ][safepoint      ] Entering safepoint region: Cleanup
[7912.629s][info ][safepoint      ] Leaving safepoint region
[7912.629s][info ][safepoint      ] Total time for which application threads were stopped: 0.0001732 seconds, Stopping threads took: 0.0000402 seconds
[7913.629s][info ][safepoint      ] Application time: 1.0000813 seconds
[7913.629s][info ][safepoint      ] Entering safepoint region: Cleanup
[7913.629s][info ][safepoint      ] Leaving safepoint region
[7913.629s][info ][safepoint      ] Total time for which application threads were stopped: 0.0001505 seconds, Stopping threads took: 0.0000545 seconds
[7914.629s][info ][safepoint      ] Application time: 1.0000774 seconds
[7914.629s][info ][safepoint      ] Entering safepoint region: Cleanup
[7914.630s][info ][safepoint      ] Leaving safepoint region
[7914.630s][info ][safepoint      ] Total time for which application threads were stopped: 0.0001408 seconds, Stopping threads took: 0.0000403 seconds
[7915.630s][info ][safepoint      ] Application time: 1.0001370 seconds
[7915.630s][info ][safepoint      ] Entering safepoint region: Cleanup
[7915.630s][info ][safepoint      ] Leaving safepoint region
[7915.630s][info ][safepoint      ] Total time for which application threads were stopped: 0.0001112 seconds, Stopping threads took: 0.0000431 seconds
[7916.528s][info ][safepoint      ] Application time: 0.8983453 seconds
[7916.528s][info ][safepoint      ] Entering safepoint region: ParallelGCFailedAllocation
[7916.528s][info ][gc,start       ] GC(343) Pause Young (Allocation Failure)
[7916.548s][debug][gc,phases      ] GC(343) Scavenge 19.882ms
[7916.548s][debug][gc,ref         ] GC(343) Skipped phase1 of Reference Processing due to unavailable references
[7916.548s][debug][gc,ref         ] GC(343) Skipped phase2 of Reference Processing due to unavailable references
[7916.548s][debug][gc,ref         ] GC(343) Skipped phase3 of Reference Processing due to unavailable references
[7916.548s][debug][gc,phases      ] GC(343) Reference Processing 0.038ms
[7916.549s][debug][gc,phases      ] GC(343) Weak Processing 0.116ms
[7916.549s][debug][gc,phases      ] GC(343) Scrub String Table 0.511ms
[7916.549s][debug][gc,age         ] GC(343) Desired survivor size 75497472 bytes, new threshold 15 (max threshold 15)
[7916.549s][info ][gc,heap        ] GC(343) PSYoungGen: 2008480K->58032K(2023424K)
[7916.549s][info ][gc,heap        ] GC(343) ParOldGen: 546860K->551325K(599552K)
[7916.549s][info ][gc,metaspace   ] GC(343) Metaspace: 75668K->75668K(1118208K)
[7916.549s][info ][gc             ] GC(343) Pause Young (Allocation Failure) 2495M->595M(2561M) 20.704ms
[7916.549s][info ][gc,cpu         ] GC(343) User=0.08s Sys=0.00s Real=0.02s
[7916.549s][info ][safepoint      ] Leaving safepoint region
[7916.549s][info ][safepoint      ] Total time for which application threads were stopped: 0.0209735 seconds, Stopping threads took: 0.0000564 seconds
[7917.549s][info ][safepoint      ] Application time: 1.0001307 seconds
[7917.549s][info ][safepoint      ] Entering safepoint region: Cleanup
[7917.549s][info ][safepoint      ] Leaving safepoint region
[7917.549s][info ][safepoint      ] Total time for which application threads were stopped: 0.0000921 seconds, Stopping threads took: 0.0000179 seconds
[7918.550s][info ][safepoint      ] Application time: 1.0000908 seconds
[7918.550s][info ][safepoint      ] Entering safepoint region: Cleanup
[7918.550s][info ][safepoint      ] Leaving safepoint region
[7918.550s][info ][safepoint      ] Total time for which application threads were stopped: 0.0000793 seconds, Stopping threads took: 0.0000175 seconds
[7919.550s][info ][safepoint      ] Application time: 1.0001238 seconds
[7919.550s][info ][safepoint      ] Entering safepoint region: Cleanup
[7919.550s][info ][safepoint      ] Leaving safepoint region
[7919.550s][info ][safepoint      ] Total time for which application threads were stopped: 0.0000813 seconds, Stopping threads took: 0.0000183 seconds
[7920.550s][info ][safepoint      ] Application time: 1.0001195 seconds
[7920.550s][info ][safepoint      ] Entering safepoint region: Cleanup
[7920.550s][info ][safepoint      ] Leaving safepoint region
[7920.550s][info ][safepoint      ] Total time for which application threads were stopped: 0.0000791 seconds, Stopping threads took: 0.0000188 seconds
[7921.550s][info ][safepoint      ] Application time: 1.0001154 seconds
[7921.550s][info ][safepoint      ] Entering safepoint region: Cleanup
[7921.550s][info ][safepoint      ] Leaving safepoint region
[7921.550s][info ][safepoint      ] Total time for which application threads were stopped: 0.0000814 seconds, Stopping threads took: 0.0000180 seconds
[7926.551s][info ][safepoint      ] Application time: 5.0005085 seconds
[7926.551s][info ][safepoint      ] Entering safepoint region: Cleanup
[7926.551s][info ][safepoint      ] Leaving safepoint region
[7926.551s][info ][safepoint      ] Total time for which application threads were stopped: 0.0001014 seconds, Stopping threads took: 0.0000177 seconds
[7927.394s][info ][safepoint      ] Application time: 0.8432101 seconds
[7927.394s][info ][safepoint      ] Entering safepoint region: RevokeBias
[7927.394s][info ][safepoint      ] Leaving safepoint region
[7927.394s][info ][safepoint      ] Total time for which application threads were stopped: 0.0000863 seconds, Stopping threads took: 0.0000182 seconds
[7928.639s][info ][safepoint      ] Application time: 1.2445634 seconds
[7928.639s][info ][safepoint      ] Entering safepoint region: ParallelGCFailedAllocation
[7928.639s][info ][gc,start       ] GC(344) Pause Young (Allocation Failure)
[7928.657s][debug][gc,phases      ] GC(344) Scavenge 17.611ms
[7928.657s][debug][gc,ref         ] GC(344) Skipped phase1 of Reference Processing due to unavailable references
[7928.657s][debug][gc,ref         ] GC(344) Skipped phase2 of Reference Processing due to unavailable references
[7928.657s][debug][gc,ref         ] GC(344) Skipped phase3 of Reference Processing due to unavailable references
[7928.657s][debug][gc,phases      ] GC(344) Reference Processing 0.055ms
[7928.657s][debug][gc,phases      ] GC(344) Weak Processing 0.263ms
[7928.658s][debug][gc,phases      ] GC(344) Scrub String Table 0.904ms
[7928.658s][debug][gc,age         ] GC(344) Desired survivor size 74973184 bytes, new threshold 15 (max threshold 15)
[7928.658s][info ][gc,heap        ] GC(344) PSYoungGen: 2007728K->58480K(2023424K)
[7928.658s][info ][gc,heap        ] GC(344) ParOldGen: 551325K->551657K(599552K)
[7928.658s][info ][gc,metaspace   ] GC(344) Metaspace: 75671K->75671K(1118208K)
[7928.658s][info ][gc             ] GC(344) Pause Young (Allocation Failure) 2499M->595M(2561M) 19.043ms
[7928.658s][info ][gc,cpu         ] GC(344) User=0.07s Sys=0.00s Real=0.02s
[7928.658s][info ][safepoint      ] Leaving safepoint region
[7928.658s][info ][safepoint      ] Total time for which application threads were stopped: 0.0192359 seconds, Stopping threads took: 0.0000173 seconds
[7930.659s][info ][safepoint      ] Application time: 2.0002354 seconds
[7930.659s][info ][safepoint      ] Entering safepoint region: Cleanup
[7930.659s][info ][safepoint      ] Leaving safepoint region
[7930.659s][info ][safepoint      ] Total time for which application threads were stopped: 0.0001858 seconds, Stopping threads took: 0.0000962 seconds
[7932.659s][info ][safepoint      ] Application time: 2.0002961 seconds
[7932.659s][info ][safepoint      ] Entering safepoint region: Cleanup
[7932.659s][info ][safepoint      ] Leaving safepoint region
[7932.659s][info ][safepoint      ] Total time for which application threads were stopped: 0.0001476 seconds, Stopping threads took: 0.0000684 seconds
[7933.659s][info ][safepoint      ] Application time: 1.0000784 seconds
[7933.659s][info ][safepoint      ] Entering safepoint region: Cleanup
[7933.659s][info ][safepoint      ] Leaving safepoint region
[7933.659s][info ][safepoint      ] Total time for which application threads were stopped: 0.0001096 seconds, Stopping threads took: 0.0000322 seconds
[7935.660s][info ][safepoint      ] Application time: 2.0002496 seconds
[7935.660s][info ][safepoint      ] Entering safepoint region: Cleanup
[7935.660s][info ][safepoint      ] Leaving safepoint region
[7935.660s][info ][safepoint      ] Total time for which application threads were stopped: 0.0001184 seconds, Stopping threads took: 0.0000403 seconds
[7936.660s][info ][safepoint      ] Application time: 1.0000797 seconds
[7936.660s][info ][safepoint      ] Entering safepoint region: Cleanup
[7936.660s][info ][safepoint      ] Leaving safepoint region
[7936.660s][info ][safepoint      ] Total time for which application threads were stopped: 0.0001776 seconds, Stopping threads took: 0.0000889 seconds
[7939.660s][info ][safepoint      ] Application time: 3.0002662 seconds
[7939.661s][info ][safepoint      ] Entering safepoint region: Cleanup
[7939.661s][info ][safepoint      ] Leaving safepoint region
[7939.661s][info ][safepoint      ] Total time for which application threads were stopped: 0.0002455 seconds, Stopping threads took: 0.0000941 seconds
[7940.331s][info ][safepoint      ] Application time: 0.6700284 seconds
[7940.331s][info ][safepoint      ] Entering safepoint region: ParallelGCFailedAllocation
[7940.331s][info ][gc,start       ] GC(345) Pause Young (Allocation Failure)
[7940.351s][debug][gc,phases      ] GC(345) Scavenge 20.305ms
[7940.351s][debug][gc,ref         ] GC(345) Skipped phase1 of Reference Processing due to unavailable references
[7940.351s][debug][gc,ref         ] GC(345) Skipped phase2 of Reference Processing due to unavailable references
[7940.351s][debug][gc,ref         ] GC(345) Skipped phase3 of Reference Processing due to unavailable references
[7940.351s][debug][gc,phases      ] GC(345) Reference Processing 0.039ms
[7940.352s][debug][gc,phases      ] GC(345) Weak Processing 0.350ms
[7940.353s][debug][gc,phases      ] GC(345) Scrub String Table 0.843ms
[7940.353s][debug][gc,age         ] GC(345) Desired survivor size 74448896 bytes, new threshold 15 (max threshold 15)
[7940.353s][info ][gc,heap        ] GC(345) PSYoungGen: 2008176K->60208K(2024448K)
[7940.353s][info ][gc,heap        ] GC(345) ParOldGen: 551657K->555054K(599552K)
[7940.353s][info ][gc,metaspace   ] GC(345) Metaspace: 75673K->75673K(1118208K)
[7940.353s][info ][gc             ] GC(345) Pause Young (Allocation Failure) 2499M->600M(2562M) 21.714ms
[7940.353s][info ][gc,cpu         ] GC(345) User=0.08s Sys=0.00s Real=0.03s
[7940.353s][info ][safepoint      ] Leaving safepoint region
[7940.353s][info ][safepoint      ] Total time for which application threads were stopped: 0.0219636 seconds, Stopping threads took: 0.0000425 seconds
[7941.353s][info ][safepoint      ] Application time: 1.0001368 seconds
[7941.353s][info ][safepoint      ] Entering safepoint region: Cleanup
[7941.353s][info ][safepoint      ] Leaving safepoint region
[7941.353s][info ][safepoint      ] Total time for which application threads were stopped: 0.0001692 seconds, Stopping threads took: 0.0000911 seconds
[7942.353s][info ][safepoint      ] Application time: 1.0000854 seconds
[7942.353s][info ][safepoint      ] Entering safepoint region: Cleanup
[7942.353s][info ][safepoint      ] Leaving safepoint region
[7942.353s][info ][safepoint      ] Total time for which application threads were stopped: 0.0001165 seconds, Stopping threads took: 0.0000406 seconds
[7943.354s][info ][safepoint      ] Application time: 1.0001526 seconds
[7943.354s][info ][safepoint      ] Entering safepoint region: Cleanup
[7943.354s][info ][safepoint      ] Leaving safepoint region
[7943.354s][info ][safepoint      ] Total time for which application threads were stopped: 0.0001140 seconds, Stopping threads took: 0.0000397 seconds
[7945.354s][info ][safepoint      ] Application time: 2.0002120 seconds
[7945.354s][info ][safepoint      ] Entering safepoint region: Cleanup
[7945.354s][info ][safepoint      ] Leaving safepoint region
[7945.354s][info ][safepoint      ] Total time for which application threads were stopped: 0.0000875 seconds, Stopping threads took: 0.0000202 seconds
[7946.354s][info ][safepoint      ] Application time: 1.0001293 seconds
[7946.354s][info ][safepoint      ] Entering safepoint region: Cleanup
[7946.354s][info ][safepoint      ] Leaving safepoint region
[7946.354s][info ][safepoint      ] Total time for which application threads were stopped: 0.0001237 seconds, Stopping threads took: 0.0000395 seconds
[7946.373s][info ][safepoint      ] Application time: 0.0186706 seconds
[7946.373s][info ][safepoint      ] Entering safepoint region: Deoptimize
[7946.376s][info ][safepoint      ] Leaving safepoint region
[7946.376s][info ][safepoint      ] Total time for which application threads were stopped: 0.0023993 seconds, Stopping threads took: 0.0000129 seconds
[7947.005s][info ][safepoint      ] Application time: 0.6291989 seconds
[7947.005s][info ][safepoint      ] Entering safepoint region: ICBufferFull
[7947.005s][info ][safepoint      ] Leaving safepoint region
[7947.005s][info ][safepoint      ] Total time for which application threads were stopped: 0.0002094 seconds, Stopping threads took: 0.0000177 seconds
[7948.005s][info ][safepoint      ] Application time: 1.0001912 seconds
[7948.005s][info ][safepoint      ] Entering safepoint region: Cleanup
[7948.005s][info ][safepoint      ] Leaving safepoint region
[7948.005s][info ][safepoint      ] Total time for which application threads were stopped: 0.0001874 seconds, Stopping threads took: 0.0000914 seconds
[7949.005s][info ][safepoint      ] Application time: 1.0000829 seconds
[7949.006s][info ][safepoint      ] Entering safepoint region: Cleanup
[7949.006s][info ][safepoint      ] Leaving safepoint region
[7949.006s][info ][safepoint      ] Total time for which application threads were stopped: 0.0001624 seconds, Stopping threads took: 0.0000816 seconds
[7950.006s][info ][safepoint      ] Application time: 1.0001610 seconds
[7950.006s][info ][safepoint      ] Entering safepoint region: Cleanup
[7950.006s][info ][safepoint      ] Leaving safepoint region
[7950.006s][info ][safepoint      ] Total time for which application threads were stopped: 0.0001359 seconds, Stopping threads took: 0.0000614 seconds
[7951.006s][info ][safepoint      ] Application time: 1.0000954 seconds
[7951.006s][info ][safepoint      ] Entering safepoint region: Cleanup
[7951.006s][info ][safepoint      ] Leaving safepoint region
[7951.006s][info ][safepoint      ] Total time for which application threads were stopped: 0.0001144 seconds, Stopping threads took: 0.0000417 seconds
[7952.006s][info ][safepoint      ] Application time: 1.0001204 seconds
[7952.007s][info ][safepoint      ] Entering safepoint region: Cleanup
[7952.007s][info ][safepoint      ] Leaving safepoint region
[7952.007s][info ][safepoint      ] Total time for which application threads were stopped: 0.0001641 seconds, Stopping threads took: 0.0000849 seconds
[7952.404s][info ][safepoint      ] Application time: 0.3976232 seconds
[7952.404s][info ][safepoint      ] Entering safepoint region: ParallelGCFailedAllocation
[7952.404s][info ][gc,start       ] GC(346) Pause Young (Allocation Failure)
[7952.425s][debug][gc,phases      ] GC(346) Scavenge 20.282ms
[7952.425s][debug][gc,ref         ] GC(346) Skipped phase1 of Reference Processing due to unavailable references
[7952.425s][debug][gc,ref         ] GC(346) Skipped phase3 of Reference Processing due to unavailable references
[7952.425s][debug][gc,phases      ] GC(346) Reference Processing 0.038ms
[7952.425s][debug][gc,phases      ] GC(346) Weak Processing 0.121ms
[7952.425s][debug][gc,phases      ] GC(346) Scrub String Table 0.438ms
[7952.425s][debug][gc,age         ] GC(346) Desired survivor size 73400320 bytes, new threshold 15 (max threshold 15)
[7952.425s][info ][gc,heap        ] GC(346) PSYoungGen: 2011440K->62736K(2023936K)
[7952.425s][info ][gc,heap        ] GC(346) ParOldGen: 555054K->557551K(599552K)
[7952.425s][info ][gc,metaspace   ] GC(346) Metaspace: 75703K->75703K(1118208K)
[7952.426s][info ][gc             ] GC(346) Pause Young (Allocation Failure) 2506M->605M(2562M) 21.066ms
[7952.426s][info ][gc,cpu         ] GC(346) User=0.08s Sys=0.00s Real=0.02s
[7952.426s][info ][safepoint      ] Leaving safepoint region
[7952.426s][info ][safepoint      ] Total time for which application threads were stopped: 0.0213485 seconds, Stopping threads took: 0.0000601 seconds
[7953.426s][info ][safepoint      ] Application time: 1.0001315 seconds
[7953.426s][info ][safepoint      ] Entering safepoint region: Cleanup
[7953.426s][info ][safepoint      ] Leaving safepoint region
[7953.426s][info ][safepoint      ] Total time for which application threads were stopped: 0.0001770 seconds, Stopping threads took: 0.0000984 seconds
[7954.426s][info ][safepoint      ] Application time: 1.0001438 seconds
[7954.426s][info ][safepoint      ] Entering safepoint region: Cleanup
[7954.426s][info ][safepoint      ] Leaving safepoint region
[7954.426s][info ][safepoint      ] Total time for which application threads were stopped: 0.0001373 seconds, Stopping threads took: 0.0000659 seconds
[7955.426s][info ][safepoint      ] Application time: 1.0000894 seconds
[7955.427s][info ][safepoint      ] Entering safepoint region: Cleanup
[7955.427s][info ][safepoint      ] Leaving safepoint region
[7955.427s][info ][safepoint      ] Total time for which application threads were stopped: 0.0001797 seconds, Stopping threads took: 0.0000930 seconds
[7956.427s][info ][safepoint      ] Application time: 1.0001055 seconds
[7956.427s][info ][safepoint      ] Entering safepoint region: Cleanup
[7956.427s][info ][safepoint      ] Leaving safepoint region
[7956.427s][info ][safepoint      ] Total time for which application threads were stopped: 0.0001609 seconds, Stopping threads took: 0.0000710 seconds
[7957.427s][info ][safepoint      ] Application time: 1.0000814 seconds
[7957.427s][info ][safepoint      ] Entering safepoint region: Cleanup
[7957.427s][info ][safepoint      ] Leaving safepoint region
[7957.427s][info ][safepoint      ] Total time for which application threads were stopped: 0.0000824 seconds, Stopping threads took: 0.0000197 seconds
[7958.427s][info ][safepoint      ] Application time: 1.0000867 seconds
[7958.427s][info ][safepoint      ] Entering safepoint region: Cleanup
[7958.427s][info ][safepoint      ] Leaving safepoint region
[7958.427s][info ][safepoint      ] Total time for which application threads were stopped: 0.0001118 seconds, Stopping threads took: 0.0000176 seconds
[7959.427s][info ][safepoint      ] Application time: 1.0000918 seconds
[7959.428s][info ][safepoint      ] Entering safepoint region: Cleanup
[7959.428s][info ][safepoint      ] Leaving safepoint region
[7959.428s][info ][safepoint      ] Total time for which application threads were stopped: 0.0000829 seconds, Stopping threads took: 0.0000188 seconds
[7960.428s][info ][safepoint      ] Application time: 1.0000803 seconds
[7960.428s][info ][safepoint      ] Entering safepoint region: Cleanup
[7960.428s][info ][safepoint      ] Leaving safepoint region
[7960.428s][info ][safepoint      ] Total time for which application threads were stopped: 0.0000834 seconds, Stopping threads took: 0.0000162 seconds
[7961.428s][info ][safepoint      ] Application time: 1.0000952 seconds
[7961.428s][info ][safepoint      ] Entering safepoint region: Cleanup
[7961.428s][info ][safepoint      ] Leaving safepoint region
[7961.428s][info ][safepoint      ] Total time for which application threads were stopped: 0.0001136 seconds, Stopping threads took: 0.0000182 seconds
[7962.428s][info ][safepoint      ] Application time: 1.0001293 seconds
[7962.428s][info ][safepoint      ] Entering safepoint region: Cleanup
[7962.428s][info ][safepoint      ] Leaving safepoint region
[7962.428s][info ][safepoint      ] Total time for which application threads were stopped: 0.0001027 seconds, Stopping threads took: 0.0000304 seconds
[7963.428s][info ][safepoint      ] Application time: 1.0000698 seconds
[7963.428s][info ][safepoint      ] Entering safepoint region: Cleanup
[7963.429s][info ][safepoint      ] Leaving safepoint region
[7963.429s][info ][safepoint      ] Total time for which application threads were stopped: 0.0001903 seconds, Stopping threads took: 0.0000606 seconds
[7964.429s][info ][safepoint      ] Application time: 1.0000934 seconds
[7964.429s][info ][safepoint      ] Entering safepoint region: Cleanup
[7964.429s][info ][safepoint      ] Leaving safepoint region
[7964.429s][info ][safepoint      ] Total time for which application threads were stopped: 0.0000801 seconds, Stopping threads took: 0.0000188 seconds
[7965.075s][info ][safepoint      ] Application time: 0.6466386 seconds
[7965.076s][info ][safepoint      ] Entering safepoint region: ParallelGCFailedAllocation
[7965.076s][info ][gc,start       ] GC(347) Pause Young (Allocation Failure)
[7965.096s][debug][gc,phases      ] GC(347) Scavenge 20.770ms
[7965.097s][debug][gc,ref         ] GC(347) Skipped phase1 of Reference Processing due to unavailable references
[7965.097s][debug][gc,ref         ] GC(347) Skipped phase3 of Reference Processing due to unavailable references
[7965.097s][debug][gc,phases      ] GC(347) Reference Processing 0.039ms
[7965.097s][debug][gc,phases      ] GC(347) Weak Processing 0.242ms
[7965.098s][debug][gc,phases      ] GC(347) Scrub String Table 0.787ms
[7965.098s][debug][gc,age         ] GC(347) Desired survivor size 73400320 bytes, new threshold 15 (max threshold 15)
[7965.098s][info ][gc,heap        ] GC(347) PSYoungGen: 2013968K->56912K(2025472K)
[7965.098s][info ][gc,heap        ] GC(347) ParOldGen: 557551K->561875K(599552K)
[7965.098s][info ][gc,metaspace   ] GC(347) Metaspace: 75706K->75706K(1118208K)
[7965.098s][info ][gc             ] GC(347) Pause Young (Allocation Failure) 2511M->604M(2563M) 21.995ms
[7965.098s][info ][gc,cpu         ] GC(347) User=0.08s Sys=0.00s Real=0.02s
[7965.098s][info ][safepoint      ] Leaving safepoint region
[7965.098s][info ][safepoint      ] Total time for which application threads were stopped: 0.0221943 seconds, Stopping threads took: 0.0000182 seconds
[7966.098s][info ][safepoint      ] Application time: 1.0001423 seconds
[7966.098s][info ][safepoint      ] Entering safepoint region: Cleanup
[7966.098s][info ][safepoint      ] Leaving safepoint region
[7966.098s][info ][safepoint      ] Total time for which application threads were stopped: 0.0000819 seconds, Stopping threads took: 0.0000173 seconds
[7967.098s][info ][safepoint      ] Application time: 1.0000723 seconds
[7967.098s][info ][safepoint      ] Entering safepoint region: Cleanup
[7967.098s][info ][safepoint      ] Leaving safepoint region
[7967.098s][info ][safepoint      ] Total time for which application threads were stopped: 0.0001012 seconds, Stopping threads took: 0.0000194 seconds
[7968.098s][info ][safepoint      ] Application time: 1.0001202 seconds
[7968.098s][info ][safepoint      ] Entering safepoint region: Cleanup
[7968.098s][info ][safepoint      ] Leaving safepoint region
[7968.098s][info ][safepoint      ] Total time for which application threads were stopped: 0.0000799 seconds, Stopping threads took: 0.0000172 seconds
[7969.099s][info ][safepoint      ] Application time: 1.0000713 seconds
[7969.099s][info ][safepoint      ] Entering safepoint region: Cleanup
[7969.099s][info ][safepoint      ] Leaving safepoint region
[7969.099s][info ][safepoint      ] Total time for which application threads were stopped: 0.0000805 seconds, Stopping threads took: 0.0000176 seconds
[7970.099s][info ][safepoint      ] Application time: 1.0000926 seconds
[7970.099s][info ][safepoint      ] Entering safepoint region: Cleanup
[7970.099s][info ][safepoint      ] Leaving safepoint region
[7970.099s][info ][safepoint      ] Total time for which application threads were stopped: 0.0000832 seconds, Stopping threads took: 0.0000187 seconds
[7971.099s][info ][safepoint      ] Application time: 1.0000741 seconds
[7971.099s][info ][safepoint      ] Entering safepoint region: Cleanup
[7971.099s][info ][safepoint      ] Leaving safepoint region
[7971.099s][info ][safepoint      ] Total time for which application threads were stopped: 0.0000759 seconds, Stopping threads took: 0.0000170 seconds
[7972.099s][info ][safepoint      ] Application time: 1.0001421 seconds
[7972.099s][info ][safepoint      ] Entering safepoint region: Cleanup
[7972.099s][info ][safepoint      ] Leaving safepoint region
[7972.099s][info ][safepoint      ] Total time for which application threads were stopped: 0.0001233 seconds, Stopping threads took: 0.0000582 seconds
[7973.099s][info ][safepoint      ] Application time: 1.0000845 seconds
[7973.100s][info ][safepoint      ] Entering safepoint region: Cleanup
[7973.100s][info ][safepoint      ] Leaving safepoint region
[7973.100s][info ][safepoint      ] Total time for which application threads were stopped: 0.0000798 seconds, Stopping threads took: 0.0000185 seconds
[7974.100s][info ][safepoint      ] Application time: 1.0000948 seconds
[7974.100s][info ][safepoint      ] Entering safepoint region: Cleanup
[7974.100s][info ][safepoint      ] Leaving safepoint region
[7974.100s][info ][safepoint      ] Total time for which application threads were stopped: 0.0000829 seconds, Stopping threads took: 0.0000190 seconds
[7975.100s][info ][safepoint      ] Application time: 1.0000910 seconds
[7975.100s][info ][safepoint      ] Entering safepoint region: Cleanup
[7975.100s][info ][safepoint      ] Leaving safepoint region
[7975.100s][info ][safepoint      ] Total time for which application threads were stopped: 0.0000846 seconds, Stopping threads took: 0.0000197 seconds
[7976.100s][info ][safepoint      ] Application time: 1.0002710 seconds
[7976.100s][info ][safepoint      ] Entering safepoint region: Cleanup
[7976.100s][info ][safepoint      ] Leaving safepoint region
[7976.100s][info ][safepoint      ] Total time for which application threads were stopped: 0.0000909 seconds, Stopping threads took: 0.0000199 seconds
[7977.101s][info ][safepoint      ] Application time: 1.0001108 seconds
[7977.101s][info ][safepoint      ] Entering safepoint region: Cleanup
[7977.101s][info ][safepoint      ] Leaving safepoint region
[7977.101s][info ][safepoint      ] Total time for which application threads were stopped: 0.0000837 seconds, Stopping threads took: 0.0000191 seconds
[7978.101s][info ][safepoint      ] Application time: 1.0000727 seconds
[7978.101s][info ][safepoint      ] Entering safepoint region: Cleanup
[7978.101s][info ][safepoint      ] Leaving safepoint region
[7978.101s][info ][safepoint      ] Total time for which application threads were stopped: 0.0000876 seconds, Stopping threads took: 0.0000181 seconds
[7979.101s][info ][safepoint      ] Application time: 1.0001253 seconds
[7979.101s][info ][safepoint      ] Entering safepoint region: Cleanup
[7979.101s][info ][safepoint      ] Leaving safepoint region
[7979.101s][info ][safepoint      ] Total time for which application threads were stopped: 0.0001167 seconds, Stopping threads took: 0.0000180 seconds
[7980.101s][info ][safepoint      ] Application time: 1.0000747 seconds
[7980.101s][info ][safepoint      ] Entering safepoint region: Cleanup
[7980.101s][info ][safepoint      ] Leaving safepoint region
[7980.101s][info ][safepoint      ] Total time for which application threads were stopped: 0.0001154 seconds, Stopping threads took: 0.0000169 seconds
[7981.005s][info ][safepoint      ] Application time: 0.9037628 seconds
[7981.005s][info ][safepoint      ] Entering safepoint region: ParallelGCFailedAllocation
[7981.005s][info ][gc,start       ] GC(348) Pause Young (Allocation Failure)
[7981.023s][debug][gc,phases      ] GC(348) Scavenge 17.849ms
[7981.023s][debug][gc,ref         ] GC(348) Skipped phase1 of Reference Processing due to unavailable references
[7981.023s][debug][gc,ref         ] GC(348) Skipped phase3 of Reference Processing due to unavailable references
[7981.023s][debug][gc,phases      ] GC(348) Reference Processing 0.038ms
[7981.024s][debug][gc,phases      ] GC(348) Weak Processing 0.121ms
[7981.024s][debug][gc,phases      ] GC(348) Scrub String Table 0.427ms
[7981.024s][debug][gc,age         ] GC(348) Desired survivor size 74448896 bytes, new threshold 15 (max threshold 15)
[7981.024s][info ][gc,heap        ] GC(348) PSYoungGen: 2010704K->50592K(2004480K)
[7981.024s][info ][gc,heap        ] GC(348) ParOldGen: 561875K->568344K(599552K)
[7981.024s][info ][gc,metaspace   ] GC(348) Metaspace: 75708K->75708K(1118208K)
[7981.024s][info ][gc             ] GC(348) Pause Young (Allocation Failure) 2512M->604M(2543M) 18.605ms
[7981.024s][info ][gc,cpu         ] GC(348) User=0.07s Sys=0.00s Real=0.02s
[7981.024s][info ][safepoint      ] Leaving safepoint region
[7981.024s][info ][safepoint      ] Total time for which application threads were stopped: 0.0189562 seconds, Stopping threads took: 0.0001681 seconds
[7982.024s][info ][safepoint      ] Application time: 1.0001531 seconds
[7982.024s][info ][safepoint      ] Entering safepoint region: Cleanup
[7982.025s][info ][safepoint      ] Leaving safepoint region
[7982.025s][info ][safepoint      ] Total time for which application threads were stopped: 0.0001295 seconds, Stopping threads took: 0.0000315 seconds
[7983.025s][info ][safepoint      ] Application time: 1.0000499 seconds
[7983.025s][info ][safepoint      ] Entering safepoint region: Cleanup
[7983.025s][info ][safepoint      ] Leaving safepoint region
[7983.025s][info ][safepoint      ] Total time for which application threads were stopped: 0.0000800 seconds, Stopping threads took: 0.0000172 seconds
[7984.025s][info ][safepoint      ] Application time: 1.0000751 seconds
[7984.025s][info ][safepoint      ] Entering safepoint region: Cleanup
[7984.025s][info ][safepoint      ] Leaving safepoint region
[7984.025s][info ][safepoint      ] Total time for which application threads were stopped: 0.0000812 seconds, Stopping threads took: 0.0000172 seconds
[7985.025s][info ][safepoint      ] Application time: 1.0001308 seconds
[7985.025s][info ][safepoint      ] Entering safepoint region: Cleanup
[7985.025s][info ][safepoint      ] Leaving safepoint region
[7985.025s][info ][safepoint      ] Total time for which application threads were stopped: 0.0001156 seconds, Stopping threads took: 0.0000433 seconds
[7986.025s][info ][safepoint      ] Application time: 1.0001333 seconds
[7986.025s][info ][safepoint      ] Entering safepoint region: Cleanup
[7986.025s][info ][safepoint      ] Leaving safepoint region
[7986.026s][info ][safepoint      ] Total time for which application threads were stopped: 0.0001091 seconds, Stopping threads took: 0.0000387 seconds
[7987.026s][info ][safepoint      ] Application time: 1.0001368 seconds
[7987.026s][info ][safepoint      ] Entering safepoint region: Cleanup
[7987.026s][info ][safepoint      ] Leaving safepoint region
[7987.026s][info ][safepoint      ] Total time for which application threads were stopped: 0.0001076 seconds, Stopping threads took: 0.0000178 seconds
[7988.026s][info ][safepoint      ] Application time: 1.0001016 seconds
[7988.026s][info ][safepoint      ] Entering safepoint region: Cleanup
[7988.026s][info ][safepoint      ] Leaving safepoint region
[7988.026s][info ][safepoint      ] Total time for which application threads were stopped: 0.0000829 seconds, Stopping threads took: 0.0000192 seconds
[7989.026s][info ][safepoint      ] Application time: 1.0001341 seconds
[7989.026s][info ][safepoint      ] Entering safepoint region: Cleanup
[7989.026s][info ][safepoint      ] Leaving safepoint region
[7989.026s][info ][safepoint      ] Total time for which application threads were stopped: 0.0000815 seconds, Stopping threads took: 0.0000182 seconds
[7990.026s][info ][safepoint      ] Application time: 1.0001211 seconds
[7990.026s][info ][safepoint      ] Entering safepoint region: Cleanup
[7990.027s][info ][safepoint      ] Leaving safepoint region
[7990.027s][info ][safepoint      ] Total time for which application threads were stopped: 0.0000908 seconds, Stopping threads took: 0.0000185 seconds
[7991.027s][info ][safepoint      ] Application time: 1.0000897 seconds
[7991.027s][info ][safepoint      ] Entering safepoint region: Cleanup
[7991.027s][info ][safepoint      ] Leaving safepoint region
[7991.027s][info ][safepoint      ] Total time for which application threads were stopped: 0.0000829 seconds, Stopping threads took: 0.0000186 seconds
[7992.027s][info ][safepoint      ] Application time: 1.0000847 seconds
[7992.027s][info ][safepoint      ] Entering safepoint region: Cleanup
[7992.027s][info ][safepoint      ] Leaving safepoint region
[7992.027s][info ][safepoint      ] Total time for which application threads were stopped: 0.0000854 seconds, Stopping threads took: 0.0000196 seconds
[7993.027s][info ][safepoint      ] Application time: 1.0001390 seconds
[7993.027s][info ][safepoint      ] Entering safepoint region: Cleanup
[7993.027s][info ][safepoint      ] Leaving safepoint region
[7993.027s][info ][safepoint      ] Total time for which application threads were stopped: 0.0001352 seconds, Stopping threads took: 0.0000451 seconds
[7994.027s][info ][safepoint      ] Application time: 1.0001043 seconds
[7994.027s][info ][safepoint      ] Entering safepoint region: Cleanup
[7994.028s][info ][safepoint      ] Leaving safepoint region
[7994.028s][info ][safepoint      ] Total time for which application threads were stopped: 0.0000838 seconds, Stopping threads took: 0.0000190 seconds
[7995.028s][info ][safepoint      ] Application time: 1.0000943 seconds
[7995.028s][info ][safepoint      ] Entering safepoint region: Cleanup
[7995.028s][info ][safepoint      ] Leaving safepoint region
[7995.028s][info ][safepoint      ] Total time for which application threads were stopped: 0.0000827 seconds, Stopping threads took: 0.0000182 seconds
[7996.028s][info ][safepoint      ] Application time: 1.0001499 seconds
[7996.028s][info ][safepoint      ] Entering safepoint region: Cleanup
[7996.028s][info ][safepoint      ] Leaving safepoint region
[7996.028s][info ][safepoint      ] Total time for which application threads were stopped: 0.0000826 seconds, Stopping threads took: 0.0000193 seconds
[7997.007s][info ][safepoint      ] Application time: 0.9790256 seconds
[7997.007s][info ][safepoint      ] Entering safepoint region: ParallelGCFailedAllocation
[7997.007s][info ][gc,start       ] GC(349) Pause Young (Allocation Failure)
[7997.025s][debug][gc,phases      ] GC(349) Scavenge 18.063ms
[7997.026s][debug][gc,ref         ] GC(349) Skipped phase1 of Reference Processing due to unavailable references
[7997.026s][debug][gc,ref         ] GC(349) Skipped phase3 of Reference Processing due to unavailable references
[7997.026s][debug][gc,phases      ] GC(349) Reference Processing 0.037ms
[7997.026s][debug][gc,phases      ] GC(349) Weak Processing 0.118ms
[7997.026s][debug][gc,phases      ] GC(349) Scrub String Table 0.416ms
[7997.026s][debug][gc,age         ] GC(349) Desired survivor size 76021760 bytes, new threshold 15 (max threshold 15)
[7997.026s][info ][gc,heap        ] GC(349) PSYoungGen: 2004384K->45296K(2021376K)
[7997.026s][info ][gc,heap        ] GC(349) ParOldGen: 568344K->574866K(599552K)
[7997.026s][info ][gc,metaspace   ] GC(349) Metaspace: 75710K->75710K(1118208K)
[7997.026s][info ][gc             ] GC(349) Pause Young (Allocation Failure) 2512M->605M(2559M) 18.799ms
[7997.026s][info ][gc,cpu         ] GC(349) User=0.08s Sys=0.00s Real=0.02s
[7997.026s][info ][safepoint      ] Leaving safepoint region
[7997.026s][info ][safepoint      ] Total time for which application threads were stopped: 0.0191030 seconds, Stopping threads took: 0.0001004 seconds
[7998.026s][info ][safepoint      ] Application time: 1.0000850 seconds
[7998.026s][info ][safepoint      ] Entering safepoint region: Cleanup
[7998.026s][info ][safepoint      ] Leaving safepoint region
[7998.026s][info ][safepoint      ] Total time for which application threads were stopped: 0.0000934 seconds, Stopping threads took: 0.0000169 seconds
[7999.027s][info ][safepoint      ] Application time: 1.0001254 seconds
[7999.027s][info ][safepoint      ] Entering safepoint region: Cleanup
[7999.027s][info ][safepoint      ] Leaving safepoint region
[7999.027s][info ][safepoint      ] Total time for which application threads were stopped: 0.0000806 seconds, Stopping threads took: 0.0000173 seconds
[8000.027s][info ][safepoint      ] Application time: 1.0000700 seconds
[8000.027s][info ][safepoint      ] Entering safepoint region: Cleanup
[8000.027s][info ][safepoint      ] Leaving safepoint region
[8000.027s][info ][safepoint      ] Total time for which application threads were stopped: 0.0001093 seconds, Stopping threads took: 0.0000466 seconds
[8001.027s][info ][safepoint      ] Application time: 1.0001358 seconds
[8001.027s][info ][safepoint      ] Entering safepoint region: Cleanup
[8001.027s][info ][safepoint      ] Leaving safepoint region
[8001.027s][info ][safepoint      ] Total time for which application threads were stopped: 0.0002723 seconds, Stopping threads took: 0.0002014 seconds
[8002.027s][info ][safepoint      ] Application time: 1.0000744 seconds
[8002.028s][info ][safepoint      ] Entering safepoint region: Cleanup
[8002.028s][info ][safepoint      ] Leaving safepoint region
[8002.028s][info ][safepoint      ] Total time for which application threads were stopped: 0.0001026 seconds, Stopping threads took: 0.0000183 seconds
[8003.028s][info ][safepoint      ] Application time: 1.0001186 seconds
[8003.028s][info ][safepoint      ] Entering safepoint region: Cleanup
[8003.028s][info ][safepoint      ] Leaving safepoint region
[8003.028s][info ][safepoint      ] Total time for which application threads were stopped: 0.0000825 seconds, Stopping threads took: 0.0000187 seconds
[8004.028s][info ][safepoint      ] Application time: 1.0000721 seconds
[8004.028s][info ][safepoint      ] Entering safepoint region: Cleanup
[8004.028s][info ][safepoint      ] Leaving safepoint region
[8004.028s][info ][safepoint      ] Total time for which application threads were stopped: 0.0001541 seconds, Stopping threads took: 0.0000811 seconds
[8005.028s][info ][safepoint      ] Application time: 1.0000938 seconds
[8005.028s][info ][safepoint      ] Entering safepoint region: Cleanup
[8005.028s][info ][safepoint      ] Leaving safepoint region
[8005.028s][info ][safepoint      ] Total time for which application threads were stopped: 0.0001102 seconds, Stopping threads took: 0.0000182 seconds
[8006.029s][info ][safepoint      ] Application time: 1.0001265 seconds
[8006.029s][info ][safepoint      ] Entering safepoint region: Cleanup
[8006.029s][info ][safepoint      ] Leaving safepoint region
[8006.029s][info ][safepoint      ] Total time for which application threads were stopped: 0.0001033 seconds, Stopping threads took: 0.0000172 seconds
[8007.029s][info ][safepoint      ] Application time: 1.0001172 seconds
[8007.029s][info ][safepoint      ] Entering safepoint region: Cleanup
[8007.029s][info ][safepoint      ] Leaving safepoint region
[8007.029s][info ][safepoint      ] Total time for which application threads were stopped: 0.0000892 seconds, Stopping threads took: 0.0000190 seconds
[8008.029s][info ][safepoint      ] Application time: 1.0000665 seconds
[8008.029s][info ][safepoint      ] Entering safepoint region: Cleanup
[8008.029s][info ][safepoint      ] Leaving safepoint region
[8008.029s][info ][safepoint      ] Total time for which application threads were stopped: 0.0001334 seconds, Stopping threads took: 0.0000203 seconds
[8009.029s][info ][safepoint      ] Application time: 1.0001051 seconds
[8009.029s][info ][safepoint      ] Entering safepoint region: Cleanup
[8009.029s][info ][safepoint      ] Leaving safepoint region
[8009.029s][info ][safepoint      ] Total time for which application threads were stopped: 0.0000825 seconds, Stopping threads took: 0.0000189 seconds
[8010.030s][info ][safepoint      ] Application time: 1.0000882 seconds
[8010.030s][info ][safepoint      ] Entering safepoint region: Cleanup
[8010.030s][info ][safepoint      ] Leaving safepoint region
[8010.030s][info ][safepoint      ] Total time for which application threads were stopped: 0.0000836 seconds, Stopping threads took: 0.0000188 seconds
[8011.030s][info ][safepoint      ] Application time: 1.0000790 seconds
[8011.030s][info ][safepoint      ] Entering safepoint region: Cleanup
[8011.030s][info ][safepoint      ] Leaving safepoint region
[8011.030s][info ][safepoint      ] Total time for which application threads were stopped: 0.0000891 seconds, Stopping threads took: 0.0000173 seconds
[8012.030s][info ][safepoint      ] Application time: 1.0001791 seconds
[8012.030s][info ][safepoint      ] Entering safepoint region: Cleanup
[8012.030s][info ][safepoint      ] Leaving safepoint region
[8012.030s][info ][safepoint      ] Total time for which application threads were stopped: 0.0000948 seconds, Stopping threads took: 0.0000239 seconds
[8013.030s][info ][safepoint      ] Application time: 1.0001293 seconds
[8013.030s][info ][safepoint      ] Entering safepoint region: Cleanup
[8013.031s][info ][safepoint      ] Leaving safepoint region
[8013.031s][info ][safepoint      ] Total time for which application threads were stopped: 0.0000869 seconds, Stopping threads took: 0.0000202 seconds
[8013.455s][info ][safepoint      ] Application time: 0.4241380 seconds
[8013.455s][info ][safepoint      ] Entering safepoint region: ParallelGCFailedAllocation
[8013.455s][info ][gc,start       ] GC(350) Pause Young (Allocation Failure)
[8013.471s][debug][gc,phases      ] GC(350) Scavenge 15.783ms
[8013.471s][debug][gc,ref         ] GC(350) Skipped phase1 of Reference Processing due to unavailable references
[8013.471s][debug][gc,ref         ] GC(350) Skipped phase3 of Reference Processing due to unavailable references
[8013.471s][debug][gc,phases      ] GC(350) Reference Processing 0.040ms
[8013.471s][debug][gc,phases      ] GC(350) Weak Processing 0.122ms
[8013.471s][debug][gc,phases      ] GC(350) Scrub String Table 0.446ms
[8013.471s][debug][gc,age         ] GC(350) Desired survivor size 76546048 bytes, new threshold 15 (max threshold 15)
[8013.471s][info ][gc,heap        ] GC(350) PSYoungGen: 1993968K->45104K(1994240K)
[8013.471s][info ][gc,heap        ] GC(350) ParOldGen: 574866K->575198K(599552K)
[8013.471s][info ][gc,metaspace   ] GC(350) Metaspace: 75722K->75722K(1118208K)
[8013.471s][info ][gc             ] GC(350) Pause Young (Allocation Failure) 2508M->605M(2533M) 16.558ms
[8013.471s][info ][gc,cpu         ] GC(350) User=0.06s Sys=0.00s Real=0.01s
[8013.471s][info ][safepoint      ] Leaving safepoint region
[8013.471s][info ][safepoint      ] Total time for which application threads were stopped: 0.0167734 seconds, Stopping threads took: 0.0000418 seconds
[8014.472s][info ][safepoint      ] Application time: 1.0000799 seconds
[8014.472s][info ][safepoint      ] Entering safepoint region: Cleanup
[8014.473s][info ][safepoint      ] Leaving safepoint region
[8014.473s][info ][safepoint      ] Total time for which application threads were stopped: 0.0010644 seconds, Stopping threads took: 0.0000454 seconds
[8015.473s][info ][safepoint      ] Application time: 1.0001380 seconds
[8015.473s][info ][safepoint      ] Entering safepoint region: Cleanup
[8015.473s][info ][safepoint      ] Leaving safepoint region
[8015.473s][info ][safepoint      ] Total time for which application threads were stopped: 0.0001450 seconds, Stopping threads took: 0.0000726 seconds
[8016.473s][info ][safepoint      ] Application time: 1.0001093 seconds
[8016.473s][info ][safepoint      ] Entering safepoint region: Cleanup
[8016.473s][info ][safepoint      ] Leaving safepoint region
[8016.473s][info ][safepoint      ] Total time for which application threads were stopped: 0.0000993 seconds, Stopping threads took: 0.0000190 seconds
[8016.865s][info ][safepoint      ] Application time: 0.3913829 seconds
[8016.865s][info ][safepoint      ] Entering safepoint region: RevokeBias
[8016.865s][info ][safepoint      ] Leaving safepoint region
[8016.865s][info ][safepoint      ] Total time for which application threads were stopped: 0.0002098 seconds, Stopping threads took: 0.0000648 seconds
[8017.865s][info ][safepoint      ] Application time: 1.0001474 seconds
[8017.865s][info ][safepoint      ] Entering safepoint region: Cleanup
[8017.865s][info ][safepoint      ] Leaving safepoint region
[8017.865s][info ][safepoint      ] Total time for which application threads were stopped: 0.0001339 seconds, Stopping threads took: 0.0000633 seconds
[8018.866s][info ][safepoint      ] Application time: 1.0001218 seconds
[8018.866s][info ][safepoint      ] Entering safepoint region: Cleanup
[8018.866s][info ][safepoint      ] Leaving safepoint region
[8018.866s][info ][safepoint      ] Total time for which application threads were stopped: 0.0001142 seconds, Stopping threads took: 0.0000402 seconds
[8019.866s][info ][safepoint      ] Application time: 1.0000974 seconds
[8019.866s][info ][safepoint      ] Entering safepoint region: Cleanup
[8019.866s][info ][safepoint      ] Leaving safepoint region
[8019.866s][info ][safepoint      ] Total time for which application threads were stopped: 0.0001465 seconds, Stopping threads took: 0.0000437 seconds
[8020.866s][info ][safepoint      ] Application time: 1.0000898 seconds
[8020.866s][info ][safepoint      ] Entering safepoint region: Cleanup
[8020.866s][info ][safepoint      ] Leaving safepoint region
[8020.866s][info ][safepoint      ] Total time for which application threads were stopped: 0.0001582 seconds, Stopping threads took: 0.0000864 seconds
[8021.866s][info ][safepoint      ] Application time: 1.0001683 seconds
[8021.867s][info ][safepoint      ] Entering safepoint region: Cleanup
[8021.867s][info ][safepoint      ] Leaving safepoint region
[8021.867s][info ][safepoint      ] Total time for which application threads were stopped: 0.0001421 seconds, Stopping threads took: 0.0000619 seconds
[8022.867s][info ][safepoint      ] Application time: 1.0001043 seconds
[8022.867s][info ][safepoint      ] Entering safepoint region: Cleanup
[8022.867s][info ][safepoint      ] Leaving safepoint region
[8022.867s][info ][safepoint      ] Total time for which application threads were stopped: 0.0001134 seconds, Stopping threads took: 0.0000424 seconds
[8023.867s][info ][safepoint      ] Application time: 1.0000901 seconds
[8023.867s][info ][safepoint      ] Entering safepoint region: Cleanup
[8023.867s][info ][safepoint      ] Leaving safepoint region
[8023.867s][info ][safepoint      ] Total time for which application threads were stopped: 0.0002195 seconds, Stopping threads took: 0.0001221 seconds
[8024.867s][info ][safepoint      ] Application time: 1.0001629 seconds
[8024.868s][info ][safepoint      ] Entering safepoint region: Cleanup
[8024.868s][info ][safepoint      ] Leaving safepoint region
[8024.868s][info ][safepoint      ] Total time for which application threads were stopped: 0.0001849 seconds, Stopping threads took: 0.0001172 seconds
[8025.868s][info ][safepoint      ] Application time: 1.0000851 seconds
[8025.868s][info ][safepoint      ] Entering safepoint region: Cleanup
[8025.868s][info ][safepoint      ] Leaving safepoint region
[8025.868s][info ][safepoint      ] Total time for which application threads were stopped: 0.0001231 seconds, Stopping threads took: 0.0000548 seconds
[8026.868s][info ][safepoint      ] Application time: 1.0001231 seconds
[8026.868s][info ][safepoint      ] Entering safepoint region: Cleanup
[8026.868s][info ][safepoint      ] Leaving safepoint region
[8026.868s][info ][safepoint      ] Total time for which application threads were stopped: 0.0001380 seconds, Stopping threads took: 0.0000674 seconds
[8027.868s][info ][safepoint      ] Application time: 1.0001757 seconds
[8027.868s][info ][safepoint      ] Entering safepoint region: Cleanup
[8027.869s][info ][safepoint      ] Leaving safepoint region
[8027.869s][info ][safepoint      ] Total time for which application threads were stopped: 0.0001140 seconds, Stopping threads took: 0.0000434 seconds
[8028.869s][info ][safepoint      ] Application time: 1.0000913 seconds
[8028.869s][info ][safepoint      ] Entering safepoint region: Cleanup
[8028.869s][info ][safepoint      ] Leaving safepoint region
[8028.869s][info ][safepoint      ] Total time for which application threads were stopped: 0.0001340 seconds, Stopping threads took: 0.0000503 seconds
[8029.869s][info ][safepoint      ] Application time: 1.0000777 seconds
[8029.869s][info ][safepoint      ] Entering safepoint region: Cleanup
[8029.869s][info ][safepoint      ] Leaving safepoint region
[8029.869s][info ][safepoint      ] Total time for which application threads were stopped: 0.0001522 seconds, Stopping threads took: 0.0000671 seconds
[8030.723s][info ][safepoint      ] Application time: 0.8538355 seconds
[8030.723s][info ][safepoint      ] Entering safepoint region: ParallelGCFailedAllocation
[8030.723s][info ][gc,start       ] GC(351) Pause Young (Allocation Failure)
[8030.739s][debug][gc,phases      ] GC(351) Scavenge 16.301ms
[8030.740s][debug][gc,ref         ] GC(351) Skipped phase1 of Reference Processing due to unavailable references
[8030.740s][debug][gc,ref         ] GC(351) Skipped phase3 of Reference Processing due to unavailable references
[8030.740s][debug][gc,phases      ] GC(351) Reference Processing 0.037ms
[8030.740s][debug][gc,phases      ] GC(351) Weak Processing 0.193ms
[8030.740s][debug][gc,phases      ] GC(351) Scrub String Table 0.474ms
[8030.740s][debug][gc,age         ] GC(351) Desired survivor size 77070336 bytes, new threshold 15 (max threshold 15)
[8030.740s][info ][gc,heap        ] GC(351) PSYoungGen: 1993776K->45536K(2021376K)
[8030.740s][info ][gc,heap        ] GC(351) ParOldGen: 575198K->575386K(599552K)
[8030.740s][info ][gc,metaspace   ] GC(351) Metaspace: 75723K->75723K(1118208K)
[8030.740s][info ][gc             ] GC(351) Pause Young (Allocation Failure) 2508M->606M(2559M) 17.159ms
[8030.740s][info ][gc,cpu         ] GC(351) User=0.06s Sys=0.00s Real=0.01s
[8030.740s][info ][safepoint      ] Leaving safepoint region
[8030.740s][info ][safepoint      ] Total time for which application threads were stopped: 0.0173628 seconds, Stopping threads took: 0.0000403 seconds
[8031.740s][info ][safepoint      ] Application time: 1.0001352 seconds
[8031.741s][info ][safepoint      ] Entering safepoint region: Cleanup
[8031.741s][info ][safepoint      ] Leaving safepoint region
[8031.741s][info ][safepoint      ] Total time for which application threads were stopped: 0.0001190 seconds, Stopping threads took: 0.0000397 seconds
[8032.741s][info ][safepoint      ] Application time: 1.0001165 seconds
[8032.741s][info ][safepoint      ] Entering safepoint region: Cleanup
[8032.741s][info ][safepoint      ] Leaving safepoint region
[8032.741s][info ][safepoint      ] Total time for which application threads were stopped: 0.0000860 seconds, Stopping threads took: 0.0000208 seconds
[8033.741s][info ][safepoint      ] Application time: 1.0001573 seconds
[8033.741s][info ][safepoint      ] Entering safepoint region: Cleanup
[8033.741s][info ][safepoint      ] Leaving safepoint region
[8033.741s][info ][safepoint      ] Total time for which application threads were stopped: 0.0002180 seconds, Stopping threads took: 0.0000158 seconds
[8038.742s][info ][safepoint      ] Application time: 5.0005139 seconds
[8038.742s][info ][safepoint      ] Entering safepoint region: Cleanup
[8038.742s][info ][safepoint      ] Leaving safepoint region
[8038.742s][info ][safepoint      ] Total time for which application threads were stopped: 0.0000854 seconds, Stopping threads took: 0.0000194 seconds
[8039.742s][info ][safepoint      ] Application time: 1.0000565 seconds
[8039.742s][info ][safepoint      ] Entering safepoint region: Cleanup
[8039.742s][info ][safepoint      ] Leaving safepoint region
[8039.742s][info ][safepoint      ] Total time for which application threads were stopped: 0.0000859 seconds, Stopping threads took: 0.0000203 seconds
[8040.742s][info ][safepoint      ] Application time: 1.0000748 seconds
[8040.742s][info ][safepoint      ] Entering safepoint region: Cleanup
[8040.742s][info ][safepoint      ] Leaving safepoint region
[8040.742s][info ][safepoint      ] Total time for which application threads were stopped: 0.0001176 seconds, Stopping threads took: 0.0000349 seconds
[8041.742s][info ][safepoint      ] Application time: 1.0000817 seconds
[8041.742s][info ][safepoint      ] Entering safepoint region: Cleanup
[8041.743s][info ][safepoint      ] Leaving safepoint region
[8041.743s][info ][safepoint      ] Total time for which application threads were stopped: 0.0000854 seconds, Stopping threads took: 0.0000180 seconds
[8042.743s][info ][safepoint      ] Application time: 1.0000935 seconds
[8042.743s][info ][safepoint      ] Entering safepoint region: Cleanup
[8042.743s][info ][safepoint      ] Leaving safepoint region
[8042.743s][info ][safepoint      ] Total time for which application threads were stopped: 0.0000827 seconds, Stopping threads took: 0.0000177 seconds
[8043.743s][info ][safepoint      ] Application time: 1.0001152 seconds
[8043.743s][info ][safepoint      ] Entering safepoint region: Cleanup
[8043.743s][info ][safepoint      ] Leaving safepoint region
[8043.743s][info ][safepoint      ] Total time for which application threads were stopped: 0.0000829 seconds, Stopping threads took: 0.0000188 seconds
[8044.743s][info ][safepoint      ] Application time: 1.0001011 seconds
[8044.743s][info ][safepoint      ] Entering safepoint region: Cleanup
[8044.743s][info ][safepoint      ] Leaving safepoint region
[8044.743s][info ][safepoint      ] Total time for which application threads were stopped: 0.0000803 seconds, Stopping threads took: 0.0000171 seconds
[8045.743s][info ][safepoint      ] Application time: 1.0000845 seconds
[8045.743s][info ][safepoint      ] Entering safepoint region: Cleanup
[8045.743s][info ][safepoint      ] Leaving safepoint region
[8045.743s][info ][safepoint      ] Total time for which application threads were stopped: 0.0000827 seconds, Stopping threads took: 0.0000180 seconds
[8046.744s][info ][safepoint      ] Application time: 1.0000503 seconds
[8046.744s][info ][safepoint      ] Entering safepoint region: Cleanup
[8046.744s][info ][safepoint      ] Leaving safepoint region
[8046.744s][info ][safepoint      ] Total time for which application threads were stopped: 0.0001413 seconds, Stopping threads took: 0.0000192 seconds
[8046.954s][info ][safepoint      ] Application time: 0.2105432 seconds
[8046.954s][info ][safepoint      ] Entering safepoint region: ParallelGCFailedAllocation
[8046.955s][info ][gc,start       ] GC(352) Pause Young (Allocation Failure)
[8046.971s][debug][gc,phases      ] GC(352) Scavenge 16.271ms
[8046.971s][debug][gc,ref         ] GC(352) Skipped phase1 of Reference Processing due to unavailable references
[8046.971s][debug][gc,ref         ] GC(352) Skipped phase3 of Reference Processing due to unavailable references
[8046.971s][debug][gc,phases      ] GC(352) Reference Processing 0.039ms
[8046.971s][debug][gc,phases      ] GC(352) Weak Processing 0.253ms
[8046.972s][debug][gc,phases      ] GC(352) Scrub String Table 0.756ms
[8046.972s][debug][gc,age         ] GC(352) Desired survivor size 76546048 bytes, new threshold 15 (max threshold 15)
[8046.972s][info ][gc,heap        ] GC(352) PSYoungGen: 1992160K->49456K(2021888K)
[8046.972s][info ][gc,heap        ] GC(352) ParOldGen: 575386K->575470K(599552K)
[8046.972s][info ][gc,metaspace   ] GC(352) Metaspace: 75727K->75727K(1118208K)
[8046.972s][info ][gc             ] GC(352) Pause Young (Allocation Failure) 2507M->610M(2560M) 17.476ms
[8046.972s][info ][gc,cpu         ] GC(352) User=0.07s Sys=0.00s Real=0.01s
[8046.972s][info ][safepoint      ] Leaving safepoint region
[8046.972s][info ][safepoint      ] Total time for which application threads were stopped: 0.0177406 seconds, Stopping threads took: 0.0000631 seconds
[8047.972s][info ][safepoint      ] Application time: 1.0001382 seconds
[8047.972s][info ][safepoint      ] Entering safepoint region: Cleanup
[8047.972s][info ][safepoint      ] Leaving safepoint region
[8047.972s][info ][safepoint      ] Total time for which application threads were stopped: 0.0001204 seconds, Stopping threads took: 0.0000444 seconds
[8048.972s][info ][safepoint      ] Application time: 1.0000834 seconds
[8048.973s][info ][safepoint      ] Entering safepoint region: Cleanup
[8048.973s][info ][safepoint      ] Leaving safepoint region
[8048.973s][info ][safepoint      ] Total time for which application threads were stopped: 0.0001762 seconds, Stopping threads took: 0.0000976 seconds
[8049.973s][info ][safepoint      ] Application time: 1.0001286 seconds
[8049.973s][info ][safepoint      ] Entering safepoint region: Cleanup
[8049.973s][info ][safepoint      ] Leaving safepoint region
[8049.973s][info ][safepoint      ] Total time for which application threads were stopped: 0.0001732 seconds, Stopping threads took: 0.0000414 seconds
[8050.973s][info ][safepoint      ] Application time: 1.0001584 seconds
[8050.973s][info ][safepoint      ] Entering safepoint region: Cleanup
[8050.973s][info ][safepoint      ] Leaving safepoint region
[8050.973s][info ][safepoint      ] Total time for which application threads were stopped: 0.0001663 seconds, Stopping threads took: 0.0000443 seconds
[8051.974s][info ][safepoint      ] Application time: 1.0001385 seconds
[8051.974s][info ][safepoint      ] Entering safepoint region: Cleanup
[8051.974s][info ][safepoint      ] Leaving safepoint region
[8051.974s][info ][safepoint      ] Total time for which application threads were stopped: 0.0001252 seconds, Stopping threads took: 0.0000553 seconds
[8052.974s][info ][safepoint      ] Application time: 1.0001102 seconds
[8052.974s][info ][safepoint      ] Entering safepoint region: Cleanup
[8052.974s][info ][safepoint      ] Leaving safepoint region
[8052.974s][info ][safepoint      ] Total time for which application threads were stopped: 0.0001075 seconds, Stopping threads took: 0.0000385 seconds
[8053.974s][info ][safepoint      ] Application time: 1.0000879 seconds
[8053.974s][info ][safepoint      ] Entering safepoint region: Cleanup
[8053.974s][info ][safepoint      ] Leaving safepoint region
[8053.974s][info ][safepoint      ] Total time for which application threads were stopped: 0.0001410 seconds, Stopping threads took: 0.0000570 seconds
[8054.974s][info ][safepoint      ] Application time: 1.0000909 seconds
[8054.974s][info ][safepoint      ] Entering safepoint region: Cleanup
[8054.975s][info ][safepoint      ] Leaving safepoint region
[8054.975s][info ][safepoint      ] Total time for which application threads were stopped: 0.0001336 seconds, Stopping threads took: 0.0000590 seconds
[8055.975s][info ][safepoint      ] Application time: 1.0000327 seconds
[8055.975s][info ][safepoint      ] Entering safepoint region: Cleanup
[8055.975s][info ][safepoint      ] Leaving safepoint region
[8055.975s][info ][safepoint      ] Total time for which application threads were stopped: 0.0001258 seconds, Stopping threads took: 0.0000541 seconds
[8056.975s][info ][safepoint      ] Application time: 1.0001369 seconds
[8056.975s][info ][safepoint      ] Entering safepoint region: Cleanup
[8056.975s][info ][safepoint      ] Leaving safepoint region
[8056.975s][info ][safepoint      ] Total time for which application threads were stopped: 0.0000875 seconds, Stopping threads took: 0.0000180 seconds
[8057.975s][info ][safepoint      ] Application time: 1.0001432 seconds
[8057.975s][info ][safepoint      ] Entering safepoint region: Cleanup
[8057.975s][info ][safepoint      ] Leaving safepoint region
[8057.975s][info ][safepoint      ] Total time for which application threads were stopped: 0.0000805 seconds, Stopping threads took: 0.0000183 seconds
[8058.975s][info ][safepoint      ] Application time: 1.0000892 seconds
[8058.975s][info ][safepoint      ] Entering safepoint region: Cleanup
[8058.976s][info ][safepoint      ] Leaving safepoint region
[8058.976s][info ][safepoint      ] Total time for which application threads were stopped: 0.0001235 seconds, Stopping threads took: 0.0000195 seconds
[8059.976s][info ][safepoint      ] Application time: 1.0001244 seconds
[8059.976s][info ][safepoint      ] Entering safepoint region: Cleanup
[8059.976s][info ][safepoint      ] Leaving safepoint region
[8059.976s][info ][safepoint      ] Total time for which application threads were stopped: 0.0000792 seconds, Stopping threads took: 0.0000175 seconds
[8060.976s][info ][safepoint      ] Application time: 1.0000921 seconds
[8060.976s][info ][safepoint      ] Entering safepoint region: Cleanup
[8060.976s][info ][safepoint      ] Leaving safepoint region
[8060.976s][info ][safepoint      ] Total time for which application threads were stopped: 0.0000870 seconds, Stopping threads took: 0.0000185 seconds
[8061.804s][info ][safepoint      ] Application time: 0.8282635 seconds
[8061.804s][info ][safepoint      ] Entering safepoint region: ParallelGCFailedAllocation
[8061.805s][info ][gc,start       ] GC(353) Pause Young (Allocation Failure)
[8061.821s][debug][gc,phases      ] GC(353) Scavenge 16.533ms
[8061.821s][debug][gc,ref         ] GC(353) Skipped phase1 of Reference Processing due to unavailable references
[8061.821s][debug][gc,ref         ] GC(353) Skipped phase3 of Reference Processing due to unavailable references
[8061.821s][debug][gc,phases      ] GC(353) Reference Processing 0.039ms
[8061.822s][debug][gc,phases      ] GC(353) Weak Processing 0.260ms
[8061.822s][debug][gc,phases      ] GC(353) Scrub String Table 0.798ms
[8061.822s][debug][gc,age         ] GC(353) Desired survivor size 75497472 bytes, new threshold 15 (max threshold 15)
[8061.822s][info ][gc,heap        ] GC(353) PSYoungGen: 1996080K->49584K(2023424K)
[8061.822s][info ][gc,heap        ] GC(353) ParOldGen: 575470K->575830K(599552K)
[8061.822s][info ][gc,metaspace   ] GC(353) Metaspace: 75754K->75754K(1118208K)
[8061.822s][info ][gc             ] GC(353) Pause Young (Allocation Failure) 2511M->610M(2561M) 17.788ms
[8061.822s][info ][gc,cpu         ] GC(353) User=0.07s Sys=0.00s Real=0.02s
[8061.822s][info ][safepoint      ] Leaving safepoint region
[8061.822s][info ][safepoint      ] Total time for which application threads were stopped: 0.0181499 seconds, Stopping threads took: 0.0001512 seconds
[8062.823s][info ][safepoint      ] Application time: 1.0000938 seconds
[8062.823s][info ][safepoint      ] Entering safepoint region: Cleanup
[8062.823s][info ][safepoint      ] Leaving safepoint region
[8062.823s][info ][safepoint      ] Total time for which application threads were stopped: 0.0001259 seconds, Stopping threads took: 0.0000429 seconds
[8063.823s][info ][safepoint      ] Application time: 1.0001550 seconds
[8063.823s][info ][safepoint      ] Entering safepoint region: Cleanup
[8063.823s][info ][safepoint      ] Leaving safepoint region
[8063.823s][info ][safepoint      ] Total time for which application threads were stopped: 0.0001115 seconds, Stopping threads took: 0.0000420 seconds
[8064.823s][info ][safepoint      ] Application time: 1.0000938 seconds
[8064.823s][info ][safepoint      ] Entering safepoint region: Cleanup
[8064.823s][info ][safepoint      ] Leaving safepoint region
[8064.823s][info ][safepoint      ] Total time for which application threads were stopped: 0.0001395 seconds, Stopping threads took: 0.0000395 seconds
[8074.824s][info ][safepoint      ] Application time: 10.0009796 seconds
[8074.824s][info ][safepoint      ] Entering safepoint region: Cleanup
[8074.825s][info ][safepoint      ] Leaving safepoint region
[8074.825s][info ][safepoint      ] Total time for which application threads were stopped: 0.0003541 seconds, Stopping threads took: 0.0000183 seconds
[8077.287s][info ][safepoint      ] Application time: 2.4625752 seconds
[8077.287s][info ][safepoint      ] Entering safepoint region: ParallelGCFailedAllocation
[8077.287s][info ][gc,start       ] GC(354) Pause Young (Allocation Failure)
[8077.306s][debug][gc,phases      ] GC(354) Scavenge 18.671ms
[8077.306s][debug][gc,ref         ] GC(354) Skipped phase1 of Reference Processing due to unavailable references
[8077.306s][debug][gc,ref         ] GC(354) Skipped phase3 of Reference Processing due to unavailable references
[8077.306s][debug][gc,phases      ] GC(354) Reference Processing 0.041ms
[8077.306s][debug][gc,phases      ] GC(354) Weak Processing 0.123ms
[8077.307s][debug][gc,phases      ] GC(354) Scrub String Table 0.451ms
[8077.307s][debug][gc,age         ] GC(354) Desired survivor size 76021760 bytes, new threshold 15 (max threshold 15)
[8077.307s][info ][gc,heap        ] GC(354) PSYoungGen: 1998256K->41760K(2022400K)
[8077.307s][info ][gc,heap        ] GC(354) ParOldGen: 575830K->584400K(599552K)
[8077.307s][info ][gc,metaspace   ] GC(354) Metaspace: 75754K->75754K(1118208K)
[8077.307s][info ][gc             ] GC(354) Pause Young (Allocation Failure) 2513M->611M(2560M) 19.468ms
[8077.307s][info ][gc,cpu         ] GC(354) User=0.06s Sys=0.01s Real=0.02s
[8077.307s][info ][safepoint      ] Leaving safepoint region
[8077.307s][info ][safepoint      ] Total time for which application threads were stopped: 0.0196787 seconds, Stopping threads took: 0.0000500 seconds
[8080.307s][info ][safepoint      ] Application time: 3.0003749 seconds
[8080.307s][info ][safepoint      ] Entering safepoint region: Cleanup
[8080.308s][info ][safepoint      ] Leaving safepoint region
[8080.308s][info ][safepoint      ] Total time for which application threads were stopped: 0.0001259 seconds, Stopping threads took: 0.0000424 seconds
[8081.308s][info ][safepoint      ] Application time: 1.0000901 seconds
[8081.308s][info ][safepoint      ] Entering safepoint region: Cleanup
[8081.308s][info ][safepoint      ] Leaving safepoint region
[8081.308s][info ][safepoint      ] Total time for which application threads were stopped: 0.0001279 seconds, Stopping threads took: 0.0000530 seconds
[8082.308s][info ][safepoint      ] Application time: 1.0001120 seconds
[8082.308s][info ][safepoint      ] Entering safepoint region: Cleanup
[8082.308s][info ][safepoint      ] Leaving safepoint region
[8082.308s][info ][safepoint      ] Total time for which application threads were stopped: 0.0001454 seconds, Stopping threads took: 0.0000578 seconds
[8093.008s][info ][safepoint      ] Application time: 10.6996459 seconds
[8093.008s][info ][safepoint      ] Entering safepoint region: ParallelGCFailedAllocation
[8093.008s][info ][gc,start       ] GC(355) Pause Young (Allocation Failure)
[8093.023s][debug][gc,phases      ] GC(355) Scavenge 15.195ms
[8093.023s][debug][gc,ref         ] GC(355) Skipped phase1 of Reference Processing due to unavailable references
[8093.023s][debug][gc,ref         ] GC(355) Skipped phase3 of Reference Processing due to unavailable references
[8093.023s][debug][gc,phases      ] GC(355) Reference Processing 0.037ms
[8093.024s][debug][gc,phases      ] GC(355) Weak Processing 0.254ms
[8093.024s][debug][gc,phases      ] GC(355) Scrub String Table 0.699ms
[8093.024s][debug][gc,age         ] GC(355) Desired survivor size 76546048 bytes, new threshold 15 (max threshold 15)
[8093.024s][info ][gc,heap        ] GC(355) PSYoungGen: 1990432K->39184K(2021888K)
[8093.024s][info ][gc,heap        ] GC(355) ParOldGen: 584400K->587337K(599552K)
[8093.024s][info ][gc,metaspace   ] GC(355) Metaspace: 75765K->75765K(1118208K)
[8093.024s][info ][gc             ] GC(355) Pause Young (Allocation Failure) 2514M->611M(2560M) 16.345ms
[8093.024s][info ][gc,cpu         ] GC(355) User=0.06s Sys=0.00s Real=0.02s
[8093.024s][info ][safepoint      ] Leaving safepoint region
[8093.024s][info ][safepoint      ] Total time for which application threads were stopped: 0.0165611 seconds, Stopping threads took: 0.0000577 seconds
[8094.024s][info ][safepoint      ] Application time: 1.0001069 seconds
[8094.025s][info ][safepoint      ] Entering safepoint region: Cleanup
[8094.026s][info ][safepoint      ] Leaving safepoint region
[8094.026s][info ][safepoint      ] Total time for which application threads were stopped: 0.0010368 seconds, Stopping threads took: 0.0009518 seconds
[8098.144s][info ][safepoint      ] Application time: 4.1188619 seconds
[8098.144s][info ][safepoint      ] Entering safepoint region: BulkRevokeBias
[8098.145s][info ][safepoint      ] Leaving safepoint region
[8098.145s][info ][safepoint      ] Total time for which application threads were stopped: 0.0002760 seconds, Stopping threads took: 0.0000177 seconds
[8103.145s][info ][safepoint      ] Application time: 5.0004254 seconds
[8103.145s][info ][safepoint      ] Entering safepoint region: Cleanup
[8103.145s][info ][safepoint      ] Leaving safepoint region
[8103.145s][info ][safepoint      ] Total time for which application threads were stopped: 0.0000872 seconds, Stopping threads took: 0.0000192 seconds
[8108.456s][info ][safepoint      ] Application time: 5.3106450 seconds
[8108.456s][info ][safepoint      ] Entering safepoint region: ParallelGCFailedAllocation
[8108.456s][info ][gc,start       ] GC(356) Pause Young (Allocation Failure)
[8108.471s][debug][gc,phases      ] GC(356) Scavenge 14.906ms
[8108.471s][debug][gc,ref         ] GC(356) Skipped phase1 of Reference Processing due to unavailable references
[8108.471s][debug][gc,ref         ] GC(356) Skipped phase3 of Reference Processing due to unavailable references
[8108.471s][debug][gc,phases      ] GC(356) Reference Processing 0.035ms
[8108.471s][debug][gc,phases      ] GC(356) Weak Processing 0.246ms
[8108.472s][debug][gc,phases      ] GC(356) Scrub String Table 0.802ms
[8108.472s][debug][gc,age         ] GC(356) Desired survivor size 77070336 bytes, new threshold 15 (max threshold 15)
[8108.472s][info ][gc,heap        ] GC(356) PSYoungGen: 1986832K->35968K(1984000K)
[8108.472s][info ][gc,heap        ] GC(356) ParOldGen: 587337K->591230K(599552K)
[8108.472s][info ][gc,metaspace   ] GC(356) Metaspace: 75769K->75769K(1118208K)
[8108.472s][info ][gc             ] GC(356) Pause Young (Allocation Failure) 2513M->612M(2523M) 16.148ms
[8108.472s][info ][gc,cpu         ] GC(356) User=0.06s Sys=0.00s Real=0.01s
[8108.472s][debug][gc,phases      ] GC(357) Pre Compact 0.012ms
[8108.472s][info ][gc,start       ] GC(357) Pause Full (Ergonomics)
[8108.472s][info ][gc,phases,start] GC(357) Marking Phase
[8108.671s][debug][gc,phases      ] GC(357) Par Mark 198.675ms
[8108.672s][debug][gc,ref         ] GC(357) Skipped phase3 of Reference Processing due to unavailable references
[8108.672s][debug][gc,phases      ] GC(357) Reference Processing 0.473ms
[8108.672s][debug][gc,phases      ] GC(357) Weak Processing 0.146ms
[8108.673s][debug][gc,phases      ] GC(357) ClassLoaderData 0.575ms
[8108.673s][debug][gc,phases      ] GC(357) ProtectionDomainCacheTable 0.003ms
[8108.673s][debug][gc,phases      ] GC(357) ResolvedMethodTable 0.223ms
[8108.682s][debug][gc,phases      ] GC(357) Class Unloading 10.331ms
[8108.683s][debug][gc,phases      ] GC(357) Scrub String Table 0.501ms
[8108.689s][debug][gc,phases      ] GC(357) Scrub Symbol Table 5.785ms
[8108.689s][info ][gc,phases      ] GC(357) Marking Phase 216.340ms
[8108.689s][info ][gc,phases,start] GC(357) Summary Phase
[8108.689s][info ][gc,phases      ] GC(357) Summary Phase 0.033ms
[8108.689s][info ][gc,phases,start] GC(357) Adjust Roots
[8108.712s][info ][gc,phases      ] GC(357) Adjust Roots 22.694ms
[8108.712s][info ][gc,phases,start] GC(357) Compaction Phase
[8108.800s][info ][gc,phases      ] GC(357) Compaction Phase 87.978ms
[8108.800s][info ][gc,phases,start] GC(357) Post Compact
[8108.804s][info ][gc,phases      ] GC(357) Post Compact 3.922ms
[8108.804s][info ][gc,heap        ] GC(357) PSYoungGen: 35968K->0K(2021888K)
[8108.804s][info ][gc,heap        ] GC(357) ParOldGen: 591230K->388829K(637440K)
[8108.804s][info ][gc,metaspace   ] GC(357) Metaspace: 75769K->75769K(1118208K)
[8108.804s][info ][gc             ] GC(357) Pause Full (Ergonomics) 612M->379M(2597M) 331.311ms
[8108.804s][info ][gc,cpu         ] GC(357) User=1.18s Sys=0.01s Real=0.34s
[8108.804s][info ][safepoint      ] Leaving safepoint region
[8108.804s][info ][safepoint      ] Total time for which application threads were stopped: 0.3478183 seconds, Stopping threads took: 0.0001183 seconds
[8109.804s][info ][safepoint      ] Application time: 1.0000927 seconds
[8109.804s][info ][safepoint      ] Entering safepoint region: Cleanup
[8109.804s][info ][safepoint      ] Leaving safepoint region
[8109.804s][info ][safepoint      ] Total time for which application threads were stopped: 0.0001923 seconds, Stopping threads took: 0.0000949 seconds
[8114.806s][info ][safepoint      ] Application time: 5.0014290 seconds
[8114.806s][info ][safepoint      ] Entering safepoint region: Cleanup
[8114.806s][info ][safepoint      ] Leaving safepoint region
[8114.806s][info ][safepoint      ] Total time for which application threads were stopped: 0.0001685 seconds, Stopping threads took: 0.0000857 seconds
[8117.806s][info ][safepoint      ] Application time: 3.0002757 seconds
[8117.806s][info ][safepoint      ] Entering safepoint region: Cleanup
[8117.806s][info ][safepoint      ] Leaving safepoint region
[8117.806s][info ][safepoint      ] Total time for which application threads were stopped: 0.0001367 seconds, Stopping threads took: 0.0000445 seconds
[8118.806s][info ][safepoint      ] Application time: 1.0000379 seconds
[8118.806s][info ][safepoint      ] Entering safepoint region: Cleanup
[8118.806s][info ][safepoint      ] Leaving safepoint region
[8118.806s][info ][safepoint      ] Total time for which application threads were stopped: 0.0001325 seconds, Stopping threads took: 0.0000516 seconds
[8122.305s][info ][safepoint      ] Application time: 3.4982874 seconds
[8122.305s][info ][safepoint      ] Entering safepoint region: ParallelGCFailedAllocation
[8122.305s][info ][gc,start       ] GC(358) Pause Young (Allocation Failure)
[8122.310s][debug][gc,phases      ] GC(358) Scavenge 5.023ms
[8122.310s][debug][gc,ref         ] GC(358) Skipped phase1 of Reference Processing due to unavailable references
[8122.310s][debug][gc,ref         ] GC(358) Skipped phase3 of Reference Processing due to unavailable references
[8122.310s][debug][gc,phases      ] GC(358) Reference Processing 0.048ms
[8122.310s][debug][gc,phases      ] GC(358) Weak Processing 0.114ms
[8122.311s][debug][gc,phases      ] GC(358) Scrub String Table 0.415ms
[8122.311s][debug][gc,age         ] GC(358) Desired survivor size 82313216 bytes, new threshold 15 (max threshold 15)
[8122.311s][info ][gc,heap        ] GC(358) PSYoungGen: 1946624K->5680K(1952768K)
[8122.311s][info ][gc,heap        ] GC(358) ParOldGen: 388829K->388837K(637440K)
[8122.311s][info ][gc,metaspace   ] GC(358) Metaspace: 75781K->75781K(1118208K)
[8122.311s][info ][gc             ] GC(358) Pause Young (Allocation Failure) 2280M->385M(2529M) 5.741ms
[8122.311s][info ][gc,cpu         ] GC(358) User=0.02s Sys=0.00s Real=0.00s
[8122.311s][info ][safepoint      ] Leaving safepoint region
[8122.311s][info ][safepoint      ] Total time for which application threads were stopped: 0.0060073 seconds, Stopping threads took: 0.0000724 seconds
[8124.311s][info ][safepoint      ] Application time: 2.0002352 seconds
[8124.311s][info ][safepoint      ] Entering safepoint region: Cleanup
[8124.311s][info ][safepoint      ] Leaving safepoint region
[8124.311s][info ][safepoint      ] Total time for which application threads were stopped: 0.0001394 seconds, Stopping threads took: 0.0000588 seconds
[8128.312s][info ][safepoint      ] Application time: 4.0003509 seconds
[8128.312s][info ][safepoint      ] Entering safepoint region: Cleanup
[8128.312s][info ][safepoint      ] Leaving safepoint region
[8128.312s][info ][safepoint      ] Total time for which application threads were stopped: 0.0001500 seconds, Stopping threads took: 0.0000439 seconds
[8129.312s][info ][safepoint      ] Application time: 1.0001177 seconds
[8129.312s][info ][safepoint      ] Entering safepoint region: Cleanup
[8129.312s][info ][safepoint      ] Leaving safepoint region
[8129.312s][info ][safepoint      ] Total time for which application threads were stopped: 0.0001291 seconds, Stopping threads took: 0.0000436 seconds
[8137.131s][info ][safepoint      ] Application time: 7.8187931 seconds
[8137.131s][info ][safepoint      ] Entering safepoint region: ParallelGCFailedAllocation
[8137.131s][info ][gc,start       ] GC(359) Pause Young (Allocation Failure)
[8137.136s][debug][gc,phases      ] GC(359) Scavenge 5.341ms
[8137.136s][debug][gc,ref         ] GC(359) Skipped phase1 of Reference Processing due to unavailable references
[8137.136s][debug][gc,ref         ] GC(359) Skipped phase3 of Reference Processing due to unavailable references
[8137.137s][debug][gc,phases      ] GC(359) Reference Processing 0.074ms
[8137.137s][debug][gc,phases      ] GC(359) Weak Processing 0.254ms
[8137.138s][debug][gc,phases      ] GC(359) Scrub String Table 0.765ms
[8137.138s][debug][gc,age         ] GC(359) Desired survivor size 85458944 bytes, new threshold 15 (max threshold 15)
[8137.138s][info ][gc,heap        ] GC(359) PSYoungGen: 1952304K->7232K(2010624K)
[8137.138s][info ][gc,heap        ] GC(359) ParOldGen: 388837K->388837K(637440K)
[8137.138s][info ][gc,metaspace   ] GC(359) Metaspace: 75789K->75789K(1118208K)
[8137.138s][info ][gc             ] GC(359) Pause Young (Allocation Failure) 2286M->386M(2586M) 6.617ms
[8137.138s][info ][gc,cpu         ] GC(359) User=0.02s Sys=0.00s Real=0.01s
[8137.138s][info ][safepoint      ] Leaving safepoint region
[8137.138s][info ][safepoint      ] Total time for which application threads were stopped: 0.0068290 seconds, Stopping threads took: 0.0000577 seconds
[8138.138s][info ][safepoint      ] Application time: 1.0001018 seconds
[8138.138s][info ][safepoint      ] Entering safepoint region: Cleanup
[8138.138s][info ][safepoint      ] Leaving safepoint region
[8138.138s][info ][safepoint      ] Total time for which application threads were stopped: 0.0000823 seconds, Stopping threads took: 0.0000178 seconds
[8139.138s][info ][safepoint      ] Application time: 1.0000871 seconds
[8139.138s][info ][safepoint      ] Entering safepoint region: Cleanup
[8139.138s][info ][safepoint      ] Leaving safepoint region
[8139.138s][info ][safepoint      ] Total time for which application threads were stopped: 0.0001061 seconds, Stopping threads took: 0.0000311 seconds
[8140.138s][info ][safepoint      ] Application time: 1.0001251 seconds
[8140.138s][info ][safepoint      ] Entering safepoint region: Cleanup
[8140.138s][info ][safepoint      ] Leaving safepoint region
[8140.138s][info ][safepoint      ] Total time for which application threads were stopped: 0.0000829 seconds, Stopping threads took: 0.0000178 seconds
[8141.139s][info ][safepoint      ] Application time: 1.0001165 seconds
[8141.139s][info ][safepoint      ] Entering safepoint region: Cleanup
[8141.139s][info ][safepoint      ] Leaving safepoint region
[8141.139s][info ][safepoint      ] Total time for which application threads were stopped: 0.0000933 seconds, Stopping threads took: 0.0000188 seconds
[8142.139s][info ][safepoint      ] Application time: 1.0000821 seconds
[8142.139s][info ][safepoint      ] Entering safepoint region: Cleanup
[8142.139s][info ][safepoint      ] Leaving safepoint region
[8142.139s][info ][safepoint      ] Total time for which application threads were stopped: 0.0000991 seconds, Stopping threads took: 0.0000192 seconds
[8143.139s][info ][safepoint      ] Application time: 1.0001152 seconds
[8143.139s][info ][safepoint      ] Entering safepoint region: Cleanup
[8143.139s][info ][safepoint      ] Leaving safepoint region
[8143.139s][info ][safepoint      ] Total time for which application threads were stopped: 0.0000816 seconds, Stopping threads took: 0.0000177 seconds
[8144.139s][info ][safepoint      ] Application time: 1.0001333 seconds
[8144.139s][info ][safepoint      ] Entering safepoint region: Cleanup
[8144.139s][info ][safepoint      ] Leaving safepoint region
[8144.139s][info ][safepoint      ] Total time for which application threads were stopped: 0.0000829 seconds, Stopping threads took: 0.0000195 seconds
[8145.139s][info ][safepoint      ] Application time: 1.0000800 seconds
[8145.140s][info ][safepoint      ] Entering safepoint region: Cleanup
[8145.140s][info ][safepoint      ] Leaving safepoint region
[8145.140s][info ][safepoint      ] Total time for which application threads were stopped: 0.0000791 seconds, Stopping threads took: 0.0000181 seconds
[8146.140s][info ][safepoint      ] Application time: 1.0001253 seconds
[8146.140s][info ][safepoint      ] Entering safepoint region: Cleanup
[8146.140s][info ][safepoint      ] Leaving safepoint region
[8146.140s][info ][safepoint      ] Total time for which application threads were stopped: 0.0000905 seconds, Stopping threads took: 0.0000188 seconds
[8147.140s][info ][safepoint      ] Application time: 1.0001245 seconds
[8147.140s][info ][safepoint      ] Entering safepoint region: Cleanup
[8147.140s][info ][safepoint      ] Leaving safepoint region
[8147.140s][info ][safepoint      ] Total time for which application threads were stopped: 0.0000929 seconds, Stopping threads took: 0.0000322 seconds
[8148.140s][info ][safepoint      ] Application time: 1.0001283 seconds
[8148.140s][info ][safepoint      ] Entering safepoint region: Cleanup
[8148.140s][info ][safepoint      ] Leaving safepoint region
[8148.140s][info ][safepoint      ] Total time for which application threads were stopped: 0.0000850 seconds, Stopping threads took: 0.0000188 seconds
[8149.140s][info ][safepoint      ] Application time: 1.0000408 seconds
[8149.141s][info ][safepoint      ] Entering safepoint region: Cleanup
[8149.141s][info ][safepoint      ] Leaving safepoint region
[8149.141s][info ][safepoint      ] Total time for which application threads were stopped: 0.0001059 seconds, Stopping threads took: 0.0000402 seconds
[8150.141s][info ][safepoint      ] Application time: 1.0000783 seconds
[8150.141s][info ][safepoint      ] Entering safepoint region: Cleanup
[8150.141s][info ][safepoint      ] Leaving safepoint region
[8150.141s][info ][safepoint      ] Total time for which application threads were stopped: 0.0000823 seconds, Stopping threads took: 0.0000189 seconds
[8151.141s][info ][safepoint      ] Application time: 1.0000752 seconds
[8151.141s][info ][safepoint      ] Entering safepoint region: Cleanup
[8151.141s][info ][safepoint      ] Leaving safepoint region
[8151.141s][info ][safepoint      ] Total time for which application threads were stopped: 0.0000805 seconds, Stopping threads took: 0.0000179 seconds
[8151.623s][info ][safepoint      ] Application time: 0.4820679 seconds
[8151.623s][info ][safepoint      ] Entering safepoint region: ParallelGCFailedAllocation
[8151.623s][info ][gc,start       ] GC(360) Pause Young (Allocation Failure)
[8151.629s][debug][gc,phases      ] GC(360) Scavenge 5.779ms
[8151.629s][debug][gc,ref         ] GC(360) Skipped phase1 of Reference Processing due to unavailable references
[8151.629s][debug][gc,ref         ] GC(360) Skipped phase3 of Reference Processing due to unavailable references
[8151.629s][debug][gc,phases      ] GC(360) Reference Processing 0.033ms
[8151.629s][debug][gc,phases      ] GC(360) Weak Processing 0.116ms
[8151.630s][debug][gc,phases      ] GC(360) Scrub String Table 0.440ms
[8151.630s][debug][gc,age         ] GC(360) Desired survivor size 87556096 bytes, new threshold 15 (max threshold 15)
[8151.630s][info ][gc,heap        ] GC(360) PSYoungGen: 1937472K->7968K(1938432K)
[8151.630s][info ][gc,heap        ] GC(360) ParOldGen: 388837K->388837K(637440K)
[8151.630s][info ][gc,metaspace   ] GC(360) Metaspace: 75796K->75796K(1118208K)
[8151.630s][info ][gc             ] GC(360) Pause Young (Allocation Failure) 2271M->387M(2515M) 6.534ms
[8151.630s][info ][gc,cpu         ] GC(360) User=0.02s Sys=0.00s Real=0.00s
[8151.630s][info ][safepoint      ] Leaving safepoint region
[8151.630s][info ][safepoint      ] Total time for which application threads were stopped: 0.0067366 seconds, Stopping threads took: 0.0000167 seconds
[8152.630s][info ][safepoint      ] Application time: 1.0001416 seconds
[8152.630s][info ][safepoint      ] Entering safepoint region: Cleanup
[8152.630s][info ][safepoint      ] Leaving safepoint region
[8152.630s][info ][safepoint      ] Total time for which application threads were stopped: 0.0001612 seconds, Stopping threads took: 0.0000720 seconds
[8153.631s][info ][safepoint      ] Application time: 1.0001023 seconds
[8153.631s][info ][safepoint      ] Entering safepoint region: Cleanup
[8153.631s][info ][safepoint      ] Leaving safepoint region
[8153.631s][info ][safepoint      ] Total time for which application threads were stopped: 0.0001358 seconds, Stopping threads took: 0.0000575 seconds
[8154.631s][info ][safepoint      ] Application time: 1.0001302 seconds
[8154.631s][info ][safepoint      ] Entering safepoint region: Cleanup
[8154.631s][info ][safepoint      ] Leaving safepoint region
[8154.631s][info ][safepoint      ] Total time for which application threads were stopped: 0.0001154 seconds, Stopping threads took: 0.0000394 seconds
[8155.631s][info ][safepoint      ] Application time: 1.0001253 seconds
[8155.631s][info ][safepoint      ] Entering safepoint region: Cleanup
[8155.631s][info ][safepoint      ] Leaving safepoint region
[8155.631s][info ][safepoint      ] Total time for which application threads were stopped: 0.0001100 seconds, Stopping threads took: 0.0000430 seconds
[8156.631s][info ][safepoint      ] Application time: 1.0001075 seconds
[8156.631s][info ][safepoint      ] Entering safepoint region: Cleanup
[8156.632s][info ][safepoint      ] Leaving safepoint region
[8156.632s][info ][safepoint      ] Total time for which application threads were stopped: 0.0001282 seconds, Stopping threads took: 0.0000581 seconds
[8157.632s][info ][safepoint      ] Application time: 1.0001230 seconds
[8157.632s][info ][safepoint      ] Entering safepoint region: Cleanup
[8157.632s][info ][safepoint      ] Leaving safepoint region
[8157.632s][info ][safepoint      ] Total time for which application threads were stopped: 0.0002575 seconds, Stopping threads took: 0.0001239 seconds
[8158.632s][info ][safepoint      ] Application time: 1.0000948 seconds
[8158.632s][info ][safepoint      ] Entering safepoint region: Cleanup
[8158.632s][info ][safepoint      ] Leaving safepoint region
[8158.632s][info ][safepoint      ] Total time for which application threads were stopped: 0.0000938 seconds, Stopping threads took: 0.0000311 seconds
[8159.634s][info ][safepoint      ] Application time: 1.0013817 seconds
[8159.634s][info ][safepoint      ] Entering safepoint region: Cleanup
[8159.634s][info ][safepoint      ] Leaving safepoint region
[8159.634s][info ][safepoint      ] Total time for which application threads were stopped: 0.0000830 seconds, Stopping threads took: 0.0000196 seconds
[8160.634s][info ][safepoint      ] Application time: 1.0001172 seconds
[8160.634s][info ][safepoint      ] Entering safepoint region: Cleanup
[8160.634s][info ][safepoint      ] Leaving safepoint region
[8160.634s][info ][safepoint      ] Total time for which application threads were stopped: 0.0001167 seconds, Stopping threads took: 0.0000470 seconds
[8161.634s][info ][safepoint      ] Application time: 1.0000802 seconds
[8161.634s][info ][safepoint      ] Entering safepoint region: Cleanup
[8161.634s][info ][safepoint      ] Leaving safepoint region
[8161.634s][info ][safepoint      ] Total time for which application threads were stopped: 0.0001629 seconds, Stopping threads took: 0.0000885 seconds
[8162.634s][info ][safepoint      ] Application time: 1.0001459 seconds
[8162.635s][info ][safepoint      ] Entering safepoint region: Cleanup
[8162.635s][info ][safepoint      ] Leaving safepoint region
[8162.635s][info ][safepoint      ] Total time for which application threads were stopped: 0.0000822 seconds, Stopping threads took: 0.0000188 seconds
[8163.635s][info ][safepoint      ] Application time: 1.0000919 seconds
[8163.635s][info ][safepoint      ] Entering safepoint region: Cleanup
[8163.635s][info ][safepoint      ] Leaving safepoint region
[8163.635s][info ][safepoint      ] Total time for which application threads were stopped: 0.0000791 seconds, Stopping threads took: 0.0000183 seconds
[8164.635s][info ][safepoint      ] Application time: 1.0001318 seconds
[8164.635s][info ][safepoint      ] Entering safepoint region: Cleanup
[8164.635s][info ][safepoint      ] Leaving safepoint region
[8164.635s][info ][safepoint      ] Total time for which application threads were stopped: 0.0001025 seconds, Stopping threads took: 0.0000184 seconds
[8165.635s][info ][safepoint      ] Application time: 1.0000980 seconds
[8165.635s][info ][safepoint      ] Entering safepoint region: Cleanup
[8165.635s][info ][safepoint      ] Leaving safepoint region
[8165.635s][info ][safepoint      ] Total time for which application threads were stopped: 0.0001135 seconds, Stopping threads took: 0.0000197 seconds
[8166.431s][info ][safepoint      ] Application time: 0.7956368 seconds
[8166.431s][info ][safepoint      ] Entering safepoint region: ParallelGCFailedAllocation
[8166.431s][info ][gc,start       ] GC(361) Pause Young (Allocation Failure)
[8166.438s][debug][gc,phases      ] GC(361) Scavenge 6.385ms
[8166.438s][debug][gc,ref         ] GC(361) Skipped phase1 of Reference Processing due to unavailable references
[8166.438s][debug][gc,ref         ] GC(361) Skipped phase3 of Reference Processing due to unavailable references
[8166.438s][debug][gc,phases      ] GC(361) Reference Processing 0.036ms
[8166.438s][debug][gc,phases      ] GC(361) Weak Processing 0.224ms
[8166.439s][debug][gc,phases      ] GC(361) Scrub String Table 0.644ms
[8166.439s][debug][gc,age         ] GC(361) Desired survivor size 88080384 bytes, new threshold 15 (max threshold 15)
[8166.439s][info ][gc,heap        ] GC(361) PSYoungGen: 1938208K->8400K(2010624K)
[8166.439s][info ][gc,heap        ] GC(361) ParOldGen: 388837K->388837K(637440K)
[8166.439s][info ][gc,metaspace   ] GC(361) Metaspace: 75799K->75799K(1118208K)
[8166.439s][info ][gc             ] GC(361) Pause Young (Allocation Failure) 2272M->387M(2586M) 7.457ms
[8166.439s][info ][gc,cpu         ] GC(361) User=0.03s Sys=0.00s Real=0.01s
[8166.439s][info ][safepoint      ] Leaving safepoint region
[8166.439s][info ][safepoint      ] Total time for which application threads were stopped: 0.0076352 seconds, Stopping threads took: 0.0000207 seconds
[8167.439s][info ][safepoint      ] Application time: 1.0000966 seconds
[8167.439s][info ][safepoint      ] Entering safepoint region: Cleanup
[8167.439s][info ][safepoint      ] Leaving safepoint region
[8167.439s][info ][safepoint      ] Total time for which application threads were stopped: 0.0000771 seconds, Stopping threads took: 0.0000173 seconds
[8168.439s][info ][safepoint      ] Application time: 1.0001009 seconds
[8168.439s][info ][safepoint      ] Entering safepoint region: Cleanup
[8168.439s][info ][safepoint      ] Leaving safepoint region
[8168.439s][info ][safepoint      ] Total time for which application threads were stopped: 0.0000768 seconds, Stopping threads took: 0.0000171 seconds
[8169.439s][info ][safepoint      ] Application time: 1.0000863 seconds
[8169.439s][info ][safepoint      ] Entering safepoint region: Cleanup
[8169.439s][info ][safepoint      ] Leaving safepoint region
[8169.439s][info ][safepoint      ] Total time for which application threads were stopped: 0.0000800 seconds, Stopping threads took: 0.0000192 seconds
[8170.439s][info ][safepoint      ] Application time: 1.0001002 seconds
[8170.439s][info ][safepoint      ] Entering safepoint region: Cleanup
[8170.440s][info ][safepoint      ] Leaving safepoint region
[8170.440s][info ][safepoint      ] Total time for which application threads were stopped: 0.0000792 seconds, Stopping threads took: 0.0000171 seconds
[8171.440s][info ][safepoint      ] Application time: 1.0000757 seconds
[8171.440s][info ][safepoint      ] Entering safepoint region: Cleanup
[8171.440s][info ][safepoint      ] Leaving safepoint region
[8171.440s][info ][safepoint      ] Total time for which application threads were stopped: 0.0000814 seconds, Stopping threads took: 0.0000182 seconds
[8172.440s][info ][safepoint      ] Application time: 1.0001238 seconds
[8172.440s][info ][safepoint      ] Entering safepoint region: Cleanup
[8172.440s][info ][safepoint      ] Leaving safepoint region
[8172.440s][info ][safepoint      ] Total time for which application threads were stopped: 0.0000752 seconds, Stopping threads took: 0.0000165 seconds
[8173.440s][info ][safepoint      ] Application time: 1.0000723 seconds
[8173.440s][info ][safepoint      ] Entering safepoint region: Cleanup
[8173.440s][info ][safepoint      ] Leaving safepoint region
[8173.440s][info ][safepoint      ] Total time for which application threads were stopped: 0.0001063 seconds, Stopping threads took: 0.0000169 seconds
[8174.440s][info ][safepoint      ] Application time: 1.0001285 seconds
[8174.440s][info ][safepoint      ] Entering safepoint region: Cleanup
[8174.440s][info ][safepoint      ] Leaving safepoint region
[8174.440s][info ][safepoint      ] Total time for which application threads were stopped: 0.0000830 seconds, Stopping threads took: 0.0000184 seconds
[8175.441s][info ][safepoint      ] Application time: 1.0000874 seconds
[8175.441s][info ][safepoint      ] Entering safepoint region: Cleanup
[8175.441s][info ][safepoint      ] Leaving safepoint region
[8175.441s][info ][safepoint      ] Total time for which application threads were stopped: 0.0000838 seconds, Stopping threads took: 0.0000201 seconds
[8176.441s][info ][safepoint      ] Application time: 1.0000918 seconds
[8176.441s][info ][safepoint      ] Entering safepoint region: Cleanup
[8176.441s][info ][safepoint      ] Leaving safepoint region
[8176.441s][info ][safepoint      ] Total time for which application threads were stopped: 0.0000988 seconds, Stopping threads took: 0.0000183 seconds
[8177.441s][info ][safepoint      ] Application time: 1.0001248 seconds
[8177.441s][info ][safepoint      ] Entering safepoint region: Cleanup
[8177.441s][info ][safepoint      ] Leaving safepoint region
[8177.441s][info ][safepoint      ] Total time for which application threads were stopped: 0.0000781 seconds, Stopping threads took: 0.0000171 seconds
[8178.441s][info ][safepoint      ] Application time: 1.0000773 seconds
[8178.441s][info ][safepoint      ] Entering safepoint region: Cleanup
[8178.441s][info ][safepoint      ] Leaving safepoint region
[8178.441s][info ][safepoint      ] Total time for which application threads were stopped: 0.0000780 seconds, Stopping threads took: 0.0000180 seconds
[8179.441s][info ][safepoint      ] Application time: 1.0000881 seconds
[8179.441s][info ][safepoint      ] Entering safepoint region: Cleanup
[8179.442s][info ][safepoint      ] Leaving safepoint region
[8179.442s][info ][safepoint      ] Total time for which application threads were stopped: 0.0000767 seconds, Stopping threads took: 0.0000181 seconds
[8180.442s][info ][safepoint      ] Application time: 1.0001185 seconds
[8180.442s][info ][safepoint      ] Entering safepoint region: Cleanup
[8180.442s][info ][safepoint      ] Leaving safepoint region
[8180.442s][info ][safepoint      ] Total time for which application threads were stopped: 0.0000822 seconds, Stopping threads took: 0.0000187 seconds
[8181.442s][info ][safepoint      ] Application time: 1.0001075 seconds
[8181.442s][info ][safepoint      ] Entering safepoint region: Cleanup
[8181.442s][info ][safepoint      ] Leaving safepoint region
[8181.442s][info ][safepoint      ] Total time for which application threads were stopped: 0.0000824 seconds, Stopping threads took: 0.0000178 seconds
[8182.405s][info ][safepoint      ] Application time: 0.9625638 seconds
[8182.405s][info ][safepoint      ] Entering safepoint region: ParallelGCFailedAllocation
[8182.405s][info ][gc,start       ] GC(362) Pause Young (Allocation Failure)
[8182.411s][debug][gc,phases      ] GC(362) Scavenge 6.328ms
[8182.411s][debug][gc,ref         ] GC(362) Skipped phase1 of Reference Processing due to unavailable references
[8182.411s][debug][gc,ref         ] GC(362) Skipped phase3 of Reference Processing due to unavailable references
[8182.411s][debug][gc,phases      ] GC(362) Reference Processing 0.035ms
[8182.411s][debug][gc,phases      ] GC(362) Weak Processing 0.240ms
[8182.412s][debug][gc,phases      ] GC(362) Scrub String Table 0.701ms
[8182.412s][debug][gc,age         ] GC(362) Desired survivor size 87556096 bytes, new threshold 15 (max threshold 15)
[8182.412s][info ][gc,heap        ] GC(362) PSYoungGen: 1933520K->8992K(2011136K)
[8182.412s][info ][gc,heap        ] GC(362) ParOldGen: 388837K->388837K(637440K)
[8182.412s][info ][gc,metaspace   ] GC(362) Metaspace: 75801K->75801K(1118208K)
[8182.412s][info ][gc             ] GC(362) Pause Young (Allocation Failure) 2267M->388M(2586M) 7.451ms
[8182.412s][info ][gc,cpu         ] GC(362) User=0.03s Sys=0.00s Real=0.00s
[8182.412s][info ][safepoint      ] Leaving safepoint region
[8182.412s][info ][safepoint      ] Total time for which application threads were stopped: 0.0077055 seconds, Stopping threads took: 0.0000794 seconds
[8183.412s][info ][safepoint      ] Application time: 1.0000716 seconds
[8183.413s][info ][safepoint      ] Entering safepoint region: Cleanup
[8183.413s][info ][safepoint      ] Leaving safepoint region
[8183.413s][info ][safepoint      ] Total time for which application threads were stopped: 0.0002180 seconds, Stopping threads took: 0.0001443 seconds
[8184.413s][info ][safepoint      ] Application time: 1.0001363 seconds
[8184.413s][info ][safepoint      ] Entering safepoint region: Cleanup
[8184.413s][info ][safepoint      ] Leaving safepoint region
[8184.413s][info ][safepoint      ] Total time for which application threads were stopped: 0.0001186 seconds, Stopping threads took: 0.0000437 seconds
[8185.413s][info ][safepoint      ] Application time: 1.0000755 seconds
[8185.413s][info ][safepoint      ] Entering safepoint region: Cleanup
[8185.413s][info ][safepoint      ] Leaving safepoint region
[8185.413s][info ][safepoint      ] Total time for which application threads were stopped: 0.0001580 seconds, Stopping threads took: 0.0000630 seconds
[8186.413s][info ][safepoint      ] Application time: 1.0001209 seconds
[8186.413s][info ][safepoint      ] Entering safepoint region: Cleanup
[8186.414s][info ][safepoint      ] Leaving safepoint region
[8186.414s][info ][safepoint      ] Total time for which application threads were stopped: 0.0001330 seconds, Stopping threads took: 0.0000425 seconds
[8187.414s][info ][safepoint      ] Application time: 1.0001329 seconds
[8187.414s][info ][safepoint      ] Entering safepoint region: Cleanup
[8187.414s][info ][safepoint      ] Leaving safepoint region
[8187.414s][info ][safepoint      ] Total time for which application threads were stopped: 0.0002369 seconds, Stopping threads took: 0.0001586 seconds
[8188.414s][info ][safepoint      ] Application time: 1.0001184 seconds
[8188.414s][info ][safepoint      ] Entering safepoint region: Cleanup
[8188.414s][info ][safepoint      ] Leaving safepoint region
[8188.414s][info ][safepoint      ] Total time for which application threads were stopped: 0.0001341 seconds, Stopping threads took: 0.0000434 seconds
[8188.594s][info ][safepoint      ] Application time: 0.1798432 seconds
[8188.594s][info ][safepoint      ] Entering safepoint region: RevokeBias
[8188.594s][info ][safepoint      ] Leaving safepoint region
[8188.594s][info ][safepoint      ] Total time for which application threads were stopped: 0.0000964 seconds, Stopping threads took: 0.0000205 seconds
[8189.594s][info ][safepoint      ] Application time: 1.0001266 seconds
[8189.594s][info ][safepoint      ] Entering safepoint region: Cleanup
[8189.595s][info ][safepoint      ] Leaving safepoint region
[8189.595s][info ][safepoint      ] Total time for which application threads were stopped: 0.0000781 seconds, Stopping threads took: 0.0000189 seconds
[8190.595s][info ][safepoint      ] Application time: 1.0001289 seconds
[8190.595s][info ][safepoint      ] Entering safepoint region: Cleanup
[8190.595s][info ][safepoint      ] Leaving safepoint region
[8190.595s][info ][safepoint      ] Total time for which application threads were stopped: 0.0000791 seconds, Stopping threads took: 0.0000184 seconds
[8191.595s][info ][safepoint      ] Application time: 1.0001018 seconds
[8191.595s][info ][safepoint      ] Entering safepoint region: Cleanup
[8191.595s][info ][safepoint      ] Leaving safepoint region
[8191.595s][info ][safepoint      ] Total time for which application threads were stopped: 0.0000888 seconds, Stopping threads took: 0.0000179 seconds
[8192.595s][info ][safepoint      ] Application time: 1.0001016 seconds
[8192.595s][info ][safepoint      ] Entering safepoint region: Cleanup
[8192.595s][info ][safepoint      ] Leaving safepoint region
[8192.595s][info ][safepoint      ] Total time for which application threads were stopped: 0.0000776 seconds, Stopping threads took: 0.0000200 seconds
[8198.329s][info ][safepoint      ] Application time: 5.7342452 seconds
[8198.330s][info ][safepoint      ] Entering safepoint region: ParallelGCFailedAllocation
[8198.330s][info ][gc,start       ] GC(363) Pause Young (Allocation Failure)
[8198.336s][debug][gc,phases      ] GC(363) Scavenge 6.012ms
[8198.336s][debug][gc,ref         ] GC(363) Skipped phase1 of Reference Processing due to unavailable references
[8198.336s][debug][gc,ref         ] GC(363) Skipped phase3 of Reference Processing due to unavailable references
[8198.336s][debug][gc,phases      ] GC(363) Reference Processing 0.036ms
[8198.336s][debug][gc,phases      ] GC(363) Weak Processing 0.219ms
[8198.337s][debug][gc,phases      ] GC(363) Scrub String Table 0.742ms
[8198.337s][debug][gc,age         ] GC(363) Desired survivor size 86507520 bytes, new threshold 15 (max threshold 15)
[8198.337s][info ][gc,heap        ] GC(363) PSYoungGen: 1934112K->9632K(2012672K)
[8198.337s][info ][gc,heap        ] GC(363) ParOldGen: 388837K->388837K(637440K)
[8198.337s][info ][gc,metaspace   ] GC(363) Metaspace: 75804K->75804K(1118208K)
[8198.337s][info ][gc             ] GC(363) Pause Young (Allocation Failure) 2268M->389M(2588M) 7.163ms
[8198.337s][info ][gc,cpu         ] GC(363) User=0.03s Sys=0.00s Real=0.01s
[8198.337s][info ][safepoint      ] Leaving safepoint region
[8198.337s][info ][safepoint      ] Total time for which application threads were stopped: 0.0073179 seconds, Stopping threads took: 0.0000162 seconds
[8200.337s][info ][safepoint      ] Application time: 2.0003318 seconds
[8200.337s][info ][safepoint      ] Entering safepoint region: Cleanup
[8200.337s][info ][safepoint      ] Leaving safepoint region
[8200.337s][info ][safepoint      ] Total time for which application threads were stopped: 0.0000984 seconds, Stopping threads took: 0.0000163 seconds
[8212.341s][info ][safepoint      ] Application time: 12.0037547 seconds
[8212.341s][info ][safepoint      ] Entering safepoint region: Cleanup
[8212.341s][info ][safepoint      ] Leaving safepoint region
[8212.341s][info ][safepoint      ] Total time for which application threads were stopped: 0.0000900 seconds, Stopping threads took: 0.0000291 seconds
[8212.433s][info ][safepoint      ] Application time: 0.0915286 seconds
[8212.433s][info ][safepoint      ] Entering safepoint region: ParallelGCFailedAllocation
[8212.433s][info ][gc,start       ] GC(364) Pause Young (Allocation Failure)
[8212.439s][debug][gc,phases      ] GC(364) Scavenge 6.029ms
[8212.439s][debug][gc,ref         ] GC(364) Skipped phase1 of Reference Processing due to unavailable references
[8212.439s][debug][gc,ref         ] GC(364) Skipped phase3 of Reference Processing due to unavailable references
[8212.439s][debug][gc,ref         ] GC(364) Skipped phase4 of Reference Processing due to unavailable references
[8212.439s][debug][gc,phases      ] GC(364) Reference Processing 0.038ms
[8212.439s][debug][gc,phases      ] GC(364) Weak Processing 0.218ms
[8212.440s][debug][gc,phases      ] GC(364) Scrub String Table 0.819ms
[8212.440s][debug][gc,age         ] GC(364) Desired survivor size 84410368 bytes, new threshold 15 (max threshold 15)
[8212.440s][info ][gc,heap        ] GC(364) PSYoungGen: 1936800K->10224K(2011648K)
[8212.440s][info ][gc,heap        ] GC(364) ParOldGen: 388837K->388837K(637440K)
[8212.440s][info ][gc,metaspace   ] GC(364) Metaspace: 75806K->75806K(1118208K)
[8212.440s][info ][gc             ] GC(364) Pause Young (Allocation Failure) 2271M->389M(2587M) 7.262ms
[8212.440s][info ][gc,cpu         ] GC(364) User=0.02s Sys=0.00s Real=0.00s
[8212.440s][info ][safepoint      ] Leaving safepoint region
[8212.440s][info ][safepoint      ] Total time for which application threads were stopped: 0.0074914 seconds, Stopping threads took: 0.0000176 seconds
[8214.441s][info ][safepoint      ] Application time: 2.0002295 seconds
[8214.441s][info ][safepoint      ] Entering safepoint region: Cleanup
[8214.441s][info ][safepoint      ] Leaving safepoint region
[8214.441s][info ][safepoint      ] Total time for which application threads were stopped: 0.0000995 seconds, Stopping threads took: 0.0000169 seconds
[8222.441s][info ][safepoint      ] Application time: 8.0007581 seconds
[8222.441s][info ][safepoint      ] Entering safepoint region: Cleanup
[8222.442s][info ][safepoint      ] Leaving safepoint region
[8222.442s][info ][safepoint      ] Total time for which application threads were stopped: 0.0001050 seconds, Stopping threads took: 0.0000171 seconds
[8227.131s][info ][safepoint      ] Application time: 4.6890538 seconds
[8227.131s][info ][safepoint      ] Entering safepoint region: ParallelGCFailedAllocation
[8227.131s][info ][gc,start       ] GC(365) Pause Young (Allocation Failure)
[8227.137s][debug][gc,phases      ] GC(365) Scavenge 6.497ms
[8227.137s][debug][gc,ref         ] GC(365) Skipped phase1 of Reference Processing due to unavailable references
[8227.137s][debug][gc,ref         ] GC(365) Skipped phase3 of Reference Processing due to unavailable references
[8227.137s][debug][gc,ref         ] GC(365) Skipped phase4 of Reference Processing due to unavailable references
[8227.137s][debug][gc,phases      ] GC(365) Reference Processing 0.038ms
[8227.138s][debug][gc,phases      ] GC(365) Weak Processing 0.292ms
[8227.138s][debug][gc,phases      ] GC(365) Scrub String Table 0.756ms
[8227.138s][debug][gc,age         ] GC(365) Desired survivor size 81788928 bytes, new threshold 15 (max threshold 15)
[8227.138s][info ][gc,heap        ] GC(365) PSYoungGen: 1937392K->10704K(2017280K)
[8227.138s][info ][gc,heap        ] GC(365) ParOldGen: 388837K->388837K(637440K)
[8227.138s][info ][gc,metaspace   ] GC(365) Metaspace: 75806K->75806K(1118208K)
[8227.139s][info ][gc             ] GC(365) Pause Young (Allocation Failure) 2271M->390M(2592M) 7.745ms
[8227.139s][info ][gc,cpu         ] GC(365) User=0.02s Sys=0.01s Real=0.01s
[8227.139s][info ][safepoint      ] Leaving safepoint region
[8227.139s][info ][safepoint      ] Total time for which application threads were stopped: 0.0079141 seconds, Stopping threads took: 0.0000171 seconds
[8230.139s][info ][safepoint      ] Application time: 3.0003242 seconds
[8230.139s][info ][safepoint      ] Entering safepoint region: Cleanup
[8230.139s][info ][safepoint      ] Leaving safepoint region
[8230.139s][info ][safepoint      ] Total time for which application threads were stopped: 0.0000831 seconds, Stopping threads took: 0.0000172 seconds
[8231.139s][info ][safepoint      ] Application time: 1.0001200 seconds
[8231.139s][info ][safepoint      ] Entering safepoint region: Cleanup
[8231.139s][info ][safepoint      ] Leaving safepoint region
[8231.139s][info ][safepoint      ] Total time for which application threads were stopped: 0.0000760 seconds, Stopping threads took: 0.0000157 seconds
[8235.140s][info ][safepoint      ] Application time: 4.0005182 seconds
[8235.140s][info ][safepoint      ] Entering safepoint region: Cleanup
[8235.140s][info ][safepoint      ] Leaving safepoint region
[8235.140s][info ][safepoint      ] Total time for which application threads were stopped: 0.0000812 seconds, Stopping threads took: 0.0000161 seconds
[8242.130s][info ][safepoint      ] Application time: 6.9900109 seconds
[8242.130s][info ][safepoint      ] Entering safepoint region: ParallelGCFailedAllocation
[8242.130s][info ][gc,start       ] GC(366) Pause Young (Allocation Failure)
[8242.137s][debug][gc,phases      ] GC(366) Scavenge 6.593ms
[8242.137s][debug][gc,ref         ] GC(366) Skipped phase1 of Reference Processing due to unavailable references
[8242.137s][debug][gc,ref         ] GC(366) Skipped phase3 of Reference Processing due to unavailable references
[8242.137s][debug][gc,ref         ] GC(366) Skipped phase4 of Reference Processing due to unavailable references
[8242.137s][debug][gc,phases      ] GC(366) Reference Processing 0.037ms
[8242.137s][debug][gc,phases      ] GC(366) Weak Processing 0.139ms
[8242.137s][debug][gc,phases      ] GC(366) Scrub String Table 0.459ms
[8242.137s][debug][gc,age         ] GC(366) Desired survivor size 79167488 bytes, new threshold 15 (max threshold 15)
[8242.137s][info ][gc,heap        ] GC(366) PSYoungGen: 1945552K->10880K(2014720K)
[8242.137s][info ][gc,heap        ] GC(366) ParOldGen: 388837K->388837K(637440K)
[8242.137s][info ][gc,metaspace   ] GC(366) Metaspace: 75811K->75811K(1118208K)
[8242.137s][info ][gc             ] GC(366) Pause Young (Allocation Failure) 2279M->390M(2590M) 7.368ms
[8242.137s][info ][gc,cpu         ] GC(366) User=0.03s Sys=0.00s Real=0.01s
[8242.138s][info ][safepoint      ] Leaving safepoint region
[8242.138s][info ][safepoint      ] Total time for which application threads were stopped: 0.0075731 seconds, Stopping threads took: 0.0000163 seconds
[8257.642s][info ][safepoint      ] Application time: 15.5043066 seconds
[8257.642s][info ][safepoint      ] Entering safepoint region: ParallelGCFailedAllocation
[8257.642s][info ][safepoint      ] Leaving safepoint region
[8257.642s][info ][safepoint      ] Total time for which application threads were stopped: 0.0000854 seconds, Stopping threads took: 0.0000160 seconds
[8257.642s][info ][safepoint      ] Application time: 0.0003227 seconds
[8257.642s][info ][safepoint      ] Entering safepoint region: ParallelGCSystemGC
[8257.642s][info ][gc,start       ] GC(367) Pause Young (GCLocker Initiated GC)
[8257.649s][debug][gc,phases      ] GC(367) Scavenge 6.067ms
[8257.649s][debug][gc,ref         ] GC(367) Skipped phase1 of Reference Processing due to unavailable references
[8257.649s][debug][gc,ref         ] GC(367) Skipped phase3 of Reference Processing due to unavailable references
[8257.649s][debug][gc,ref         ] GC(367) Skipped phase4 of Reference Processing due to unavailable references
[8257.649s][debug][gc,phases      ] GC(367) Reference Processing 0.062ms
[8257.649s][debug][gc,phases      ] GC(367) Weak Processing 0.232ms
[8257.650s][debug][gc,phases      ] GC(367) Scrub String Table 0.774ms
[8257.650s][debug][gc,age         ] GC(367) Desired survivor size 76546048 bytes, new threshold 15 (max threshold 15)
[8257.650s][info ][gc,heap        ] GC(367) PSYoungGen: 1945728K->11536K(2022400K)
[8257.650s][info ][gc,heap        ] GC(367) ParOldGen: 388841K->388841K(637440K)
[8257.650s][info ][gc,metaspace   ] GC(367) Metaspace: 75811K->75811K(1118208K)
[8257.650s][info ][gc             ] GC(367) Pause Young (GCLocker Initiated GC) 2279M->390M(2597M) 7.285ms
[8257.650s][info ][gc,cpu         ] GC(367) User=0.02s Sys=0.00s Real=0.00s
[8257.650s][info ][safepoint      ] Leaving safepoint region
[8257.650s][info ][safepoint      ] Total time for which application threads were stopped: 0.0074165 seconds, Stopping threads took: 0.0000124 seconds
[8260.650s][info ][safepoint      ] Application time: 3.0003505 seconds
[8260.650s][info ][safepoint      ] Entering safepoint region: Cleanup
[8260.650s][info ][safepoint      ] Leaving safepoint region
[8260.650s][info ][safepoint      ] Total time for which application threads were stopped: 0.0000877 seconds, Stopping threads took: 0.0000174 seconds
[8263.651s][info ][safepoint      ] Application time: 3.0003104 seconds
[8263.651s][info ][safepoint      ] Entering safepoint region: Cleanup
[8263.651s][info ][safepoint      ] Leaving safepoint region
[8263.651s][info ][safepoint      ] Total time for which application threads were stopped: 0.0001129 seconds, Stopping threads took: 0.0000311 seconds
[8264.651s][info ][safepoint      ] Application time: 1.0001267 seconds
[8264.651s][info ][safepoint      ] Entering safepoint region: Cleanup
[8264.651s][info ][safepoint      ] Leaving safepoint region
[8264.651s][info ][safepoint      ] Total time for which application threads were stopped: 0.0000821 seconds, Stopping threads took: 0.0000188 seconds
[8265.651s][info ][safepoint      ] Application time: 1.0001322 seconds
[8265.651s][info ][safepoint      ] Entering safepoint region: Cleanup
[8265.651s][info ][safepoint      ] Leaving safepoint region
[8265.651s][info ][safepoint      ] Total time for which application threads were stopped: 0.0000906 seconds, Stopping threads took: 0.0000180 seconds
[8266.651s][info ][safepoint      ] Application time: 1.0001125 seconds
[8266.651s][info ][safepoint      ] Entering safepoint region: Cleanup
[8266.651s][info ][safepoint      ] Leaving safepoint region
[8266.651s][info ][safepoint      ] Total time for which application threads were stopped: 0.0001128 seconds, Stopping threads took: 0.0000333 seconds
[8267.652s][info ][safepoint      ] Application time: 1.0001337 seconds
[8267.652s][info ][safepoint      ] Entering safepoint region: Cleanup
[8267.652s][info ][safepoint      ] Leaving safepoint region
[8267.652s][info ][safepoint      ] Total time for which application threads were stopped: 0.0000797 seconds, Stopping threads took: 0.0000181 seconds
[8268.652s][info ][safepoint      ] Application time: 1.0000693 seconds
[8268.652s][info ][safepoint      ] Entering safepoint region: Cleanup
[8268.652s][info ][safepoint      ] Leaving safepoint region
[8268.652s][info ][safepoint      ] Total time for which application threads were stopped: 0.0000979 seconds, Stopping threads took: 0.0000181 seconds
[8269.652s][info ][safepoint      ] Application time: 1.0000632 seconds
[8269.652s][info ][safepoint      ] Entering safepoint region: Cleanup
[8269.652s][info ][safepoint      ] Leaving safepoint region
[8269.652s][info ][safepoint      ] Total time for which application threads were stopped: 0.0001821 seconds, Stopping threads took: 0.0001025 seconds
[8270.652s][info ][safepoint      ] Application time: 1.0000945 seconds
[8270.652s][info ][safepoint      ] Entering safepoint region: Cleanup
[8270.653s][info ][safepoint      ] Leaving safepoint region
[8270.653s][info ][safepoint      ] Total time for which application threads were stopped: 0.0002025 seconds, Stopping threads took: 0.0000859 seconds
[8271.653s][info ][safepoint      ] Application time: 1.0001371 seconds
[8271.653s][info ][safepoint      ] Entering safepoint region: Cleanup
[8271.653s][info ][safepoint      ] Leaving safepoint region
[8271.653s][info ][safepoint      ] Total time for which application threads were stopped: 0.0001377 seconds, Stopping threads took: 0.0000667 seconds
[8272.653s][info ][safepoint      ] Application time: 1.0000933 seconds
[8272.653s][info ][safepoint      ] Entering safepoint region: Cleanup
[8272.653s][info ][safepoint      ] Leaving safepoint region
[8272.653s][info ][safepoint      ] Total time for which application threads were stopped: 0.0001316 seconds, Stopping threads took: 0.0000593 seconds
[8273.367s][info ][safepoint      ] Application time: 0.7137306 seconds
[8273.367s][info ][safepoint      ] Entering safepoint region: ParallelGCFailedAllocation
[8273.367s][info ][gc,start       ] GC(368) Pause Young (Allocation Failure)
[8273.375s][debug][gc,phases      ] GC(368) Scavenge 7.603ms
[8273.375s][debug][gc,ref         ] GC(368) Skipped phase1 of Reference Processing due to unavailable references
[8273.375s][debug][gc,ref         ] GC(368) Skipped phase3 of Reference Processing due to unavailable references
[8273.375s][debug][gc,phases      ] GC(368) Reference Processing 0.036ms
[8273.375s][debug][gc,phases      ] GC(368) Weak Processing 0.116ms
[8273.376s][debug][gc,phases      ] GC(368) Scrub String Table 0.461ms
[8273.376s][debug][gc,age         ] GC(368) Desired survivor size 73400320 bytes, new threshold 15 (max threshold 15)
[8273.376s][info ][gc,heap        ] GC(368) PSYoungGen: 1956624K->13168K(2019840K)
[8273.376s][info ][gc,heap        ] GC(368) ParOldGen: 388843K->388843K(637440K)
[8273.376s][info ][gc,metaspace   ] GC(368) Metaspace: 75811K->75811K(1118208K)
[8273.376s][info ][gc             ] GC(368) Pause Young (Allocation Failure) 2290M->392M(2595M) 8.542ms
[8273.376s][info ][gc,cpu         ] GC(368) User=0.03s Sys=0.00s Real=0.01s
[8273.376s][info ][safepoint      ] Leaving safepoint region
[8273.376s][info ][safepoint      ] Total time for which application threads were stopped: 0.0087375 seconds, Stopping threads took: 0.0000193 seconds
[8274.376s][info ][safepoint      ] Application time: 1.0001785 seconds
[8274.376s][info ][safepoint      ] Entering safepoint region: Cleanup
[8274.376s][info ][safepoint      ] Leaving safepoint region
[8274.376s][info ][safepoint      ] Total time for which application threads were stopped: 0.0000822 seconds, Stopping threads took: 0.0000185 seconds
[8275.376s][info ][safepoint      ] Application time: 1.0001056 seconds
[8275.376s][info ][safepoint      ] Entering safepoint region: Cleanup
[8275.376s][info ][safepoint      ] Leaving safepoint region
[8275.376s][info ][safepoint      ] Total time for which application threads were stopped: 0.0001081 seconds, Stopping threads took: 0.0000190 seconds
[8276.376s][info ][safepoint      ] Application time: 1.0001252 seconds
[8276.376s][info ][safepoint      ] Entering safepoint region: Cleanup
[8276.377s][info ][safepoint      ] Leaving safepoint region
[8276.377s][info ][safepoint      ] Total time for which application threads were stopped: 0.0001480 seconds, Stopping threads took: 0.0000194 seconds
[8277.377s][info ][safepoint      ] Application time: 1.0006618 seconds
[8277.377s][info ][safepoint      ] Entering safepoint region: Cleanup
[8277.377s][info ][safepoint      ] Leaving safepoint region
[8277.377s][info ][safepoint      ] Total time for which application threads were stopped: 0.0001053 seconds, Stopping threads took: 0.0000199 seconds
[8278.377s][info ][safepoint      ] Application time: 1.0000753 seconds
[8278.378s][info ][safepoint      ] Entering safepoint region: Cleanup
[8278.378s][info ][safepoint      ] Leaving safepoint region
[8278.378s][info ][safepoint      ] Total time for which application threads were stopped: 0.0000786 seconds, Stopping threads took: 0.0000181 seconds
[8279.378s][info ][safepoint      ] Application time: 1.0000434 seconds
[8279.378s][info ][safepoint      ] Entering safepoint region: Cleanup
[8279.378s][info ][safepoint      ] Leaving safepoint region
[8279.378s][info ][safepoint      ] Total time for which application threads were stopped: 0.0001005 seconds, Stopping threads took: 0.0000190 seconds
[8280.378s][info ][safepoint      ] Application time: 1.0001249 seconds
[8280.378s][info ][safepoint      ] Entering safepoint region: Cleanup
[8280.378s][info ][safepoint      ] Leaving safepoint region
[8280.378s][info ][safepoint      ] Total time for which application threads were stopped: 0.0001107 seconds, Stopping threads took: 0.0000191 seconds
[8281.378s][info ][safepoint      ] Application time: 1.0000778 seconds
[8281.378s][info ][safepoint      ] Entering safepoint region: Cleanup
[8281.378s][info ][safepoint      ] Leaving safepoint region
[8281.378s][info ][safepoint      ] Total time for which application threads were stopped: 0.0001038 seconds, Stopping threads took: 0.0000208 seconds
[8282.378s][info ][safepoint      ] Application time: 1.0000802 seconds
[8282.378s][info ][safepoint      ] Entering safepoint region: Cleanup
[8282.378s][info ][safepoint      ] Leaving safepoint region
[8282.379s][info ][safepoint      ] Total time for which application threads were stopped: 0.0000860 seconds, Stopping threads took: 0.0000204 seconds
[8283.379s][info ][safepoint      ] Application time: 1.0001310 seconds
[8283.379s][info ][safepoint      ] Entering safepoint region: Cleanup
[8283.379s][info ][safepoint      ] Leaving safepoint region
[8283.379s][info ][safepoint      ] Total time for which application threads were stopped: 0.0000826 seconds, Stopping threads took: 0.0000188 seconds
[8284.379s][info ][safepoint      ] Application time: 1.0001023 seconds
[8284.379s][info ][safepoint      ] Entering safepoint region: Cleanup
[8284.379s][info ][safepoint      ] Leaving safepoint region
[8284.379s][info ][safepoint      ] Total time for which application threads were stopped: 0.0000805 seconds, Stopping threads took: 0.0000188 seconds
[8285.379s][info ][safepoint      ] Application time: 1.0001385 seconds
[8285.379s][info ][safepoint      ] Entering safepoint region: Cleanup
[8285.379s][info ][safepoint      ] Leaving safepoint region
[8285.379s][info ][safepoint      ] Total time for which application threads were stopped: 0.0000824 seconds, Stopping threads took: 0.0000187 seconds
[8286.379s][info ][safepoint      ] Application time: 1.0001270 seconds
[8286.379s][info ][safepoint      ] Entering safepoint region: Cleanup
[8286.379s][info ][safepoint      ] Leaving safepoint region
[8286.379s][info ][safepoint      ] Total time for which application threads were stopped: 0.0000799 seconds, Stopping threads took: 0.0000190 seconds
[8287.380s][info ][safepoint      ] Application time: 1.0001208 seconds
[8287.380s][info ][safepoint      ] Entering safepoint region: Cleanup
[8287.380s][info ][safepoint      ] Leaving safepoint region
[8287.380s][info ][safepoint      ] Total time for which application threads were stopped: 0.0000902 seconds, Stopping threads took: 0.0000200 seconds
[8288.380s][info ][safepoint      ] Application time: 1.0001315 seconds
[8288.380s][info ][safepoint      ] Entering safepoint region: Cleanup
[8288.380s][info ][safepoint      ] Leaving safepoint region
[8288.380s][info ][safepoint      ] Total time for which application threads were stopped: 0.0001006 seconds, Stopping threads took: 0.0000203 seconds
[8289.380s][info ][safepoint      ] Application time: 1.0001431 seconds
[8289.380s][info ][safepoint      ] Entering safepoint region: Cleanup
[8289.380s][info ][safepoint      ] Leaving safepoint region
[8289.380s][info ][safepoint      ] Total time for which application threads were stopped: 0.0000845 seconds, Stopping threads took: 0.0000195 seconds
[8290.380s][info ][safepoint      ] Application time: 1.0001139 seconds
[8290.380s][info ][safepoint      ] Entering safepoint region: Cleanup
[8290.381s][info ][safepoint      ] Leaving safepoint region
[8290.381s][info ][safepoint      ] Total time for which application threads were stopped: 0.0000835 seconds, Stopping threads took: 0.0000196 seconds
[8290.662s][info ][safepoint      ] Application time: 0.2813822 seconds
[8290.662s][info ][safepoint      ] Entering safepoint region: ParallelGCFailedAllocation
[8290.662s][info ][gc,start       ] GC(369) Pause Young (Allocation Failure)
[8290.669s][debug][gc,phases      ] GC(369) Scavenge 7.110ms
[8290.669s][debug][gc,ref         ] GC(369) Skipped phase1 of Reference Processing due to unavailable references
[8290.669s][debug][gc,ref         ] GC(369) Skipped phase3 of Reference Processing due to unavailable references
[8290.669s][debug][gc,phases      ] GC(369) Reference Processing 0.035ms
[8290.670s][debug][gc,phases      ] GC(369) Weak Processing 0.296ms
[8290.671s][debug][gc,phases      ] GC(369) Scrub String Table 0.944ms
[8290.671s][debug][gc,age         ] GC(369) Desired survivor size 69730304 bytes, new threshold 15 (max threshold 15)
[8290.671s][info ][gc,heap        ] GC(369) PSYoungGen: 1958256K->13296K(2029056K)
[8290.671s][info ][gc,heap        ] GC(369) ParOldGen: 388843K->388843K(637440K)
[8290.671s][info ][gc,metaspace   ] GC(369) Metaspace: 75811K->75811K(1118208K)
[8290.671s][info ][gc             ] GC(369) Pause Young (Allocation Failure) 2292M->392M(2604M) 8.538ms
[8290.671s][info ][gc,cpu         ] GC(369) User=0.03s Sys=0.00s Real=0.00s
[8290.671s][info ][safepoint      ] Leaving safepoint region
[8290.671s][info ][safepoint      ] Total time for which application threads were stopped: 0.0087427 seconds, Stopping threads took: 0.0000372 seconds
[8291.671s][info ][safepoint      ] Application time: 1.0000829 seconds
[8291.671s][info ][safepoint      ] Entering safepoint region: Cleanup
[8291.671s][info ][safepoint      ] Leaving safepoint region
[8291.671s][info ][safepoint      ] Total time for which application threads were stopped: 0.0001475 seconds, Stopping threads took: 0.0000743 seconds
[8292.671s][info ][safepoint      ] Application time: 1.0000871 seconds
[8292.671s][info ][safepoint      ] Entering safepoint region: Cleanup
[8292.671s][info ][safepoint      ] Leaving safepoint region
[8292.671s][info ][safepoint      ] Total time for which application threads were stopped: 0.0001117 seconds, Stopping threads took: 0.0000449 seconds
[8293.671s][info ][safepoint      ] Application time: 1.0001265 seconds
[8293.671s][info ][safepoint      ] Entering safepoint region: Cleanup
[8293.672s][info ][safepoint      ] Leaving safepoint region
[8293.672s][info ][safepoint      ] Total time for which application threads were stopped: 0.0001256 seconds, Stopping threads took: 0.0000535 seconds
[8294.672s][info ][safepoint      ] Application time: 1.0000783 seconds
[8294.672s][info ][safepoint      ] Entering safepoint region: Cleanup
[8294.672s][info ][safepoint      ] Leaving safepoint region
[8294.672s][info ][safepoint      ] Total time for which application threads were stopped: 0.0001538 seconds, Stopping threads took: 0.0000757 seconds
[8295.672s][info ][safepoint      ] Application time: 1.0000774 seconds
[8295.672s][info ][safepoint      ] Entering safepoint region: Cleanup
[8295.672s][info ][safepoint      ] Leaving safepoint region
[8295.672s][info ][safepoint      ] Total time for which application threads were stopped: 0.0001315 seconds, Stopping threads took: 0.0000570 seconds
[8296.672s][info ][safepoint      ] Application time: 1.0000832 seconds
[8296.672s][info ][safepoint      ] Entering safepoint region: Cleanup
[8296.672s][info ][safepoint      ] Leaving safepoint region
[8296.672s][info ][safepoint      ] Total time for which application threads were stopped: 0.0001495 seconds, Stopping threads took: 0.0000635 seconds
[8297.672s][info ][safepoint      ] Application time: 1.0001249 seconds
[8297.673s][info ][safepoint      ] Entering safepoint region: Cleanup
[8297.673s][info ][safepoint      ] Leaving safepoint region
[8297.673s][info ][safepoint      ] Total time for which application threads were stopped: 0.0001775 seconds, Stopping threads took: 0.0000823 seconds
[8298.673s][info ][safepoint      ] Application time: 1.0000897 seconds
[8298.673s][info ][safepoint      ] Entering safepoint region: Cleanup
[8298.673s][info ][safepoint      ] Leaving safepoint region
[8298.673s][info ][safepoint      ] Total time for which application threads were stopped: 0.0001346 seconds, Stopping threads took: 0.0000586 seconds
[8299.673s][info ][safepoint      ] Application time: 1.0000867 seconds
[8299.673s][info ][safepoint      ] Entering safepoint region: Cleanup
[8299.673s][info ][safepoint      ] Leaving safepoint region
[8299.673s][info ][safepoint      ] Total time for which application threads were stopped: 0.0000810 seconds, Stopping threads took: 0.0000189 seconds
[8300.673s][info ][safepoint      ] Application time: 1.0001176 seconds
[8300.673s][info ][safepoint      ] Entering safepoint region: Cleanup
[8300.673s][info ][safepoint      ] Leaving safepoint region
[8300.673s][info ][safepoint      ] Total time for which application threads were stopped: 0.0001278 seconds, Stopping threads took: 0.0000532 seconds
[8301.674s][info ][safepoint      ] Application time: 1.0001829 seconds
[8301.674s][info ][safepoint      ] Entering safepoint region: Cleanup
[8301.674s][info ][safepoint      ] Leaving safepoint region
[8301.674s][info ][safepoint      ] Total time for which application threads were stopped: 0.0000824 seconds, Stopping threads took: 0.0000188 seconds
[8302.674s][info ][safepoint      ] Application time: 1.0001317 seconds
[8302.674s][info ][safepoint      ] Entering safepoint region: Cleanup
[8302.674s][info ][safepoint      ] Leaving safepoint region
[8302.674s][info ][safepoint      ] Total time for which application threads were stopped: 0.0000823 seconds, Stopping threads took: 0.0000194 seconds
[8303.674s][info ][safepoint      ] Application time: 1.0001254 seconds
[8303.674s][info ][safepoint      ] Entering safepoint region: Cleanup
[8303.674s][info ][safepoint      ] Leaving safepoint region
[8303.674s][info ][safepoint      ] Total time for which application threads were stopped: 0.0000815 seconds, Stopping threads took: 0.0000184 seconds
[8304.674s][info ][safepoint      ] Application time: 1.0001227 seconds
[8304.675s][info ][safepoint      ] Entering safepoint region: Cleanup
[8304.675s][info ][safepoint      ] Leaving safepoint region
[8304.675s][info ][safepoint      ] Total time for which application threads were stopped: 0.0000895 seconds, Stopping threads took: 0.0000221 seconds
[8305.675s][info ][safepoint      ] Application time: 1.0001401 seconds
[8305.675s][info ][safepoint      ] Entering safepoint region: Cleanup
[8305.675s][info ][safepoint      ] Leaving safepoint region
[8305.675s][info ][safepoint      ] Total time for which application threads were stopped: 0.0001060 seconds, Stopping threads took: 0.0000182 seconds
[8306.675s][info ][safepoint      ] Application time: 1.0000835 seconds
[8306.675s][info ][safepoint      ] Entering safepoint region: Cleanup
[8306.675s][info ][safepoint      ] Leaving safepoint region
[8306.675s][info ][safepoint      ] Total time for which application threads were stopped: 0.0000774 seconds, Stopping threads took: 0.0000170 seconds
[8307.204s][info ][safepoint      ] Application time: 0.5287790 seconds
[8307.204s][info ][safepoint      ] Entering safepoint region: ParallelGCFailedAllocation
[8307.204s][info ][gc,start       ] GC(370) Pause Young (Allocation Failure)
[8307.212s][debug][gc,phases      ] GC(370) Scavenge 7.494ms
[8307.212s][debug][gc,ref         ] GC(370) Skipped phase1 of Reference Processing due to unavailable references
[8307.212s][debug][gc,ref         ] GC(370) Skipped phase3 of Reference Processing due to unavailable references
[8307.212s][debug][gc,phases      ] GC(370) Reference Processing 0.036ms
[8307.212s][debug][gc,phases      ] GC(370) Weak Processing 0.222ms
[8307.213s][debug][gc,phases      ] GC(370) Scrub String Table 0.754ms
[8307.213s][debug][gc,age         ] GC(370) Desired survivor size 66584576 bytes, new threshold 15 (max threshold 15)
[8307.213s][info ][gc,heap        ] GC(370) PSYoungGen: 1970672K->13632K(2025472K)
[8307.213s][info ][gc,heap        ] GC(370) ParOldGen: 388843K->388843K(637440K)
[8307.213s][info ][gc,metaspace   ] GC(370) Metaspace: 75815K->75815K(1118208K)
[8307.213s][info ][gc             ] GC(370) Pause Young (Allocation Failure) 2304M->393M(2600M) 8.745ms
[8307.213s][info ][gc,cpu         ] GC(370) User=0.03s Sys=0.00s Real=0.01s
[8307.213s][info ][safepoint      ] Leaving safepoint region
[8307.213s][info ][safepoint      ] Total time for which application threads were stopped: 0.0090712 seconds, Stopping threads took: 0.0000746 seconds
[8308.213s][info ][safepoint      ] Application time: 1.0001269 seconds
[8308.213s][info ][safepoint      ] Entering safepoint region: Cleanup
[8308.213s][info ][safepoint      ] Leaving safepoint region
[8308.213s][info ][safepoint      ] Total time for which application threads were stopped: 0.0001130 seconds, Stopping threads took: 0.0000428 seconds
[8309.214s][info ][safepoint      ] Application time: 1.0001329 seconds
[8309.214s][info ][safepoint      ] Entering safepoint region: Cleanup
[8309.214s][info ][safepoint      ] Leaving safepoint region
[8309.214s][info ][safepoint      ] Total time for which application threads were stopped: 0.0001212 seconds, Stopping threads took: 0.0000458 seconds
[8310.214s][info ][safepoint      ] Application time: 1.0000920 seconds
[8310.214s][info ][safepoint      ] Entering safepoint region: Cleanup
[8310.214s][info ][safepoint      ] Leaving safepoint region
[8310.214s][info ][safepoint      ] Total time for which application threads were stopped: 0.0001353 seconds, Stopping threads took: 0.0000434 seconds
[8311.214s][info ][safepoint      ] Application time: 1.0000915 seconds
[8311.214s][info ][safepoint      ] Entering safepoint region: Cleanup
[8311.214s][info ][safepoint      ] Leaving safepoint region
[8311.214s][info ][safepoint      ] Total time for which application threads were stopped: 0.0001408 seconds, Stopping threads took: 0.0000554 seconds
[8312.214s][info ][safepoint      ] Application time: 1.0001050 seconds
[8312.214s][info ][safepoint      ] Entering safepoint region: Cleanup
[8312.215s][info ][safepoint      ] Leaving safepoint region
[8312.215s][info ][safepoint      ] Total time for which application threads were stopped: 0.0001283 seconds, Stopping threads took: 0.0000565 seconds
[8313.215s][info ][safepoint      ] Application time: 1.0001365 seconds
[8313.215s][info ][safepoint      ] Entering safepoint region: Cleanup
[8313.215s][info ][safepoint      ] Leaving safepoint region
[8313.215s][info ][safepoint      ] Total time for which application threads were stopped: 0.0001178 seconds, Stopping threads took: 0.0000458 seconds
[8314.215s][info ][safepoint      ] Application time: 1.0001479 seconds
[8314.215s][info ][safepoint      ] Entering safepoint region: Cleanup
[8314.215s][info ][safepoint      ] Leaving safepoint region
[8314.215s][info ][safepoint      ] Total time for which application threads were stopped: 0.0001139 seconds, Stopping threads took: 0.0000439 seconds
[8315.215s][info ][safepoint      ] Application time: 1.0001674 seconds
[8315.215s][info ][safepoint      ] Entering safepoint region: Cleanup
[8315.215s][info ][safepoint      ] Leaving safepoint region
[8315.215s][info ][safepoint      ] Total time for which application threads were stopped: 0.0001399 seconds, Stopping threads took: 0.0000417 seconds
[8316.216s][info ][safepoint      ] Application time: 1.0001406 seconds
[8316.216s][info ][safepoint      ] Entering safepoint region: Cleanup
[8316.216s][info ][safepoint      ] Leaving safepoint region
[8316.216s][info ][safepoint      ] Total time for which application threads were stopped: 0.0001146 seconds, Stopping threads took: 0.0000454 seconds
[8317.216s][info ][safepoint      ] Application time: 1.0000792 seconds
[8317.216s][info ][safepoint      ] Entering safepoint region: Cleanup
[8317.216s][info ][safepoint      ] Leaving safepoint region
[8317.216s][info ][safepoint      ] Total time for which application threads were stopped: 0.0001395 seconds, Stopping threads took: 0.0000677 seconds
[8318.216s][info ][safepoint      ] Application time: 1.0001310 seconds
[8318.216s][info ][safepoint      ] Entering safepoint region: Cleanup
[8318.216s][info ][safepoint      ] Leaving safepoint region
[8318.216s][info ][safepoint      ] Total time for which application threads were stopped: 0.0001360 seconds, Stopping threads took: 0.0000421 seconds
[8319.216s][info ][safepoint      ] Application time: 1.0000790 seconds
[8319.217s][info ][safepoint      ] Entering safepoint region: Cleanup
[8319.217s][info ][safepoint      ] Leaving safepoint region
[8319.217s][info ][safepoint      ] Total time for which application threads were stopped: 0.0001756 seconds, Stopping threads took: 0.0000569 seconds
[8320.137s][info ][safepoint      ] Application time: 0.9208220 seconds
[8320.138s][info ][safepoint      ] Entering safepoint region: RevokeBias
[8320.138s][info ][safepoint      ] Leaving safepoint region
[8320.138s][info ][safepoint      ] Total time for which application threads were stopped: 0.0001030 seconds, Stopping threads took: 0.0000183 seconds
[8323.059s][info ][safepoint      ] Application time: 2.9211399 seconds
[8323.059s][info ][safepoint      ] Entering safepoint region: ParallelGCFailedAllocation
[8323.059s][info ][gc,start       ] GC(371) Pause Young (Allocation Failure)
[8323.067s][debug][gc,phases      ] GC(371) Scavenge 7.937ms
[8323.067s][debug][gc,ref         ] GC(371) Skipped phase1 of Reference Processing due to unavailable references
[8323.067s][debug][gc,ref         ] GC(371) Skipped phase3 of Reference Processing due to unavailable references
[8323.067s][debug][gc,phases      ] GC(371) Reference Processing 0.036ms
[8323.067s][debug][gc,phases      ] GC(371) Weak Processing 0.219ms
[8323.068s][debug][gc,phases      ] GC(371) Scrub String Table 0.728ms
[8323.068s][debug][gc,age         ] GC(371) Desired survivor size 63438848 bytes, new threshold 15 (max threshold 15)
[8323.068s][info ][gc,heap        ] GC(371) PSYoungGen: 1971008K->14240K(2035200K)
[8323.068s][info ][gc,heap        ] GC(371) ParOldGen: 388843K->388843K(637440K)
[8323.068s][info ][gc,metaspace   ] GC(371) Metaspace: 75815K->75815K(1118208K)
[8323.068s][info ][gc             ] GC(371) Pause Young (Allocation Failure) 2304M->393M(2610M) 9.086ms
[8323.068s][info ][gc,cpu         ] GC(371) User=0.03s Sys=0.00s Real=0.01s
[8323.068s][info ][safepoint      ] Leaving safepoint region
[8323.068s][info ][safepoint      ] Total time for which application threads were stopped: 0.0092829 seconds, Stopping threads took: 0.0000180 seconds
[8330.069s][info ][safepoint      ] Application time: 7.0008092 seconds
[8330.069s][info ][safepoint      ] Entering safepoint region: Cleanup
[8330.069s][info ][safepoint      ] Leaving safepoint region
[8330.069s][info ][safepoint      ] Total time for which application threads were stopped: 0.0001735 seconds, Stopping threads took: 0.0000707 seconds
[8331.069s][info ][safepoint      ] Application time: 1.0000713 seconds
[8331.069s][info ][safepoint      ] Entering safepoint region: Cleanup
[8331.069s][info ][safepoint      ] Leaving safepoint region
[8331.069s][info ][safepoint      ] Total time for which application threads were stopped: 0.0001722 seconds, Stopping threads took: 0.0000763 seconds
[8334.070s][info ][safepoint      ] Application time: 3.0002374 seconds
[8334.070s][info ][safepoint      ] Entering safepoint region: Cleanup
[8334.070s][info ][safepoint      ] Leaving safepoint region
[8334.070s][info ][safepoint      ] Total time for which application threads were stopped: 0.0001275 seconds, Stopping threads took: 0.0000430 seconds
[8335.070s][info ][safepoint      ] Application time: 1.0001090 seconds
[8335.070s][info ][safepoint      ] Entering safepoint region: Cleanup
[8335.070s][info ][safepoint      ] Leaving safepoint region
[8335.070s][info ][safepoint      ] Total time for which application threads were stopped: 0.0001788 seconds, Stopping threads took: 0.0001064 seconds
[8336.070s][info ][safepoint      ] Application time: 1.0001260 seconds
[8336.070s][info ][safepoint      ] Entering safepoint region: Cleanup
[8336.070s][info ][safepoint      ] Leaving safepoint region
[8336.070s][info ][safepoint      ] Total time for which application threads were stopped: 0.0001117 seconds, Stopping threads took: 0.0000400 seconds
[8337.071s][info ][safepoint      ] Application time: 1.0000899 seconds
[8337.071s][info ][safepoint      ] Entering safepoint region: Cleanup
[8337.071s][info ][safepoint      ] Leaving safepoint region
[8337.071s][info ][safepoint      ] Total time for which application threads were stopped: 0.0001586 seconds, Stopping threads took: 0.0000913 seconds
[8337.720s][info ][safepoint      ] Application time: 0.6495285 seconds
[8337.720s][info ][safepoint      ] Entering safepoint region: ParallelGCFailedAllocation
[8337.721s][info ][gc,start       ] GC(372) Pause Young (Allocation Failure)
[8337.728s][debug][gc,phases      ] GC(372) Scavenge 7.904ms
[8337.728s][debug][gc,ref         ] GC(372) Skipped phase1 of Reference Processing due to unavailable references
[8337.729s][debug][gc,ref         ] GC(372) Skipped phase3 of Reference Processing due to unavailable references
[8337.729s][debug][gc,phases      ] GC(372) Reference Processing 0.035ms
[8337.729s][debug][gc,phases      ] GC(372) Weak Processing 0.230ms
[8337.730s][debug][gc,phases      ] GC(372) Scrub String Table 0.782ms
[8337.730s][debug][gc,age         ] GC(372) Desired survivor size 60293120 bytes, new threshold 15 (max threshold 15)
[8337.730s][info ][gc,heap        ] GC(372) PSYoungGen: 1984416K->14832K(2032128K)
[8337.730s][info ][gc,heap        ] GC(372) ParOldGen: 388843K->388843K(637440K)
[8337.730s][info ][gc,metaspace   ] GC(372) Metaspace: 75817K->75817K(1118208K)
[8337.730s][info ][gc             ] GC(372) Pause Young (Allocation Failure) 2317M->394M(2607M) 9.095ms
[8337.730s][info ][gc,cpu         ] GC(372) User=0.03s Sys=0.00s Real=0.01s
[8337.730s][info ][safepoint      ] Leaving safepoint region
[8337.730s][info ][safepoint      ] Total time for which application threads were stopped: 0.0093139 seconds, Stopping threads took: 0.0000160 seconds
[8338.730s][info ][safepoint      ] Application time: 1.0001377 seconds
[8338.730s][info ][safepoint      ] Entering safepoint region: Cleanup
[8338.730s][info ][safepoint      ] Leaving safepoint region
[8338.730s][info ][safepoint      ] Total time for which application threads were stopped: 0.0001112 seconds, Stopping threads took: 0.0000433 seconds
[8339.730s][info ][safepoint      ] Application time: 1.0001135 seconds
[8339.730s][info ][safepoint      ] Entering safepoint region: Cleanup
[8339.730s][info ][safepoint      ] Leaving safepoint region
[8339.730s][info ][safepoint      ] Total time for which application threads were stopped: 0.0001603 seconds, Stopping threads took: 0.0000928 seconds
[8340.730s][info ][safepoint      ] Application time: 1.0001161 seconds
[8340.731s][info ][safepoint      ] Entering safepoint region: Cleanup
[8340.731s][info ][safepoint      ] Leaving safepoint region
[8340.731s][info ][safepoint      ] Total time for which application threads were stopped: 0.0001101 seconds, Stopping threads took: 0.0000427 seconds
[8341.731s][info ][safepoint      ] Application time: 1.0001065 seconds
[8341.731s][info ][safepoint      ] Entering safepoint region: Cleanup
[8341.731s][info ][safepoint      ] Leaving safepoint region
[8341.731s][info ][safepoint      ] Total time for which application threads were stopped: 0.0001260 seconds, Stopping threads took: 0.0000579 seconds
[8342.731s][info ][safepoint      ] Application time: 1.0000928 seconds
[8342.731s][info ][safepoint      ] Entering safepoint region: Cleanup
[8342.731s][info ][safepoint      ] Leaving safepoint region
[8342.731s][info ][safepoint      ] Total time for which application threads were stopped: 0.0001233 seconds, Stopping threads took: 0.0000572 seconds
[8343.731s][info ][safepoint      ] Application time: 1.0001207 seconds
[8343.731s][info ][safepoint      ] Entering safepoint region: Cleanup
[8343.731s][info ][safepoint      ] Leaving safepoint region
[8343.731s][info ][safepoint      ] Total time for which application threads were stopped: 0.0000768 seconds, Stopping threads took: 0.0000173 seconds
[8344.731s][info ][safepoint      ] Application time: 1.0000801 seconds
[8344.732s][info ][safepoint      ] Entering safepoint region: Cleanup
[8344.732s][info ][safepoint      ] Leaving safepoint region
[8344.732s][info ][safepoint      ] Total time for which application threads were stopped: 0.0001599 seconds, Stopping threads took: 0.0000856 seconds
[8345.732s][info ][safepoint      ] Application time: 1.0001356 seconds
[8345.732s][info ][safepoint      ] Entering safepoint region: Cleanup
[8345.732s][info ][safepoint      ] Leaving safepoint region
[8345.732s][info ][safepoint      ] Total time for which application threads were stopped: 0.0000787 seconds, Stopping threads took: 0.0000167 seconds
[8346.732s][info ][safepoint      ] Application time: 1.0000852 seconds
[8346.732s][info ][safepoint      ] Entering safepoint region: Cleanup
[8346.732s][info ][safepoint      ] Leaving safepoint region
[8346.732s][info ][safepoint      ] Total time for which application threads were stopped: 0.0000807 seconds, Stopping threads took: 0.0000173 seconds
[8347.732s][info ][safepoint      ] Application time: 1.0000874 seconds
[8347.732s][info ][safepoint      ] Entering safepoint region: Cleanup
[8347.732s][info ][safepoint      ] Leaving safepoint region
[8347.732s][info ][safepoint      ] Total time for which application threads were stopped: 0.0001357 seconds, Stopping threads took: 0.0000422 seconds
[8348.733s][info ][safepoint      ] Application time: 1.0000883 seconds
[8348.733s][info ][safepoint      ] Entering safepoint region: Cleanup
[8348.733s][info ][safepoint      ] Leaving safepoint region
[8348.733s][info ][safepoint      ] Total time for which application threads were stopped: 0.0001324 seconds, Stopping threads took: 0.0000559 seconds
[8349.733s][info ][safepoint      ] Application time: 1.0001367 seconds
[8349.733s][info ][safepoint      ] Entering safepoint region: Cleanup
[8349.733s][info ][safepoint      ] Leaving safepoint region
[8349.733s][info ][safepoint      ] Total time for which application threads were stopped: 0.0001322 seconds, Stopping threads took: 0.0000553 seconds
[8350.733s][info ][safepoint      ] Application time: 1.0000797 seconds
[8350.733s][info ][safepoint      ] Entering safepoint region: Cleanup
[8350.733s][info ][safepoint      ] Leaving safepoint region
[8350.733s][info ][safepoint      ] Total time for which application threads were stopped: 0.0001031 seconds, Stopping threads took: 0.0000172 seconds
[8351.733s][info ][safepoint      ] Application time: 1.0001189 seconds
[8351.733s][info ][safepoint      ] Entering safepoint region: Cleanup
[8351.734s][info ][safepoint      ] Leaving safepoint region
[8351.734s][info ][safepoint      ] Total time for which application threads were stopped: 0.0001390 seconds, Stopping threads took: 0.0000697 seconds
[8351.929s][info ][safepoint      ] Application time: 0.1951316 seconds
[8351.929s][info ][safepoint      ] Entering safepoint region: ParallelGCFailedAllocation
[8351.929s][info ][gc,start       ] GC(373) Pause Young (Allocation Failure)
[8351.938s][debug][gc,phases      ] GC(373) Scavenge 8.676ms
[8351.938s][debug][gc,ref         ] GC(373) Skipped phase1 of Reference Processing due to unavailable references
[8351.938s][debug][gc,ref         ] GC(373) Skipped phase3 of Reference Processing due to unavailable references
[8351.938s][debug][gc,phases      ] GC(373) Reference Processing 0.033ms
[8351.938s][debug][gc,phases      ] GC(373) Weak Processing 0.110ms
[8351.938s][debug][gc,phases      ] GC(373) Scrub String Table 0.403ms
[8351.938s][debug][gc,age         ] GC(373) Desired survivor size 57671680 bytes, new threshold 15 (max threshold 15)
[8351.938s][info ][gc,heap        ] GC(373) PSYoungGen: 1985008K->11280K(2040832K)
[8351.938s][info ][gc,heap        ] GC(373) ParOldGen: 388843K->392596K(637440K)
[8351.938s][info ][gc,metaspace   ] GC(373) Metaspace: 75844K->75844K(1118208K)
[8351.938s][info ][gc             ] GC(373) Pause Young (Allocation Failure) 2318M->394M(2615M) 9.354ms
[8351.938s][info ][gc,cpu         ] GC(373) User=0.03s Sys=0.00s Real=0.01s
[8351.938s][info ][safepoint      ] Leaving safepoint region
[8351.938s][info ][safepoint      ] Total time for which application threads were stopped: 0.0095459 seconds, Stopping threads took: 0.0000164 seconds
[8352.938s][info ][safepoint      ] Application time: 1.0001329 seconds
[8352.938s][info ][safepoint      ] Entering safepoint region: Cleanup
[8352.939s][info ][safepoint      ] Leaving safepoint region
[8352.939s][info ][safepoint      ] Total time for which application threads were stopped: 0.0000808 seconds, Stopping threads took: 0.0000179 seconds
[8353.939s][info ][safepoint      ] Application time: 1.0001128 seconds
[8353.939s][info ][safepoint      ] Entering safepoint region: Cleanup
[8353.939s][info ][safepoint      ] Leaving safepoint region
[8353.939s][info ][safepoint      ] Total time for which application threads were stopped: 0.0000802 seconds, Stopping threads took: 0.0000176 seconds
[8354.939s][info ][safepoint      ] Application time: 1.0001371 seconds
[8354.939s][info ][safepoint      ] Entering safepoint region: Cleanup
[8354.939s][info ][safepoint      ] Leaving safepoint region
[8354.939s][info ][safepoint      ] Total time for which application threads were stopped: 0.0000785 seconds, Stopping threads took: 0.0000163 seconds
[8355.939s][info ][safepoint      ] Application time: 1.0000478 seconds
[8355.939s][info ][safepoint      ] Entering safepoint region: Cleanup
[8355.939s][info ][safepoint      ] Leaving safepoint region
[8355.939s][info ][safepoint      ] Total time for which application threads were stopped: 0.0000785 seconds, Stopping threads took: 0.0000181 seconds
[8356.939s][info ][safepoint      ] Application time: 1.0001233 seconds
[8356.939s][info ][safepoint      ] Entering safepoint region: Cleanup
[8356.939s][info ][safepoint      ] Leaving safepoint region
[8356.939s][info ][safepoint      ] Total time for which application threads were stopped: 0.0000767 seconds, Stopping threads took: 0.0000168 seconds
[8357.940s][info ][safepoint      ] Application time: 1.0003968 seconds
[8357.940s][info ][safepoint      ] Entering safepoint region: Cleanup
[8357.940s][info ][safepoint      ] Leaving safepoint region
[8357.940s][info ][safepoint      ] Total time for which application threads were stopped: 0.0001026 seconds, Stopping threads took: 0.0000301 seconds
[8358.940s][info ][safepoint      ] Application time: 1.0000889 seconds
[8358.940s][info ][safepoint      ] Entering safepoint region: Cleanup
[8358.940s][info ][safepoint      ] Leaving safepoint region
[8358.940s][info ][safepoint      ] Total time for which application threads were stopped: 0.0002182 seconds, Stopping threads took: 0.0001440 seconds
[8359.940s][info ][safepoint      ] Application time: 1.0000766 seconds
[8359.941s][info ][safepoint      ] Entering safepoint region: Cleanup
[8359.941s][info ][safepoint      ] Leaving safepoint region
[8359.941s][info ][safepoint      ] Total time for which application threads were stopped: 0.0000962 seconds, Stopping threads took: 0.0000175 seconds
[8360.941s][info ][safepoint      ] Application time: 1.0000779 seconds
[8360.941s][info ][safepoint      ] Entering safepoint region: Cleanup
[8360.941s][info ][safepoint      ] Leaving safepoint region
[8360.941s][info ][safepoint      ] Total time for which application threads were stopped: 0.0000938 seconds, Stopping threads took: 0.0000173 seconds
[8361.941s][info ][safepoint      ] Application time: 1.0001324 seconds
[8361.941s][info ][safepoint      ] Entering safepoint region: Cleanup
[8361.941s][info ][safepoint      ] Leaving safepoint region
[8361.941s][info ][safepoint      ] Total time for which application threads were stopped: 0.0000814 seconds, Stopping threads took: 0.0000179 seconds
[8362.941s][info ][safepoint      ] Application time: 1.0001164 seconds
[8362.941s][info ][safepoint      ] Entering safepoint region: Cleanup
[8362.941s][info ][safepoint      ] Leaving safepoint region
[8362.941s][info ][safepoint      ] Total time for which application threads were stopped: 0.0000807 seconds, Stopping threads took: 0.0000180 seconds
[8363.941s][info ][safepoint      ] Application time: 1.0000771 seconds
[8363.941s][info ][safepoint      ] Entering safepoint region: Cleanup
[8363.942s][info ][safepoint      ] Leaving safepoint region
[8363.942s][info ][safepoint      ] Total time for which application threads were stopped: 0.0000894 seconds, Stopping threads took: 0.0000202 seconds
[8364.942s][info ][safepoint      ] Application time: 1.0000866 seconds
[8364.942s][info ][safepoint      ] Entering safepoint region: Cleanup
[8364.942s][info ][safepoint      ] Leaving safepoint region
[8364.942s][info ][safepoint      ] Total time for which application threads were stopped: 0.0000991 seconds, Stopping threads took: 0.0000371 seconds
[8365.942s][info ][safepoint      ] Application time: 1.0001296 seconds
[8365.942s][info ][safepoint      ] Entering safepoint region: Cleanup
[8365.942s][info ][safepoint      ] Leaving safepoint region
[8365.942s][info ][safepoint      ] Total time for which application threads were stopped: 0.0000836 seconds, Stopping threads took: 0.0000168 seconds
[8366.424s][info ][safepoint      ] Application time: 0.4820757 seconds
[8366.424s][info ][safepoint      ] Entering safepoint region: ParallelGCFailedAllocation
[8366.424s][info ][gc,start       ] GC(374) Pause Young (Allocation Failure)
[8366.432s][debug][gc,phases      ] GC(374) Scavenge 7.289ms
[8366.432s][debug][gc,ref         ] GC(374) Skipped phase1 of Reference Processing due to unavailable references
[8366.432s][debug][gc,ref         ] GC(374) Skipped phase3 of Reference Processing due to unavailable references
[8366.432s][debug][gc,phases      ] GC(374) Reference Processing 0.034ms
[8366.432s][debug][gc,phases      ] GC(374) Weak Processing 0.114ms
[8366.432s][debug][gc,phases      ] GC(374) Scrub String Table 0.435ms
[8366.432s][debug][gc,age         ] GC(374) Desired survivor size 55050240 bytes, new threshold 15 (max threshold 15)
[8366.432s][info ][gc,heap        ] GC(374) PSYoungGen: 1993232K->11184K(2038272K)
[8366.432s][info ][gc,heap        ] GC(374) ParOldGen: 392596K->393336K(637440K)
[8366.432s][info ][gc,metaspace   ] GC(374) Metaspace: 75849K->75849K(1118208K)
[8366.432s][info ][gc             ] GC(374) Pause Young (Allocation Failure) 2329M->395M(2613M) 8.018ms
[8366.432s][info ][gc,cpu         ] GC(374) User=0.03s Sys=0.00s Real=0.00s
[8366.432s][info ][safepoint      ] Leaving safepoint region
[8366.432s][info ][safepoint      ] Total time for which application threads were stopped: 0.0082176 seconds, Stopping threads took: 0.0000294 seconds
[8367.433s][info ][safepoint      ] Application time: 1.0001094 seconds
[8367.434s][info ][safepoint      ] Entering safepoint region: Cleanup
[8367.434s][info ][safepoint      ] Leaving safepoint region
[8367.434s][info ][safepoint      ] Total time for which application threads were stopped: 0.0013036 seconds, Stopping threads took: 0.0012328 seconds
[8368.434s][info ][safepoint      ] Application time: 1.0001021 seconds
[8368.434s][info ][safepoint      ] Entering safepoint region: Cleanup
[8368.434s][info ][safepoint      ] Leaving safepoint region
[8368.434s][info ][safepoint      ] Total time for which application threads were stopped: 0.0000832 seconds, Stopping threads took: 0.0000175 seconds
[8369.434s][info ][safepoint      ] Application time: 1.0001186 seconds
[8369.434s][info ][safepoint      ] Entering safepoint region: Cleanup
[8369.434s][info ][safepoint      ] Leaving safepoint region
[8369.434s][info ][safepoint      ] Total time for which application threads were stopped: 0.0001304 seconds, Stopping threads took: 0.0000576 seconds
[8369.792s][info ][safepoint      ] Application time: 0.3580280 seconds
[8369.793s][info ][safepoint      ] Entering safepoint region: RevokeBias
[8369.793s][info ][safepoint      ] Leaving safepoint region
[8369.793s][info ][safepoint      ] Total time for which application threads were stopped: 0.0001694 seconds, Stopping threads took: 0.0000179 seconds
[8370.793s][info ][safepoint      ] Application time: 1.0000951 seconds
[8370.793s][info ][safepoint      ] Entering safepoint region: Cleanup
[8370.793s][info ][safepoint      ] Leaving safepoint region
[8370.793s][info ][safepoint      ] Total time for which application threads were stopped: 0.0000780 seconds, Stopping threads took: 0.0000180 seconds
[8371.793s][info ][safepoint      ] Application time: 1.0000565 seconds
[8371.793s][info ][safepoint      ] Entering safepoint region: Cleanup
[8371.793s][info ][safepoint      ] Leaving safepoint region
[8371.793s][info ][safepoint      ] Total time for which application threads were stopped: 0.0000757 seconds, Stopping threads took: 0.0000180 seconds
[8372.793s][info ][safepoint      ] Application time: 1.0000690 seconds
[8372.793s][info ][safepoint      ] Entering safepoint region: Cleanup
[8372.793s][info ][safepoint      ] Leaving safepoint region
[8372.793s][info ][safepoint      ] Total time for which application threads were stopped: 0.0000895 seconds, Stopping threads took: 0.0000318 seconds
[8373.793s][info ][safepoint      ] Application time: 1.0000991 seconds
[8373.793s][info ][safepoint      ] Entering safepoint region: Cleanup
[8373.794s][info ][safepoint      ] Leaving safepoint region
[8373.794s][info ][safepoint      ] Total time for which application threads were stopped: 0.0000789 seconds, Stopping threads took: 0.0000171 seconds
[8374.794s][info ][safepoint      ] Application time: 1.0001041 seconds
[8374.794s][info ][safepoint      ] Entering safepoint region: Cleanup
[8374.794s][info ][safepoint      ] Leaving safepoint region
[8374.794s][info ][safepoint      ] Total time for which application threads were stopped: 0.0000934 seconds, Stopping threads took: 0.0000169 seconds
[8375.794s][info ][safepoint      ] Application time: 1.0000756 seconds
[8375.794s][info ][safepoint      ] Entering safepoint region: Cleanup
[8375.794s][info ][safepoint      ] Leaving safepoint region
[8375.794s][info ][safepoint      ] Total time for which application threads were stopped: 0.0000754 seconds, Stopping threads took: 0.0000176 seconds
[8376.794s][info ][safepoint      ] Application time: 1.0000902 seconds
[8376.794s][info ][safepoint      ] Entering safepoint region: Cleanup
[8376.794s][info ][safepoint      ] Leaving safepoint region
[8376.794s][info ][safepoint      ] Total time for which application threads were stopped: 0.0000851 seconds, Stopping threads took: 0.0000165 seconds
[8377.794s][info ][safepoint      ] Application time: 1.0000709 seconds
[8377.794s][info ][safepoint      ] Entering safepoint region: Cleanup
[8377.794s][info ][safepoint      ] Leaving safepoint region
[8377.794s][info ][safepoint      ] Total time for which application threads were stopped: 0.0000929 seconds, Stopping threads took: 0.0000179 seconds
[8378.795s][info ][safepoint      ] Application time: 1.0002529 seconds
[8378.795s][info ][safepoint      ] Entering safepoint region: Cleanup
[8378.795s][info ][safepoint      ] Leaving safepoint region
[8378.795s][info ][safepoint      ] Total time for which application threads were stopped: 0.0001043 seconds, Stopping threads took: 0.0000344 seconds
[8379.795s][info ][safepoint      ] Application time: 1.0000959 seconds
[8379.795s][info ][safepoint      ] Entering safepoint region: Cleanup
[8379.795s][info ][safepoint      ] Leaving safepoint region
[8379.795s][info ][safepoint      ] Total time for which application threads were stopped: 0.0000831 seconds, Stopping threads took: 0.0000193 seconds
[8380.795s][info ][safepoint      ] Application time: 1.0000759 seconds
[8380.795s][info ][safepoint      ] Entering safepoint region: Cleanup
[8380.795s][info ][safepoint      ] Leaving safepoint region
[8380.795s][info ][safepoint      ] Total time for which application threads were stopped: 0.0000851 seconds, Stopping threads took: 0.0000205 seconds
[8381.205s][info ][safepoint      ] Application time: 0.4097436 seconds
[8381.205s][info ][safepoint      ] Entering safepoint region: ParallelGCFailedAllocation
[8381.205s][info ][gc,start       ] GC(375) Pause Young (Allocation Failure)
[8381.212s][debug][gc,phases      ] GC(375) Scavenge 6.571ms
[8381.212s][debug][gc,ref         ] GC(375) Skipped phase1 of Reference Processing due to unavailable references
[8381.212s][debug][gc,ref         ] GC(375) Skipped phase3 of Reference Processing due to unavailable references
[8381.212s][debug][gc,phases      ] GC(375) Reference Processing 0.034ms
[8381.212s][debug][gc,phases      ] GC(375) Weak Processing 0.130ms
[8381.212s][debug][gc,phases      ] GC(375) Scrub String Table 0.413ms
[8381.212s][debug][gc,age         ] GC(375) Desired survivor size 52428800 bytes, new threshold 15 (max threshold 15)
[8381.212s][info ][gc,heap        ] GC(375) PSYoungGen: 1993136K->12160K(2045952K)
[8381.212s][info ][gc,heap        ] GC(375) ParOldGen: 393336K->393692K(637440K)
[8381.212s][info ][gc,metaspace   ] GC(375) Metaspace: 75850K->75850K(1118208K)
[8381.213s][info ][gc             ] GC(375) Pause Young (Allocation Failure) 2330M->396M(2620M) 7.277ms
[8381.213s][info ][gc,cpu         ] GC(375) User=0.03s Sys=0.00s Real=0.00s
[8381.213s][info ][safepoint      ] Leaving safepoint region
[8381.213s][info ][safepoint      ] Total time for which application threads were stopped: 0.0075638 seconds, Stopping threads took: 0.0000746 seconds
[8382.213s][info ][safepoint      ] Application time: 1.0001152 seconds
[8382.213s][info ][safepoint      ] Entering safepoint region: Cleanup
[8382.213s][info ][safepoint      ] Leaving safepoint region
[8382.213s][info ][safepoint      ] Total time for which application threads were stopped: 0.0001280 seconds, Stopping threads took: 0.0000435 seconds
[8383.213s][info ][safepoint      ] Application time: 1.0001259 seconds
[8383.213s][info ][safepoint      ] Entering safepoint region: Cleanup
[8383.213s][info ][safepoint      ] Leaving safepoint region
[8383.213s][info ][safepoint      ] Total time for which application threads were stopped: 0.0001133 seconds, Stopping threads took: 0.0000417 seconds
[8384.213s][info ][safepoint      ] Application time: 1.0002317 seconds
[8384.213s][info ][safepoint      ] Entering safepoint region: Cleanup
[8384.214s][info ][safepoint      ] Leaving safepoint region
[8384.214s][info ][safepoint      ] Total time for which application threads were stopped: 0.0001180 seconds, Stopping threads took: 0.0000430 seconds
[8385.214s][info ][safepoint      ] Application time: 1.0001375 seconds
[8385.214s][info ][safepoint      ] Entering safepoint region: Cleanup
[8385.214s][info ][safepoint      ] Leaving safepoint region
[8385.214s][info ][safepoint      ] Total time for which application threads were stopped: 0.0001518 seconds, Stopping threads took: 0.0000764 seconds
[8386.214s][info ][safepoint      ] Application time: 1.0000921 seconds
[8386.214s][info ][safepoint      ] Entering safepoint region: Cleanup
[8386.214s][info ][safepoint      ] Leaving safepoint region
[8386.214s][info ][safepoint      ] Total time for which application threads were stopped: 0.0001847 seconds, Stopping threads took: 0.0000957 seconds
[8387.214s][info ][safepoint      ] Application time: 1.0001265 seconds
[8387.214s][info ][safepoint      ] Entering safepoint region: Cleanup
[8387.215s][info ][safepoint      ] Leaving safepoint region
[8387.215s][info ][safepoint      ] Total time for which application threads were stopped: 0.0001142 seconds, Stopping threads took: 0.0000408 seconds
[8388.215s][info ][safepoint      ] Application time: 1.0000812 seconds
[8388.215s][info ][safepoint      ] Entering safepoint region: Cleanup
[8388.215s][info ][safepoint      ] Leaving safepoint region
[8388.215s][info ][safepoint      ] Total time for which application threads were stopped: 0.0001357 seconds, Stopping threads took: 0.0000562 seconds
[8389.215s][info ][safepoint      ] Application time: 1.0001312 seconds
[8389.215s][info ][safepoint      ] Entering safepoint region: Cleanup
[8389.215s][info ][safepoint      ] Leaving safepoint region
[8389.215s][info ][safepoint      ] Total time for which application threads were stopped: 0.0001184 seconds, Stopping threads took: 0.0000434 seconds
[8390.215s][info ][safepoint      ] Application time: 1.0001199 seconds
[8390.215s][info ][safepoint      ] Entering safepoint region: Cleanup
[8390.216s][info ][safepoint      ] Leaving safepoint region
[8390.216s][info ][safepoint      ] Total time for which application threads were stopped: 0.0004513 seconds, Stopping threads took: 0.0000537 seconds
[8391.216s][info ][safepoint      ] Application time: 1.0001384 seconds
[8391.216s][info ][safepoint      ] Entering safepoint region: Cleanup
[8391.216s][info ][safepoint      ] Leaving safepoint region
[8391.216s][info ][safepoint      ] Total time for which application threads were stopped: 0.0001060 seconds, Stopping threads took: 0.0000345 seconds
[8392.216s][info ][safepoint      ] Application time: 1.0000998 seconds
[8392.216s][info ][safepoint      ] Entering safepoint region: Cleanup
[8392.216s][info ][safepoint      ] Leaving safepoint region
[8392.216s][info ][safepoint      ] Total time for which application threads were stopped: 0.0001007 seconds, Stopping threads took: 0.0000337 seconds
[8393.216s][info ][safepoint      ] Application time: 1.0000926 seconds
[8393.217s][info ][safepoint      ] Entering safepoint region: Cleanup
[8393.217s][info ][safepoint      ] Leaving safepoint region
[8393.217s][info ][safepoint      ] Total time for which application threads were stopped: 0.0001445 seconds, Stopping threads took: 0.0000712 seconds
[8394.217s][info ][safepoint      ] Application time: 1.0001226 seconds
[8394.217s][info ][safepoint      ] Entering safepoint region: Cleanup
[8394.217s][info ][safepoint      ] Leaving safepoint region
[8394.217s][info ][safepoint      ] Total time for which application threads were stopped: 0.0001272 seconds, Stopping threads took: 0.0000372 seconds
[8395.217s][info ][safepoint      ] Application time: 1.0001874 seconds
[8395.217s][info ][safepoint      ] Entering safepoint region: Cleanup
[8395.217s][info ][safepoint      ] Leaving safepoint region
[8395.217s][info ][safepoint      ] Total time for which application threads were stopped: 0.0003060 seconds, Stopping threads took: 0.0002345 seconds
[8396.129s][info ][safepoint      ] Application time: 0.9120331 seconds
[8396.130s][info ][safepoint      ] Entering safepoint region: ParallelGCFailedAllocation
[8396.130s][info ][gc,start       ] GC(376) Pause Young (Allocation Failure)
[8396.137s][debug][gc,phases      ] GC(376) Scavenge 7.157ms
[8396.137s][debug][gc,ref         ] GC(376) Skipped phase1 of Reference Processing due to unavailable references
[8396.137s][debug][gc,ref         ] GC(376) Skipped phase3 of Reference Processing due to unavailable references
[8396.137s][debug][gc,phases      ] GC(376) Reference Processing 0.051ms
[8396.137s][debug][gc,phases      ] GC(376) Weak Processing 0.264ms
[8396.138s][debug][gc,phases      ] GC(376) Scrub String Table 0.858ms
[8396.138s][debug][gc,age         ] GC(376) Desired survivor size 50331648 bytes, new threshold 15 (max threshold 15)
[8396.138s][info ][gc,heap        ] GC(376) PSYoungGen: 2004352K->12320K(2043392K)
[8396.138s][info ][gc,heap        ] GC(376) ParOldGen: 393692K->393896K(637440K)
[8396.138s][info ][gc,metaspace   ] GC(376) Metaspace: 75851K->75851K(1118208K)
[8396.138s][info ][gc             ] GC(376) Pause Young (Allocation Failure) 2341M->396M(2618M) 8.481ms
[8396.138s][info ][gc,cpu         ] GC(376) User=0.03s Sys=0.00s Real=0.01s
[8396.138s][info ][safepoint      ] Leaving safepoint region
[8396.138s][info ][safepoint      ] Total time for which application threads were stopped: 0.0087020 seconds, Stopping threads took: 0.0000174 seconds
[8397.138s][info ][safepoint      ] Application time: 1.0001482 seconds
[8397.138s][info ][safepoint      ] Entering safepoint region: Cleanup
[8397.139s][info ][safepoint      ] Leaving safepoint region
[8397.139s][info ][safepoint      ] Total time for which application threads were stopped: 0.0003896 seconds, Stopping threads took: 0.0001278 seconds
[8398.139s][info ][safepoint      ] Application time: 1.0001585 seconds
[8398.139s][info ][safepoint      ] Entering safepoint region: Cleanup
[8398.139s][info ][safepoint      ] Leaving safepoint region
[8398.139s][info ][safepoint      ] Total time for which application threads were stopped: 0.0000831 seconds, Stopping threads took: 0.0000191 seconds
[8399.139s][info ][safepoint      ] Application time: 1.0000857 seconds
[8399.139s][info ][safepoint      ] Entering safepoint region: Cleanup
[8399.139s][info ][safepoint      ] Leaving safepoint region
[8399.139s][info ][safepoint      ] Total time for which application threads were stopped: 0.0000802 seconds, Stopping threads took: 0.0000179 seconds
[8400.139s][info ][safepoint      ] Application time: 1.0001511 seconds
[8400.140s][info ][safepoint      ] Entering safepoint region: Cleanup
[8400.140s][info ][safepoint      ] Leaving safepoint region
[8400.140s][info ][safepoint      ] Total time for which application threads were stopped: 0.0000815 seconds, Stopping threads took: 0.0000186 seconds
[8401.140s][info ][safepoint      ] Application time: 1.0000812 seconds
[8401.140s][info ][safepoint      ] Entering safepoint region: Cleanup
[8401.140s][info ][safepoint      ] Leaving safepoint region
[8401.140s][info ][safepoint      ] Total time for which application threads were stopped: 0.0000926 seconds, Stopping threads took: 0.0000170 seconds
[8402.140s][info ][safepoint      ] Application time: 1.0000831 seconds
[8402.140s][info ][safepoint      ] Entering safepoint region: Cleanup
[8402.140s][info ][safepoint      ] Leaving safepoint region
[8402.140s][info ][safepoint      ] Total time for which application threads were stopped: 0.0001106 seconds, Stopping threads took: 0.0000191 seconds
[8403.140s][info ][safepoint      ] Application time: 1.0001039 seconds
[8403.140s][info ][safepoint      ] Entering safepoint region: Cleanup
[8403.140s][info ][safepoint      ] Leaving safepoint region
[8403.140s][info ][safepoint      ] Total time for which application threads were stopped: 0.0001016 seconds, Stopping threads took: 0.0000359 seconds
[8404.140s][info ][safepoint      ] Application time: 1.0001304 seconds
[8404.140s][info ][safepoint      ] Entering safepoint region: Cleanup
[8404.141s][info ][safepoint      ] Leaving safepoint region
[8404.141s][info ][safepoint      ] Total time for which application threads were stopped: 0.0001021 seconds, Stopping threads took: 0.0000199 seconds
[8405.141s][info ][safepoint      ] Application time: 1.0001265 seconds
[8405.141s][info ][safepoint      ] Entering safepoint region: Cleanup
[8405.141s][info ][safepoint      ] Leaving safepoint region
[8405.141s][info ][safepoint      ] Total time for which application threads were stopped: 0.0000831 seconds, Stopping threads took: 0.0000190 seconds
[8406.141s][info ][safepoint      ] Application time: 1.0000870 seconds
[8406.141s][info ][safepoint      ] Entering safepoint region: Cleanup
[8406.141s][info ][safepoint      ] Leaving safepoint region
[8406.141s][info ][safepoint      ] Total time for which application threads were stopped: 0.0000854 seconds, Stopping threads took: 0.0000196 seconds
[8407.141s][info ][safepoint      ] Application time: 1.0001531 seconds
[8407.141s][info ][safepoint      ] Entering safepoint region: Cleanup
[8407.141s][info ][safepoint      ] Leaving safepoint region
[8407.141s][info ][safepoint      ] Total time for which application threads were stopped: 0.0000844 seconds, Stopping threads took: 0.0000193 seconds
[8408.141s][info ][safepoint      ] Application time: 1.0000689 seconds
[8408.141s][info ][safepoint      ] Entering safepoint region: Cleanup
[8408.142s][info ][safepoint      ] Leaving safepoint region
[8408.142s][info ][safepoint      ] Total time for which application threads were stopped: 0.0001010 seconds, Stopping threads took: 0.0000344 seconds
[8409.142s][info ][safepoint      ] Application time: 1.0000756 seconds
[8409.142s][info ][safepoint      ] Entering safepoint region: Cleanup
[8409.142s][info ][safepoint      ] Leaving safepoint region
[8409.142s][info ][safepoint      ] Total time for which application threads were stopped: 0.0000830 seconds, Stopping threads took: 0.0000199 seconds
[8410.142s][info ][safepoint      ] Application time: 1.0000830 seconds
[8410.142s][info ][safepoint      ] Entering safepoint region: Cleanup
[8410.142s][info ][safepoint      ] Leaving safepoint region
[8410.142s][info ][safepoint      ] Total time for which application threads were stopped: 0.0000825 seconds, Stopping threads took: 0.0000185 seconds
[8411.142s][info ][safepoint      ] Application time: 1.0001436 seconds
[8411.142s][info ][safepoint      ] Entering safepoint region: Cleanup
[8411.142s][info ][safepoint      ] Leaving safepoint region
[8411.142s][info ][safepoint      ] Total time for which application threads were stopped: 0.0000819 seconds, Stopping threads took: 0.0000187 seconds
[8412.142s][info ][safepoint      ] Application time: 1.0000763 seconds
[8412.142s][info ][safepoint      ] Entering safepoint region: Cleanup
[8412.142s][info ][safepoint      ] Leaving safepoint region
[8412.142s][info ][safepoint      ] Total time for which application threads were stopped: 0.0000861 seconds, Stopping threads took: 0.0000207 seconds
[8412.223s][info ][safepoint      ] Application time: 0.0806467 seconds
[8412.223s][info ][safepoint      ] Entering safepoint region: ParallelGCFailedAllocation
[8412.223s][info ][gc,start       ] GC(377) Pause Young (Allocation Failure)
[8412.231s][debug][gc,phases      ] GC(377) Scavenge 7.613ms
[8412.231s][debug][gc,ref         ] GC(377) Skipped phase1 of Reference Processing due to unavailable references
[8412.231s][debug][gc,ref         ] GC(377) Skipped phase3 of Reference Processing due to unavailable references
[8412.231s][debug][gc,phases      ] GC(377) Reference Processing 0.036ms
[8412.231s][debug][gc,phases      ] GC(377) Weak Processing 0.218ms
[8412.232s][debug][gc,phases      ] GC(377) Scrub String Table 0.748ms
[8412.232s][debug][gc,age         ] GC(377) Desired survivor size 47710208 bytes, new threshold 15 (max threshold 15)
[8412.232s][info ][gc,heap        ] GC(377) PSYoungGen: 2004512K->11888K(2050560K)
[8412.232s][info ][gc,heap        ] GC(377) ParOldGen: 393896K->394148K(637440K)
[8412.232s][info ][gc,metaspace   ] GC(377) Metaspace: 75851K->75851K(1118208K)
[8412.232s][info ][gc             ] GC(377) Pause Young (Allocation Failure) 2342M->396M(2625M) 8.772ms
[8412.232s][info ][gc,cpu         ] GC(377) User=0.03s Sys=0.00s Real=0.00s
[8412.232s][info ][safepoint      ] Leaving safepoint region
[8412.232s][info ][safepoint      ] Total time for which application threads were stopped: 0.0089449 seconds, Stopping threads took: 0.0000177 seconds
[8413.232s][info ][safepoint      ] Application time: 1.0001663 seconds
[8413.232s][info ][safepoint      ] Entering safepoint region: Cleanup
[8413.232s][info ][safepoint      ] Leaving safepoint region
[8413.232s][info ][safepoint      ] Total time for which application threads were stopped: 0.0000789 seconds, Stopping threads took: 0.0000186 seconds
[8414.232s][info ][safepoint      ] Application time: 1.0001190 seconds
[8414.233s][info ][safepoint      ] Entering safepoint region: Cleanup
[8414.233s][info ][safepoint      ] Leaving safepoint region
[8414.233s][info ][safepoint      ] Total time for which application threads were stopped: 0.0001025 seconds, Stopping threads took: 0.0000183 seconds
[8415.233s][info ][safepoint      ] Application time: 1.0000789 seconds
[8415.233s][info ][safepoint      ] Entering safepoint region: Cleanup
[8415.233s][info ][safepoint      ] Leaving safepoint region
[8415.233s][info ][safepoint      ] Total time for which application threads were stopped: 0.0001583 seconds, Stopping threads took: 0.0000710 seconds
[8416.233s][info ][safepoint      ] Application time: 1.0001797 seconds
[8416.233s][info ][safepoint      ] Entering safepoint region: Cleanup
[8416.233s][info ][safepoint      ] Leaving safepoint region
[8416.233s][info ][safepoint      ] Total time for which application threads were stopped: 0.0001898 seconds, Stopping threads took: 0.0000205 seconds
[8417.233s][info ][safepoint      ] Application time: 1.0000837 seconds
[8417.233s][info ][safepoint      ] Entering safepoint region: Cleanup
[8417.234s][info ][safepoint      ] Leaving safepoint region
[8417.234s][info ][safepoint      ] Total time for which application threads were stopped: 0.0001089 seconds, Stopping threads took: 0.0000368 seconds
[8418.234s][info ][safepoint      ] Application time: 1.0001239 seconds
[8418.234s][info ][safepoint      ] Entering safepoint region: Cleanup
[8418.234s][info ][safepoint      ] Leaving safepoint region
[8418.234s][info ][safepoint      ] Total time for which application threads were stopped: 0.0000825 seconds, Stopping threads took: 0.0000190 seconds
[8419.234s][info ][safepoint      ] Application time: 1.0001152 seconds
[8419.234s][info ][safepoint      ] Entering safepoint region: Cleanup
[8419.234s][info ][safepoint      ] Leaving safepoint region
[8419.234s][info ][safepoint      ] Total time for which application threads were stopped: 0.0000855 seconds, Stopping threads took: 0.0000202 seconds
[8420.234s][info ][safepoint      ] Application time: 1.0001232 seconds
[8420.234s][info ][safepoint      ] Entering safepoint region: Cleanup
[8420.234s][info ][safepoint      ] Leaving safepoint region
[8420.234s][info ][safepoint      ] Total time for which application threads were stopped: 0.0001079 seconds, Stopping threads took: 0.0000182 seconds
[8421.234s][info ][safepoint      ] Application time: 1.0000683 seconds
[8421.234s][info ][safepoint      ] Entering safepoint region: Cleanup
[8421.235s][info ][safepoint      ] Leaving safepoint region
[8421.235s][info ][safepoint      ] Total time for which application threads were stopped: 0.0001422 seconds, Stopping threads took: 0.0000314 seconds
[8422.235s][info ][safepoint      ] Application time: 1.0000890 seconds
[8422.235s][info ][safepoint      ] Entering safepoint region: Cleanup
[8422.235s][info ][safepoint      ] Leaving safepoint region
[8422.235s][info ][safepoint      ] Total time for which application threads were stopped: 0.0000903 seconds, Stopping threads took: 0.0000205 seconds
[8423.235s][info ][safepoint      ] Application time: 1.0001182 seconds
[8423.235s][info ][safepoint      ] Entering safepoint region: Cleanup
[8423.235s][info ][safepoint      ] Leaving safepoint region
[8423.235s][info ][safepoint      ] Total time for which application threads were stopped: 0.0001104 seconds, Stopping threads took: 0.0000194 seconds
[8424.235s][info ][safepoint      ] Application time: 1.0000869 seconds
[8424.235s][info ][safepoint      ] Entering safepoint region: Cleanup
[8424.235s][info ][safepoint      ] Leaving safepoint region
[8424.235s][info ][safepoint      ] Total time for which application threads were stopped: 0.0001485 seconds, Stopping threads took: 0.0000768 seconds
[8425.237s][info ][safepoint      ] Application time: 1.0012638 seconds
[8425.237s][info ][safepoint      ] Entering safepoint region: Cleanup
[8425.237s][info ][safepoint      ] Leaving safepoint region
[8425.237s][info ][safepoint      ] Total time for which application threads were stopped: 0.0000822 seconds, Stopping threads took: 0.0000181 seconds
[8426.237s][info ][safepoint      ] Application time: 1.0000859 seconds
[8426.237s][info ][safepoint      ] Entering safepoint region: Cleanup
[8426.237s][info ][safepoint      ] Leaving safepoint region
[8426.237s][info ][safepoint      ] Total time for which application threads were stopped: 0.0000804 seconds, Stopping threads took: 0.0000182 seconds
[8427.028s][info ][safepoint      ] Application time: 0.7913183 seconds
[8427.028s][info ][safepoint      ] Entering safepoint region: ParallelGCFailedAllocation
[8427.028s][info ][gc,start       ] GC(378) Pause Young (Allocation Failure)
[8427.036s][debug][gc,phases      ] GC(378) Scavenge 7.096ms
[8427.036s][debug][gc,ref         ] GC(378) Skipped phase1 of Reference Processing due to unavailable references
[8427.036s][debug][gc,ref         ] GC(378) Skipped phase3 of Reference Processing due to unavailable references
[8427.036s][debug][gc,phases      ] GC(378) Reference Processing 0.036ms
[8427.036s][debug][gc,phases      ] GC(378) Weak Processing 0.116ms
[8427.036s][debug][gc,phases      ] GC(378) Scrub String Table 0.442ms
[8427.036s][debug][gc,age         ] GC(378) Desired survivor size 45613056 bytes, new threshold 15 (max threshold 15)
[8427.036s][info ][gc,heap        ] GC(378) PSYoungGen: 2013296K->12032K(2048000K)
[8427.036s][info ][gc,heap        ] GC(378) ParOldGen: 394148K->394480K(637440K)
[8427.036s][info ][gc,metaspace   ] GC(378) Metaspace: 75854K->75854K(1118208K)
[8427.036s][info ][gc             ] GC(378) Pause Young (Allocation Failure) 2351M->396M(2622M) 7.842ms
[8427.036s][info ][gc,cpu         ] GC(378) User=0.03s Sys=0.00s Real=0.01s
[8427.036s][info ][safepoint      ] Leaving safepoint region
[8427.036s][info ][safepoint      ] Total time for which application threads were stopped: 0.0080591 seconds, Stopping threads took: 0.0000164 seconds
[8428.037s][info ][safepoint      ] Application time: 1.0001852 seconds
[8428.037s][info ][safepoint      ] Entering safepoint region: Cleanup
[8428.037s][info ][safepoint      ] Leaving safepoint region
[8428.037s][info ][safepoint      ] Total time for which application threads were stopped: 0.0000832 seconds, Stopping threads took: 0.0000192 seconds
[8429.037s][info ][safepoint      ] Application time: 1.0001250 seconds
[8429.037s][info ][safepoint      ] Entering safepoint region: Cleanup
[8429.037s][info ][safepoint      ] Leaving safepoint region
[8429.037s][info ][safepoint      ] Total time for which application threads were stopped: 0.0000994 seconds, Stopping threads took: 0.0000177 seconds
[8430.037s][info ][safepoint      ] Application time: 1.0001245 seconds
[8430.037s][info ][safepoint      ] Entering safepoint region: Cleanup
[8430.037s][info ][safepoint      ] Leaving safepoint region
[8430.037s][info ][safepoint      ] Total time for which application threads were stopped: 0.0001139 seconds, Stopping threads took: 0.0000182 seconds
[8431.037s][info ][safepoint      ] Application time: 1.0000808 seconds
[8431.037s][info ][safepoint      ] Entering safepoint region: Cleanup
[8431.037s][info ][safepoint      ] Leaving safepoint region
[8431.037s][info ][safepoint      ] Total time for which application threads were stopped: 0.0000949 seconds, Stopping threads took: 0.0000178 seconds
[8432.038s][info ][safepoint      ] Application time: 1.0000778 seconds
[8432.038s][info ][safepoint      ] Entering safepoint region: Cleanup
[8432.038s][info ][safepoint      ] Leaving safepoint region
[8432.038s][info ][safepoint      ] Total time for which application threads were stopped: 0.0000875 seconds, Stopping threads took: 0.0000180 seconds
[8433.038s][info ][safepoint      ] Application time: 1.0000650 seconds
[8433.038s][info ][safepoint      ] Entering safepoint region: Cleanup
[8433.038s][info ][safepoint      ] Leaving safepoint region
[8433.038s][info ][safepoint      ] Total time for which application threads were stopped: 0.0001692 seconds, Stopping threads took: 0.0001007 seconds
[8434.038s][info ][safepoint      ] Application time: 1.0001285 seconds
[8434.038s][info ][safepoint      ] Entering safepoint region: Cleanup
[8434.038s][info ][safepoint      ] Leaving safepoint region
[8434.038s][info ][safepoint      ] Total time for which application threads were stopped: 0.0001290 seconds, Stopping threads took: 0.0000653 seconds
[8435.038s][info ][safepoint      ] Application time: 1.0001290 seconds
[8435.038s][info ][safepoint      ] Entering safepoint region: Cleanup
[8435.039s][info ][safepoint      ] Leaving safepoint region
[8435.039s][info ][safepoint      ] Total time for which application threads were stopped: 0.0000994 seconds, Stopping threads took: 0.0000175 seconds
[8436.039s][info ][safepoint      ] Application time: 1.0000868 seconds
[8436.039s][info ][safepoint      ] Entering safepoint region: Cleanup
[8436.039s][info ][safepoint      ] Leaving safepoint region
[8436.039s][info ][safepoint      ] Total time for which application threads were stopped: 0.0001679 seconds, Stopping threads took: 0.0000222 seconds
[8437.039s][info ][safepoint      ] Application time: 1.0000939 seconds
[8437.039s][info ][safepoint      ] Entering safepoint region: Cleanup
[8437.039s][info ][safepoint      ] Leaving safepoint region
[8437.039s][info ][safepoint      ] Total time for which application threads were stopped: 0.0000806 seconds, Stopping threads took: 0.0000170 seconds
[8438.039s][info ][safepoint      ] Application time: 1.0001377 seconds
[8438.039s][info ][safepoint      ] Entering safepoint region: Cleanup
[8438.039s][info ][safepoint      ] Leaving safepoint region
[8438.039s][info ][safepoint      ] Total time for which application threads were stopped: 0.0000869 seconds, Stopping threads took: 0.0000192 seconds
[8439.039s][info ][safepoint      ] Application time: 1.0000822 seconds
[8439.040s][info ][safepoint      ] Entering safepoint region: Cleanup
[8439.040s][info ][safepoint      ] Leaving safepoint region
[8439.040s][info ][safepoint      ] Total time for which application threads were stopped: 0.0000892 seconds, Stopping threads took: 0.0000191 seconds
[8440.040s][info ][safepoint      ] Application time: 1.0000957 seconds
[8440.040s][info ][safepoint      ] Entering safepoint region: Cleanup
[8440.040s][info ][safepoint      ] Leaving safepoint region
[8440.040s][info ][safepoint      ] Total time for which application threads were stopped: 0.0000835 seconds, Stopping threads took: 0.0000186 seconds
[8441.040s][info ][safepoint      ] Application time: 1.0000688 seconds
[8441.040s][info ][safepoint      ] Entering safepoint region: Cleanup
[8441.040s][info ][safepoint      ] Leaving safepoint region
[8441.040s][info ][safepoint      ] Total time for which application threads were stopped: 0.0000974 seconds, Stopping threads took: 0.0000187 seconds
[8442.040s][info ][safepoint      ] Application time: 1.0001176 seconds
[8442.040s][info ][safepoint      ] Entering safepoint region: Cleanup
[8442.040s][info ][safepoint      ] Leaving safepoint region
[8442.040s][info ][safepoint      ] Total time for which application threads were stopped: 0.0001039 seconds, Stopping threads took: 0.0000168 seconds
[8443.040s][info ][safepoint      ] Application time: 1.0000958 seconds
[8443.040s][info ][safepoint      ] Entering safepoint region: Cleanup
[8443.041s][info ][safepoint      ] Leaving safepoint region
[8443.041s][info ][safepoint      ] Total time for which application threads were stopped: 0.0000840 seconds, Stopping threads took: 0.0000194 seconds
[8443.105s][info ][safepoint      ] Application time: 0.0648463 seconds
[8443.106s][info ][safepoint      ] Entering safepoint region: ParallelGCFailedAllocation
[8443.106s][info ][gc,start       ] GC(379) Pause Young (Allocation Failure)
[8443.113s][debug][gc,phases      ] GC(379) Scavenge 7.194ms
[8443.113s][debug][gc,ref         ] GC(379) Skipped phase1 of Reference Processing due to unavailable references
[8443.113s][debug][gc,ref         ] GC(379) Skipped phase3 of Reference Processing due to unavailable references
[8443.113s][debug][gc,phases      ] GC(379) Reference Processing 0.050ms
[8443.113s][debug][gc,phases      ] GC(379) Weak Processing 0.159ms
[8443.114s][debug][gc,phases      ] GC(379) Scrub String Table 0.439ms
[8443.114s][debug][gc,age         ] GC(379) Desired survivor size 43515904 bytes, new threshold 15 (max threshold 15)
[8443.114s][info ][gc,heap        ] GC(379) PSYoungGen: 2013440K->11152K(2054656K)
[8443.114s][info ][gc,heap        ] GC(379) ParOldGen: 394480K->394828K(637440K)
[8443.114s][info ][gc,metaspace   ] GC(379) Metaspace: 75856K->75856K(1118208K)
[8443.114s][info ][gc             ] GC(379) Pause Young (Allocation Failure) 2351M->396M(2629M) 8.021ms
[8443.114s][info ][gc,cpu         ] GC(379) User=0.03s Sys=0.00s Real=0.01s
[8443.114s][info ][safepoint      ] Leaving safepoint region
[8443.114s][info ][safepoint      ] Total time for which application threads were stopped: 0.0083540 seconds, Stopping threads took: 0.0001359 seconds
[8444.114s][info ][safepoint      ] Application time: 1.0001186 seconds
[8444.114s][info ][safepoint      ] Entering safepoint region: Cleanup
[8444.114s][info ][safepoint      ] Leaving safepoint region
[8444.114s][info ][safepoint      ] Total time for which application threads were stopped: 0.0001875 seconds, Stopping threads took: 0.0001122 seconds
[8445.114s][info ][safepoint      ] Application time: 1.0000803 seconds
[8445.114s][info ][safepoint      ] Entering safepoint region: Cleanup
[8445.114s][info ][safepoint      ] Leaving safepoint region
[8445.114s][info ][safepoint      ] Total time for which application threads were stopped: 0.0001147 seconds, Stopping threads took: 0.0000419 seconds
[8446.114s][info ][safepoint      ] Application time: 1.0000805 seconds
[8446.115s][info ][safepoint      ] Entering safepoint region: Cleanup
[8446.115s][info ][safepoint      ] Leaving safepoint region
[8446.115s][info ][safepoint      ] Total time for which application threads were stopped: 0.0001968 seconds, Stopping threads took: 0.0000990 seconds
[8447.115s][info ][safepoint      ] Application time: 1.0001224 seconds
[8447.115s][info ][safepoint      ] Entering safepoint region: Cleanup
[8447.115s][info ][safepoint      ] Leaving safepoint region
[8447.115s][info ][safepoint      ] Total time for which application threads were stopped: 0.0001612 seconds, Stopping threads took: 0.0000782 seconds
[8448.115s][info ][safepoint      ] Application time: 1.0001295 seconds
[8448.115s][info ][safepoint      ] Entering safepoint region: Cleanup
[8448.115s][info ][safepoint      ] Leaving safepoint region
[8448.115s][info ][safepoint      ] Total time for which application threads were stopped: 0.0001150 seconds, Stopping threads took: 0.0000432 seconds
[8449.115s][info ][safepoint      ] Application time: 1.0000924 seconds
[8449.116s][info ][safepoint      ] Entering safepoint region: Cleanup
[8449.116s][info ][safepoint      ] Leaving safepoint region
[8449.116s][info ][safepoint      ] Total time for which application threads were stopped: 0.0001404 seconds, Stopping threads took: 0.0000588 seconds
[8450.116s][info ][safepoint      ] Application time: 1.0000646 seconds
[8450.116s][info ][safepoint      ] Entering safepoint region: Cleanup
[8450.116s][info ][safepoint      ] Leaving safepoint region
[8450.116s][info ][safepoint      ] Total time for which application threads were stopped: 0.0001678 seconds, Stopping threads took: 0.0000472 seconds
[8451.116s][info ][safepoint      ] Application time: 1.0001642 seconds
[8451.116s][info ][safepoint      ] Entering safepoint region: Cleanup
[8451.116s][info ][safepoint      ] Leaving safepoint region
[8451.116s][info ][safepoint      ] Total time for which application threads were stopped: 0.0001658 seconds, Stopping threads took: 0.0000643 seconds
[8452.117s][info ][safepoint      ] Application time: 1.0001439 seconds
[8452.117s][info ][safepoint      ] Entering safepoint region: Cleanup
[8452.117s][info ][safepoint      ] Leaving safepoint region
[8452.117s][info ][safepoint      ] Total time for which application threads were stopped: 0.0001761 seconds, Stopping threads took: 0.0000681 seconds
[8453.117s][info ][safepoint      ] Application time: 1.0000915 seconds
[8453.117s][info ][safepoint      ] Entering safepoint region: Cleanup
[8453.117s][info ][safepoint      ] Leaving safepoint region
[8453.117s][info ][safepoint      ] Total time for which application threads were stopped: 0.0001199 seconds, Stopping threads took: 0.0000461 seconds
[8454.117s][info ][safepoint      ] Application time: 1.0001262 seconds
[8454.117s][info ][safepoint      ] Entering safepoint region: Cleanup
[8454.117s][info ][safepoint      ] Leaving safepoint region
[8454.117s][info ][safepoint      ] Total time for which application threads were stopped: 0.0001211 seconds, Stopping threads took: 0.0000453 seconds
[8455.118s][info ][safepoint      ] Application time: 1.0001194 seconds
[8455.118s][info ][safepoint      ] Entering safepoint region: Cleanup
[8455.118s][info ][safepoint      ] Leaving safepoint region
[8455.118s][info ][safepoint      ] Total time for which application threads were stopped: 0.0001344 seconds, Stopping threads took: 0.0000585 seconds
[8456.118s][info ][safepoint      ] Application time: 1.0000618 seconds
[8456.118s][info ][safepoint      ] Entering safepoint region: Cleanup
[8456.118s][info ][safepoint      ] Leaving safepoint region
[8456.118s][info ][safepoint      ] Total time for which application threads were stopped: 0.0001841 seconds, Stopping threads took: 0.0001105 seconds
[8457.118s][info ][safepoint      ] Application time: 1.0001232 seconds
[8457.118s][info ][safepoint      ] Entering safepoint region: Cleanup
[8457.118s][info ][safepoint      ] Leaving safepoint region
[8457.118s][info ][safepoint      ] Total time for which application threads were stopped: 0.0001201 seconds, Stopping threads took: 0.0000441 seconds
[8458.118s][info ][safepoint      ] Application time: 1.0001507 seconds
[8458.118s][info ][safepoint      ] Entering safepoint region: Cleanup
[8458.119s][info ][safepoint      ] Leaving safepoint region
[8458.119s][info ][safepoint      ] Total time for which application threads were stopped: 0.0001167 seconds, Stopping threads took: 0.0000431 seconds
[8459.119s][info ][safepoint      ] Application time: 1.0001174 seconds
[8459.119s][info ][safepoint      ] Entering safepoint region: Cleanup
[8459.119s][info ][safepoint      ] Leaving safepoint region
[8459.119s][info ][safepoint      ] Total time for which application threads were stopped: 0.0001330 seconds, Stopping threads took: 0.0000674 seconds
[8460.119s][info ][safepoint      ] Application time: 1.0001344 seconds
[8460.119s][info ][safepoint      ] Entering safepoint region: Cleanup
[8460.119s][info ][safepoint      ] Leaving safepoint region
[8460.119s][info ][safepoint      ] Total time for which application threads were stopped: 0.0001075 seconds, Stopping threads took: 0.0000406 seconds
[8460.270s][info ][safepoint      ] Application time: 0.1505791 seconds
[8460.270s][info ][safepoint      ] Entering safepoint region: ParallelGCFailedAllocation
[8460.270s][info ][gc,start       ] GC(380) Pause Young (Allocation Failure)
[8460.276s][debug][gc,phases      ] GC(380) Scavenge 6.138ms
[8460.276s][debug][gc,ref         ] GC(380) Skipped phase1 of Reference Processing due to unavailable references
[8460.276s][debug][gc,ref         ] GC(380) Skipped phase3 of Reference Processing due to unavailable references
[8460.276s][debug][gc,phases      ] GC(380) Reference Processing 0.036ms
[8460.276s][debug][gc,phases      ] GC(380) Weak Processing 0.221ms
[8460.277s][debug][gc,phases      ] GC(380) Scrub String Table 0.848ms
[8460.277s][debug][gc,age         ] GC(380) Desired survivor size 41418752 bytes, new threshold 15 (max threshold 15)
[8460.277s][info ][gc,heap        ] GC(380) PSYoungGen: 2021264K->10864K(2052608K)
[8460.277s][info ][gc,heap        ] GC(380) ParOldGen: 394828K->394948K(637440K)
[8460.277s][info ][gc,metaspace   ] GC(380) Metaspace: 75858K->75858K(1118208K)
[8460.277s][info ][gc             ] GC(380) Pause Young (Allocation Failure) 2359M->396M(2627M) 7.407ms
[8460.277s][info ][gc,cpu         ] GC(380) User=0.02s Sys=0.00s Real=0.01s
[8460.277s][info ][safepoint      ] Leaving safepoint region
[8460.277s][info ][safepoint      ] Total time for which application threads were stopped: 0.0076569 seconds, Stopping threads took: 0.0000874 seconds
[8461.278s][info ][safepoint      ] Application time: 1.0000930 seconds
[8461.278s][info ][safepoint      ] Entering safepoint region: Cleanup
[8461.278s][info ][safepoint      ] Leaving safepoint region
[8461.278s][info ][safepoint      ] Total time for which application threads were stopped: 0.0000984 seconds, Stopping threads took: 0.0000183 seconds
[8462.278s][info ][safepoint      ] Application time: 1.0001545 seconds
[8462.278s][info ][safepoint      ] Entering safepoint region: Cleanup
[8462.278s][info ][safepoint      ] Leaving safepoint region
[8462.278s][info ][safepoint      ] Total time for which application threads were stopped: 0.0000817 seconds, Stopping threads took: 0.0000184 seconds
[8463.278s][info ][safepoint      ] Application time: 1.0000758 seconds
[8463.278s][info ][safepoint      ] Entering safepoint region: Cleanup
[8463.278s][info ][safepoint      ] Leaving safepoint region
[8463.278s][info ][safepoint      ] Total time for which application threads were stopped: 0.0000805 seconds, Stopping threads took: 0.0000183 seconds
[8464.278s][info ][safepoint      ] Application time: 1.0000701 seconds
[8464.278s][info ][safepoint      ] Entering safepoint region: Cleanup
[8464.278s][info ][safepoint      ] Leaving safepoint region
[8464.278s][info ][safepoint      ] Total time for which application threads were stopped: 0.0000974 seconds, Stopping threads took: 0.0000336 seconds
[8465.278s][info ][safepoint      ] Application time: 1.0001464 seconds
[8465.279s][info ][safepoint      ] Entering safepoint region: Cleanup
[8465.279s][info ][safepoint      ] Leaving safepoint region
[8465.279s][info ][safepoint      ] Total time for which application threads were stopped: 0.0000798 seconds, Stopping threads took: 0.0000184 seconds
[8466.279s][info ][safepoint      ] Application time: 1.0001120 seconds
[8466.279s][info ][safepoint      ] Entering safepoint region: Cleanup
[8466.279s][info ][safepoint      ] Leaving safepoint region
[8466.279s][info ][safepoint      ] Total time for which application threads were stopped: 0.0000792 seconds, Stopping threads took: 0.0000174 seconds
[8467.279s][info ][safepoint      ] Application time: 1.0001379 seconds
[8467.279s][info ][safepoint      ] Entering safepoint region: Cleanup
[8467.279s][info ][safepoint      ] Leaving safepoint region
[8467.279s][info ][safepoint      ] Total time for which application threads were stopped: 0.0000979 seconds, Stopping threads took: 0.0000176 seconds
[8468.279s][info ][safepoint      ] Application time: 1.0001241 seconds
[8468.279s][info ][safepoint      ] Entering safepoint region: Cleanup
[8468.279s][info ][safepoint      ] Leaving safepoint region
[8468.279s][info ][safepoint      ] Total time for which application threads were stopped: 0.0000807 seconds, Stopping threads took: 0.0000178 seconds
[8469.280s][info ][safepoint      ] Application time: 1.0000998 seconds
[8469.280s][info ][safepoint      ] Entering safepoint region: Cleanup
[8469.280s][info ][safepoint      ] Leaving safepoint region
[8469.280s][info ][safepoint      ] Total time for which application threads were stopped: 0.0000807 seconds, Stopping threads took: 0.0000180 seconds
[8470.280s][info ][safepoint      ] Application time: 1.0003992 seconds
[8470.280s][info ][safepoint      ] Entering safepoint region: Cleanup
[8470.280s][info ][safepoint      ] Leaving safepoint region
[8470.280s][info ][safepoint      ] Total time for which application threads were stopped: 0.0000805 seconds, Stopping threads took: 0.0000179 seconds
[8471.280s][info ][safepoint      ] Application time: 1.0000812 seconds
[8471.280s][info ][safepoint      ] Entering safepoint region: Cleanup
[8471.280s][info ][safepoint      ] Leaving safepoint region
[8471.280s][info ][safepoint      ] Total time for which application threads were stopped: 0.0001305 seconds, Stopping threads took: 0.0000175 seconds
[8472.281s][info ][safepoint      ] Application time: 1.0001276 seconds
[8472.281s][info ][safepoint      ] Entering safepoint region: Cleanup
[8472.281s][info ][safepoint      ] Leaving safepoint region
[8472.281s][info ][safepoint      ] Total time for which application threads were stopped: 0.0000864 seconds, Stopping threads took: 0.0000203 seconds
[8473.281s][info ][safepoint      ] Application time: 1.0001160 seconds
[8473.281s][info ][safepoint      ] Entering safepoint region: Cleanup
[8473.281s][info ][safepoint      ] Leaving safepoint region
[8473.281s][info ][safepoint      ] Total time for which application threads were stopped: 0.0000808 seconds, Stopping threads took: 0.0000181 seconds
[8474.281s][info ][safepoint      ] Application time: 1.0001229 seconds
[8474.281s][info ][safepoint      ] Entering safepoint region: Cleanup
[8474.281s][info ][safepoint      ] Leaving safepoint region
[8474.281s][info ][safepoint      ] Total time for which application threads were stopped: 0.0000805 seconds, Stopping threads took: 0.0000183 seconds
[8475.281s][info ][safepoint      ] Application time: 1.0001238 seconds
[8475.281s][info ][safepoint      ] Entering safepoint region: Cleanup
[8475.281s][info ][safepoint      ] Leaving safepoint region
[8475.281s][info ][safepoint      ] Total time for which application threads were stopped: 0.0000768 seconds, Stopping threads took: 0.0000169 seconds
[8475.851s][info ][safepoint      ] Application time: 0.5697374 seconds
[8475.851s][info ][safepoint      ] Entering safepoint region: RevokeBias
[8475.851s][info ][safepoint      ] Leaving safepoint region
[8475.851s][info ][safepoint      ] Total time for which application threads were stopped: 0.0001686 seconds, Stopping threads took: 0.0000557 seconds
[8476.851s][info ][safepoint      ] Application time: 1.0001306 seconds
[8476.852s][info ][safepoint      ] Entering safepoint region: Cleanup
[8476.852s][info ][safepoint      ] Leaving safepoint region
[8476.852s][info ][safepoint      ] Total time for which application threads were stopped: 0.0001422 seconds, Stopping threads took: 0.0000571 seconds
[8477.326s][info ][safepoint      ] Application time: 0.4747339 seconds
[8477.326s][info ][safepoint      ] Entering safepoint region: ParallelGCFailedAllocation
[8477.327s][info ][gc,start       ] GC(381) Pause Young (Allocation Failure)
[8477.336s][debug][gc,phases      ] GC(381) Scavenge 9.263ms
[8477.336s][debug][gc,ref         ] GC(381) Skipped phase1 of Reference Processing due to unavailable references
[8477.336s][debug][gc,ref         ] GC(381) Skipped phase3 of Reference Processing due to unavailable references
[8477.336s][debug][gc,phases      ] GC(381) Reference Processing 0.035ms
[8477.336s][debug][gc,phases      ] GC(381) Weak Processing 0.115ms
[8477.336s][debug][gc,phases      ] GC(381) Scrub String Table 0.423ms
[8477.337s][debug][gc,age         ] GC(381) Desired survivor size 39845888 bytes, new threshold 15 (max threshold 15)
[8477.337s][info ][gc,heap        ] GC(381) PSYoungGen: 2020976K->11120K(2058240K)
[8477.337s][info ][gc,heap        ] GC(381) ParOldGen: 394948K->395068K(637440K)
[8477.337s][info ][gc,metaspace   ] GC(381) Metaspace: 75858K->75858K(1118208K)
[8477.337s][info ][gc             ] GC(381) Pause Young (Allocation Failure) 2359M->396M(2632M) 9.982ms
[8477.337s][info ][gc,cpu         ] GC(381) User=0.03s Sys=0.00s Real=0.01s
[8477.337s][info ][safepoint      ] Leaving safepoint region
[8477.337s][info ][safepoint      ] Total time for which application threads were stopped: 0.0101850 seconds, Stopping threads took: 0.0000168 seconds
[8478.337s][info ][safepoint      ] Application time: 1.0001287 seconds
[8478.337s][info ][safepoint      ] Entering safepoint region: Cleanup
[8478.337s][info ][safepoint      ] Leaving safepoint region
[8478.337s][info ][safepoint      ] Total time for which application threads were stopped: 0.0000808 seconds, Stopping threads took: 0.0000182 seconds
[8479.337s][info ][safepoint      ] Application time: 1.0001213 seconds
[8479.337s][info ][safepoint      ] Entering safepoint region: Cleanup
[8479.337s][info ][safepoint      ] Leaving safepoint region
[8479.337s][info ][safepoint      ] Total time for which application threads were stopped: 0.0000782 seconds, Stopping threads took: 0.0000180 seconds
[8480.337s][info ][safepoint      ] Application time: 1.0000976 seconds
[8480.337s][info ][safepoint      ] Entering safepoint region: Cleanup
[8480.337s][info ][safepoint      ] Leaving safepoint region
[8480.337s][info ][safepoint      ] Total time for which application threads were stopped: 0.0000784 seconds, Stopping threads took: 0.0000171 seconds
[8481.338s][info ][safepoint      ] Application time: 1.0001220 seconds
[8481.338s][info ][safepoint      ] Entering safepoint region: Cleanup
[8481.338s][info ][safepoint      ] Leaving safepoint region
[8481.338s][info ][safepoint      ] Total time for which application threads were stopped: 0.0000804 seconds, Stopping threads took: 0.0000182 seconds
[8482.338s][info ][safepoint      ] Application time: 1.0001270 seconds
[8482.338s][info ][safepoint      ] Entering safepoint region: Cleanup
[8482.338s][info ][safepoint      ] Leaving safepoint region
[8482.338s][info ][safepoint      ] Total time for which application threads were stopped: 0.0000844 seconds, Stopping threads took: 0.0000184 seconds
[8482.906s][info ][safepoint      ] Application time: 0.5684266 seconds
[8482.907s][info ][safepoint      ] Entering safepoint region: RevokeBias
[8482.907s][info ][safepoint      ] Leaving safepoint region
[8482.907s][info ][safepoint      ] Total time for which application threads were stopped: 0.0003321 seconds, Stopping threads took: 0.0002235 seconds
[8483.907s][info ][safepoint      ] Application time: 1.0001360 seconds
[8483.907s][info ][safepoint      ] Entering safepoint region: Cleanup
[8483.907s][info ][safepoint      ] Leaving safepoint region
[8483.907s][info ][safepoint      ] Total time for which application threads were stopped: 0.0001039 seconds, Stopping threads took: 0.0000426 seconds
[8484.907s][info ][safepoint      ] Application time: 1.0001311 seconds
[8484.907s][info ][safepoint      ] Entering safepoint region: Cleanup
[8484.907s][info ][safepoint      ] Leaving safepoint region
[8484.907s][info ][safepoint      ] Total time for which application threads were stopped: 0.0001855 seconds, Stopping threads took: 0.0001167 seconds
[8485.907s][info ][safepoint      ] Application time: 1.0001276 seconds
[8485.908s][info ][safepoint      ] Entering safepoint region: Cleanup
[8485.908s][info ][safepoint      ] Leaving safepoint region
[8485.908s][info ][safepoint      ] Total time for which application threads were stopped: 0.0001207 seconds, Stopping threads took: 0.0000411 seconds
[8486.910s][info ][safepoint      ] Application time: 1.0022170 seconds
[8486.910s][info ][safepoint      ] Entering safepoint region: Cleanup
[8486.910s][info ][safepoint      ] Leaving safepoint region
[8486.910s][info ][safepoint      ] Total time for which application threads were stopped: 0.0001037 seconds, Stopping threads took: 0.0000394 seconds
[8487.910s][info ][safepoint      ] Application time: 1.0001356 seconds
[8487.910s][info ][safepoint      ] Entering safepoint region: Cleanup
[8487.910s][info ][safepoint      ] Leaving safepoint region
[8487.910s][info ][safepoint      ] Total time for which application threads were stopped: 0.0001022 seconds, Stopping threads took: 0.0000432 seconds
[8488.910s][info ][safepoint      ] Application time: 1.0000865 seconds
[8488.910s][info ][safepoint      ] Entering safepoint region: Cleanup
[8488.910s][info ][safepoint      ] Leaving safepoint region
[8488.911s][info ][safepoint      ] Total time for which application threads were stopped: 0.0001216 seconds, Stopping threads took: 0.0000414 seconds
[8489.911s][info ][safepoint      ] Application time: 1.0000821 seconds
[8489.911s][info ][safepoint      ] Entering safepoint region: Cleanup
[8489.911s][info ][safepoint      ] Leaving safepoint region
[8489.911s][info ][safepoint      ] Total time for which application threads were stopped: 0.0001417 seconds, Stopping threads took: 0.0000758 seconds
[8490.911s][info ][safepoint      ] Application time: 1.0000762 seconds
[8490.911s][info ][safepoint      ] Entering safepoint region: Cleanup
[8490.911s][info ][safepoint      ] Leaving safepoint region
[8490.911s][info ][safepoint      ] Total time for which application threads were stopped: 0.0002355 seconds, Stopping threads took: 0.0001718 seconds
[8491.911s][info ][safepoint      ] Application time: 1.0001026 seconds
[8491.911s][info ][safepoint      ] Entering safepoint region: Cleanup
[8491.912s][info ][safepoint      ] Leaving safepoint region
[8491.912s][info ][safepoint      ] Total time for which application threads were stopped: 0.0002950 seconds, Stopping threads took: 0.0000417 seconds
[8492.825s][info ][safepoint      ] Application time: 0.9132041 seconds
[8492.825s][info ][safepoint      ] Entering safepoint region: ParallelGCFailedAllocation
[8492.825s][info ][gc,start       ] GC(382) Pause Young (Allocation Failure)
[8492.832s][debug][gc,phases      ] GC(382) Scavenge 6.823ms
[8492.832s][debug][gc,ref         ] GC(382) Skipped phase1 of Reference Processing due to unavailable references
[8492.832s][debug][gc,ref         ] GC(382) Skipped phase3 of Reference Processing due to unavailable references
[8492.832s][debug][gc,ref         ] GC(382) Skipped phase4 of Reference Processing due to unavailable references
[8492.832s][debug][gc,phases      ] GC(382) Reference Processing 0.037ms
[8492.832s][debug][gc,phases      ] GC(382) Weak Processing 0.114ms
[8492.832s][debug][gc,phases      ] GC(382) Scrub String Table 0.424ms
[8492.832s][debug][gc,age         ] GC(382) Desired survivor size 37748736 bytes, new threshold 15 (max threshold 15)
[8492.832s][info ][gc,heap        ] GC(382) PSYoungGen: 2028912K->11952K(2056704K)
[8492.832s][info ][gc,heap        ] GC(382) ParOldGen: 395068K->395140K(637440K)
[8492.832s][info ][gc,metaspace   ] GC(382) Metaspace: 75861K->75861K(1118208K)
[8492.833s][info ][gc             ] GC(382) Pause Young (Allocation Failure) 2367M->397M(2631M) 7.552ms
[8492.833s][info ][gc,cpu         ] GC(382) User=0.03s Sys=0.00s Real=0.00s
[8492.833s][info ][safepoint      ] Leaving safepoint region
[8492.833s][info ][safepoint      ] Total time for which application threads were stopped: 0.0077187 seconds, Stopping threads took: 0.0000169 seconds
[8493.833s][info ][safepoint      ] Application time: 1.0001030 seconds
[8493.833s][info ][safepoint      ] Entering safepoint region: Cleanup
[8493.833s][info ][safepoint      ] Leaving safepoint region
[8493.833s][info ][safepoint      ] Total time for which application threads were stopped: 0.0000783 seconds, Stopping threads took: 0.0000166 seconds
[8494.833s][info ][safepoint      ] Application time: 1.0000691 seconds
[8494.833s][info ][safepoint      ] Entering safepoint region: Cleanup
[8494.833s][info ][safepoint      ] Leaving safepoint region
[8494.833s][info ][safepoint      ] Total time for which application threads were stopped: 0.0001644 seconds, Stopping threads took: 0.0000871 seconds
[8495.833s][info ][safepoint      ] Application time: 1.0000883 seconds
[8495.833s][info ][safepoint      ] Entering safepoint region: Cleanup
[8495.833s][info ][safepoint      ] Leaving safepoint region
[8495.833s][info ][safepoint      ] Total time for which application threads were stopped: 0.0001005 seconds, Stopping threads took: 0.0000384 seconds
[8496.833s][info ][safepoint      ] Application time: 1.0001217 seconds
[8496.833s][info ][safepoint      ] Entering safepoint region: Cleanup
[8496.834s][info ][safepoint      ] Leaving safepoint region
[8496.834s][info ][safepoint      ] Total time for which application threads were stopped: 0.0001126 seconds, Stopping threads took: 0.0000452 seconds
[8497.834s][info ][safepoint      ] Application time: 1.0000888 seconds
[8497.834s][info ][safepoint      ] Entering safepoint region: Cleanup
[8497.834s][info ][safepoint      ] Leaving safepoint region
[8497.834s][info ][safepoint      ] Total time for which application threads were stopped: 0.0000856 seconds, Stopping threads took: 0.0000173 seconds
[8498.834s][info ][safepoint      ] Application time: 1.0001454 seconds
[8498.834s][info ][safepoint      ] Entering safepoint region: Cleanup
[8498.834s][info ][safepoint      ] Leaving safepoint region
[8498.834s][info ][safepoint      ] Total time for which application threads were stopped: 0.0000758 seconds, Stopping threads took: 0.0000174 seconds
[8499.834s][info ][safepoint      ] Application time: 1.0000871 seconds
[8499.834s][info ][safepoint      ] Entering safepoint region: Cleanup
[8499.834s][info ][safepoint      ] Leaving safepoint region
[8499.834s][info ][safepoint      ] Total time for which application threads were stopped: 0.0002773 seconds, Stopping threads took: 0.0002123 seconds
[8500.835s][info ][safepoint      ] Application time: 1.0000947 seconds
[8500.835s][info ][safepoint      ] Entering safepoint region: Cleanup
[8500.835s][info ][safepoint      ] Leaving safepoint region
[8500.835s][info ][safepoint      ] Total time for which application threads were stopped: 0.0001693 seconds, Stopping threads took: 0.0000487 seconds
[8501.835s][info ][safepoint      ] Application time: 1.0001304 seconds
[8501.835s][info ][safepoint      ] Entering safepoint region: Cleanup
[8501.835s][info ][safepoint      ] Leaving safepoint region
[8501.835s][info ][safepoint      ] Total time for which application threads were stopped: 0.0000855 seconds, Stopping threads took: 0.0000180 seconds
[8502.835s][info ][safepoint      ] Application time: 1.0001124 seconds
[8502.835s][info ][safepoint      ] Entering safepoint region: Cleanup
[8502.835s][info ][safepoint      ] Leaving safepoint region
[8502.835s][info ][safepoint      ] Total time for which application threads were stopped: 0.0000768 seconds, Stopping threads took: 0.0000169 seconds
[8503.835s][info ][safepoint      ] Application time: 1.0001269 seconds
[8503.836s][info ][safepoint      ] Entering safepoint region: Cleanup
[8503.836s][info ][safepoint      ] Leaving safepoint region
[8503.836s][info ][safepoint      ] Total time for which application threads were stopped: 0.0000725 seconds, Stopping threads took: 0.0000169 seconds
[8504.836s][info ][safepoint      ] Application time: 1.0000803 seconds
[8504.836s][info ][safepoint      ] Entering safepoint region: Cleanup
[8504.836s][info ][safepoint      ] Leaving safepoint region
[8504.836s][info ][safepoint      ] Total time for which application threads were stopped: 0.0001093 seconds, Stopping threads took: 0.0000485 seconds
[8505.836s][info ][safepoint      ] Application time: 1.0000870 seconds
[8505.836s][info ][safepoint      ] Entering safepoint region: Cleanup
[8505.836s][info ][safepoint      ] Leaving safepoint region
[8505.836s][info ][safepoint      ] Total time for which application threads were stopped: 0.0000747 seconds, Stopping threads took: 0.0000160 seconds
[8506.836s][info ][safepoint      ] Application time: 1.0000917 seconds
[8506.836s][info ][safepoint      ] Entering safepoint region: Cleanup
[8506.836s][info ][safepoint      ] Leaving safepoint region
[8506.836s][info ][safepoint      ] Total time for which application threads were stopped: 0.0000909 seconds, Stopping threads took: 0.0000318 seconds
[8507.828s][info ][safepoint      ] Application time: 0.9914656 seconds
[8507.828s][info ][safepoint      ] Entering safepoint region: ParallelGCFailedAllocation
[8507.828s][info ][gc,start       ] GC(383) Pause Young (Allocation Failure)
[8507.836s][debug][gc,phases      ] GC(383) Scavenge 7.765ms
[8507.836s][debug][gc,ref         ] GC(383) Skipped phase1 of Reference Processing due to unavailable references
[8507.836s][debug][gc,ref         ] GC(383) Skipped phase3 of Reference Processing due to unavailable references
[8507.836s][debug][gc,ref         ] GC(383) Skipped phase4 of Reference Processing due to unavailable references
[8507.836s][debug][gc,phases      ] GC(383) Reference Processing 0.053ms
[8507.836s][debug][gc,phases      ] GC(383) Weak Processing 0.115ms
[8507.836s][debug][gc,phases      ] GC(383) Scrub String Table 0.408ms
[8507.836s][debug][gc,age         ] GC(383) Desired survivor size 36175872 bytes, new threshold 15 (max threshold 15)
[8507.836s][info ][gc,heap        ] GC(383) PSYoungGen: 2029744K->11200K(2061824K)
[8507.836s][info ][gc,heap        ] GC(383) ParOldGen: 395140K->396205K(637440K)
[8507.836s][info ][gc,metaspace   ] GC(383) Metaspace: 75863K->75863K(1118208K)
[8507.836s][info ][gc             ] GC(383) Pause Young (Allocation Failure) 2368M->397M(2636M) 8.488ms
[8507.836s][info ][gc,cpu         ] GC(383) User=0.03s Sys=0.00s Real=0.01s
[8507.836s][info ][safepoint      ] Leaving safepoint region
[8507.836s][info ][safepoint      ] Total time for which application threads were stopped: 0.0086772 seconds, Stopping threads took: 0.0000165 seconds
[8508.837s][info ][safepoint      ] Application time: 1.0000860 seconds
[8508.837s][info ][safepoint      ] Entering safepoint region: Cleanup
[8508.837s][info ][safepoint      ] Leaving safepoint region
[8508.837s][info ][safepoint      ] Total time for which application threads were stopped: 0.0000875 seconds, Stopping threads took: 0.0000303 seconds
[8509.837s][info ][safepoint      ] Application time: 1.0000644 seconds
[8509.837s][info ][safepoint      ] Entering safepoint region: Cleanup
[8509.837s][info ][safepoint      ] Leaving safepoint region
[8509.837s][info ][safepoint      ] Total time for which application threads were stopped: 0.0000694 seconds, Stopping threads took: 0.0000164 seconds
[8510.837s][info ][safepoint      ] Application time: 1.0001125 seconds
[8510.837s][info ][safepoint      ] Entering safepoint region: Cleanup
[8510.837s][info ][safepoint      ] Leaving safepoint region
[8510.837s][info ][safepoint      ] Total time for which application threads were stopped: 0.0000830 seconds, Stopping threads took: 0.0000190 seconds
[8511.837s][info ][safepoint      ] Application time: 1.0000892 seconds
[8511.838s][info ][safepoint      ] Entering safepoint region: Cleanup
[8511.838s][info ][safepoint      ] Leaving safepoint region
[8511.838s][info ][safepoint      ] Total time for which application threads were stopped: 0.0006885 seconds, Stopping threads took: 0.0006217 seconds
[8512.838s][info ][safepoint      ] Application time: 1.0000799 seconds
[8512.838s][info ][safepoint      ] Entering safepoint region: Cleanup
[8512.838s][info ][safepoint      ] Leaving safepoint region
[8512.838s][info ][safepoint      ] Total time for which application threads were stopped: 0.0000840 seconds, Stopping threads took: 0.0000180 seconds
[8513.838s][info ][safepoint      ] Application time: 1.0001534 seconds
[8513.838s][info ][safepoint      ] Entering safepoint region: Cleanup
[8513.838s][info ][safepoint      ] Leaving safepoint region
[8513.838s][info ][safepoint      ] Total time for which application threads were stopped: 0.0000796 seconds, Stopping threads took: 0.0000184 seconds
[8514.838s][info ][safepoint      ] Application time: 1.0000724 seconds
[8514.838s][info ][safepoint      ] Entering safepoint region: Cleanup
[8514.839s][info ][safepoint      ] Leaving safepoint region
[8514.839s][info ][safepoint      ] Total time for which application threads were stopped: 0.0000989 seconds, Stopping threads took: 0.0000190 seconds
[8515.839s][info ][safepoint      ] Application time: 1.0001382 seconds
[8515.839s][info ][safepoint      ] Entering safepoint region: Cleanup
[8515.839s][info ][safepoint      ] Leaving safepoint region
[8515.839s][info ][safepoint      ] Total time for which application threads were stopped: 0.0000762 seconds, Stopping threads took: 0.0000176 seconds
[8516.839s][info ][safepoint      ] Application time: 1.0001242 seconds
[8516.839s][info ][safepoint      ] Entering safepoint region: Cleanup
[8516.839s][info ][safepoint      ] Leaving safepoint region
[8516.839s][info ][safepoint      ] Total time for which application threads were stopped: 0.0000840 seconds, Stopping threads took: 0.0000200 seconds
[8517.839s][info ][safepoint      ] Application time: 1.0001425 seconds
[8517.839s][info ][safepoint      ] Entering safepoint region: Cleanup
[8517.839s][info ][safepoint      ] Leaving safepoint region
[8517.839s][info ][safepoint      ] Total time for which application threads were stopped: 0.0000942 seconds, Stopping threads took: 0.0000169 seconds
[8518.839s][info ][safepoint      ] Application time: 1.0001121 seconds
[8518.840s][info ][safepoint      ] Entering safepoint region: Cleanup
[8518.840s][info ][safepoint      ] Leaving safepoint region
[8518.840s][info ][safepoint      ] Total time for which application threads were stopped: 0.0000838 seconds, Stopping threads took: 0.0000184 seconds
[8519.840s][info ][safepoint      ] Application time: 1.0000708 seconds
[8519.840s][info ][safepoint      ] Entering safepoint region: Cleanup
[8519.840s][info ][safepoint      ] Leaving safepoint region
[8519.840s][info ][safepoint      ] Total time for which application threads were stopped: 0.0000962 seconds, Stopping threads took: 0.0000183 seconds
[8520.840s][info ][safepoint      ] Application time: 1.0001135 seconds
[8520.840s][info ][safepoint      ] Entering safepoint region: Cleanup
[8520.840s][info ][safepoint      ] Leaving safepoint region
[8520.840s][info ][safepoint      ] Total time for which application threads were stopped: 0.0000975 seconds, Stopping threads took: 0.0000322 seconds
[8521.840s][info ][safepoint      ] Application time: 1.0001293 seconds
[8521.840s][info ][safepoint      ] Entering safepoint region: Cleanup
[8521.840s][info ][safepoint      ] Leaving safepoint region
[8521.840s][info ][safepoint      ] Total time for which application threads were stopped: 0.0000785 seconds, Stopping threads took: 0.0000175 seconds
[8522.427s][info ][safepoint      ] Application time: 0.5871170 seconds
[8522.427s][info ][safepoint      ] Entering safepoint region: ParallelGCFailedAllocation
[8522.428s][info ][gc,start       ] GC(384) Pause Young (Allocation Failure)
[8522.435s][debug][gc,phases      ] GC(384) Scavenge 7.611ms
[8522.435s][debug][gc,ref         ] GC(384) Skipped phase1 of Reference Processing due to unavailable references
[8522.435s][debug][gc,ref         ] GC(384) Skipped phase3 of Reference Processing due to unavailable references
[8522.435s][debug][gc,phases      ] GC(384) Reference Processing 0.037ms
[8522.435s][debug][gc,phases      ] GC(384) Weak Processing 0.119ms
[8522.436s][debug][gc,phases      ] GC(384) Scrub String Table 0.458ms
[8522.436s][debug][gc,age         ] GC(384) Desired survivor size 34078720 bytes, new threshold 15 (max threshold 15)
[8522.436s][info ][gc,heap        ] GC(384) PSYoungGen: 2036160K->15024K(2060288K)
[8522.436s][info ][gc,heap        ] GC(384) ParOldGen: 396205K->396321K(637440K)
[8522.436s][info ][gc,metaspace   ] GC(384) Metaspace: 75863K->75863K(1118208K)
[8522.436s][info ][gc             ] GC(384) Pause Young (Allocation Failure) 2375M->401M(2634M) 8.375ms
[8522.436s][info ][gc,cpu         ] GC(384) User=0.03s Sys=0.00s Real=0.01s
[8522.436s][info ][safepoint      ] Leaving safepoint region
[8522.436s][info ][safepoint      ] Total time for which application threads were stopped: 0.0085535 seconds, Stopping threads took: 0.0000191 seconds
[8523.436s][info ][safepoint      ] Application time: 1.0001371 seconds
[8523.436s][info ][safepoint      ] Entering safepoint region: Cleanup
[8523.436s][info ][safepoint      ] Leaving safepoint region
[8523.436s][info ][safepoint      ] Total time for which application threads were stopped: 0.0001048 seconds, Stopping threads took: 0.0000420 seconds
[8524.437s][info ][safepoint      ] Application time: 1.0001864 seconds
[8524.437s][info ][safepoint      ] Entering safepoint region: Cleanup
[8524.437s][info ][safepoint      ] Leaving safepoint region
[8524.437s][info ][safepoint      ] Total time for which application threads were stopped: 0.0000947 seconds, Stopping threads took: 0.0000185 seconds
[8525.437s][info ][safepoint      ] Application time: 1.0001695 seconds
[8525.437s][info ][safepoint      ] Entering safepoint region: Cleanup
[8525.437s][info ][safepoint      ] Leaving safepoint region
[8525.437s][info ][safepoint      ] Total time for which application threads were stopped: 0.0000969 seconds, Stopping threads took: 0.0000180 seconds
[8526.437s][info ][safepoint      ] Application time: 1.0000875 seconds
[8526.437s][info ][safepoint      ] Entering safepoint region: Cleanup
[8526.437s][info ][safepoint      ] Leaving safepoint region
[8526.437s][info ][safepoint      ] Total time for which application threads were stopped: 0.0001263 seconds, Stopping threads took: 0.0000552 seconds
[8527.437s][info ][safepoint      ] Application time: 1.0001325 seconds
[8527.437s][info ][safepoint      ] Entering safepoint region: Cleanup
[8527.438s][info ][safepoint      ] Leaving safepoint region
[8527.438s][info ][safepoint      ] Total time for which application threads were stopped: 0.0000783 seconds, Stopping threads took: 0.0000174 seconds
[8528.438s][info ][safepoint      ] Application time: 1.0001311 seconds
[8528.438s][info ][safepoint      ] Entering safepoint region: Cleanup
[8528.438s][info ][safepoint      ] Leaving safepoint region
[8528.438s][info ][safepoint      ] Total time for which application threads were stopped: 0.0000828 seconds, Stopping threads took: 0.0000188 seconds
[8529.438s][info ][safepoint      ] Application time: 1.0001451 seconds
[8529.438s][info ][safepoint      ] Entering safepoint region: Cleanup
[8529.438s][info ][safepoint      ] Leaving safepoint region
[8529.438s][info ][safepoint      ] Total time for which application threads were stopped: 0.0000827 seconds, Stopping threads took: 0.0000188 seconds
[8530.438s][info ][safepoint      ] Application time: 1.0001272 seconds
[8530.438s][info ][safepoint      ] Entering safepoint region: Cleanup
[8530.438s][info ][safepoint      ] Leaving safepoint region
[8530.438s][info ][safepoint      ] Total time for which application threads were stopped: 0.0000808 seconds, Stopping threads took: 0.0000186 seconds
[8531.438s][info ][safepoint      ] Application time: 1.0000756 seconds
[8531.438s][info ][safepoint      ] Entering safepoint region: Cleanup
[8531.439s][info ][safepoint      ] Leaving safepoint region
[8531.439s][info ][safepoint      ] Total time for which application threads were stopped: 0.0000796 seconds, Stopping threads took: 0.0000179 seconds
[8532.439s][info ][safepoint      ] Application time: 1.0000702 seconds
[8532.439s][info ][safepoint      ] Entering safepoint region: Cleanup
[8532.439s][info ][safepoint      ] Leaving safepoint region
[8532.439s][info ][safepoint      ] Total time for which application threads were stopped: 0.0001769 seconds, Stopping threads took: 0.0000333 seconds
[8533.439s][info ][safepoint      ] Application time: 1.0001213 seconds
[8533.439s][info ][safepoint      ] Entering safepoint region: Cleanup
[8533.439s][info ][safepoint      ] Leaving safepoint region
[8533.439s][info ][safepoint      ] Total time for which application threads were stopped: 0.0000815 seconds, Stopping threads took: 0.0000181 seconds
[8534.439s][info ][safepoint      ] Application time: 1.0000265 seconds
[8534.439s][info ][safepoint      ] Entering safepoint region: Cleanup
[8534.439s][info ][safepoint      ] Leaving safepoint region
[8534.439s][info ][safepoint      ] Total time for which application threads were stopped: 0.0001052 seconds, Stopping threads took: 0.0000197 seconds
[8535.439s][info ][safepoint      ] Application time: 1.0001554 seconds
[8535.439s][info ][safepoint      ] Entering safepoint region: Cleanup
[8535.440s][info ][safepoint      ] Leaving safepoint region
[8535.440s][info ][safepoint      ] Total time for which application threads were stopped: 0.0000903 seconds, Stopping threads took: 0.0000182 seconds
[8536.440s][info ][safepoint      ] Application time: 1.0001500 seconds
[8536.440s][info ][safepoint      ] Entering safepoint region: Cleanup
[8536.440s][info ][safepoint      ] Leaving safepoint region
[8536.440s][info ][safepoint      ] Total time for which application threads were stopped: 0.0000849 seconds, Stopping threads took: 0.0000206 seconds
[8537.440s][info ][safepoint      ] Application time: 1.0001198 seconds
[8537.440s][info ][safepoint      ] Entering safepoint region: Cleanup
[8537.440s][info ][safepoint      ] Leaving safepoint region
[8537.440s][info ][safepoint      ] Total time for which application threads were stopped: 0.0000819 seconds, Stopping threads took: 0.0000183 seconds
[8538.155s][info ][safepoint      ] Application time: 0.7150548 seconds
[8538.155s][info ][safepoint      ] Entering safepoint region: ParallelGCFailedAllocation
[8538.155s][info ][gc,start       ] GC(385) Pause Young (Allocation Failure)
[8538.162s][debug][gc,phases      ] GC(385) Scavenge 7.093ms
[8538.163s][debug][gc,ref         ] GC(385) Skipped phase1 of Reference Processing due to unavailable references
[8538.163s][debug][gc,ref         ] GC(385) Skipped phase3 of Reference Processing due to unavailable references
[8538.163s][debug][gc,phases      ] GC(385) Reference Processing 0.035ms
[8538.163s][debug][gc,phases      ] GC(385) Weak Processing 0.254ms
[8538.164s][debug][gc,phases      ] GC(385) Scrub String Table 0.862ms
[8538.164s][debug][gc,age         ] GC(385) Desired survivor size 32505856 bytes, new threshold 15 (max threshold 15)
[8538.164s][info ][gc,heap        ] GC(385) PSYoungGen: 2039984K->14512K(2065408K)
[8538.164s][info ][gc,heap        ] GC(385) ParOldGen: 396321K->396369K(637440K)
[8538.164s][info ][gc,metaspace   ] GC(385) Metaspace: 75867K->75867K(1118208K)
[8538.164s][info ][gc             ] GC(385) Pause Young (Allocation Failure) 2379M->401M(2639M) 8.382ms
[8538.164s][info ][gc,cpu         ] GC(385) User=0.03s Sys=0.00s Real=0.01s
[8538.164s][info ][safepoint      ] Leaving safepoint region
[8538.164s][info ][safepoint      ] Total time for which application threads were stopped: 0.0086531 seconds, Stopping threads took: 0.0000633 seconds
[8539.164s][info ][safepoint      ] Application time: 1.0001257 seconds
[8539.164s][info ][safepoint      ] Entering safepoint region: Cleanup
[8539.164s][info ][safepoint      ] Leaving safepoint region
[8539.164s][info ][safepoint      ] Total time for which application threads were stopped: 0.0001224 seconds, Stopping threads took: 0.0000407 seconds
[8540.165s][info ][safepoint      ] Application time: 1.0007812 seconds
[8540.165s][info ][safepoint      ] Entering safepoint region: Cleanup
[8540.165s][info ][safepoint      ] Leaving safepoint region
[8540.165s][info ][safepoint      ] Total time for which application threads were stopped: 0.0002234 seconds, Stopping threads took: 0.0000351 seconds
[8541.165s][info ][safepoint      ] Application time: 1.0001794 seconds
[8541.165s][info ][safepoint      ] Entering safepoint region: Cleanup
[8541.165s][info ][safepoint      ] Leaving safepoint region
[8541.165s][info ][safepoint      ] Total time for which application threads were stopped: 0.0001135 seconds, Stopping threads took: 0.0000417 seconds
[8542.166s][info ][safepoint      ] Application time: 1.0001934 seconds
[8542.166s][info ][safepoint      ] Entering safepoint region: Cleanup
[8542.166s][info ][safepoint      ] Leaving safepoint region
[8542.166s][info ][safepoint      ] Total time for which application threads were stopped: 0.0001573 seconds, Stopping threads took: 0.0000826 seconds
[8543.166s][info ][safepoint      ] Application time: 1.0001298 seconds
[8543.166s][info ][safepoint      ] Entering safepoint region: Cleanup
[8543.166s][info ][safepoint      ] Leaving safepoint region
[8543.166s][info ][safepoint      ] Total time for which application threads were stopped: 0.0001063 seconds, Stopping threads took: 0.0000396 seconds
[8544.166s][info ][safepoint      ] Application time: 1.0001237 seconds
[8544.166s][info ][safepoint      ] Entering safepoint region: Cleanup
[8544.167s][info ][safepoint      ] Leaving safepoint region
[8544.167s][info ][safepoint      ] Total time for which application threads were stopped: 0.0001829 seconds, Stopping threads took: 0.0000747 seconds
[8545.167s][info ][safepoint      ] Application time: 1.0000971 seconds
[8545.167s][info ][safepoint      ] Entering safepoint region: Cleanup
[8545.167s][info ][safepoint      ] Leaving safepoint region
[8545.167s][info ][safepoint      ] Total time for which application threads were stopped: 0.0001324 seconds, Stopping threads took: 0.0000562 seconds
[8546.167s][info ][safepoint      ] Application time: 1.0001220 seconds
[8546.167s][info ][safepoint      ] Entering safepoint region: Cleanup
[8546.167s][info ][safepoint      ] Leaving safepoint region
[8546.167s][info ][safepoint      ] Total time for which application threads were stopped: 0.0001613 seconds, Stopping threads took: 0.0000408 seconds
[8547.167s][info ][safepoint      ] Application time: 1.0001309 seconds
[8547.167s][info ][safepoint      ] Entering safepoint region: Cleanup
[8547.168s][info ][safepoint      ] Leaving safepoint region
[8547.168s][info ][safepoint      ] Total time for which application threads were stopped: 0.0001362 seconds, Stopping threads took: 0.0000615 seconds
[8548.168s][info ][safepoint      ] Application time: 1.0001246 seconds
[8548.168s][info ][safepoint      ] Entering safepoint region: Cleanup
[8548.168s][info ][safepoint      ] Leaving safepoint region
[8548.168s][info ][safepoint      ] Total time for which application threads were stopped: 0.0001237 seconds, Stopping threads took: 0.0000445 seconds
[8549.168s][info ][safepoint      ] Application time: 1.0000846 seconds
[8549.168s][info ][safepoint      ] Entering safepoint region: Cleanup
[8549.169s][info ][safepoint      ] Leaving safepoint region
[8549.169s][info ][safepoint      ] Total time for which application threads were stopped: 0.0005885 seconds, Stopping threads took: 0.0005147 seconds
[8550.169s][info ][safepoint      ] Application time: 1.0001362 seconds
[8550.169s][info ][safepoint      ] Entering safepoint region: Cleanup
[8550.169s][info ][safepoint      ] Leaving safepoint region
[8550.169s][info ][safepoint      ] Total time for which application threads were stopped: 0.0001155 seconds, Stopping threads took: 0.0000421 seconds
[8551.169s][info ][safepoint      ] Application time: 1.0000793 seconds
[8551.169s][info ][safepoint      ] Entering safepoint region: Cleanup
[8551.169s][info ][safepoint      ] Leaving safepoint region
[8551.169s][info ][safepoint      ] Total time for which application threads were stopped: 0.0001488 seconds, Stopping threads took: 0.0000763 seconds
[8552.169s][info ][safepoint      ] Application time: 1.0000844 seconds
[8552.169s][info ][safepoint      ] Entering safepoint region: Cleanup
[8552.169s][info ][safepoint      ] Leaving safepoint region
[8552.169s][info ][safepoint      ] Total time for which application threads were stopped: 0.0001361 seconds, Stopping threads took: 0.0000431 seconds
[8553.170s][info ][safepoint      ] Application time: 1.0001597 seconds
[8553.170s][info ][safepoint      ] Entering safepoint region: Cleanup
[8553.170s][info ][safepoint      ] Leaving safepoint region
[8553.170s][info ][safepoint      ] Total time for which application threads were stopped: 0.0001496 seconds, Stopping threads took: 0.0000444 seconds
[8553.318s][info ][safepoint      ] Application time: 0.1479050 seconds
[8553.318s][info ][safepoint      ] Entering safepoint region: ParallelGCFailedAllocation
[8553.318s][info ][gc,start       ] GC(386) Pause Young (Allocation Failure)
[8553.327s][debug][gc,phases      ] GC(386) Scavenge 9.551ms
[8553.327s][debug][gc,ref         ] GC(386) Skipped phase1 of Reference Processing due to unavailable references
[8553.327s][debug][gc,ref         ] GC(386) Skipped phase3 of Reference Processing due to unavailable references
[8553.327s][debug][gc,phases      ] GC(386) Reference Processing 0.036ms
[8553.328s][debug][gc,phases      ] GC(386) Weak Processing 0.117ms
[8553.328s][debug][gc,phases      ] GC(386) Scrub String Table 0.428ms
[8553.328s][debug][gc,age         ] GC(386) Desired survivor size 33030144 bytes, new threshold 15 (max threshold 15)
[8553.328s][info ][gc,heap        ] GC(386) PSYoungGen: 2046640K->20080K(2063872K)
[8553.328s][info ][gc,heap        ] GC(386) ParOldGen: 396369K->397181K(637440K)
[8553.328s][info ][gc,metaspace   ] GC(386) Metaspace: 75870K->75870K(1118208K)
[8553.328s][info ][gc             ] GC(386) Pause Young (Allocation Failure) 2385M->407M(2638M) 10.297ms
[8553.328s][info ][gc,cpu         ] GC(386) User=0.04s Sys=0.00s Real=0.01s
[8553.328s][info ][safepoint      ] Leaving safepoint region
[8553.328s][info ][safepoint      ] Total time for which application threads were stopped: 0.0104963 seconds, Stopping threads took: 0.0000184 seconds
[8554.328s][info ][safepoint      ] Application time: 1.0001189 seconds
[8554.328s][info ][safepoint      ] Entering safepoint region: Cleanup
[8554.328s][info ][safepoint      ] Leaving safepoint region
[8554.328s][info ][safepoint      ] Total time for which application threads were stopped: 0.0001151 seconds, Stopping threads took: 0.0000405 seconds
[8555.329s][info ][safepoint      ] Application time: 1.0001277 seconds
[8555.329s][info ][safepoint      ] Entering safepoint region: Cleanup
[8555.329s][info ][safepoint      ] Leaving safepoint region
[8555.329s][info ][safepoint      ] Total time for which application threads were stopped: 0.0001388 seconds, Stopping threads took: 0.0000172 seconds
[8556.329s][info ][safepoint      ] Application time: 1.0001265 seconds
[8556.329s][info ][safepoint      ] Entering safepoint region: Cleanup
[8556.329s][info ][safepoint      ] Leaving safepoint region
[8556.329s][info ][safepoint      ] Total time for which application threads were stopped: 0.0001968 seconds, Stopping threads took: 0.0001135 seconds
[8557.329s][info ][safepoint      ] Application time: 1.0001091 seconds
[8557.329s][info ][safepoint      ] Entering safepoint region: Cleanup
[8557.329s][info ][safepoint      ] Leaving safepoint region
[8557.329s][info ][safepoint      ] Total time for which application threads were stopped: 0.0001078 seconds, Stopping threads took: 0.0000169 seconds
[8558.330s][info ][safepoint      ] Application time: 1.0000778 seconds
[8558.330s][info ][safepoint      ] Entering safepoint region: Cleanup
[8558.330s][info ][safepoint      ] Leaving safepoint region
[8558.330s][info ][safepoint      ] Total time for which application threads were stopped: 0.0001143 seconds, Stopping threads took: 0.0000447 seconds
[8559.330s][info ][safepoint      ] Application time: 1.0000911 seconds
[8559.330s][info ][safepoint      ] Entering safepoint region: Cleanup
[8559.330s][info ][safepoint      ] Leaving safepoint region
[8559.330s][info ][safepoint      ] Total time for which application threads were stopped: 0.0000978 seconds, Stopping threads took: 0.0000346 seconds
[8560.330s][info ][safepoint      ] Application time: 1.0001228 seconds
[8560.330s][info ][safepoint      ] Entering safepoint region: Cleanup
[8560.330s][info ][safepoint      ] Leaving safepoint region
[8560.330s][info ][safepoint      ] Total time for which application threads were stopped: 0.0000777 seconds, Stopping threads took: 0.0000169 seconds
[8561.330s][info ][safepoint      ] Application time: 1.0001208 seconds
[8561.330s][info ][safepoint      ] Entering safepoint region: Cleanup
[8561.330s][info ][safepoint      ] Leaving safepoint region
[8561.330s][info ][safepoint      ] Total time for which application threads were stopped: 0.0000789 seconds, Stopping threads took: 0.0000171 seconds
[8562.331s][info ][safepoint      ] Application time: 1.0001170 seconds
[8562.331s][info ][safepoint      ] Entering safepoint region: Cleanup
[8562.331s][info ][safepoint      ] Leaving safepoint region
[8562.331s][info ][safepoint      ] Total time for which application threads were stopped: 0.0001191 seconds, Stopping threads took: 0.0000549 seconds
[8563.331s][info ][safepoint      ] Application time: 1.0001189 seconds
[8563.331s][info ][safepoint      ] Entering safepoint region: Cleanup
[8563.331s][info ][safepoint      ] Leaving safepoint region
[8563.331s][info ][safepoint      ] Total time for which application threads were stopped: 0.0001036 seconds, Stopping threads took: 0.0000326 seconds
[8564.331s][info ][safepoint      ] Application time: 1.0000960 seconds
[8564.331s][info ][safepoint      ] Entering safepoint region: Cleanup
[8564.331s][info ][safepoint      ] Leaving safepoint region
[8564.331s][info ][safepoint      ] Total time for which application threads were stopped: 0.0000943 seconds, Stopping threads took: 0.0000184 seconds
[8565.331s][info ][safepoint      ] Application time: 1.0001342 seconds
[8565.332s][info ][safepoint      ] Entering safepoint region: Cleanup
[8565.332s][info ][safepoint      ] Leaving safepoint region
[8565.332s][info ][safepoint      ] Total time for which application threads were stopped: 0.0002484 seconds, Stopping threads took: 0.0001820 seconds
[8566.332s][info ][safepoint      ] Application time: 1.0000930 seconds
[8566.332s][info ][safepoint      ] Entering safepoint region: Cleanup
[8566.332s][info ][safepoint      ] Leaving safepoint region
[8566.332s][info ][safepoint      ] Total time for which application threads were stopped: 0.0000991 seconds, Stopping threads took: 0.0000192 seconds
[8567.332s][info ][safepoint      ] Application time: 1.0001036 seconds
[8567.332s][info ][safepoint      ] Entering safepoint region: Cleanup
[8567.332s][info ][safepoint      ] Leaving safepoint region
[8567.332s][info ][safepoint      ] Total time for which application threads were stopped: 0.0001554 seconds, Stopping threads took: 0.0000822 seconds
[8567.342s][info ][safepoint      ] Application time: 0.0095403 seconds
[8567.342s][info ][safepoint      ] Entering safepoint region: RevokeBias
[8567.342s][info ][safepoint      ] Leaving safepoint region
[8567.342s][info ][safepoint      ] Total time for which application threads were stopped: 0.0001202 seconds, Stopping threads took: 0.0000314 seconds
[8568.342s][info ][safepoint      ] Application time: 1.0001408 seconds
[8568.342s][info ][safepoint      ] Entering safepoint region: Cleanup
[8568.342s][info ][safepoint      ] Leaving safepoint region
[8568.342s][info ][safepoint      ] Total time for which application threads were stopped: 0.0000862 seconds, Stopping threads took: 0.0000200 seconds
[8568.815s][info ][safepoint      ] Application time: 0.4733204 seconds
[8568.815s][info ][safepoint      ] Entering safepoint region: ParallelGCFailedAllocation
[8568.816s][info ][gc,start       ] GC(387) Pause Young (Allocation Failure)
[8568.828s][debug][gc,phases      ] GC(387) Scavenge 12.447ms
[8568.828s][debug][gc,ref         ] GC(387) Skipped phase1 of Reference Processing due to unavailable references
[8568.828s][debug][gc,ref         ] GC(387) Skipped phase3 of Reference Processing due to unavailable references
[8568.828s][debug][gc,phases      ] GC(387) Reference Processing 0.037ms
[8568.828s][debug][gc,phases      ] GC(387) Weak Processing 0.259ms
[8568.829s][debug][gc,phases      ] GC(387) Scrub String Table 0.863ms
[8568.829s][debug][gc,age         ] GC(387) Desired survivor size 37748736 bytes, new threshold 14 (max threshold 15)
[8568.829s][info ][gc,heap        ] GC(387) PSYoungGen: 2052208K->32224K(2055680K)
[8568.829s][info ][gc,heap        ] GC(387) ParOldGen: 397181K->397477K(637440K)
[8568.829s][info ][gc,metaspace   ] GC(387) Metaspace: 75875K->75875K(1118208K)
[8568.829s][info ][gc             ] GC(387) Pause Young (Allocation Failure) 2391M->419M(2630M) 13.767ms
[8568.829s][info ][gc,cpu         ] GC(387) User=0.05s Sys=0.00s Real=0.01s
[8568.829s][info ][safepoint      ] Leaving safepoint region
[8568.829s][info ][safepoint      ] Total time for which application threads were stopped: 0.0139549 seconds, Stopping threads took: 0.0000194 seconds
[8569.830s][info ][safepoint      ] Application time: 1.0001079 seconds
[8569.830s][info ][safepoint      ] Entering safepoint region: Cleanup
[8569.830s][info ][safepoint      ] Leaving safepoint region
[8569.830s][info ][safepoint      ] Total time for which application threads were stopped: 0.0000992 seconds, Stopping threads took: 0.0000178 seconds
[8570.830s][info ][safepoint      ] Application time: 1.0000699 seconds
[8570.830s][info ][safepoint      ] Entering safepoint region: Cleanup
[8570.830s][info ][safepoint      ] Leaving safepoint region
[8570.830s][info ][safepoint      ] Total time for which application threads were stopped: 0.0000940 seconds, Stopping threads took: 0.0000177 seconds
[8571.830s][info ][safepoint      ] Application time: 1.0000498 seconds
[8571.830s][info ][safepoint      ] Entering safepoint region: Cleanup
[8571.830s][info ][safepoint      ] Leaving safepoint region
[8571.830s][info ][safepoint      ] Total time for which application threads were stopped: 0.0000876 seconds, Stopping threads took: 0.0000178 seconds
[8572.830s][info ][safepoint      ] Application time: 1.0000890 seconds
[8572.830s][info ][safepoint      ] Entering safepoint region: Cleanup
[8572.830s][info ][safepoint      ] Leaving safepoint region
[8572.830s][info ][safepoint      ] Total time for which application threads were stopped: 0.0000877 seconds, Stopping threads took: 0.0000192 seconds
[8573.830s][info ][safepoint      ] Application time: 1.0000856 seconds
[8573.830s][info ][safepoint      ] Entering safepoint region: Cleanup
[8573.831s][info ][safepoint      ] Leaving safepoint region
[8573.831s][info ][safepoint      ] Total time for which application threads were stopped: 0.0000813 seconds, Stopping threads took: 0.0000179 seconds
[8574.831s][info ][safepoint      ] Application time: 1.0000788 seconds
[8574.831s][info ][safepoint      ] Entering safepoint region: Cleanup
[8574.831s][info ][safepoint      ] Leaving safepoint region
[8574.831s][info ][safepoint      ] Total time for which application threads were stopped: 0.0000839 seconds, Stopping threads took: 0.0000186 seconds
[8575.831s][info ][safepoint      ] Application time: 1.0000450 seconds
[8575.831s][info ][safepoint      ] Entering safepoint region: Cleanup
[8575.831s][info ][safepoint      ] Leaving safepoint region
[8575.831s][info ][safepoint      ] Total time for which application threads were stopped: 0.0001507 seconds, Stopping threads took: 0.0000179 seconds
[8576.831s][info ][safepoint      ] Application time: 1.0000998 seconds
[8576.831s][info ][safepoint      ] Entering safepoint region: Cleanup
[8576.831s][info ][safepoint      ] Leaving safepoint region
[8576.831s][info ][safepoint      ] Total time for which application threads were stopped: 0.0000852 seconds, Stopping threads took: 0.0000197 seconds
[8577.831s][info ][safepoint      ] Application time: 1.0001576 seconds
[8577.831s][info ][safepoint      ] Entering safepoint region: Cleanup
[8577.832s][info ][safepoint      ] Leaving safepoint region
[8577.832s][info ][safepoint      ] Total time for which application threads were stopped: 0.0000985 seconds, Stopping threads took: 0.0000359 seconds
[8578.832s][info ][safepoint      ] Application time: 1.0000859 seconds
[8578.832s][info ][safepoint      ] Entering safepoint region: Cleanup
[8578.832s][info ][safepoint      ] Leaving safepoint region
[8578.832s][info ][safepoint      ] Total time for which application threads were stopped: 0.0000900 seconds, Stopping threads took: 0.0000192 seconds
[8579.832s][info ][safepoint      ] Application time: 1.0000813 seconds
[8579.832s][info ][safepoint      ] Entering safepoint region: Cleanup
[8579.832s][info ][safepoint      ] Leaving safepoint region
[8579.832s][info ][safepoint      ] Total time for which application threads were stopped: 0.0001790 seconds, Stopping threads took: 0.0000993 seconds
[8580.832s][info ][safepoint      ] Application time: 1.0000907 seconds
[8580.832s][info ][safepoint      ] Entering safepoint region: Cleanup
[8580.832s][info ][safepoint      ] Leaving safepoint region
[8580.832s][info ][safepoint      ] Total time for which application threads were stopped: 0.0000853 seconds, Stopping threads took: 0.0000208 seconds
[8581.832s][info ][safepoint      ] Application time: 1.0000969 seconds
[8581.832s][info ][safepoint      ] Entering safepoint region: Cleanup
[8581.833s][info ][safepoint      ] Leaving safepoint region
[8581.833s][info ][safepoint      ] Total time for which application threads were stopped: 0.0000963 seconds, Stopping threads took: 0.0000309 seconds
[8582.833s][info ][safepoint      ] Application time: 1.0000799 seconds
[8582.833s][info ][safepoint      ] Entering safepoint region: Cleanup
[8582.833s][info ][safepoint      ] Leaving safepoint region
[8582.833s][info ][safepoint      ] Total time for which application threads were stopped: 0.0001219 seconds, Stopping threads took: 0.0000362 seconds
[8584.377s][info ][safepoint      ] Application time: 1.5439887 seconds
[8584.377s][info ][safepoint      ] Entering safepoint region: ParallelGCFailedAllocation
[8584.377s][info ][gc,start       ] GC(388) Pause Young (Allocation Failure)
[8584.395s][debug][gc,phases      ] GC(388) Scavenge 17.828ms
[8584.395s][debug][gc,ref         ] GC(388) Skipped phase1 of Reference Processing due to unavailable references
[8584.395s][debug][gc,ref         ] GC(388) Skipped phase2 of Reference Processing due to unavailable references
[8584.395s][debug][gc,ref         ] GC(388) Skipped phase3 of Reference Processing due to unavailable references
[8584.395s][debug][gc,phases      ] GC(388) Reference Processing 0.040ms
[8584.395s][debug][gc,phases      ] GC(388) Weak Processing 0.118ms
[8584.395s][debug][gc,phases      ] GC(388) Scrub String Table 0.404ms
[8584.395s][debug][gc,age         ] GC(388) Desired survivor size 47185920 bytes, new threshold 13 (max threshold 15)
[8584.395s][info ][gc,heap        ] GC(388) PSYoungGen: 2055648K->36832K(2060288K)
[8584.395s][info ][gc,heap        ] GC(388) ParOldGen: 397477K->407768K(637440K)
[8584.395s][info ][gc,metaspace   ] GC(388) Metaspace: 75876K->75876K(1118208K)
[8584.395s][info ][gc             ] GC(388) Pause Young (Allocation Failure) 2395M->434M(2634M) 18.539ms
[8584.395s][info ][gc,cpu         ] GC(388) User=0.07s Sys=0.00s Real=0.02s
[8584.396s][info ][safepoint      ] Leaving safepoint region
[8584.396s][info ][safepoint      ] Total time for which application threads were stopped: 0.0187042 seconds, Stopping threads took: 0.0000161 seconds
[8586.396s][info ][safepoint      ] Application time: 2.0001662 seconds
[8586.396s][info ][safepoint      ] Entering safepoint region: Cleanup
[8586.396s][info ][safepoint      ] Leaving safepoint region
[8586.396s][info ][safepoint      ] Total time for which application threads were stopped: 0.0000972 seconds, Stopping threads took: 0.0000210 seconds
[8589.396s][info ][safepoint      ] Application time: 3.0003024 seconds
[8589.396s][info ][safepoint      ] Entering safepoint region: Cleanup
[8589.396s][info ][safepoint      ] Leaving safepoint region
[8589.396s][info ][safepoint      ] Total time for which application threads were stopped: 0.0000920 seconds, Stopping threads took: 0.0000184 seconds
[8591.396s][info ][safepoint      ] Application time: 2.0001894 seconds
[8591.397s][info ][safepoint      ] Entering safepoint region: Cleanup
[8591.397s][info ][safepoint      ] Leaving safepoint region
[8591.397s][info ][safepoint      ] Total time for which application threads were stopped: 0.0001082 seconds, Stopping threads took: 0.0000203 seconds
[8592.397s][info ][safepoint      ] Application time: 1.0001177 seconds
[8592.397s][info ][safepoint      ] Entering safepoint region: Cleanup
[8592.397s][info ][safepoint      ] Leaving safepoint region
[8592.397s][info ][safepoint      ] Total time for which application threads were stopped: 0.0000923 seconds, Stopping threads took: 0.0000191 seconds
[8593.397s][info ][safepoint      ] Application time: 1.0001548 seconds
[8593.397s][info ][safepoint      ] Entering safepoint region: Cleanup
[8593.397s][info ][safepoint      ] Leaving safepoint region
[8593.397s][info ][safepoint      ] Total time for which application threads were stopped: 0.0000925 seconds, Stopping threads took: 0.0000195 seconds
[8594.078s][info ][safepoint      ] Application time: 0.6813254 seconds
[8594.079s][info ][safepoint      ] Entering safepoint region: RevokeBias
[8594.079s][info ][safepoint      ] Leaving safepoint region
[8594.079s][info ][safepoint      ] Total time for which application threads were stopped: 0.0001135 seconds, Stopping threads took: 0.0000185 seconds
[8594.079s][info ][safepoint      ] Application time: 0.0000476 seconds
[8594.079s][info ][safepoint      ] Entering safepoint region: RevokeBias
[8594.079s][info ][safepoint      ] Leaving safepoint region
[8594.079s][info ][safepoint      ] Total time for which application threads were stopped: 0.0000412 seconds, Stopping threads took: 0.0000067 seconds
[8594.079s][info ][safepoint      ] Application time: 0.0004751 seconds
[8594.079s][info ][safepoint      ] Entering safepoint region: RevokeBias
[8594.079s][info ][safepoint      ] Leaving safepoint region
[8594.079s][info ][safepoint      ] Total time for which application threads were stopped: 0.0000547 seconds, Stopping threads took: 0.0000102 seconds
[8594.087s][info ][safepoint      ] Application time: 0.0074583 seconds
[8594.087s][info ][safepoint      ] Entering safepoint region: RevokeBias
[8594.087s][info ][safepoint      ] Leaving safepoint region
[8594.087s][info ][safepoint      ] Total time for which application threads were stopped: 0.0000688 seconds, Stopping threads took: 0.0000119 seconds
[8595.087s][info ][safepoint      ] Application time: 1.0001722 seconds
[8595.087s][info ][safepoint      ] Entering safepoint region: Cleanup
[8595.087s][info ][safepoint      ] Leaving safepoint region
[8595.087s][info ][safepoint      ] Total time for which application threads were stopped: 0.0000912 seconds, Stopping threads took: 0.0000193 seconds
[8596.087s][info ][safepoint      ] Application time: 1.0001266 seconds
[8596.087s][info ][safepoint      ] Entering safepoint region: Cleanup
[8596.087s][info ][safepoint      ] Leaving safepoint region
[8596.087s][info ][safepoint      ] Total time for which application threads were stopped: 0.0000920 seconds, Stopping threads took: 0.0000199 seconds
[8597.088s][info ][safepoint      ] Application time: 1.0001393 seconds
[8597.088s][info ][safepoint      ] Entering safepoint region: Cleanup
[8597.088s][info ][safepoint      ] Leaving safepoint region
[8597.088s][info ][safepoint      ] Total time for which application threads were stopped: 0.0001046 seconds, Stopping threads took: 0.0000190 seconds
[8598.088s][info ][safepoint      ] Application time: 1.0001134 seconds
[8598.088s][info ][safepoint      ] Entering safepoint region: Cleanup
[8598.088s][info ][safepoint      ] Leaving safepoint region
[8598.088s][info ][safepoint      ] Total time for which application threads were stopped: 0.0001940 seconds, Stopping threads took: 0.0000193 seconds
[8599.088s][info ][safepoint      ] Application time: 1.0000830 seconds
[8599.088s][info ][safepoint      ] Entering safepoint region: Cleanup
[8599.088s][info ][safepoint      ] Leaving safepoint region
[8599.088s][info ][safepoint      ] Total time for which application threads were stopped: 0.0000895 seconds, Stopping threads took: 0.0000182 seconds
[8599.766s][info ][safepoint      ] Application time: 0.6774307 seconds
[8599.766s][info ][safepoint      ] Entering safepoint region: ParallelGCFailedAllocation
[8599.766s][info ][gc,start       ] GC(389) Pause Young (Allocation Failure)
[8599.783s][debug][gc,phases      ] GC(389) Scavenge 16.850ms
[8599.783s][debug][gc,ref         ] GC(389) Skipped phase1 of Reference Processing due to unavailable references
[8599.783s][debug][gc,ref         ] GC(389) Skipped phase3 of Reference Processing due to unavailable references
[8599.783s][debug][gc,phases      ] GC(389) Reference Processing 0.057ms
[8599.783s][debug][gc,phases      ] GC(389) Weak Processing 0.119ms
[8599.783s][debug][gc,phases      ] GC(389) Scrub String Table 0.435ms
[8599.783s][debug][gc,age         ] GC(389) Desired survivor size 56098816 bytes, new threshold 12 (max threshold 15)
[8599.783s][info ][gc,heap        ] GC(389) PSYoungGen: 2060256K->36832K(2024448K)
[8599.783s][info ][gc,heap        ] GC(389) ParOldGen: 407768K->420259K(637440K)
[8599.783s][info ][gc,metaspace   ] GC(389) Metaspace: 76263K->76263K(1118208K)
[8599.784s][info ][gc             ] GC(389) Pause Young (Allocation Failure) 2410M->446M(2599M) 17.629ms
[8599.784s][info ][gc,cpu         ] GC(389) User=0.07s Sys=0.00s Real=0.02s
[8599.784s][info ][safepoint      ] Leaving safepoint region
[8599.784s][info ][safepoint      ] Total time for which application threads were stopped: 0.0178201 seconds, Stopping threads took: 0.0000168 seconds
[8600.291s][info ][safepoint      ] Application time: 0.5077278 seconds
[8600.292s][info ][safepoint      ] Entering safepoint region: Deoptimize
[8600.294s][info ][safepoint      ] Leaving safepoint region
[8600.294s][info ][safepoint      ] Total time for which application threads were stopped: 0.0026351 seconds, Stopping threads took: 0.0002690 seconds
[8600.405s][info ][safepoint      ] Application time: 0.1110100 seconds
[8600.405s][info ][safepoint      ] Entering safepoint region: Deoptimize
[8600.407s][info ][safepoint      ] Leaving safepoint region
[8600.407s][info ][safepoint      ] Total time for which application threads were stopped: 0.0024074 seconds, Stopping threads took: 0.0000316 seconds
[8601.408s][info ][safepoint      ] Application time: 1.0001030 seconds
[8601.408s][info ][safepoint      ] Entering safepoint region: Cleanup
[8601.408s][info ][safepoint      ] Leaving safepoint region
[8601.408s][info ][safepoint      ] Total time for which application threads were stopped: 0.0001728 seconds, Stopping threads took: 0.0000516 seconds
[8602.408s][info ][safepoint      ] Application time: 1.0000912 seconds
[8602.408s][info ][safepoint      ] Entering safepoint region: Cleanup
[8602.408s][info ][safepoint      ] Leaving safepoint region
[8602.408s][info ][safepoint      ] Total time for which application threads were stopped: 0.0002356 seconds, Stopping threads took: 0.0001383 seconds
[8603.408s][info ][safepoint      ] Application time: 1.0001272 seconds
[8603.409s][info ][safepoint      ] Entering safepoint region: Cleanup
[8603.409s][info ][safepoint      ] Leaving safepoint region
[8603.409s][info ][safepoint      ] Total time for which application threads were stopped: 0.0003638 seconds, Stopping threads took: 0.0002794 seconds
[8604.409s][info ][safepoint      ] Application time: 1.0001226 seconds
[8604.409s][info ][safepoint      ] Entering safepoint region: Cleanup
[8604.409s][info ][safepoint      ] Leaving safepoint region
[8604.409s][info ][safepoint      ] Total time for which application threads were stopped: 0.0001450 seconds, Stopping threads took: 0.0000543 seconds
[8605.409s][info ][safepoint      ] Application time: 1.0000906 seconds
[8605.414s][info ][safepoint      ] Entering safepoint region: Cleanup
[8605.414s][info ][safepoint      ] Leaving safepoint region
[8605.414s][info ][safepoint      ] Total time for which application threads were stopped: 0.0044862 seconds, Stopping threads took: 0.0044074 seconds
[8606.414s][info ][safepoint      ] Application time: 1.0001333 seconds
[8606.414s][info ][safepoint      ] Entering safepoint region: Cleanup
[8606.414s][info ][safepoint      ] Leaving safepoint region
[8606.414s][info ][safepoint      ] Total time for which application threads were stopped: 0.0001347 seconds, Stopping threads took: 0.0000554 seconds
[8607.414s][info ][safepoint      ] Application time: 1.0000805 seconds
[8607.414s][info ][safepoint      ] Entering safepoint region: Cleanup
[8607.414s][info ][safepoint      ] Leaving safepoint region
[8607.414s][info ][safepoint      ] Total time for which application threads were stopped: 0.0001202 seconds, Stopping threads took: 0.0000426 seconds
[8608.414s][info ][safepoint      ] Application time: 1.0000964 seconds
[8608.414s][info ][safepoint      ] Entering safepoint region: Cleanup
[8608.414s][info ][safepoint      ] Leaving safepoint region
[8608.414s][info ][safepoint      ] Total time for which application threads were stopped: 0.0001588 seconds, Stopping threads took: 0.0000723 seconds
[8609.415s][info ][safepoint      ] Application time: 1.0000972 seconds
[8609.415s][info ][safepoint      ] Entering safepoint region: Cleanup
[8609.415s][info ][safepoint      ] Leaving safepoint region
[8609.415s][info ][safepoint      ] Total time for which application threads were stopped: 0.0001921 seconds, Stopping threads took: 0.0000436 seconds
[8610.415s][info ][safepoint      ] Application time: 1.0001245 seconds
[8610.416s][info ][safepoint      ] Entering safepoint region: Cleanup
[8610.416s][info ][safepoint      ] Leaving safepoint region
[8610.416s][info ][safepoint      ] Total time for which application threads were stopped: 0.0010382 seconds, Stopping threads took: 0.0009463 seconds
[8611.416s][info ][safepoint      ] Application time: 1.0001250 seconds
[8611.416s][info ][safepoint      ] Entering safepoint region: Cleanup
[8611.416s][info ][safepoint      ] Leaving safepoint region
[8611.416s][info ][safepoint      ] Total time for which application threads were stopped: 0.0001210 seconds, Stopping threads took: 0.0000437 seconds
[8612.416s][info ][safepoint      ] Application time: 1.0001245 seconds
[8612.417s][info ][safepoint      ] Entering safepoint region: Cleanup
[8612.417s][info ][safepoint      ] Leaving safepoint region
[8612.417s][info ][safepoint      ] Total time for which application threads were stopped: 0.0001613 seconds, Stopping threads took: 0.0000575 seconds
[8613.417s][info ][safepoint      ] Application time: 1.0001238 seconds
[8613.417s][info ][safepoint      ] Entering safepoint region: Cleanup
[8613.417s][info ][safepoint      ] Leaving safepoint region
[8613.417s][info ][safepoint      ] Total time for which application threads were stopped: 0.0001307 seconds, Stopping threads took: 0.0000422 seconds
[8614.417s][info ][safepoint      ] Application time: 1.0001358 seconds
[8614.417s][info ][safepoint      ] Entering safepoint region: Cleanup
[8614.417s][info ][safepoint      ] Leaving safepoint region
[8614.417s][info ][safepoint      ] Total time for which application threads were stopped: 0.0001474 seconds, Stopping threads took: 0.0000623 seconds
[8614.755s][info ][safepoint      ] Application time: 0.3377058 seconds
[8614.755s][info ][safepoint      ] Entering safepoint region: ParallelGCFailedAllocation
[8614.755s][info ][gc,start       ] GC(390) Pause Young (Allocation Failure)
[8614.770s][debug][gc,phases      ] GC(390) Scavenge 15.218ms
[8614.771s][debug][gc,ref         ] GC(390) Skipped phase1 of Reference Processing due to unavailable references
[8614.771s][debug][gc,ref         ] GC(390) Skipped phase3 of Reference Processing due to unavailable references
[8614.771s][debug][gc,phases      ] GC(390) Reference Processing 0.040ms
[8614.771s][debug][gc,phases      ] GC(390) Weak Processing 0.204ms
[8614.771s][debug][gc,phases      ] GC(390) Scrub String Table 0.460ms
[8614.771s][debug][gc,age         ] GC(390) Desired survivor size 62390272 bytes, new threshold 13 (max threshold 15)
[8614.771s][info ][gc,heap        ] GC(390) PSYoungGen: 2024416K->47888K(2035712K)
[8614.771s][info ][gc,heap        ] GC(390) ParOldGen: 420259K->420451K(637440K)
[8614.771s][info ][gc,metaspace   ] GC(390) Metaspace: 76434K->76434K(1118208K)
[8614.771s][info ][gc             ] GC(390) Pause Young (Allocation Failure) 2387M->457M(2610M) 16.072ms
[8614.771s][info ][gc,cpu         ] GC(390) User=0.06s Sys=0.00s Real=0.01s
[8614.771s][info ][safepoint      ] Leaving safepoint region
[8614.771s][info ][safepoint      ] Total time for which application threads were stopped: 0.0163029 seconds, Stopping threads took: 0.0000595 seconds
[8615.771s][info ][safepoint      ] Application time: 1.0001025 seconds
[8615.772s][info ][safepoint      ] Entering safepoint region: Cleanup
[8615.772s][info ][safepoint      ] Leaving safepoint region
[8615.772s][info ][safepoint      ] Total time for which application threads were stopped: 0.0001299 seconds, Stopping threads took: 0.0000588 seconds
[8616.772s][info ][safepoint      ] Application time: 1.0001534 seconds
[8616.772s][info ][safepoint      ] Entering safepoint region: Cleanup
[8616.772s][info ][safepoint      ] Leaving safepoint region
[8616.772s][info ][safepoint      ] Total time for which application threads were stopped: 0.0001500 seconds, Stopping threads took: 0.0000766 seconds
[8617.772s][info ][safepoint      ] Application time: 1.0001391 seconds
[8617.772s][info ][safepoint      ] Entering safepoint region: Cleanup
[8617.772s][info ][safepoint      ] Leaving safepoint region
[8617.772s][info ][safepoint      ] Total time for which application threads were stopped: 0.0001150 seconds, Stopping threads took: 0.0000389 seconds
[8618.772s][info ][safepoint      ] Application time: 1.0001423 seconds
[8618.772s][info ][safepoint      ] Entering safepoint region: Cleanup
[8618.773s][info ][safepoint      ] Leaving safepoint region
[8618.773s][info ][safepoint      ] Total time for which application threads were stopped: 0.0001071 seconds, Stopping threads took: 0.0000395 seconds
[8619.773s][info ][safepoint      ] Application time: 1.0000892 seconds
[8619.773s][info ][safepoint      ] Entering safepoint region: Cleanup
[8619.773s][info ][safepoint      ] Leaving safepoint region
[8619.773s][info ][safepoint      ] Total time for which application threads were stopped: 0.0001185 seconds, Stopping threads took: 0.0000429 seconds
[8620.773s][info ][safepoint      ] Application time: 1.0001252 seconds
[8620.773s][info ][safepoint      ] Entering safepoint region: Cleanup
[8620.773s][info ][safepoint      ] Leaving safepoint region
[8620.773s][info ][safepoint      ] Total time for which application threads were stopped: 0.0000844 seconds, Stopping threads took: 0.0000178 seconds
[8621.773s][info ][safepoint      ] Application time: 1.0001223 seconds
[8621.773s][info ][safepoint      ] Entering safepoint region: Cleanup
[8621.773s][info ][safepoint      ] Leaving safepoint region
[8621.773s][info ][safepoint      ] Total time for which application threads were stopped: 0.0001405 seconds, Stopping threads took: 0.0000402 seconds
[8622.773s][info ][safepoint      ] Application time: 1.0001128 seconds
[8622.774s][info ][safepoint      ] Entering safepoint region: Cleanup
[8622.774s][info ][safepoint      ] Leaving safepoint region
[8622.774s][info ][safepoint      ] Total time for which application threads were stopped: 0.0001105 seconds, Stopping threads took: 0.0000367 seconds
[8623.774s][info ][safepoint      ] Application time: 1.0002666 seconds
[8623.778s][info ][safepoint      ] Entering safepoint region: Cleanup
[8623.778s][info ][safepoint      ] Leaving safepoint region
[8623.778s][info ][safepoint      ] Total time for which application threads were stopped: 0.0044698 seconds, Stopping threads took: 0.0043558 seconds
[8624.779s][info ][safepoint      ] Application time: 1.0001153 seconds
[8624.779s][info ][safepoint      ] Entering safepoint region: Cleanup
[8624.779s][info ][safepoint      ] Leaving safepoint region
[8624.779s][info ][safepoint      ] Total time for which application threads were stopped: 0.0000859 seconds, Stopping threads took: 0.0000182 seconds
[8625.779s][info ][safepoint      ] Application time: 1.0000669 seconds
[8625.779s][info ][safepoint      ] Entering safepoint region: Cleanup
[8625.779s][info ][safepoint      ] Leaving safepoint region
[8625.779s][info ][safepoint      ] Total time for which application threads were stopped: 0.0000916 seconds, Stopping threads took: 0.0000175 seconds
[8626.779s][info ][safepoint      ] Application time: 1.0001552 seconds
[8626.779s][info ][safepoint      ] Entering safepoint region: Cleanup
[8626.779s][info ][safepoint      ] Leaving safepoint region
[8626.779s][info ][safepoint      ] Total time for which application threads were stopped: 0.0000829 seconds, Stopping threads took: 0.0000183 seconds
[8627.779s][info ][safepoint      ] Application time: 1.0000874 seconds
[8627.779s][info ][safepoint      ] Entering safepoint region: Cleanup
[8627.779s][info ][safepoint      ] Leaving safepoint region
[8627.779s][info ][safepoint      ] Total time for which application threads were stopped: 0.0000916 seconds, Stopping threads took: 0.0000162 seconds
[8628.780s][info ][safepoint      ] Application time: 1.0000900 seconds
[8628.780s][info ][safepoint      ] Entering safepoint region: Cleanup
[8628.780s][info ][safepoint      ] Leaving safepoint region
[8628.780s][info ][safepoint      ] Total time for which application threads were stopped: 0.0000768 seconds, Stopping threads took: 0.0000171 seconds
[8629.780s][info ][safepoint      ] Application time: 1.0000888 seconds
[8629.780s][info ][safepoint      ] Entering safepoint region: Cleanup
[8629.780s][info ][safepoint      ] Leaving safepoint region
[8629.780s][info ][safepoint      ] Total time for which application threads were stopped: 0.0000815 seconds, Stopping threads took: 0.0000167 seconds
[8629.805s][info ][safepoint      ] Application time: 0.0251115 seconds
[8629.805s][info ][safepoint      ] Entering safepoint region: ParallelGCFailedAllocation
[8629.805s][info ][gc,start       ] GC(391) Pause Young (Allocation Failure)
[8629.822s][debug][gc,phases      ] GC(391) Scavenge 16.539ms
[8629.822s][debug][gc,ref         ] GC(391) Skipped phase1 of Reference Processing due to unavailable references
[8629.822s][debug][gc,ref         ] GC(391) Skipped phase3 of Reference Processing due to unavailable references
[8629.822s][debug][gc,phases      ] GC(391) Reference Processing 0.041ms
[8629.822s][debug][gc,phases      ] GC(391) Weak Processing 0.132ms
[8629.823s][debug][gc,phases      ] GC(391) Scrub String Table 0.467ms
[8629.823s][debug][gc,age         ] GC(391) Desired survivor size 69206016 bytes, new threshold 14 (max threshold 15)
[8629.823s][info ][gc,heap        ] GC(391) PSYoungGen: 2035472K->53488K(2022912K)
[8629.823s][info ][gc,heap        ] GC(391) ParOldGen: 420451K->420451K(637440K)
[8629.823s][info ][gc,metaspace   ] GC(391) Metaspace: 76496K->76496K(1118208K)
[8629.823s][info ][gc             ] GC(391) Pause Young (Allocation Failure) 2398M->462M(2598M) 17.329ms
[8629.823s][info ][gc,cpu         ] GC(391) User=0.06s Sys=0.00s Real=0.02s
[8629.823s][info ][safepoint      ] Leaving safepoint region
[8629.823s][info ][safepoint      ] Total time for which application threads were stopped: 0.0176391 seconds, Stopping threads took: 0.0001540 seconds
[8630.823s][info ][safepoint      ] Application time: 1.0000936 seconds
[8630.823s][info ][safepoint      ] Entering safepoint region: Cleanup
[8630.823s][info ][safepoint      ] Leaving safepoint region
[8630.823s][info ][safepoint      ] Total time for which application threads were stopped: 0.0001341 seconds, Stopping threads took: 0.0000432 seconds
[8631.823s][info ][safepoint      ] Application time: 1.0001291 seconds
[8631.823s][info ][safepoint      ] Entering safepoint region: Cleanup
[8631.823s][info ][safepoint      ] Leaving safepoint region
[8631.823s][info ][safepoint      ] Total time for which application threads were stopped: 0.0001143 seconds, Stopping threads took: 0.0000343 seconds
[8632.823s][info ][safepoint      ] Application time: 1.0001980 seconds
[8632.823s][info ][safepoint      ] Entering safepoint region: Cleanup
[8632.824s][info ][safepoint      ] Leaving safepoint region
[8632.824s][info ][safepoint      ] Total time for which application threads were stopped: 0.0000770 seconds, Stopping threads took: 0.0000178 seconds
[8633.824s][info ][safepoint      ] Application time: 1.0000693 seconds
[8633.824s][info ][safepoint      ] Entering safepoint region: Cleanup
[8633.824s][info ][safepoint      ] Leaving safepoint region
[8633.824s][info ][safepoint      ] Total time for which application threads were stopped: 0.0001084 seconds, Stopping threads took: 0.0000382 seconds
[8634.824s][info ][safepoint      ] Application time: 1.0001434 seconds
[8634.824s][info ][safepoint      ] Entering safepoint region: Cleanup
[8634.824s][info ][safepoint      ] Leaving safepoint region
[8634.824s][info ][safepoint      ] Total time for which application threads were stopped: 0.0001106 seconds, Stopping threads took: 0.0000513 seconds
[8635.824s][info ][safepoint      ] Application time: 1.0000840 seconds
[8635.824s][info ][safepoint      ] Entering safepoint region: Cleanup
[8635.824s][info ][safepoint      ] Leaving safepoint region
[8635.824s][info ][safepoint      ] Total time for which application threads were stopped: 0.0000973 seconds, Stopping threads took: 0.0000169 seconds
[8636.824s][info ][safepoint      ] Application time: 1.0000842 seconds
[8636.825s][info ][safepoint      ] Entering safepoint region: Cleanup
[8636.825s][info ][safepoint      ] Leaving safepoint region
[8636.825s][info ][safepoint      ] Total time for which application threads were stopped: 0.0001516 seconds, Stopping threads took: 0.0000702 seconds
[8637.825s][info ][safepoint      ] Application time: 1.0002714 seconds
[8637.825s][info ][safepoint      ] Entering safepoint region: Cleanup
[8637.825s][info ][safepoint      ] Leaving safepoint region
[8637.825s][info ][safepoint      ] Total time for which application threads were stopped: 0.0001150 seconds, Stopping threads took: 0.0000420 seconds
[8638.825s][info ][safepoint      ] Application time: 1.0000763 seconds
[8638.825s][info ][safepoint      ] Entering safepoint region: Cleanup
[8638.825s][info ][safepoint      ] Leaving safepoint region
[8638.825s][info ][safepoint      ] Total time for which application threads were stopped: 0.0001089 seconds, Stopping threads took: 0.0000168 seconds
[8639.825s][info ][safepoint      ] Application time: 1.0001403 seconds
[8639.825s][info ][safepoint      ] Entering safepoint region: Cleanup
[8639.826s][info ][safepoint      ] Leaving safepoint region
[8639.826s][info ][safepoint      ] Total time for which application threads were stopped: 0.0000932 seconds, Stopping threads took: 0.0000335 seconds
[8640.826s][info ][safepoint      ] Application time: 1.0000866 seconds
[8640.826s][info ][safepoint      ] Entering safepoint region: Cleanup
[8640.826s][info ][safepoint      ] Leaving safepoint region
[8640.826s][info ][safepoint      ] Total time for which application threads were stopped: 0.0000873 seconds, Stopping threads took: 0.0000178 seconds
[8643.826s][info ][safepoint      ] Application time: 3.0003759 seconds
[8643.826s][info ][safepoint      ] Entering safepoint region: Cleanup
[8643.826s][info ][safepoint      ] Leaving safepoint region
[8643.826s][info ][safepoint      ] Total time for which application threads were stopped: 0.0001199 seconds, Stopping threads took: 0.0000307 seconds
[8645.156s][info ][safepoint      ] Application time: 1.3296160 seconds
[8645.156s][info ][safepoint      ] Entering safepoint region: ParallelGCFailedAllocation
[8645.156s][info ][gc,start       ] GC(392) Pause Young (Allocation Failure)
[8645.172s][debug][gc,phases      ] GC(392) Scavenge 16.220ms
[8645.172s][debug][gc,ref         ] GC(392) Skipped phase1 of Reference Processing due to unavailable references
[8645.172s][debug][gc,ref         ] GC(392) Skipped phase3 of Reference Processing due to unavailable references
[8645.173s][debug][gc,phases      ] GC(392) Reference Processing 0.042ms
[8645.173s][debug][gc,phases      ] GC(392) Weak Processing 0.161ms
[8645.173s][debug][gc,phases      ] GC(392) Scrub String Table 0.458ms
[8645.173s][debug][gc,age         ] GC(392) Desired survivor size 76021760 bytes, new threshold 15 (max threshold 15)
[8645.173s][info ][gc,heap        ] GC(392) PSYoungGen: 2015472K->56176K(2018304K)
[8645.173s][info ][gc,heap        ] GC(392) ParOldGen: 420451K->420459K(637440K)
[8645.173s][info ][gc,metaspace   ] GC(392) Metaspace: 76523K->76523K(1118208K)
[8645.173s][info ][gc             ] GC(392) Pause Young (Allocation Failure) 2378M->465M(2593M) 17.060ms
[8645.173s][info ][gc,cpu         ] GC(392) User=0.06s Sys=0.00s Real=0.02s
[8645.173s][info ][safepoint      ] Leaving safepoint region
[8645.173s][info ][safepoint      ] Total time for which application threads were stopped: 0.0172799 seconds, Stopping threads took: 0.0000445 seconds
[8648.174s][info ][safepoint      ] Application time: 3.0005288 seconds
[8648.174s][info ][safepoint      ] Entering safepoint region: Cleanup
[8648.174s][info ][safepoint      ] Leaving safepoint region
[8648.174s][info ][safepoint      ] Total time for which application threads were stopped: 0.0001567 seconds, Stopping threads took: 0.0000608 seconds
[8649.174s][info ][safepoint      ] Application time: 1.0001329 seconds
[8649.174s][info ][safepoint      ] Entering safepoint region: Cleanup
[8649.174s][info ][safepoint      ] Leaving safepoint region
[8649.174s][info ][safepoint      ] Total time for which application threads were stopped: 0.0000792 seconds, Stopping threads took: 0.0000177 seconds
[8650.174s][info ][safepoint      ] Application time: 1.0000753 seconds
[8650.174s][info ][safepoint      ] Entering safepoint region: Cleanup
[8650.174s][info ][safepoint      ] Leaving safepoint region
[8650.174s][info ][safepoint      ] Total time for which application threads were stopped: 0.0000986 seconds, Stopping threads took: 0.0000189 seconds
[8650.895s][info ][safepoint      ] Application time: 0.7208288 seconds
[8650.895s][info ][safepoint      ] Entering safepoint region: RevokeBias
[8650.895s][info ][safepoint      ] Leaving safepoint region
[8650.895s][info ][safepoint      ] Total time for which application threads were stopped: 0.0001338 seconds, Stopping threads took: 0.0000175 seconds
[8650.896s][info ][safepoint      ] Application time: 0.0000517 seconds
[8650.896s][info ][safepoint      ] Entering safepoint region: BulkRevokeBias
[8650.896s][info ][safepoint      ] Leaving safepoint region
[8650.896s][info ][safepoint      ] Total time for which application threads were stopped: 0.0002304 seconds, Stopping threads took: 0.0000075 seconds
[8650.918s][info ][safepoint      ] Application time: 0.0221159 seconds
[8650.918s][info ][safepoint      ] Entering safepoint region: RevokeBias
[8650.918s][info ][safepoint      ] Leaving safepoint region
[8650.918s][info ][safepoint      ] Total time for which application threads were stopped: 0.0000922 seconds, Stopping threads took: 0.0000147 seconds
[8650.919s][info ][safepoint      ] Application time: 0.0005507 seconds
[8650.919s][info ][safepoint      ] Entering safepoint region: BulkRevokeBias
[8650.919s][info ][safepoint      ] Leaving safepoint region
[8650.919s][info ][safepoint      ] Total time for which application threads were stopped: 0.0002518 seconds, Stopping threads took: 0.0000102 seconds
[8650.920s][info ][safepoint      ] Application time: 0.0012553 seconds
[8650.920s][info ][safepoint      ] Entering safepoint region: RevokeBias
[8650.920s][info ][safepoint      ] Leaving safepoint region
[8650.920s][info ][safepoint      ] Total time for which application threads were stopped: 0.0000534 seconds, Stopping threads took: 0.0000092 seconds
[8650.933s][info ][safepoint      ] Application time: 0.0132839 seconds
[8650.933s][info ][safepoint      ] Entering safepoint region: RevokeBias
[8650.934s][info ][safepoint      ] Leaving safepoint region
[8650.934s][info ][safepoint      ] Total time for which application threads were stopped: 0.0000877 seconds, Stopping threads took: 0.0000126 seconds
[8650.934s][info ][safepoint      ] Application time: 0.0000556 seconds
[8650.934s][info ][safepoint      ] Entering safepoint region: RevokeBias
[8650.934s][info ][safepoint      ] Leaving safepoint region
[8650.934s][info ][safepoint      ] Total time for which application threads were stopped: 0.0000401 seconds, Stopping threads took: 0.0000067 seconds
[8650.934s][info ][safepoint      ] Application time: 0.0005059 seconds
[8650.934s][info ][safepoint      ] Entering safepoint region: RevokeBias
[8650.934s][info ][safepoint      ] Leaving safepoint region
[8650.934s][info ][safepoint      ] Total time for which application threads were stopped: 0.0001156 seconds, Stopping threads took: 0.0000670 seconds
[8651.934s][info ][safepoint      ] Application time: 1.0000996 seconds
[8651.934s][info ][safepoint      ] Entering safepoint region: Cleanup
[8651.935s][info ][safepoint      ] Leaving safepoint region
[8651.935s][info ][safepoint      ] Total time for which application threads were stopped: 0.0001048 seconds, Stopping threads took: 0.0000202 seconds
[8652.935s][info ][safepoint      ] Application time: 1.0001123 seconds
[8652.935s][info ][safepoint      ] Entering safepoint region: Cleanup
[8652.935s][info ][safepoint      ] Leaving safepoint region
[8652.935s][info ][safepoint      ] Total time for which application threads were stopped: 0.0001049 seconds, Stopping threads took: 0.0000180 seconds
[8653.935s][info ][safepoint      ] Application time: 1.0000936 seconds
[8653.935s][info ][safepoint      ] Entering safepoint region: Cleanup
[8653.935s][info ][safepoint      ] Leaving safepoint region
[8653.935s][info ][safepoint      ] Total time for which application threads were stopped: 0.0000917 seconds, Stopping threads took: 0.0000182 seconds
[8654.935s][info ][safepoint      ] Application time: 1.0000981 seconds
[8654.935s][info ][safepoint      ] Entering safepoint region: Cleanup
[8654.935s][info ][safepoint      ] Leaving safepoint region
[8654.935s][info ][safepoint      ] Total time for which application threads were stopped: 0.0000954 seconds, Stopping threads took: 0.0000184 seconds
[8655.935s][info ][safepoint      ] Application time: 1.0001192 seconds
[8655.936s][info ][safepoint      ] Entering safepoint region: Cleanup
[8655.936s][info ][safepoint      ] Leaving safepoint region
[8655.936s][info ][safepoint      ] Total time for which application threads were stopped: 0.0000840 seconds, Stopping threads took: 0.0000193 seconds
[8656.936s][info ][safepoint      ] Application time: 1.0000599 seconds
[8656.936s][info ][safepoint      ] Entering safepoint region: Cleanup
[8656.936s][info ][safepoint      ] Leaving safepoint region
[8656.936s][info ][safepoint      ] Total time for which application threads were stopped: 0.0000933 seconds, Stopping threads took: 0.0000203 seconds
[8657.936s][info ][safepoint      ] Application time: 1.0000700 seconds
[8657.936s][info ][safepoint      ] Entering safepoint region: Cleanup
[8657.936s][info ][safepoint      ] Leaving safepoint region
[8657.936s][info ][safepoint      ] Total time for which application threads were stopped: 0.0000993 seconds, Stopping threads took: 0.0000193 seconds
[8658.936s][info ][safepoint      ] Application time: 1.0001201 seconds
[8658.936s][info ][safepoint      ] Entering safepoint region: Cleanup
[8658.936s][info ][safepoint      ] Leaving safepoint region
[8658.936s][info ][safepoint      ] Total time for which application threads were stopped: 0.0000933 seconds, Stopping threads took: 0.0000207 seconds
[8659.936s][info ][safepoint      ] Application time: 1.0000938 seconds
[8659.936s][info ][safepoint      ] Entering safepoint region: Cleanup
[8659.936s][info ][safepoint      ] Leaving safepoint region
[8659.936s][info ][safepoint      ] Total time for which application threads were stopped: 0.0000848 seconds, Stopping threads took: 0.0000195 seconds
[8660.937s][info ][safepoint      ] Application time: 1.0001242 seconds
[8660.937s][info ][safepoint      ] Entering safepoint region: Cleanup
[8660.937s][info ][safepoint      ] Leaving safepoint region
[8660.937s][info ][safepoint      ] Total time for which application threads were stopped: 0.0001111 seconds, Stopping threads took: 0.0000192 seconds
[8661.472s][info ][safepoint      ] Application time: 0.5352739 seconds
[8661.472s][info ][safepoint      ] Entering safepoint region: ParallelGCFailedAllocation
[8661.472s][info ][gc,start       ] GC(393) Pause Young (Allocation Failure)
[8661.489s][debug][gc,phases      ] GC(393) Scavenge 17.033ms
[8661.489s][debug][gc,ref         ] GC(393) Skipped phase1 of Reference Processing due to unavailable references
[8661.489s][debug][gc,ref         ] GC(393) Skipped phase3 of Reference Processing due to unavailable references
[8661.489s][debug][gc,phases      ] GC(393) Reference Processing 0.041ms
[8661.489s][debug][gc,phases      ] GC(393) Weak Processing 0.120ms
[8661.490s][debug][gc,phases      ] GC(393) Scrub String Table 0.439ms
[8661.490s][debug][gc,age         ] GC(393) Desired survivor size 81788928 bytes, new threshold 15 (max threshold 15)
[8661.490s][info ][gc,heap        ] GC(393) PSYoungGen: 2018160K->57136K(2011648K)
[8661.490s][info ][gc,heap        ] GC(393) ParOldGen: 420459K->420467K(637440K)
[8661.490s][info ][gc,metaspace   ] GC(393) Metaspace: 76554K->76554K(1120256K)
[8661.490s][info ][gc             ] GC(393) Pause Young (Allocation Failure) 2381M->466M(2587M) 17.800ms
[8661.490s][info ][gc,cpu         ] GC(393) User=0.07s Sys=0.00s Real=0.02s
[8661.490s][info ][safepoint      ] Leaving safepoint region
[8661.490s][info ][safepoint      ] Total time for which application threads were stopped: 0.0179814 seconds, Stopping threads took: 0.0000164 seconds
[8662.490s][info ][safepoint      ] Application time: 1.0001061 seconds
[8662.490s][info ][safepoint      ] Entering safepoint region: Cleanup
[8662.490s][info ][safepoint      ] Leaving safepoint region
[8662.490s][info ][safepoint      ] Total time for which application threads were stopped: 0.0000803 seconds, Stopping threads took: 0.0000173 seconds
[8663.490s][info ][safepoint      ] Application time: 1.0001257 seconds
[8663.490s][info ][safepoint      ] Entering safepoint region: Cleanup
[8663.491s][info ][safepoint      ] Leaving safepoint region
[8663.491s][info ][safepoint      ] Total time for which application threads were stopped: 0.0001007 seconds, Stopping threads took: 0.0000182 seconds
[8664.491s][info ][safepoint      ] Application time: 1.0000684 seconds
[8664.491s][info ][safepoint      ] Entering safepoint region: Cleanup
[8664.491s][info ][safepoint      ] Leaving safepoint region
[8664.491s][info ][safepoint      ] Total time for which application threads were stopped: 0.0002124 seconds, Stopping threads took: 0.0001389 seconds
[8665.491s][info ][safepoint      ] Application time: 1.0000963 seconds
[8665.491s][info ][safepoint      ] Entering safepoint region: Cleanup
[8665.491s][info ][safepoint      ] Leaving safepoint region
[8665.491s][info ][safepoint      ] Total time for which application threads were stopped: 0.0000872 seconds, Stopping threads took: 0.0000191 seconds
[8666.491s][info ][safepoint      ] Application time: 1.0000873 seconds
[8666.491s][info ][safepoint      ] Entering safepoint region: Cleanup
[8666.491s][info ][safepoint      ] Leaving safepoint region
[8666.491s][info ][safepoint      ] Total time for which application threads were stopped: 0.0000894 seconds, Stopping threads took: 0.0000188 seconds
[8667.491s][info ][safepoint      ] Application time: 1.0001149 seconds
[8667.491s][info ][safepoint      ] Entering safepoint region: Cleanup
[8667.492s][info ][safepoint      ] Leaving safepoint region
[8667.492s][info ][safepoint      ] Total time for which application threads were stopped: 0.0001287 seconds, Stopping threads took: 0.0000192 seconds
[8668.492s][info ][safepoint      ] Application time: 1.0001565 seconds
[8668.492s][info ][safepoint      ] Entering safepoint region: Cleanup
[8668.492s][info ][safepoint      ] Leaving safepoint region
[8668.492s][info ][safepoint      ] Total time for which application threads were stopped: 0.0000840 seconds, Stopping threads took: 0.0000196 seconds
[8669.492s][info ][safepoint      ] Application time: 1.0000787 seconds
[8669.492s][info ][safepoint      ] Entering safepoint region: Cleanup
[8669.492s][info ][safepoint      ] Leaving safepoint region
[8669.492s][info ][safepoint      ] Total time for which application threads were stopped: 0.0001006 seconds, Stopping threads took: 0.0000187 seconds
[8670.492s][info ][safepoint      ] Application time: 1.0000766 seconds
[8670.492s][info ][safepoint      ] Entering safepoint region: Cleanup
[8670.492s][info ][safepoint      ] Leaving safepoint region
[8670.492s][info ][safepoint      ] Total time for which application threads were stopped: 0.0001345 seconds, Stopping threads took: 0.0000691 seconds
[8671.492s][info ][safepoint      ] Application time: 1.0000917 seconds
[8671.493s][info ][safepoint      ] Entering safepoint region: Cleanup
[8671.493s][info ][safepoint      ] Leaving safepoint region
[8671.493s][info ][safepoint      ] Total time for which application threads were stopped: 0.0001022 seconds, Stopping threads took: 0.0000195 seconds
[8672.493s][info ][safepoint      ] Application time: 1.0000651 seconds
[8672.493s][info ][safepoint      ] Entering safepoint region: Cleanup
[8672.493s][info ][safepoint      ] Leaving safepoint region
[8672.493s][info ][safepoint      ] Total time for which application threads were stopped: 0.0001092 seconds, Stopping threads took: 0.0000198 seconds
[8673.493s][info ][safepoint      ] Application time: 1.0000832 seconds
[8673.493s][info ][safepoint      ] Entering safepoint region: Cleanup
[8673.493s][info ][safepoint      ] Leaving safepoint region
[8673.493s][info ][safepoint      ] Total time for which application threads were stopped: 0.0000854 seconds, Stopping threads took: 0.0000199 seconds
[8674.493s][info ][safepoint      ] Application time: 1.0001127 seconds
[8674.493s][info ][safepoint      ] Entering safepoint region: Cleanup
[8674.493s][info ][safepoint      ] Leaving safepoint region
[8674.493s][info ][safepoint      ] Total time for which application threads were stopped: 0.0000815 seconds, Stopping threads took: 0.0000179 seconds
[8675.493s][info ][safepoint      ] Application time: 1.0001236 seconds
[8675.493s][info ][safepoint      ] Entering safepoint region: Cleanup
[8675.494s][info ][safepoint      ] Leaving safepoint region
[8675.494s][info ][safepoint      ] Total time for which application threads were stopped: 0.0000835 seconds, Stopping threads took: 0.0000186 seconds
[8676.494s][info ][safepoint      ] Application time: 1.0001024 seconds
[8676.494s][info ][safepoint      ] Entering safepoint region: Cleanup
[8676.494s][info ][safepoint      ] Leaving safepoint region
[8676.494s][info ][safepoint      ] Total time for which application threads were stopped: 0.0000925 seconds, Stopping threads took: 0.0000181 seconds
[8677.023s][info ][safepoint      ] Application time: 0.5296110 seconds
[8677.023s][info ][safepoint      ] Entering safepoint region: ParallelGCFailedAllocation
[8677.024s][info ][gc,start       ] GC(394) Pause Young (Allocation Failure)
[8677.042s][debug][gc,phases      ] GC(394) Scavenge 18.843ms
[8677.043s][debug][gc,ref         ] GC(394) Skipped phase1 of Reference Processing due to unavailable references
[8677.043s][debug][gc,ref         ] GC(394) Skipped phase3 of Reference Processing due to unavailable references
[8677.043s][debug][gc,phases      ] GC(394) Reference Processing 0.044ms
[8677.043s][debug][gc,phases      ] GC(394) Weak Processing 0.230ms
[8677.044s][debug][gc,phases      ] GC(394) Scrub String Table 0.926ms
[8677.044s][debug][gc,age         ] GC(394) Desired survivor size 88080384 bytes, new threshold 15 (max threshold 15)
[8677.044s][info ][gc,heap        ] GC(394) PSYoungGen: 1994544K->63632K(2001408K)
[8677.044s][info ][gc,heap        ] GC(394) ParOldGen: 420467K->420732K(637440K)
[8677.044s][info ][gc,metaspace   ] GC(394) Metaspace: 76573K->76573K(1120256K)
[8677.044s][info ][gc             ] GC(394) Pause Young (Allocation Failure) 2358M->473M(2577M) 20.207ms
[8677.044s][info ][gc,cpu         ] GC(394) User=0.07s Sys=0.00s Real=0.02s
[8677.044s][info ][safepoint      ] Leaving safepoint region
[8677.044s][info ][safepoint      ] Total time for which application threads were stopped: 0.0204228 seconds, Stopping threads took: 0.0000416 seconds
[8678.044s][info ][safepoint      ] Application time: 1.0001299 seconds
[8678.044s][info ][safepoint      ] Entering safepoint region: Cleanup
[8678.044s][info ][safepoint      ] Leaving safepoint region
[8678.044s][info ][safepoint      ] Total time for which application threads were stopped: 0.0001485 seconds, Stopping threads took: 0.0000819 seconds
[8679.044s][info ][safepoint      ] Application time: 1.0000792 seconds
[8679.044s][info ][safepoint      ] Entering safepoint region: Cleanup
[8679.044s][info ][safepoint      ] Leaving safepoint region
[8679.044s][info ][safepoint      ] Total time for which application threads were stopped: 0.0001747 seconds, Stopping threads took: 0.0000896 seconds
[8680.045s][info ][safepoint      ] Application time: 1.0001219 seconds
[8680.045s][info ][safepoint      ] Entering safepoint region: Cleanup
[8680.045s][info ][safepoint      ] Leaving safepoint region
[8680.045s][info ][safepoint      ] Total time for which application threads were stopped: 0.0001387 seconds, Stopping threads took: 0.0000188 seconds
[8681.045s][info ][safepoint      ] Application time: 1.0001118 seconds
[8681.045s][info ][safepoint      ] Entering safepoint region: Cleanup
[8681.045s][info ][safepoint      ] Leaving safepoint region
[8681.045s][info ][safepoint      ] Total time for which application threads were stopped: 0.0001062 seconds, Stopping threads took: 0.0000210 seconds
[8681.223s][info ][safepoint      ] Application time: 0.1779808 seconds
[8681.223s][info ][safepoint      ] Entering safepoint region: RevokeBias
[8681.223s][info ][safepoint      ] Leaving safepoint region
[8681.223s][info ][safepoint      ] Total time for which application threads were stopped: 0.0001957 seconds, Stopping threads took: 0.0001057 seconds
[8681.223s][info ][safepoint      ] Application time: 0.0001259 seconds
[8681.223s][info ][safepoint      ] Entering safepoint region: RevokeBias
[8681.223s][info ][safepoint      ] Leaving safepoint region
[8681.223s][info ][safepoint      ] Total time for which application threads were stopped: 0.0000950 seconds, Stopping threads took: 0.0000479 seconds
[8681.224s][info ][safepoint      ] Application time: 0.0000477 seconds
[8681.224s][info ][safepoint      ] Entering safepoint region: RevokeBias
[8681.224s][info ][safepoint      ] Leaving safepoint region
[8681.224s][info ][safepoint      ] Total time for which application threads were stopped: 0.0000782 seconds, Stopping threads took: 0.0000408 seconds
[8681.224s][info ][safepoint      ] Application time: 0.0000524 seconds
[8681.224s][info ][safepoint      ] Entering safepoint region: RevokeBias
[8681.224s][info ][safepoint      ] Leaving safepoint region
[8681.224s][info ][safepoint      ] Total time for which application threads were stopped: 0.0000815 seconds, Stopping threads took: 0.0000396 seconds
[8681.224s][info ][safepoint      ] Application time: 0.0000596 seconds
[8681.224s][info ][safepoint      ] Entering safepoint region: RevokeBias
[8681.224s][info ][safepoint      ] Leaving safepoint region
[8681.224s][info ][safepoint      ] Total time for which application threads were stopped: 0.0000788 seconds, Stopping threads took: 0.0000383 seconds
[8681.224s][info ][safepoint      ] Application time: 0.0000433 seconds
[8681.224s][info ][safepoint      ] Entering safepoint region: RevokeBias
[8681.224s][info ][safepoint      ] Leaving safepoint region
[8681.224s][info ][safepoint      ] Total time for which application threads were stopped: 0.0000769 seconds, Stopping threads took: 0.0000413 seconds
[8681.224s][info ][safepoint      ] Application time: 0.0000435 seconds
[8681.224s][info ][safepoint      ] Entering safepoint region: RevokeBias
[8681.224s][info ][safepoint      ] Leaving safepoint region
[8681.224s][info ][safepoint      ] Total time for which application threads were stopped: 0.0000853 seconds, Stopping threads took: 0.0000483 seconds
[8681.224s][info ][safepoint      ] Application time: 0.0000431 seconds
[8681.224s][info ][safepoint      ] Entering safepoint region: RevokeBias
[8681.224s][info ][safepoint      ] Leaving safepoint region
[8681.224s][info ][safepoint      ] Total time for which application threads were stopped: 0.0001091 seconds, Stopping threads took: 0.0000695 seconds
[8681.225s][info ][safepoint      ] Application time: 0.0001599 seconds
[8681.225s][info ][safepoint      ] Entering safepoint region: RevokeBias
[8681.225s][info ][safepoint      ] Leaving safepoint region
[8681.225s][info ][safepoint      ] Total time for which application threads were stopped: 0.0001026 seconds, Stopping threads took: 0.0000391 seconds
[8681.225s][info ][safepoint      ] Application time: 0.0000549 seconds
[8681.225s][info ][safepoint      ] Entering safepoint region: RevokeBias
[8681.225s][info ][safepoint      ] Leaving safepoint region
[8681.225s][info ][safepoint      ] Total time for which application threads were stopped: 0.0000889 seconds, Stopping threads took: 0.0000276 seconds
[8681.225s][info ][safepoint      ] Application time: 0.0000464 seconds
[8681.225s][info ][safepoint      ] Entering safepoint region: RevokeBias
[8681.225s][info ][safepoint      ] Leaving safepoint region
[8681.225s][info ][safepoint      ] Total time for which application threads were stopped: 0.0000655 seconds, Stopping threads took: 0.0000268 seconds
[8681.225s][info ][safepoint      ] Application time: 0.0000751 seconds
[8681.225s][info ][safepoint      ] Entering safepoint region: RevokeBias
[8681.225s][info ][safepoint      ] Leaving safepoint region
[8681.225s][info ][safepoint      ] Total time for which application threads were stopped: 0.0001924 seconds, Stopping threads took: 0.0001517 seconds
[8681.225s][info ][safepoint      ] Application time: 0.0000938 seconds
[8681.225s][info ][safepoint      ] Entering safepoint region: RevokeBias
[8681.226s][info ][safepoint      ] Leaving safepoint region
[8681.226s][info ][safepoint      ] Total time for which application threads were stopped: 0.0002106 seconds, Stopping threads took: 0.0001675 seconds
[8681.226s][info ][safepoint      ] Application time: 0.0000388 seconds
[8681.226s][info ][safepoint      ] Entering safepoint region: RevokeBias
[8681.226s][info ][safepoint      ] Leaving safepoint region
[8681.226s][info ][safepoint      ] Total time for which application threads were stopped: 0.0000664 seconds, Stopping threads took: 0.0000258 seconds
[8681.226s][info ][safepoint      ] Application time: 0.0000427 seconds
[8681.226s][info ][safepoint      ] Entering safepoint region: RevokeBias
[8681.226s][info ][safepoint      ] Leaving safepoint region
[8681.226s][info ][safepoint      ] Total time for which application threads were stopped: 0.0000891 seconds, Stopping threads took: 0.0000479 seconds
[8681.226s][info ][safepoint      ] Application time: 0.0001121 seconds
[8681.226s][info ][safepoint      ] Entering safepoint region: RevokeBias
[8681.226s][info ][safepoint      ] Leaving safepoint region
[8681.226s][info ][safepoint      ] Total time for which application threads were stopped: 0.0000723 seconds, Stopping threads took: 0.0000285 seconds
[8681.226s][info ][safepoint      ] Application time: 0.0000404 seconds
[8681.226s][info ][safepoint      ] Entering safepoint region: RevokeBias
[8681.226s][info ][safepoint      ] Leaving safepoint region
[8681.226s][info ][safepoint      ] Total time for which application threads were stopped: 0.0000661 seconds, Stopping threads took: 0.0000296 seconds
[8681.226s][info ][safepoint      ] Application time: 0.0000438 seconds
[8681.226s][info ][safepoint      ] Entering safepoint region: RevokeBias
[8681.226s][info ][safepoint      ] Leaving safepoint region
[8681.226s][info ][safepoint      ] Total time for which application threads were stopped: 0.0000922 seconds, Stopping threads took: 0.0000520 seconds
[8681.226s][info ][safepoint      ] Application time: 0.0000364 seconds
[8681.226s][info ][safepoint      ] Entering safepoint region: RevokeBias
[8681.226s][info ][safepoint      ] Leaving safepoint region
[8681.226s][info ][safepoint      ] Total time for which application threads were stopped: 0.0000390 seconds, Stopping threads took: 0.0000074 seconds
[8681.226s][info ][safepoint      ] Application time: 0.0000450 seconds
[8681.226s][info ][safepoint      ] Entering safepoint region: BulkRevokeBias
[8681.227s][info ][safepoint      ] Leaving safepoint region
[8681.227s][info ][safepoint      ] Total time for which application threads were stopped: 0.0005336 seconds, Stopping threads took: 0.0000789 seconds
[8682.227s][info ][safepoint      ] Application time: 1.0001185 seconds
[8682.227s][info ][safepoint      ] Entering safepoint region: Cleanup
[8682.227s][info ][safepoint      ] Leaving safepoint region
[8682.227s][info ][safepoint      ] Total time for which application threads were stopped: 0.0001010 seconds, Stopping threads took: 0.0000177 seconds
[8683.227s][info ][safepoint      ] Application time: 1.0001321 seconds
[8683.227s][info ][safepoint      ] Entering safepoint region: Cleanup
[8683.227s][info ][safepoint      ] Leaving safepoint region
[8683.227s][info ][safepoint      ] Total time for which application threads were stopped: 0.0001076 seconds, Stopping threads took: 0.0000184 seconds
[8684.228s][info ][safepoint      ] Application time: 1.0003643 seconds
[8684.228s][info ][safepoint      ] Entering safepoint region: Cleanup
[8684.228s][info ][safepoint      ] Leaving safepoint region
[8684.228s][info ][safepoint      ] Total time for which application threads were stopped: 0.0001843 seconds, Stopping threads took: 0.0000785 seconds
[8684.247s][info ][safepoint      ] Application time: 0.0193617 seconds
[8684.248s][info ][safepoint      ] Entering safepoint region: RevokeBias
[8684.248s][info ][safepoint      ] Leaving safepoint region
[8684.248s][info ][safepoint      ] Total time for which application threads were stopped: 0.0001764 seconds, Stopping threads took: 0.0000724 seconds
[8684.248s][info ][safepoint      ] Application time: 0.0000635 seconds
[8684.248s][info ][safepoint      ] Entering safepoint region: RevokeBias
[8684.248s][info ][safepoint      ] Leaving safepoint region
[8684.248s][info ][safepoint      ] Total time for which application threads were stopped: 0.0001693 seconds, Stopping threads took: 0.0000073 seconds
[8684.248s][info ][safepoint      ] Application time: 0.0000546 seconds
[8684.248s][info ][safepoint      ] Entering safepoint region: RevokeBias
[8684.248s][info ][safepoint      ] Leaving safepoint region
[8684.248s][info ][safepoint      ] Total time for which application threads were stopped: 0.0002090 seconds, Stopping threads took: 0.0001705 seconds
[8684.248s][info ][safepoint      ] Application time: 0.0000927 seconds
[8684.248s][info ][safepoint      ] Entering safepoint region: RevokeBias
[8684.248s][info ][safepoint      ] Leaving safepoint region
[8684.248s][info ][safepoint      ] Total time for which application threads were stopped: 0.0001060 seconds, Stopping threads took: 0.0000664 seconds
[8684.248s][info ][safepoint      ] Application time: 0.0001047 seconds
[8684.249s][info ][safepoint      ] Entering safepoint region: RevokeBias
[8684.249s][info ][safepoint      ] Leaving safepoint region
[8684.249s][info ][safepoint      ] Total time for which application threads were stopped: 0.0002454 seconds, Stopping threads took: 0.0002111 seconds
[8684.249s][info ][safepoint      ] Application time: 0.0000395 seconds
[8684.249s][info ][safepoint      ] Entering safepoint region: RevokeBias
[8684.249s][info ][safepoint      ] Leaving safepoint region
[8684.249s][info ][safepoint      ] Total time for which application threads were stopped: 0.0001516 seconds, Stopping threads took: 0.0001144 seconds
[8684.249s][info ][safepoint      ] Application time: 0.0000454 seconds
[8684.249s][info ][safepoint      ] Entering safepoint region: RevokeBias
[8684.249s][info ][safepoint      ] Leaving safepoint region
[8684.249s][info ][safepoint      ] Total time for which application threads were stopped: 0.0000390 seconds, Stopping threads took: 0.0000066 seconds
[8684.249s][info ][safepoint      ] Application time: 0.0000456 seconds
[8684.249s][info ][safepoint      ] Entering safepoint region: RevokeBias
[8684.249s][info ][safepoint      ] Leaving safepoint region
[8684.249s][info ][safepoint      ] Total time for which application threads were stopped: 0.0000392 seconds, Stopping threads took: 0.0000066 seconds
[8685.249s][info ][safepoint      ] Application time: 1.0000907 seconds
[8685.249s][info ][safepoint      ] Entering safepoint region: Cleanup
[8685.249s][info ][safepoint      ] Leaving safepoint region
[8685.249s][info ][safepoint      ] Total time for which application threads were stopped: 0.0001017 seconds, Stopping threads took: 0.0000178 seconds
[8686.249s][info ][safepoint      ] Application time: 1.0000407 seconds
[8686.249s][info ][safepoint      ] Entering safepoint region: Cleanup
[8686.250s][info ][safepoint      ] Leaving safepoint region
[8686.250s][info ][safepoint      ] Total time for which application threads were stopped: 0.0001223 seconds, Stopping threads took: 0.0000200 seconds
[8687.250s][info ][safepoint      ] Application time: 1.0001932 seconds
[8687.250s][info ][safepoint      ] Entering safepoint region: Cleanup
[8687.250s][info ][safepoint      ] Leaving safepoint region
[8687.250s][info ][safepoint      ] Total time for which application threads were stopped: 0.0001258 seconds, Stopping threads took: 0.0000347 seconds
[8688.250s][info ][safepoint      ] Application time: 1.0000814 seconds
[8688.250s][info ][safepoint      ] Entering safepoint region: Cleanup
[8688.250s][info ][safepoint      ] Leaving safepoint region
[8688.250s][info ][safepoint      ] Total time for which application threads were stopped: 0.0000985 seconds, Stopping threads took: 0.0000196 seconds
[8689.250s][info ][safepoint      ] Application time: 1.0000770 seconds
[8689.250s][info ][safepoint      ] Entering safepoint region: Cleanup
[8689.251s][info ][safepoint      ] Leaving safepoint region
[8689.251s][info ][safepoint      ] Total time for which application threads were stopped: 0.0001131 seconds, Stopping threads took: 0.0000179 seconds
[8690.251s][info ][safepoint      ] Application time: 1.0000817 seconds
[8690.251s][info ][safepoint      ] Entering safepoint region: Cleanup
[8690.251s][info ][safepoint      ] Leaving safepoint region
[8690.251s][info ][safepoint      ] Total time for which application threads were stopped: 0.0001189 seconds, Stopping threads took: 0.0000551 seconds
[8691.251s][info ][safepoint      ] Application time: 1.0000980 seconds
[8691.251s][info ][safepoint      ] Entering safepoint region: Cleanup
[8691.251s][info ][safepoint      ] Leaving safepoint region
[8691.251s][info ][safepoint      ] Total time for which application threads were stopped: 0.0000858 seconds, Stopping threads took: 0.0000204 seconds
[8692.251s][info ][safepoint      ] Application time: 1.0000872 seconds
[8692.251s][info ][safepoint      ] Entering safepoint region: Cleanup
[8692.251s][info ][safepoint      ] Leaving safepoint region
[8692.251s][info ][safepoint      ] Total time for which application threads were stopped: 0.0001008 seconds, Stopping threads took: 0.0000191 seconds
[8692.358s][info ][safepoint      ] Application time: 0.1065829 seconds
[8692.358s][info ][safepoint      ] Entering safepoint region: ParallelGCFailedAllocation
[8692.358s][info ][gc,start       ] GC(395) Pause Young (Allocation Failure)
[8692.385s][debug][gc,phases      ] GC(395) Scavenge 26.936ms
[8692.385s][debug][gc,ref         ] GC(395) Skipped phase1 of Reference Processing due to unavailable references
[8692.385s][debug][gc,ref         ] GC(395) Skipped phase3 of Reference Processing due to unavailable references
[8692.385s][debug][gc,phases      ] GC(395) Reference Processing 0.048ms
[8692.385s][debug][gc,phases      ] GC(395) Weak Processing 0.199ms
[8692.386s][debug][gc,phases      ] GC(395) Scrub String Table 0.427ms
[8692.386s][debug][gc,age         ] GC(395) Desired survivor size 103284736 bytes, new threshold 14 (max threshold 15)
[8692.386s][info ][gc,heap        ] GC(395) PSYoungGen: 2001040K->86001K(1981440K)
[8692.386s][info ][gc,heap        ] GC(395) ParOldGen: 420732K->423624K(637440K)
[8692.386s][info ][gc,metaspace   ] GC(395) Metaspace: 76604K->76604K(1120256K)
[8692.386s][info ][gc             ] GC(395) Pause Young (Allocation Failure) 2365M->497M(2557M) 27.883ms
[8692.386s][info ][gc,cpu         ] GC(395) User=0.11s Sys=0.00s Real=0.03s
[8692.386s][info ][safepoint      ] Leaving safepoint region
[8692.386s][info ][safepoint      ] Total time for which application threads were stopped: 0.0280866 seconds, Stopping threads took: 0.0000278 seconds
[8693.386s][info ][safepoint      ] Application time: 1.0001647 seconds
[8693.386s][info ][safepoint      ] Entering safepoint region: Cleanup
[8693.386s][info ][safepoint      ] Leaving safepoint region
[8693.386s][info ][safepoint      ] Total time for which application threads were stopped: 0.0001196 seconds, Stopping threads took: 0.0000190 seconds
[8694.386s][info ][safepoint      ] Application time: 1.0000885 seconds
[8694.386s][info ][safepoint      ] Entering safepoint region: Cleanup
[8694.386s][info ][safepoint      ] Leaving safepoint region
[8694.386s][info ][safepoint      ] Total time for which application threads were stopped: 0.0000861 seconds, Stopping threads took: 0.0000202 seconds
[8695.387s][info ][safepoint      ] Application time: 1.0001124 seconds
[8695.387s][info ][safepoint      ] Entering safepoint region: Cleanup
[8695.387s][info ][safepoint      ] Leaving safepoint region
[8695.387s][info ][safepoint      ] Total time for which application threads were stopped: 0.0001214 seconds, Stopping threads took: 0.0000432 seconds
[8696.387s][info ][safepoint      ] Application time: 1.0000930 seconds
[8696.387s][info ][safepoint      ] Entering safepoint region: Cleanup
[8696.387s][info ][safepoint      ] Leaving safepoint region
[8696.387s][info ][safepoint      ] Total time for which application threads were stopped: 0.0001331 seconds, Stopping threads took: 0.0000663 seconds
[8697.387s][info ][safepoint      ] Application time: 1.0000874 seconds
[8697.387s][info ][safepoint      ] Entering safepoint region: Cleanup
[8697.387s][info ][safepoint      ] Leaving safepoint region
[8697.387s][info ][safepoint      ] Total time for which application threads were stopped: 0.0001143 seconds, Stopping threads took: 0.0000416 seconds
[8698.387s][info ][safepoint      ] Application time: 1.0000844 seconds
[8698.387s][info ][safepoint      ] Entering safepoint region: Cleanup
[8698.387s][info ][safepoint      ] Leaving safepoint region
[8698.387s][info ][safepoint      ] Total time for which application threads were stopped: 0.0000913 seconds, Stopping threads took: 0.0000189 seconds
[8699.388s][info ][safepoint      ] Application time: 1.0000790 seconds
[8699.388s][info ][safepoint      ] Entering safepoint region: Cleanup
[8699.388s][info ][safepoint      ] Leaving safepoint region
[8699.388s][info ][safepoint      ] Total time for which application threads were stopped: 0.0001080 seconds, Stopping threads took: 0.0000198 seconds
[8700.388s][info ][safepoint      ] Application time: 1.0003562 seconds
[8700.388s][info ][safepoint      ] Entering safepoint region: Cleanup
[8700.388s][info ][safepoint      ] Leaving safepoint region
[8700.388s][info ][safepoint      ] Total time for which application threads were stopped: 0.0001140 seconds, Stopping threads took: 0.0000398 seconds
[8701.388s][info ][safepoint      ] Application time: 1.0000831 seconds
[8701.388s][info ][safepoint      ] Entering safepoint region: Cleanup
[8701.388s][info ][safepoint      ] Leaving safepoint region
[8701.388s][info ][safepoint      ] Total time for which application threads were stopped: 0.0001366 seconds, Stopping threads took: 0.0000357 seconds
[8702.389s][info ][safepoint      ] Application time: 1.0001051 seconds
[8702.389s][info ][safepoint      ] Entering safepoint region: Cleanup
[8702.389s][info ][safepoint      ] Leaving safepoint region
[8702.389s][info ][safepoint      ] Total time for which application threads were stopped: 0.0001852 seconds, Stopping threads took: 0.0000833 seconds
[8702.399s][info ][safepoint      ] Application time: 0.0104087 seconds
[8702.399s][info ][safepoint      ] Entering safepoint region: RevokeBias
[8702.399s][info ][safepoint      ] Leaving safepoint region
[8702.399s][info ][safepoint      ] Total time for which application threads were stopped: 0.0001898 seconds, Stopping threads took: 0.0000868 seconds
[8702.413s][info ][safepoint      ] Application time: 0.0131552 seconds
[8702.413s][info ][safepoint      ] Entering safepoint region: RevokeBias
[8702.413s][info ][safepoint      ] Leaving safepoint region
[8702.413s][info ][safepoint      ] Total time for which application threads were stopped: 0.0001748 seconds, Stopping threads took: 0.0000704 seconds
[8703.413s][info ][safepoint      ] Application time: 1.0000909 seconds
[8703.413s][info ][safepoint      ] Entering safepoint region: Cleanup
[8703.413s][info ][safepoint      ] Leaving safepoint region
[8703.413s][info ][safepoint      ] Total time for which application threads were stopped: 0.0001373 seconds, Stopping threads took: 0.0000571 seconds
[8707.406s][info ][safepoint      ] Application time: 3.9924846 seconds
[8707.406s][info ][safepoint      ] Entering safepoint region: ParallelGCFailedAllocation
[8707.406s][info ][gc,start       ] GC(396) Pause Young (Allocation Failure)
[8707.434s][debug][gc,phases      ] GC(396) Scavenge 28.276ms
[8707.434s][debug][gc,ref         ] GC(396) Skipped phase1 of Reference Processing due to unavailable references
[8707.434s][debug][gc,ref         ] GC(396) Skipped phase3 of Reference Processing due to unavailable references
[8707.434s][debug][gc,phases      ] GC(396) Reference Processing 0.067ms
[8707.434s][debug][gc,phases      ] GC(396) Weak Processing 0.125ms
[8707.435s][debug][gc,phases      ] GC(396) Scrub String Table 0.526ms
[8707.435s][debug][gc,age         ] GC(396) Desired survivor size 116916224 bytes, new threshold 15 (max threshold 15)
[8707.435s][info ][gc,heap        ] GC(396) PSYoungGen: 1981425K->94561K(1990144K)
[8707.435s][info ][gc,heap        ] GC(396) ParOldGen: 423624K->424296K(637440K)
[8707.435s][info ][gc,metaspace   ] GC(396) Metaspace: 76625K->76625K(1120256K)
[8707.435s][info ][gc             ] GC(396) Pause Young (Allocation Failure) 2348M->506M(2566M) 29.154ms
[8707.435s][info ][gc,cpu         ] GC(396) User=0.11s Sys=0.00s Real=0.03s
[8707.435s][info ][safepoint      ] Leaving safepoint region
[8707.435s][info ][safepoint      ] Total time for which application threads were stopped: 0.0295465 seconds, Stopping threads took: 0.0001560 seconds
[8707.857s][info ][safepoint      ] Application time: 0.4222789 seconds
[8707.857s][info ][safepoint      ] Entering safepoint region: RevokeBias
[8707.858s][info ][safepoint      ] Leaving safepoint region
[8707.858s][info ][safepoint      ] Total time for which application threads were stopped: 0.0001758 seconds, Stopping threads took: 0.0000548 seconds
[8707.858s][info ][safepoint      ] Application time: 0.0000705 seconds
[8707.858s][info ][safepoint      ] Entering safepoint region: RevokeBias
[8707.858s][info ][safepoint      ] Leaving safepoint region
[8707.858s][info ][safepoint      ] Total time for which application threads were stopped: 0.0001004 seconds, Stopping threads took: 0.0000479 seconds
[8707.858s][info ][safepoint      ] Application time: 0.0000405 seconds
[8707.858s][info ][safepoint      ] Entering safepoint region: RevokeBias
[8707.858s][info ][safepoint      ] Leaving safepoint region
[8707.858s][info ][safepoint      ] Total time for which application threads were stopped: 0.0000534 seconds, Stopping threads took: 0.0000070 seconds
[8708.858s][info ][safepoint      ] Application time: 1.0000924 seconds
[8708.858s][info ][safepoint      ] Entering safepoint region: Cleanup
[8708.858s][info ][safepoint      ] Leaving safepoint region
[8708.858s][info ][safepoint      ] Total time for which application threads were stopped: 0.0001322 seconds, Stopping threads took: 0.0000421 seconds
[8709.858s][info ][safepoint      ] Application time: 1.0000968 seconds
[8709.858s][info ][safepoint      ] Entering safepoint region: Cleanup
[8709.858s][info ][safepoint      ] Leaving safepoint region
[8709.858s][info ][safepoint      ] Total time for which application threads were stopped: 0.0001308 seconds, Stopping threads took: 0.0000528 seconds
[8710.859s][info ][safepoint      ] Application time: 1.0001273 seconds
[8710.859s][info ][safepoint      ] Entering safepoint region: Cleanup
[8710.859s][info ][safepoint      ] Leaving safepoint region
[8710.859s][info ][safepoint      ] Total time for which application threads were stopped: 0.0001283 seconds, Stopping threads took: 0.0000593 seconds
[8711.154s][info ][safepoint      ] Application time: 0.2955527 seconds
[8711.154s][info ][safepoint      ] Entering safepoint region: RevokeBias
[8711.155s][info ][safepoint      ] Leaving safepoint region
[8711.155s][info ][safepoint      ] Total time for which application threads were stopped: 0.0002930 seconds, Stopping threads took: 0.0001525 seconds
[8711.177s][info ][safepoint      ] Application time: 0.0226120 seconds
[8711.177s][info ][safepoint      ] Entering safepoint region: RevokeBias
[8711.178s][info ][safepoint      ] Leaving safepoint region
[8711.178s][info ][safepoint      ] Total time for which application threads were stopped: 0.0002298 seconds, Stopping threads took: 0.0000887 seconds
[8712.178s][info ][safepoint      ] Application time: 1.0000978 seconds
[8712.178s][info ][safepoint      ] Entering safepoint region: Cleanup
[8712.178s][info ][safepoint      ] Leaving safepoint region
[8712.178s][info ][safepoint      ] Total time for which application threads were stopped: 0.0001553 seconds, Stopping threads took: 0.0000808 seconds
[8713.178s][info ][safepoint      ] Application time: 1.0000776 seconds
[8713.178s][info ][safepoint      ] Entering safepoint region: Cleanup
[8713.178s][info ][safepoint      ] Leaving safepoint region
[8713.178s][info ][safepoint      ] Total time for which application threads were stopped: 0.0002498 seconds, Stopping threads took: 0.0000184 seconds
[8714.178s][info ][safepoint      ] Application time: 1.0001249 seconds
[8714.178s][info ][safepoint      ] Entering safepoint region: Cleanup
[8714.178s][info ][safepoint      ] Leaving safepoint region
[8714.179s][info ][safepoint      ] Total time for which application threads were stopped: 0.0001581 seconds, Stopping threads took: 0.0000173 seconds
[8715.179s][info ][safepoint      ] Application time: 1.0001735 seconds
[8715.179s][info ][safepoint      ] Entering safepoint region: Cleanup
[8715.179s][info ][safepoint      ] Leaving safepoint region
[8715.179s][info ][safepoint      ] Total time for which application threads were stopped: 0.0001437 seconds, Stopping threads took: 0.0000571 seconds
[8716.179s][info ][safepoint      ] Application time: 1.0000908 seconds
[8716.179s][info ][safepoint      ] Entering safepoint region: Cleanup
[8716.179s][info ][safepoint      ] Leaving safepoint region
[8716.179s][info ][safepoint      ] Total time for which application threads were stopped: 0.0001559 seconds, Stopping threads took: 0.0000571 seconds
[8717.179s][info ][safepoint      ] Application time: 1.0001665 seconds
[8717.179s][info ][safepoint      ] Entering safepoint region: Cleanup
[8717.179s][info ][safepoint      ] Leaving safepoint region
[8717.179s][info ][safepoint      ] Total time for which application threads were stopped: 0.0000931 seconds, Stopping threads took: 0.0000175 seconds
[8718.180s][info ][safepoint      ] Application time: 1.0000995 seconds
[8718.180s][info ][safepoint      ] Entering safepoint region: Cleanup
[8718.180s][info ][safepoint      ] Leaving safepoint region
[8718.180s][info ][safepoint      ] Total time for which application threads were stopped: 0.0002409 seconds, Stopping threads took: 0.0000432 seconds
[8718.571s][info ][safepoint      ] Application time: 0.3911602 seconds
[8718.571s][info ][safepoint      ] Entering safepoint region: ParallelGCFailedAllocation
[8718.571s][info ][gc,start       ] GC(397) Pause Young (Allocation Failure)
[8718.602s][debug][gc,phases      ] GC(397) Scavenge 30.903ms
[8718.602s][debug][gc,ref         ] GC(397) Skipped phase1 of Reference Processing due to unavailable references
[8718.602s][debug][gc,ref         ] GC(397) Skipped phase3 of Reference Processing due to unavailable references
[8718.602s][debug][gc,phases      ] GC(397) Reference Processing 0.061ms
[8718.602s][debug][gc,phases      ] GC(397) Weak Processing 0.125ms
[8718.603s][debug][gc,phases      ] GC(397) Scrub String Table 0.455ms
[8718.603s][debug][gc,age         ] GC(397) Desired survivor size 131596288 bytes, new threshold 15 (max threshold 15)
[8718.603s][info ][gc,heap        ] GC(397) PSYoungGen: 1989889K->102994K(1947136K)
[8718.603s][info ][gc,heap        ] GC(397) ParOldGen: 424296K->424304K(637440K)
[8718.603s][info ][gc,metaspace   ] GC(397) Metaspace: 76737K->76737K(1120256K)
[8718.603s][info ][gc             ] GC(397) Pause Young (Allocation Failure) 2357M->514M(2524M) 31.713ms
[8718.603s][info ][gc,cpu         ] GC(397) User=0.12s Sys=0.00s Real=0.04s
[8718.603s][info ][safepoint      ] Leaving safepoint region
[8718.603s][info ][safepoint      ] Total time for which application threads were stopped: 0.0319593 seconds, Stopping threads took: 0.0000528 seconds
[8719.603s][info ][safepoint      ] Application time: 1.0001378 seconds
[8719.603s][info ][safepoint      ] Entering safepoint region: Cleanup
[8719.603s][info ][safepoint      ] Leaving safepoint region
[8719.603s][info ][safepoint      ] Total time for which application threads were stopped: 0.0002854 seconds, Stopping threads took: 0.0001763 seconds
[8720.604s][info ][safepoint      ] Application time: 1.0002077 seconds
[8720.604s][info ][safepoint      ] Entering safepoint region: Cleanup
[8720.604s][info ][safepoint      ] Leaving safepoint region
[8720.604s][info ][safepoint      ] Total time for which application threads were stopped: 0.0001135 seconds, Stopping threads took: 0.0000390 seconds
[8721.604s][info ][safepoint      ] Application time: 1.0000892 seconds
[8721.604s][info ][safepoint      ] Entering safepoint region: Cleanup
[8721.604s][info ][safepoint      ] Leaving safepoint region
[8721.604s][info ][safepoint      ] Total time for which application threads were stopped: 0.0001199 seconds, Stopping threads took: 0.0000417 seconds
[8722.604s][info ][safepoint      ] Application time: 1.0001342 seconds
[8722.604s][info ][safepoint      ] Entering safepoint region: Cleanup
[8722.604s][info ][safepoint      ] Leaving safepoint region
[8722.604s][info ][safepoint      ] Total time for which application threads were stopped: 0.0001098 seconds, Stopping threads took: 0.0000430 seconds
[8723.604s][info ][safepoint      ] Application time: 1.0001013 seconds
[8723.605s][info ][safepoint      ] Entering safepoint region: Cleanup
[8723.605s][info ][safepoint      ] Leaving safepoint region
[8723.605s][info ][safepoint      ] Total time for which application threads were stopped: 0.0001341 seconds, Stopping threads took: 0.0000411 seconds
[8724.605s][info ][safepoint      ] Application time: 1.0001015 seconds
[8724.605s][info ][safepoint      ] Entering safepoint region: Cleanup
[8724.605s][info ][safepoint      ] Leaving safepoint region
[8724.605s][info ][safepoint      ] Total time for which application threads were stopped: 0.0001483 seconds, Stopping threads took: 0.0000772 seconds
[8725.605s][info ][safepoint      ] Application time: 1.0001295 seconds
[8725.605s][info ][safepoint      ] Entering safepoint region: Cleanup
[8725.605s][info ][safepoint      ] Leaving safepoint region
[8725.605s][info ][safepoint      ] Total time for which application threads were stopped: 0.0001227 seconds, Stopping threads took: 0.0000538 seconds
[8726.605s][info ][safepoint      ] Application time: 1.0000791 seconds
[8726.606s][info ][safepoint      ] Entering safepoint region: Cleanup
[8726.606s][info ][safepoint      ] Leaving safepoint region
[8726.606s][info ][safepoint      ] Total time for which application threads were stopped: 0.0002559 seconds, Stopping threads took: 0.0001763 seconds
[8727.606s][info ][safepoint      ] Application time: 1.0001226 seconds
[8727.606s][info ][safepoint      ] Entering safepoint region: Cleanup
[8727.606s][info ][safepoint      ] Leaving safepoint region
[8727.606s][info ][safepoint      ] Total time for which application threads were stopped: 0.0001923 seconds, Stopping threads took: 0.0001026 seconds
[8728.606s][info ][safepoint      ] Application time: 1.0001213 seconds
[8728.606s][info ][safepoint      ] Entering safepoint region: Cleanup
[8728.606s][info ][safepoint      ] Leaving safepoint region
[8728.606s][info ][safepoint      ] Total time for which application threads were stopped: 0.0001230 seconds, Stopping threads took: 0.0000432 seconds
[8729.606s][info ][safepoint      ] Application time: 1.0000864 seconds
[8729.606s][info ][safepoint      ] Entering safepoint region: Cleanup
[8729.607s][info ][safepoint      ] Leaving safepoint region
[8729.607s][info ][safepoint      ] Total time for which application threads were stopped: 0.0001954 seconds, Stopping threads took: 0.0001045 seconds
[8730.607s][info ][safepoint      ] Application time: 1.0001120 seconds
[8730.607s][info ][safepoint      ] Entering safepoint region: Cleanup
[8730.607s][info ][safepoint      ] Leaving safepoint region
[8730.607s][info ][safepoint      ] Total time for which application threads were stopped: 0.0005306 seconds, Stopping threads took: 0.0004471 seconds
[8731.607s][info ][safepoint      ] Application time: 1.0001788 seconds
[8731.608s][info ][safepoint      ] Entering safepoint region: Cleanup
[8731.608s][info ][safepoint      ] Leaving safepoint region
[8731.608s][info ][safepoint      ] Total time for which application threads were stopped: 0.0001744 seconds, Stopping threads took: 0.0000950 seconds
[8732.608s][info ][safepoint      ] Application time: 1.0004558 seconds
[8732.608s][info ][safepoint      ] Entering safepoint region: Cleanup
[8732.608s][info ][safepoint      ] Leaving safepoint region
[8732.608s][info ][safepoint      ] Total time for which application threads were stopped: 0.0001123 seconds, Stopping threads took: 0.0000403 seconds
[8733.451s][info ][safepoint      ] Application time: 0.8424531 seconds
[8733.451s][info ][safepoint      ] Entering safepoint region: ParallelGCFailedAllocation
[8733.451s][info ][gc,start       ] GC(398) Pause Young (Allocation Failure)
[8733.478s][debug][gc,phases      ] GC(398) Scavenge 26.626ms
[8733.478s][debug][gc,ref         ] GC(398) Skipped phase1 of Reference Processing due to unavailable references
[8733.478s][debug][gc,ref         ] GC(398) Skipped phase3 of Reference Processing due to unavailable references
[8733.478s][debug][gc,phases      ] GC(398) Reference Processing 0.046ms
[8733.478s][debug][gc,phases      ] GC(398) Weak Processing 0.123ms
[8733.478s][debug][gc,phases      ] GC(398) Scrub String Table 0.412ms
[8733.478s][debug][gc,age         ] GC(398) Desired survivor size 141033472 bytes, new threshold 15 (max threshold 15)
[8733.478s][info ][gc,heap        ] GC(398) PSYoungGen: 1943122K->98322K(1938944K)
[8733.478s][info ][gc,heap        ] GC(398) ParOldGen: 424304K->424416K(637440K)
[8733.478s][info ][gc,metaspace   ] GC(398) Metaspace: 76741K->76741K(1120256K)
[8733.478s][info ][gc             ] GC(398) Pause Young (Allocation Failure) 2311M->510M(2516M) 27.364ms
[8733.478s][info ][gc,cpu         ] GC(398) User=0.11s Sys=0.00s Real=0.03s
[8733.478s][info ][safepoint      ] Leaving safepoint region
[8733.478s][info ][safepoint      ] Total time for which application threads were stopped: 0.0275670 seconds, Stopping threads took: 0.0000172 seconds
[8734.478s][info ][safepoint      ] Application time: 1.0000888 seconds
[8734.478s][info ][safepoint      ] Entering safepoint region: Cleanup
[8734.479s][info ][safepoint      ] Leaving safepoint region
[8734.479s][info ][safepoint      ] Total time for which application threads were stopped: 0.0000883 seconds, Stopping threads took: 0.0000177 seconds
[8735.479s][info ][safepoint      ] Application time: 1.0001316 seconds
[8735.479s][info ][safepoint      ] Entering safepoint region: Cleanup
[8735.479s][info ][safepoint      ] Leaving safepoint region
[8735.479s][info ][safepoint      ] Total time for which application threads were stopped: 0.0000819 seconds, Stopping threads took: 0.0000181 seconds
[8736.479s][info ][safepoint      ] Application time: 1.0000511 seconds
[8736.479s][info ][safepoint      ] Entering safepoint region: Cleanup
[8736.479s][info ][safepoint      ] Leaving safepoint region
[8736.479s][info ][safepoint      ] Total time for which application threads were stopped: 0.0000829 seconds, Stopping threads took: 0.0000181 seconds
[8737.479s][info ][safepoint      ] Application time: 1.0001799 seconds
[8737.479s][info ][safepoint      ] Entering safepoint region: Cleanup
[8737.479s][info ][safepoint      ] Leaving safepoint region
[8737.479s][info ][safepoint      ] Total time for which application threads were stopped: 0.0000919 seconds, Stopping threads took: 0.0000186 seconds
[8738.479s][info ][safepoint      ] Application time: 1.0000418 seconds
[8738.479s][info ][safepoint      ] Entering safepoint region: Cleanup
[8738.480s][info ][safepoint      ] Leaving safepoint region
[8738.480s][info ][safepoint      ] Total time for which application threads were stopped: 0.0000838 seconds, Stopping threads took: 0.0000186 seconds
[8739.480s][info ][safepoint      ] Application time: 1.0000821 seconds
[8739.480s][info ][safepoint      ] Entering safepoint region: Cleanup
[8739.480s][info ][safepoint      ] Leaving safepoint region
[8739.480s][info ][safepoint      ] Total time for which application threads were stopped: 0.0002138 seconds, Stopping threads took: 0.0000182 seconds
[8740.480s][info ][safepoint      ] Application time: 1.0000882 seconds
[8740.480s][info ][safepoint      ] Entering safepoint region: Cleanup
[8740.480s][info ][safepoint      ] Leaving safepoint region
[8740.480s][info ][safepoint      ] Total time for which application threads were stopped: 0.0000833 seconds, Stopping threads took: 0.0000204 seconds
[8741.480s][info ][safepoint      ] Application time: 1.0000738 seconds
[8741.480s][info ][safepoint      ] Entering safepoint region: Cleanup
[8741.480s][info ][safepoint      ] Leaving safepoint region
[8741.480s][info ][safepoint      ] Total time for which application threads were stopped: 0.0001402 seconds, Stopping threads took: 0.0000722 seconds
[8742.480s][info ][safepoint      ] Application time: 1.0001318 seconds
[8742.481s][info ][safepoint      ] Entering safepoint region: Cleanup
[8742.481s][info ][safepoint      ] Leaving safepoint region
[8742.481s][info ][safepoint      ] Total time for which application threads were stopped: 0.0001252 seconds, Stopping threads took: 0.0000177 seconds
[8743.481s][info ][safepoint      ] Application time: 1.0000811 seconds
[8743.481s][info ][safepoint      ] Entering safepoint region: Cleanup
[8743.481s][info ][safepoint      ] Leaving safepoint region
[8743.481s][info ][safepoint      ] Total time for which application threads were stopped: 0.0000992 seconds, Stopping threads took: 0.0000343 seconds
[8744.481s][info ][safepoint      ] Application time: 1.0000945 seconds
[8744.481s][info ][safepoint      ] Entering safepoint region: Cleanup
[8744.481s][info ][safepoint      ] Leaving safepoint region
[8744.481s][info ][safepoint      ] Total time for which application threads were stopped: 0.0000816 seconds, Stopping threads took: 0.0000185 seconds
[8745.481s][info ][safepoint      ] Application time: 1.0000884 seconds
[8745.481s][info ][safepoint      ] Entering safepoint region: Cleanup
[8745.481s][info ][safepoint      ] Leaving safepoint region
[8745.481s][info ][safepoint      ] Total time for which application threads were stopped: 0.0000809 seconds, Stopping threads took: 0.0000183 seconds
[8746.481s][info ][safepoint      ] Application time: 1.0000686 seconds
[8746.481s][info ][safepoint      ] Entering safepoint region: Cleanup
[8746.481s][info ][safepoint      ] Leaving safepoint region
[8746.481s][info ][safepoint      ] Total time for which application threads were stopped: 0.0000989 seconds, Stopping threads took: 0.0000348 seconds
[8747.482s][info ][safepoint      ] Application time: 1.0000679 seconds
[8747.482s][info ][safepoint      ] Entering safepoint region: Cleanup
[8747.482s][info ][safepoint      ] Leaving safepoint region
[8747.482s][info ][safepoint      ] Total time for which application threads were stopped: 0.0001135 seconds, Stopping threads took: 0.0000194 seconds
[8748.482s][info ][safepoint      ] Application time: 1.0000978 seconds
[8748.482s][info ][safepoint      ] Entering safepoint region: Cleanup
[8748.482s][info ][safepoint      ] Leaving safepoint region
[8748.482s][info ][safepoint      ] Total time for which application threads were stopped: 0.0000824 seconds, Stopping threads took: 0.0000194 seconds
[8748.759s][info ][safepoint      ] Application time: 0.2768551 seconds
[8748.759s][info ][safepoint      ] Entering safepoint region: ParallelGCFailedAllocation
[8748.759s][info ][gc,start       ] GC(399) Pause Young (Allocation Failure)
[8748.787s][debug][gc,phases      ] GC(399) Scavenge 28.319ms
[8748.787s][debug][gc,ref         ] GC(399) Skipped phase1 of Reference Processing due to unavailable references
[8748.787s][debug][gc,ref         ] GC(399) Skipped phase3 of Reference Processing due to unavailable references
[8748.787s][debug][gc,phases      ] GC(399) Reference Processing 0.047ms
[8748.788s][debug][gc,phases      ] GC(399) Weak Processing 0.127ms
[8748.788s][debug][gc,phases      ] GC(399) Scrub String Table 0.414ms
[8748.788s][debug][gc,age         ] GC(399) Desired survivor size 146800640 bytes, new threshold 15 (max threshold 15)
[8748.788s][info ][gc,heap        ] GC(399) PSYoungGen: 1938450K->94050K(1948160K)
[8748.788s][info ][gc,heap        ] GC(399) ParOldGen: 424416K->426245K(637440K)
[8748.788s][info ][gc,metaspace   ] GC(399) Metaspace: 76745K->76745K(1120256K)
[8748.788s][info ][gc             ] GC(399) Pause Young (Allocation Failure) 2307M->508M(2525M) 29.067ms
[8748.788s][info ][gc,cpu         ] GC(399) User=0.12s Sys=0.00s Real=0.03s
[8748.788s][info ][safepoint      ] Leaving safepoint region
[8748.788s][info ][safepoint      ] Total time for which application threads were stopped: 0.0292695 seconds, Stopping threads took: 0.0000330 seconds
[8749.788s][info ][safepoint      ] Application time: 1.0001645 seconds
[8749.788s][info ][safepoint      ] Entering safepoint region: Cleanup
[8749.788s][info ][safepoint      ] Leaving safepoint region
[8749.788s][info ][safepoint      ] Total time for which application threads were stopped: 0.0000853 seconds, Stopping threads took: 0.0000215 seconds
[8750.789s][info ][safepoint      ] Application time: 1.0000833 seconds
[8750.789s][info ][safepoint      ] Entering safepoint region: Cleanup
[8750.789s][info ][safepoint      ] Leaving safepoint region
[8750.789s][info ][safepoint      ] Total time for which application threads were stopped: 0.0001178 seconds, Stopping threads took: 0.0000386 seconds
[8751.789s][info ][safepoint      ] Application time: 1.0001214 seconds
[8751.789s][info ][safepoint      ] Entering safepoint region: Cleanup
[8751.789s][info ][safepoint      ] Leaving safepoint region
[8751.789s][info ][safepoint      ] Total time for which application threads were stopped: 0.0000871 seconds, Stopping threads took: 0.0000193 seconds
[8752.789s][info ][safepoint      ] Application time: 1.0000930 seconds
[8752.789s][info ][safepoint      ] Entering safepoint region: Cleanup
[8752.789s][info ][safepoint      ] Leaving safepoint region
[8752.789s][info ][safepoint      ] Total time for which application threads were stopped: 0.0000835 seconds, Stopping threads took: 0.0000191 seconds
[8753.789s][info ][safepoint      ] Application time: 1.0000963 seconds
[8753.789s][info ][safepoint      ] Entering safepoint region: Cleanup
[8753.789s][info ][safepoint      ] Leaving safepoint region
[8753.789s][info ][safepoint      ] Total time for which application threads were stopped: 0.0000957 seconds, Stopping threads took: 0.0000199 seconds
[8754.789s][info ][safepoint      ] Application time: 1.0000784 seconds
[8754.789s][info ][safepoint      ] Entering safepoint region: Cleanup
[8754.790s][info ][safepoint      ] Leaving safepoint region
[8754.790s][info ][safepoint      ] Total time for which application threads were stopped: 0.0000813 seconds, Stopping threads took: 0.0000185 seconds
[8755.790s][info ][safepoint      ] Application time: 1.0000699 seconds
[8755.790s][info ][safepoint      ] Entering safepoint region: Cleanup
[8755.790s][info ][safepoint      ] Leaving safepoint region
[8755.790s][info ][safepoint      ] Total time for which application threads were stopped: 0.0001108 seconds, Stopping threads took: 0.0000349 seconds
[8756.790s][info ][safepoint      ] Application time: 1.0000915 seconds
[8756.790s][info ][safepoint      ] Entering safepoint region: Cleanup
[8756.790s][info ][safepoint      ] Leaving safepoint region
[8756.790s][info ][safepoint      ] Total time for which application threads were stopped: 0.0000838 seconds, Stopping threads took: 0.0000195 seconds
[8757.790s][info ][safepoint      ] Application time: 1.0000807 seconds
[8757.790s][info ][safepoint      ] Entering safepoint region: Cleanup
[8757.790s][info ][safepoint      ] Leaving safepoint region
[8757.790s][info ][safepoint      ] Total time for which application threads were stopped: 0.0001680 seconds, Stopping threads took: 0.0000765 seconds
[8758.790s][info ][safepoint      ] Application time: 1.0001324 seconds
[8758.791s][info ][safepoint      ] Entering safepoint region: Cleanup
[8758.791s][info ][safepoint      ] Leaving safepoint region
[8758.791s][info ][safepoint      ] Total time for which application threads were stopped: 0.0000886 seconds, Stopping threads took: 0.0000208 seconds
[8759.791s][info ][safepoint      ] Application time: 1.0000843 seconds
[8759.791s][info ][safepoint      ] Entering safepoint region: Cleanup
[8759.791s][info ][safepoint      ] Leaving safepoint region
[8759.791s][info ][safepoint      ] Total time for which application threads were stopped: 0.0001259 seconds, Stopping threads took: 0.0000196 seconds
[8760.791s][info ][safepoint      ] Application time: 1.0001308 seconds
[8760.791s][info ][safepoint      ] Entering safepoint region: Cleanup
[8760.791s][info ][safepoint      ] Leaving safepoint region
[8760.791s][info ][safepoint      ] Total time for which application threads were stopped: 0.0000994 seconds, Stopping threads took: 0.0000196 seconds
[8761.791s][info ][safepoint      ] Application time: 1.0001260 seconds
[8761.791s][info ][safepoint      ] Entering safepoint region: Cleanup
[8761.791s][info ][safepoint      ] Leaving safepoint region
[8761.791s][info ][safepoint      ] Total time for which application threads were stopped: 0.0000790 seconds, Stopping threads took: 0.0000172 seconds
[8762.791s][info ][safepoint      ] Application time: 1.0001088 seconds
[8762.792s][info ][safepoint      ] Entering safepoint region: Cleanup
[8762.792s][info ][safepoint      ] Leaving safepoint region
[8762.792s][info ][safepoint      ] Total time for which application threads were stopped: 0.0000835 seconds, Stopping threads took: 0.0000194 seconds
[8763.792s][info ][safepoint      ] Application time: 1.0000781 seconds
[8763.792s][info ][safepoint      ] Entering safepoint region: Cleanup
[8763.792s][info ][safepoint      ] Leaving safepoint region
[8763.792s][info ][safepoint      ] Total time for which application threads were stopped: 0.0000963 seconds, Stopping threads took: 0.0000194 seconds
[8763.976s][info ][safepoint      ] Application time: 0.1843245 seconds
[8763.976s][info ][safepoint      ] Entering safepoint region: ParallelGCFailedAllocation
[8763.976s][info ][gc,start       ] GC(400) Pause Young (Allocation Failure)
[8764.002s][debug][gc,phases      ] GC(400) Scavenge 25.658ms
[8764.002s][debug][gc,ref         ] GC(400) Skipped phase1 of Reference Processing due to unavailable references
[8764.002s][debug][gc,ref         ] GC(400) Skipped phase3 of Reference Processing due to unavailable references
[8764.002s][debug][gc,phases      ] GC(400) Reference Processing 0.047ms
[8764.002s][debug][gc,phases      ] GC(400) Weak Processing 0.129ms
[8764.003s][debug][gc,phases      ] GC(400) Scrub String Table 0.417ms
[8764.003s][debug][gc,age         ] GC(400) Desired survivor size 150994944 bytes, new threshold 15 (max threshold 15)
[8764.003s][info ][gc,heap        ] GC(400) PSYoungGen: 1904482K->94770K(1905664K)
[8764.003s][info ][gc,heap        ] GC(400) ParOldGen: 426245K->426625K(637440K)
[8764.003s][info ][gc,metaspace   ] GC(400) Metaspace: 76759K->76759K(1120256K)
[8764.003s][info ][gc             ] GC(400) Pause Young (Allocation Failure) 2276M->509M(2483M) 26.410ms
[8764.003s][info ][gc,cpu         ] GC(400) User=0.11s Sys=0.00s Real=0.03s
[8764.003s][info ][safepoint      ] Leaving safepoint region
[8764.003s][info ][safepoint      ] Total time for which application threads were stopped: 0.0265876 seconds, Stopping threads took: 0.0000179 seconds
[8765.003s][info ][safepoint      ] Application time: 1.0001446 seconds
[8765.003s][info ][safepoint      ] Entering safepoint region: Cleanup
[8765.003s][info ][safepoint      ] Leaving safepoint region
[8765.003s][info ][safepoint      ] Total time for which application threads were stopped: 0.0001688 seconds, Stopping threads took: 0.0000903 seconds
[8767.003s][info ][safepoint      ] Application time: 2.0002163 seconds
[8767.003s][info ][safepoint      ] Entering safepoint region: Cleanup
[8767.003s][info ][safepoint      ] Leaving safepoint region
[8767.003s][info ][safepoint      ] Total time for which application threads were stopped: 0.0001170 seconds, Stopping threads took: 0.0000400 seconds
[8768.048s][info ][safepoint      ] Application time: 1.0441412 seconds
[8768.048s][info ][safepoint      ] Entering safepoint region: RevokeBias
[8768.048s][info ][safepoint      ] Leaving safepoint region
[8768.048s][info ][safepoint      ] Total time for which application threads were stopped: 0.0001239 seconds, Stopping threads took: 0.0000190 seconds
[8772.746s][info ][safepoint      ] Application time: 4.6984120 seconds
[8772.746s][info ][safepoint      ] Entering safepoint region: RevokeBias
[8772.746s][info ][safepoint      ] Leaving safepoint region
[8772.746s][info ][safepoint      ] Total time for which application threads were stopped: 0.0001056 seconds, Stopping threads took: 0.0000160 seconds
[8774.726s][info ][safepoint      ] Application time: 1.9801009 seconds
[8774.729s][info ][safepoint      ] Entering safepoint region: RevokeBias
[8774.729s][info ][safepoint      ] Leaving safepoint region
[8774.729s][info ][safepoint      ] Total time for which application threads were stopped: 0.0022757 seconds, Stopping threads took: 0.0021828 seconds
[8774.729s][info ][safepoint      ] Application time: 0.0000740 seconds
[8774.729s][info ][safepoint      ] Entering safepoint region: RevokeBias
[8774.729s][info ][safepoint      ] Leaving safepoint region
[8774.729s][info ][safepoint      ] Total time for which application threads were stopped: 0.0000469 seconds, Stopping threads took: 0.0000081 seconds
[8774.734s][info ][safepoint      ] Application time: 0.0050062 seconds
[8774.734s][info ][safepoint      ] Entering safepoint region: RevokeBias
[8774.734s][info ][safepoint      ] Leaving safepoint region
[8774.734s][info ][safepoint      ] Total time for which application threads were stopped: 0.0000654 seconds, Stopping threads took: 0.0000119 seconds
[8774.734s][info ][safepoint      ] Application time: 0.0000470 seconds
[8774.734s][info ][safepoint      ] Entering safepoint region: RevokeBias
[8774.734s][info ][safepoint      ] Leaving safepoint region
[8774.734s][info ][safepoint      ] Total time for which application threads were stopped: 0.0000384 seconds, Stopping threads took: 0.0000066 seconds
[8774.735s][info ][safepoint      ] Application time: 0.0005214 seconds
[8774.735s][info ][safepoint      ] Entering safepoint region: RevokeBias
[8774.735s][info ][safepoint      ] Leaving safepoint region
[8774.735s][info ][safepoint      ] Total time for which application threads were stopped: 0.0000614 seconds, Stopping threads took: 0.0000090 seconds
[8777.664s][info ][safepoint      ] Application time: 2.9291968 seconds
[8777.664s][info ][safepoint      ] Entering safepoint region: ParallelGCFailedAllocation
[8777.664s][info ][safepoint      ] Leaving safepoint region
[8777.664s][info ][safepoint      ] Total time for which application threads were stopped: 0.0002439 seconds, Stopping threads took: 0.0000938 seconds
[8777.664s][info ][safepoint      ] Application time: 0.0000708 seconds
[8777.664s][info ][safepoint      ] Entering safepoint region: ParallelGCSystemGC
[8777.664s][info ][gc,start       ] GC(401) Pause Young (GCLocker Initiated GC)
[8777.704s][debug][gc,phases      ] GC(401) Scavenge 39.680ms
[8777.704s][debug][gc,ref         ] GC(401) Skipped phase1 of Reference Processing due to unavailable references
[8777.704s][debug][gc,ref         ] GC(401) Skipped phase3 of Reference Processing due to unavailable references
[8777.704s][debug][gc,phases      ] GC(401) Reference Processing 0.064ms
[8777.704s][debug][gc,phases      ] GC(401) Weak Processing 0.200ms
[8777.705s][debug][gc,phases      ] GC(401) Scrub String Table 0.544ms
[8777.705s][debug][gc,age         ] GC(401) Desired survivor size 153092096 bytes, new threshold 15 (max threshold 15)
[8777.705s][info ][gc,heap        ] GC(401) PSYoungGen: 1905202K->92338K(1945600K)
[8777.705s][info ][gc,heap        ] GC(401) ParOldGen: 426626K->430639K(637440K)
[8777.705s][info ][gc,metaspace   ] GC(401) Metaspace: 76764K->76764K(1120256K)
[8777.705s][info ][gc             ] GC(401) Pause Young (GCLocker Initiated GC) 2277M->510M(2522M) 40.686ms
[8777.705s][info ][gc,cpu         ] GC(401) User=0.12s Sys=0.03s Real=0.04s
[8777.705s][info ][safepoint      ] Leaving safepoint region
[8777.705s][info ][safepoint      ] Total time for which application threads were stopped: 0.0408392 seconds, Stopping threads took: 0.0000293 seconds
[8781.705s][info ][safepoint      ] Application time: 4.0003480 seconds
[8781.706s][info ][safepoint      ] Entering safepoint region: Cleanup
[8781.706s][info ][safepoint      ] Leaving safepoint region
[8781.706s][info ][safepoint      ] Total time for which application threads were stopped: 0.0001517 seconds, Stopping threads took: 0.0000649 seconds
[8783.706s][info ][safepoint      ] Application time: 2.0002141 seconds
[8783.706s][info ][safepoint      ] Entering safepoint region: Cleanup
[8783.706s][info ][safepoint      ] Leaving safepoint region
[8783.706s][info ][safepoint      ] Total time for which application threads were stopped: 0.0001216 seconds, Stopping threads took: 0.0000464 seconds
[8784.706s][info ][safepoint      ] Application time: 1.0000845 seconds
[8784.706s][info ][safepoint      ] Entering safepoint region: Cleanup
[8784.706s][info ][safepoint      ] Leaving safepoint region
[8784.706s][info ][safepoint      ] Total time for which application threads were stopped: 0.0001253 seconds, Stopping threads took: 0.0000422 seconds
[8786.707s][info ][safepoint      ] Application time: 2.0002439 seconds
[8786.707s][info ][safepoint      ] Entering safepoint region: Cleanup
[8786.707s][info ][safepoint      ] Leaving safepoint region
[8786.707s][info ][safepoint      ] Total time for which application threads were stopped: 0.0001603 seconds, Stopping threads took: 0.0000723 seconds
[8791.108s][info ][safepoint      ] Application time: 4.4014670 seconds
[8791.113s][info ][safepoint      ] Entering safepoint region: ParallelGCFailedAllocation
[8791.113s][info ][gc,start       ] GC(402) Pause Young (Allocation Failure)
[8791.153s][debug][gc,phases      ] GC(402) Scavenge 39.715ms
[8791.153s][debug][gc,ref         ] GC(402) Skipped phase1 of Reference Processing due to unavailable references
[8791.153s][debug][gc,ref         ] GC(402) Skipped phase3 of Reference Processing due to unavailable references
[8791.153s][debug][gc,phases      ] GC(402) Reference Processing 0.049ms
[8791.153s][debug][gc,phases      ] GC(402) Weak Processing 0.139ms
[8791.154s][debug][gc,phases      ] GC(402) Scrub String Table 0.477ms
[8791.154s][debug][gc,age         ] GC(402) Desired survivor size 152567808 bytes, new threshold 15 (max threshold 15)
[8791.154s][info ][gc,heap        ] GC(402) PSYoungGen: 1890482K->87026K(1947648K)
[8791.154s][info ][gc,heap        ] GC(402) ParOldGen: 430640K->435950K(637440K)
[8791.154s][info ][gc,metaspace   ] GC(402) Metaspace: 76769K->76769K(1120256K)
[8791.154s][info ][gc             ] GC(402) Pause Young (Allocation Failure) 2266M->510M(2524M) 40.569ms
[8791.154s][info ][gc,cpu         ] GC(402) User=0.14s Sys=0.00s Real=0.04s
[8791.154s][info ][safepoint      ] Leaving safepoint region
[8791.154s][info ][safepoint      ] Total time for which application threads were stopped: 0.0454224 seconds, Stopping threads took: 0.0046848 seconds
[8800.155s][info ][safepoint      ] Application time: 9.0009126 seconds
[8800.155s][info ][safepoint      ] Entering safepoint region: Cleanup
[8800.155s][info ][safepoint      ] Leaving safepoint region
[8800.155s][info ][safepoint      ] Total time for which application threads were stopped: 0.0001633 seconds, Stopping threads took: 0.0000565 seconds
[8801.155s][info ][safepoint      ] Application time: 1.0000881 seconds
[8801.155s][info ][safepoint      ] Entering safepoint region: Cleanup
[8801.155s][info ][safepoint      ] Leaving safepoint region
[8801.155s][info ][safepoint      ] Total time for which application threads were stopped: 0.0001402 seconds, Stopping threads took: 0.0000516 seconds
[8802.155s][info ][safepoint      ] Application time: 1.0001034 seconds
[8802.155s][info ][safepoint      ] Entering safepoint region: Cleanup
[8802.155s][info ][safepoint      ] Leaving safepoint region
[8802.155s][info ][safepoint      ] Total time for which application threads were stopped: 0.0001662 seconds, Stopping threads took: 0.0000780 seconds
[8803.156s][info ][safepoint      ] Application time: 1.0000857 seconds
[8803.156s][info ][safepoint      ] Entering safepoint region: Cleanup
[8803.156s][info ][safepoint      ] Leaving safepoint region
[8803.156s][info ][safepoint      ] Total time for which application threads were stopped: 0.0001875 seconds, Stopping threads took: 0.0000881 seconds
[8804.072s][info ][safepoint      ] Application time: 0.9166019 seconds
[8804.072s][info ][safepoint      ] Entering safepoint region: ParallelGCFailedAllocation
[8804.073s][info ][gc,start       ] GC(403) Pause Young (Allocation Failure)
[8804.100s][debug][gc,phases      ] GC(403) Scavenge 27.747ms
[8804.100s][debug][gc,ref         ] GC(403) Skipped phase1 of Reference Processing due to unavailable references
[8804.100s][debug][gc,ref         ] GC(403) Skipped phase3 of Reference Processing due to unavailable references
[8804.100s][debug][gc,phases      ] GC(403) Reference Processing 0.050ms
[8804.101s][debug][gc,phases      ] GC(403) Weak Processing 0.249ms
[8804.101s][debug][gc,phases      ] GC(403) Scrub String Table 0.815ms
[8804.101s][debug][gc,age         ] GC(403) Desired survivor size 148897792 bytes, new threshold 15 (max threshold 15)
[8804.102s][info ][gc,heap        ] GC(403) PSYoungGen: 1885170K->81698K(1951744K)
[8804.102s][info ][gc,heap        ] GC(403) ParOldGen: 435950K->441635K(637440K)
[8804.102s][info ][gc,metaspace   ] GC(403) Metaspace: 76778K->76778K(1120256K)
[8804.102s][info ][gc             ] GC(403) Pause Young (Allocation Failure) 2266M->511M(2528M) 29.025ms
[8804.102s][info ][gc,cpu         ] GC(403) User=0.11s Sys=0.00s Real=0.04s
[8804.102s][info ][safepoint      ] Leaving safepoint region
[8804.102s][info ][safepoint      ] Total time for which application threads were stopped: 0.0292539 seconds, Stopping threads took: 0.0000184 seconds
[8805.102s][info ][safepoint      ] Application time: 1.0001056 seconds
[8805.102s][info ][safepoint      ] Entering safepoint region: Cleanup
[8805.102s][info ][safepoint      ] Leaving safepoint region
[8805.102s][info ][safepoint      ] Total time for which application threads were stopped: 0.0000746 seconds, Stopping threads took: 0.0000171 seconds
[8806.102s][info ][safepoint      ] Application time: 1.0001179 seconds
[8806.102s][info ][safepoint      ] Entering safepoint region: Cleanup
[8806.102s][info ][safepoint      ] Leaving safepoint region
[8806.102s][info ][safepoint      ] Total time for which application threads were stopped: 0.0001062 seconds, Stopping threads took: 0.0000424 seconds
[8807.102s][info ][safepoint      ] Application time: 1.0000796 seconds
[8807.102s][info ][safepoint      ] Entering safepoint region: Cleanup
[8807.102s][info ][safepoint      ] Leaving safepoint region
[8807.102s][info ][safepoint      ] Total time for which application threads were stopped: 0.0001752 seconds, Stopping threads took: 0.0001091 seconds
[8808.103s][info ][safepoint      ] Application time: 1.0000873 seconds
[8808.103s][info ][safepoint      ] Entering safepoint region: Cleanup
[8808.103s][info ][safepoint      ] Leaving safepoint region
[8808.103s][info ][safepoint      ] Total time for which application threads were stopped: 0.0001240 seconds, Stopping threads took: 0.0000366 seconds
[8809.103s][info ][safepoint      ] Application time: 1.0000875 seconds
[8809.103s][info ][safepoint      ] Entering safepoint region: Cleanup
[8809.103s][info ][safepoint      ] Leaving safepoint region
[8809.103s][info ][safepoint      ] Total time for which application threads were stopped: 0.0001869 seconds, Stopping threads took: 0.0000980 seconds
[8810.103s][info ][safepoint      ] Application time: 1.0001309 seconds
[8810.103s][info ][safepoint      ] Entering safepoint region: Cleanup
[8810.103s][info ][safepoint      ] Leaving safepoint region
[8810.103s][info ][safepoint      ] Total time for which application threads were stopped: 0.0001156 seconds, Stopping threads took: 0.0000442 seconds
[8811.103s][info ][safepoint      ] Application time: 1.0000893 seconds
[8811.103s][info ][safepoint      ] Entering safepoint region: Cleanup
[8811.104s][info ][safepoint      ] Leaving safepoint region
[8811.104s][info ][safepoint      ] Total time for which application threads were stopped: 0.0001362 seconds, Stopping threads took: 0.0000651 seconds
[8811.943s][info ][safepoint      ] Application time: 0.8391335 seconds
[8811.943s][info ][safepoint      ] Entering safepoint region: RevokeBias
[8811.943s][info ][safepoint      ] Leaving safepoint region
[8811.943s][info ][safepoint      ] Total time for which application threads were stopped: 0.0001044 seconds, Stopping threads took: 0.0000166 seconds
[8812.943s][info ][safepoint      ] Application time: 1.0000836 seconds
[8812.943s][info ][safepoint      ] Entering safepoint region: Cleanup
[8812.943s][info ][safepoint      ] Leaving safepoint region
[8812.943s][info ][safepoint      ] Total time for which application threads were stopped: 0.0001485 seconds, Stopping threads took: 0.0000332 seconds
[8813.943s][info ][safepoint      ] Application time: 1.0001016 seconds
[8813.943s][info ][safepoint      ] Entering safepoint region: Cleanup
[8813.943s][info ][safepoint      ] Leaving safepoint region
[8813.943s][info ][safepoint      ] Total time for which application threads were stopped: 0.0001322 seconds, Stopping threads took: 0.0000674 seconds
[8814.944s][info ][safepoint      ] Application time: 1.0000950 seconds
[8814.944s][info ][safepoint      ] Entering safepoint region: Cleanup
[8814.944s][info ][safepoint      ] Leaving safepoint region
[8814.944s][info ][safepoint      ] Total time for which application threads were stopped: 0.0001509 seconds, Stopping threads took: 0.0000391 seconds
[8815.944s][info ][safepoint      ] Application time: 1.0002147 seconds
[8815.944s][info ][safepoint      ] Entering safepoint region: Cleanup
[8815.944s][info ][safepoint      ] Leaving safepoint region
[8815.944s][info ][safepoint      ] Total time for which application threads were stopped: 0.0000855 seconds, Stopping threads took: 0.0000200 seconds
[8816.370s][info ][safepoint      ] Application time: 0.4256522 seconds
[8816.370s][info ][safepoint      ] Entering safepoint region: ParallelGCFailedAllocation
[8816.370s][info ][gc,start       ] GC(404) Pause Young (Allocation Failure)
[8816.393s][debug][gc,phases      ] GC(404) Scavenge 23.524ms
[8816.393s][debug][gc,ref         ] GC(404) Skipped phase1 of Reference Processing due to unavailable references
[8816.393s][debug][gc,ref         ] GC(404) Skipped phase3 of Reference Processing due to unavailable references
[8816.394s][debug][gc,phases      ] GC(404) Reference Processing 0.047ms
[8816.394s][debug][gc,phases      ] GC(404) Weak Processing 0.128ms
[8816.394s][debug][gc,phases      ] GC(404) Scrub String Table 0.478ms
[8816.394s][debug][gc,age         ] GC(404) Desired survivor size 142082048 bytes, new threshold 15 (max threshold 15)
[8816.394s][info ][gc,heap        ] GC(404) PSYoungGen: 1884450K->72066K(1948160K)
[8816.394s][info ][gc,heap        ] GC(404) ParOldGen: 441635K->447901K(637440K)
[8816.394s][info ][gc,metaspace   ] GC(404) Metaspace: 76780K->76780K(1120256K)
[8816.394s][info ][gc             ] GC(404) Pause Young (Allocation Failure) 2271M->507M(2525M) 24.342ms
[8816.394s][info ][gc,cpu         ] GC(404) User=0.09s Sys=0.00s Real=0.03s
[8816.394s][info ][safepoint      ] Leaving safepoint region
[8816.394s][info ][safepoint      ] Total time for which application threads were stopped: 0.0245481 seconds, Stopping threads took: 0.0000175 seconds
[8817.394s][info ][safepoint      ] Application time: 1.0000872 seconds
[8817.394s][info ][safepoint      ] Entering safepoint region: Cleanup
[8817.395s][info ][safepoint      ] Leaving safepoint region
[8817.395s][info ][safepoint      ] Total time for which application threads were stopped: 0.0001220 seconds, Stopping threads took: 0.0000575 seconds
[8818.395s][info ][safepoint      ] Application time: 1.0001314 seconds
[8818.395s][info ][safepoint      ] Entering safepoint region: Cleanup
[8818.395s][info ][safepoint      ] Leaving safepoint region
[8818.395s][info ][safepoint      ] Total time for which application threads were stopped: 0.0000875 seconds, Stopping threads took: 0.0000191 seconds
[8819.395s][info ][safepoint      ] Application time: 1.0000820 seconds
[8819.395s][info ][safepoint      ] Entering safepoint region: Cleanup
[8819.395s][info ][safepoint      ] Leaving safepoint region
[8819.395s][info ][safepoint      ] Total time for which application threads were stopped: 0.0000812 seconds, Stopping threads took: 0.0000184 seconds
[8820.395s][info ][safepoint      ] Application time: 1.0001029 seconds
[8820.395s][info ][safepoint      ] Entering safepoint region: Cleanup
[8820.395s][info ][safepoint      ] Leaving safepoint region
[8820.395s][info ][safepoint      ] Total time for which application threads were stopped: 0.0001057 seconds, Stopping threads took: 0.0000183 seconds
[8821.395s][info ][safepoint      ] Application time: 1.0001145 seconds
[8821.395s][info ][safepoint      ] Entering safepoint region: Cleanup
[8821.396s][info ][safepoint      ] Leaving safepoint region
[8821.396s][info ][safepoint      ] Total time for which application threads were stopped: 0.0000880 seconds, Stopping threads took: 0.0000187 seconds
[8822.396s][info ][safepoint      ] Application time: 1.0001117 seconds
[8822.396s][info ][safepoint      ] Entering safepoint region: Cleanup
[8822.396s][info ][safepoint      ] Leaving safepoint region
[8822.396s][info ][safepoint      ] Total time for which application threads were stopped: 0.0000826 seconds, Stopping threads took: 0.0000179 seconds
[8823.396s][info ][safepoint      ] Application time: 1.0001247 seconds
[8823.396s][info ][safepoint      ] Entering safepoint region: Cleanup
[8823.396s][info ][safepoint      ] Leaving safepoint region
[8823.396s][info ][safepoint      ] Total time for which application threads were stopped: 0.0000821 seconds, Stopping threads took: 0.0000181 seconds
[8824.396s][info ][safepoint      ] Application time: 1.0000625 seconds
[8824.396s][info ][safepoint      ] Entering safepoint region: Cleanup
[8824.396s][info ][safepoint      ] Leaving safepoint region
[8824.396s][info ][safepoint      ] Total time for which application threads were stopped: 0.0000932 seconds, Stopping threads took: 0.0000324 seconds
[8825.396s][info ][safepoint      ] Application time: 1.0001086 seconds
[8825.396s][info ][safepoint      ] Entering safepoint region: Cleanup
[8825.396s][info ][safepoint      ] Leaving safepoint region
[8825.396s][info ][safepoint      ] Total time for which application threads were stopped: 0.0000905 seconds, Stopping threads took: 0.0000184 seconds
[8826.397s][info ][safepoint      ] Application time: 1.0000876 seconds
[8826.397s][info ][safepoint      ] Entering safepoint region: Cleanup
[8826.397s][info ][safepoint      ] Leaving safepoint region
[8826.397s][info ][safepoint      ] Total time for which application threads were stopped: 0.0000871 seconds, Stopping threads took: 0.0000213 seconds
[8827.397s][info ][safepoint      ] Application time: 1.0000654 seconds
[8827.397s][info ][safepoint      ] Entering safepoint region: Cleanup
[8827.397s][info ][safepoint      ] Leaving safepoint region
[8827.397s][info ][safepoint      ] Total time for which application threads were stopped: 0.0000986 seconds, Stopping threads took: 0.0000348 seconds
[8828.397s][info ][safepoint      ] Application time: 1.0001370 seconds
[8828.397s][info ][safepoint      ] Entering safepoint region: Cleanup
[8828.397s][info ][safepoint      ] Leaving safepoint region
[8828.397s][info ][safepoint      ] Total time for which application threads were stopped: 0.0001061 seconds, Stopping threads took: 0.0000434 seconds
[8829.397s][info ][safepoint      ] Application time: 1.0000874 seconds
[8829.397s][info ][safepoint      ] Entering safepoint region: Cleanup
[8829.397s][info ][safepoint      ] Leaving safepoint region
[8829.397s][info ][safepoint      ] Total time for which application threads were stopped: 0.0000832 seconds, Stopping threads took: 0.0000200 seconds
[8829.969s][info ][safepoint      ] Application time: 0.5720393 seconds
[8829.969s][info ][safepoint      ] Entering safepoint region: ParallelGCFailedAllocation
[8829.970s][info ][gc,start       ] GC(405) Pause Young (Allocation Failure)
[8829.992s][debug][gc,phases      ] GC(405) Scavenge 22.756ms
[8829.992s][debug][gc,ref         ] GC(405) Skipped phase1 of Reference Processing due to unavailable references
[8829.992s][debug][gc,ref         ] GC(405) Skipped phase3 of Reference Processing due to unavailable references
[8829.992s][debug][gc,phases      ] GC(405) Reference Processing 0.038ms
[8829.993s][debug][gc,phases      ] GC(405) Weak Processing 0.134ms
[8829.993s][debug][gc,phases      ] GC(405) Scrub String Table 0.532ms
[8829.993s][debug][gc,age         ] GC(405) Desired survivor size 136839168 bytes, new threshold 15 (max threshold 15)
[8829.993s][info ][gc,heap        ] GC(405) PSYoungGen: 1874818K->62138K(1963520K)
[8829.993s][info ][gc,heap        ] GC(405) ParOldGen: 447901K->456200K(637440K)
[8829.993s][info ][gc,metaspace   ] GC(405) Metaspace: 76780K->76780K(1120256K)
[8829.993s][info ][gc             ] GC(405) Pause Young (Allocation Failure) 2268M->506M(2540M) 23.628ms
[8829.993s][info ][gc,cpu         ] GC(405) User=0.09s Sys=0.00s Real=0.03s
[8829.993s][info ][safepoint      ] Leaving safepoint region
[8829.993s][info ][safepoint      ] Total time for which application threads were stopped: 0.0238055 seconds, Stopping threads took: 0.0000171 seconds
[8830.993s][info ][safepoint      ] Application time: 1.0001056 seconds
[8830.993s][info ][safepoint      ] Entering safepoint region: Cleanup
[8830.994s][info ][safepoint      ] Leaving safepoint region
[8830.994s][info ][safepoint      ] Total time for which application threads were stopped: 0.0000841 seconds, Stopping threads took: 0.0000193 seconds
[8831.994s][info ][safepoint      ] Application time: 1.0001135 seconds
[8831.994s][info ][safepoint      ] Entering safepoint region: Cleanup
[8831.994s][info ][safepoint      ] Leaving safepoint region
[8831.994s][info ][safepoint      ] Total time for which application threads were stopped: 0.0000814 seconds, Stopping threads took: 0.0000178 seconds
[8832.994s][info ][safepoint      ] Application time: 1.0000693 seconds
[8832.994s][info ][safepoint      ] Entering safepoint region: Cleanup
[8832.994s][info ][safepoint      ] Leaving safepoint region
[8832.994s][info ][safepoint      ] Total time for which application threads were stopped: 0.0001339 seconds, Stopping threads took: 0.0000348 seconds
[8833.994s][info ][safepoint      ] Application time: 1.0000940 seconds
[8833.994s][info ][safepoint      ] Entering safepoint region: Cleanup
[8833.994s][info ][safepoint      ] Leaving safepoint region
[8833.994s][info ][safepoint      ] Total time for which application threads were stopped: 0.0001205 seconds, Stopping threads took: 0.0000498 seconds
[8834.994s][info ][safepoint      ] Application time: 1.0000922 seconds
[8834.994s][info ][safepoint      ] Entering safepoint region: Cleanup
[8834.995s][info ][safepoint      ] Leaving safepoint region
[8834.995s][info ][safepoint      ] Total time for which application threads were stopped: 0.0000831 seconds, Stopping threads took: 0.0000199 seconds
[8835.995s][info ][safepoint      ] Application time: 1.0001092 seconds
[8835.995s][info ][safepoint      ] Entering safepoint region: Cleanup
[8835.995s][info ][safepoint      ] Leaving safepoint region
[8835.995s][info ][safepoint      ] Total time for which application threads were stopped: 0.0000818 seconds, Stopping threads took: 0.0000185 seconds
[8836.995s][info ][safepoint      ] Application time: 1.0001168 seconds
[8836.995s][info ][safepoint      ] Entering safepoint region: Cleanup
[8836.995s][info ][safepoint      ] Leaving safepoint region
[8836.995s][info ][safepoint      ] Total time for which application threads were stopped: 0.0000958 seconds, Stopping threads took: 0.0000200 seconds
[8837.995s][info ][safepoint      ] Application time: 1.0000771 seconds
[8837.995s][info ][safepoint      ] Entering safepoint region: Cleanup
[8837.995s][info ][safepoint      ] Leaving safepoint region
[8837.995s][info ][safepoint      ] Total time for which application threads were stopped: 0.0000976 seconds, Stopping threads took: 0.0000196 seconds
[8838.995s][info ][safepoint      ] Application time: 1.0001128 seconds
[8838.995s][info ][safepoint      ] Entering safepoint region: Cleanup
[8838.996s][info ][safepoint      ] Leaving safepoint region
[8838.996s][info ][safepoint      ] Total time for which application threads were stopped: 0.0000860 seconds, Stopping threads took: 0.0000200 seconds
[8839.996s][info ][safepoint      ] Application time: 1.0000998 seconds
[8839.996s][info ][safepoint      ] Entering safepoint region: Cleanup
[8839.996s][info ][safepoint      ] Leaving safepoint region
[8839.996s][info ][safepoint      ] Total time for which application threads were stopped: 0.0001792 seconds, Stopping threads took: 0.0000962 seconds
[8840.996s][info ][safepoint      ] Application time: 1.0000847 seconds
[8840.996s][info ][safepoint      ] Entering safepoint region: Cleanup
[8840.996s][info ][safepoint      ] Leaving safepoint region
[8840.996s][info ][safepoint      ] Total time for which application threads were stopped: 0.0001342 seconds, Stopping threads took: 0.0000485 seconds
[8841.996s][info ][safepoint      ] Application time: 1.0001294 seconds
[8841.996s][info ][safepoint      ] Entering safepoint region: Cleanup
[8841.996s][info ][safepoint      ] Leaving safepoint region
[8841.996s][info ][safepoint      ] Total time for which application threads were stopped: 0.0000819 seconds, Stopping threads took: 0.0000187 seconds
[8842.997s][info ][safepoint      ] Application time: 1.0001219 seconds
[8842.997s][info ][safepoint      ] Entering safepoint region: Cleanup
[8842.997s][info ][safepoint      ] Leaving safepoint region
[8842.997s][info ][safepoint      ] Total time for which application threads were stopped: 0.0000867 seconds, Stopping threads took: 0.0000218 seconds
[8843.997s][info ][safepoint      ] Application time: 1.0002131 seconds
[8843.997s][info ][safepoint      ] Entering safepoint region: Cleanup
[8843.997s][info ][safepoint      ] Leaving safepoint region
[8843.997s][info ][safepoint      ] Total time for which application threads were stopped: 0.0001679 seconds, Stopping threads took: 0.0000574 seconds
[8844.606s][info ][safepoint      ] Application time: 0.6087305 seconds
[8844.606s][info ][safepoint      ] Entering safepoint region: ParallelGCFailedAllocation
[8844.606s][info ][gc,start       ] GC(406) Pause Young (Allocation Failure)
[8844.626s][debug][gc,phases      ] GC(406) Scavenge 19.682ms
[8844.626s][debug][gc,ref         ] GC(406) Skipped phase1 of Reference Processing due to unavailable references
[8844.626s][debug][gc,ref         ] GC(406) Skipped phase3 of Reference Processing due to unavailable references
[8844.626s][debug][gc,phases      ] GC(406) Reference Processing 0.054ms
[8844.626s][debug][gc,phases      ] GC(406) Weak Processing 0.122ms
[8844.627s][debug][gc,phases      ] GC(406) Scrub String Table 0.493ms
[8844.627s][debug][gc,age         ] GC(406) Desired survivor size 132120576 bytes, new threshold 15 (max threshold 15)
[8844.627s][info ][gc,heap        ] GC(406) PSYoungGen: 1886906K->59281K(1958400K)
[8844.627s][info ][gc,heap        ] GC(406) ParOldGen: 456200K->459889K(637440K)
[8844.627s][info ][gc,metaspace   ] GC(406) Metaspace: 76782K->76782K(1120256K)
[8844.627s][info ][gc             ] GC(406) Pause Young (Allocation Failure) 2288M->507M(2535M) 20.540ms
[8844.627s][info ][gc,cpu         ] GC(406) User=0.08s Sys=0.00s Real=0.02s
[8844.627s][info ][safepoint      ] Leaving safepoint region
[8844.627s][info ][safepoint      ] Total time for which application threads were stopped: 0.0208131 seconds, Stopping threads took: 0.0001013 seconds
[8845.627s][info ][safepoint      ] Application time: 1.0001386 seconds
[8845.627s][info ][safepoint      ] Entering safepoint region: Cleanup
[8845.627s][info ][safepoint      ] Leaving safepoint region
[8845.627s][info ][safepoint      ] Total time for which application threads were stopped: 0.0000798 seconds, Stopping threads took: 0.0000176 seconds
[8846.627s][info ][safepoint      ] Application time: 1.0004468 seconds
[8846.627s][info ][safepoint      ] Entering safepoint region: Cleanup
[8846.628s][info ][safepoint      ] Leaving safepoint region
[8846.628s][info ][safepoint      ] Total time for which application threads were stopped: 0.0000798 seconds, Stopping threads took: 0.0000172 seconds
[8847.628s][info ][safepoint      ] Application time: 1.0003802 seconds
[8847.628s][info ][safepoint      ] Entering safepoint region: Cleanup
[8847.628s][info ][safepoint      ] Leaving safepoint region
[8847.628s][info ][safepoint      ] Total time for which application threads were stopped: 0.0001736 seconds, Stopping threads took: 0.0000812 seconds
[8848.628s][info ][safepoint      ] Application time: 1.0001663 seconds
[8848.628s][info ][safepoint      ] Entering safepoint region: Cleanup
[8848.628s][info ][safepoint      ] Leaving safepoint region
[8848.628s][info ][safepoint      ] Total time for which application threads were stopped: 0.0000833 seconds, Stopping threads took: 0.0000184 seconds
[8849.629s][info ][safepoint      ] Application time: 1.0003130 seconds
[8849.629s][info ][safepoint      ] Entering safepoint region: Cleanup
[8849.629s][info ][safepoint      ] Leaving safepoint region
[8849.629s][info ][safepoint      ] Total time for which application threads were stopped: 0.0003210 seconds, Stopping threads took: 0.0002553 seconds
[8850.629s][info ][safepoint      ] Application time: 1.0000851 seconds
[8850.629s][info ][safepoint      ] Entering safepoint region: Cleanup
[8850.629s][info ][safepoint      ] Leaving safepoint region
[8850.629s][info ][safepoint      ] Total time for which application threads were stopped: 0.0001452 seconds, Stopping threads took: 0.0000804 seconds
[8851.630s][info ][safepoint      ] Application time: 1.0000944 seconds
[8851.630s][info ][safepoint      ] Entering safepoint region: Cleanup
[8851.630s][info ][safepoint      ] Leaving safepoint region
[8851.630s][info ][safepoint      ] Total time for which application threads were stopped: 0.0001293 seconds, Stopping threads took: 0.0000192 seconds
[8852.630s][info ][safepoint      ] Application time: 1.0001202 seconds
[8852.630s][info ][safepoint      ] Entering safepoint region: Cleanup
[8852.630s][info ][safepoint      ] Leaving safepoint region
[8852.630s][info ][safepoint      ] Total time for which application threads were stopped: 0.0001008 seconds, Stopping threads took: 0.0000182 seconds
[8853.630s][info ][safepoint      ] Application time: 1.0001225 seconds
[8853.630s][info ][safepoint      ] Entering safepoint region: Cleanup
[8853.630s][info ][safepoint      ] Leaving safepoint region
[8853.630s][info ][safepoint      ] Total time for which application threads were stopped: 0.0000933 seconds, Stopping threads took: 0.0000185 seconds
[8854.630s][info ][safepoint      ] Application time: 1.0001183 seconds
[8854.630s][info ][safepoint      ] Entering safepoint region: Cleanup
[8854.630s][info ][safepoint      ] Leaving safepoint region
[8854.630s][info ][safepoint      ] Total time for which application threads were stopped: 0.0001020 seconds, Stopping threads took: 0.0000374 seconds
[8855.631s][info ][safepoint      ] Application time: 1.0001189 seconds
[8855.631s][info ][safepoint      ] Entering safepoint region: Cleanup
[8855.631s][info ][safepoint      ] Leaving safepoint region
[8855.631s][info ][safepoint      ] Total time for which application threads were stopped: 0.0000808 seconds, Stopping threads took: 0.0000183 seconds
[8856.631s][info ][safepoint      ] Application time: 1.0001330 seconds
[8856.631s][info ][safepoint      ] Entering safepoint region: Cleanup
[8856.631s][info ][safepoint      ] Leaving safepoint region
[8856.631s][info ][safepoint      ] Total time for which application threads were stopped: 0.0000781 seconds, Stopping threads took: 0.0000170 seconds
[8857.631s][info ][safepoint      ] Application time: 1.0000847 seconds
[8857.631s][info ][safepoint      ] Entering safepoint region: Cleanup
[8857.631s][info ][safepoint      ] Leaving safepoint region
[8857.631s][info ][safepoint      ] Total time for which application threads were stopped: 0.0000942 seconds, Stopping threads took: 0.0000187 seconds
[8858.459s][info ][safepoint      ] Application time: 0.8280253 seconds
[8858.459s][info ][safepoint      ] Entering safepoint region: ParallelGCFailedAllocation
[8858.460s][info ][gc,start       ] GC(407) Pause Young (Allocation Failure)
[8858.479s][debug][gc,phases      ] GC(407) Scavenge 19.853ms
[8858.479s][debug][gc,ref         ] GC(407) Skipped phase1 of Reference Processing due to unavailable references
[8858.479s][debug][gc,ref         ] GC(407) Skipped phase3 of Reference Processing due to unavailable references
[8858.480s][debug][gc,phases      ] GC(407) Reference Processing 0.040ms
[8858.480s][debug][gc,phases      ] GC(407) Weak Processing 0.158ms
[8858.480s][debug][gc,phases      ] GC(407) Scrub String Table 0.524ms
[8858.480s][debug][gc,age         ] GC(407) Desired survivor size 127926272 bytes, new threshold 15 (max threshold 15)
[8858.480s][info ][gc,heap        ] GC(407) PSYoungGen: 1884049K->56593K(1972224K)
[8858.480s][info ][gc,heap        ] GC(407) ParOldGen: 459889K->461902K(637440K)
[8858.480s][info ][gc,metaspace   ] GC(407) Metaspace: 76784K->76784K(1120256K)
[8858.480s][info ][gc             ] GC(407) Pause Young (Allocation Failure) 2289M->506M(2548M) 20.785ms
[8858.480s][info ][gc,cpu         ] GC(407) User=0.08s Sys=0.00s Real=0.02s
[8858.480s][info ][safepoint      ] Leaving safepoint region
[8858.480s][info ][safepoint      ] Total time for which application threads were stopped: 0.0210488 seconds, Stopping threads took: 0.0000333 seconds
[8859.481s][info ][safepoint      ] Application time: 1.0001581 seconds
[8859.481s][info ][safepoint      ] Entering safepoint region: Cleanup
[8859.481s][info ][safepoint      ] Leaving safepoint region
[8859.481s][info ][safepoint      ] Total time for which application threads were stopped: 0.0000815 seconds, Stopping threads took: 0.0000183 seconds
[8860.481s][info ][safepoint      ] Application time: 1.0000945 seconds
[8860.481s][info ][safepoint      ] Entering safepoint region: Cleanup
[8860.481s][info ][safepoint      ] Leaving safepoint region
[8860.481s][info ][safepoint      ] Total time for which application threads were stopped: 0.0000897 seconds, Stopping threads took: 0.0000189 seconds
[8861.481s][info ][safepoint      ] Application time: 1.0000596 seconds
[8861.481s][info ][safepoint      ] Entering safepoint region: Cleanup
[8861.481s][info ][safepoint      ] Leaving safepoint region
[8861.481s][info ][safepoint      ] Total time for which application threads were stopped: 0.0000868 seconds, Stopping threads took: 0.0000184 seconds
[8862.481s][info ][safepoint      ] Application time: 1.0001244 seconds
[8862.481s][info ][safepoint      ] Entering safepoint region: Cleanup
[8862.481s][info ][safepoint      ] Leaving safepoint region
[8862.481s][info ][safepoint      ] Total time for which application threads were stopped: 0.0000820 seconds, Stopping threads took: 0.0000187 seconds
[8863.481s][info ][safepoint      ] Application time: 1.0000692 seconds
[8863.482s][info ][safepoint      ] Entering safepoint region: Cleanup
[8863.482s][info ][safepoint      ] Leaving safepoint region
[8863.482s][info ][safepoint      ] Total time for which application threads were stopped: 0.0001598 seconds, Stopping threads took: 0.0000941 seconds
[8864.482s][info ][safepoint      ] Application time: 1.0001392 seconds
[8864.482s][info ][safepoint      ] Entering safepoint region: Cleanup
[8864.482s][info ][safepoint      ] Leaving safepoint region
[8864.482s][info ][safepoint      ] Total time for which application threads were stopped: 0.0000824 seconds, Stopping threads took: 0.0000177 seconds
[8865.482s][info ][safepoint      ] Application time: 1.0000593 seconds
[8865.482s][info ][safepoint      ] Entering safepoint region: Cleanup
[8865.482s][info ][safepoint      ] Leaving safepoint region
[8865.482s][info ][safepoint      ] Total time for which application threads were stopped: 0.0001345 seconds, Stopping threads took: 0.0000373 seconds
[8866.482s][info ][safepoint      ] Application time: 1.0001034 seconds
[8866.482s][info ][safepoint      ] Entering safepoint region: Cleanup
[8866.482s][info ][safepoint      ] Leaving safepoint region
[8866.482s][info ][safepoint      ] Total time for which application threads were stopped: 0.0001082 seconds, Stopping threads took: 0.0000383 seconds
[8867.482s][info ][safepoint      ] Application time: 1.0000712 seconds
[8867.483s][info ][safepoint      ] Entering safepoint region: Cleanup
[8867.487s][info ][safepoint      ] Leaving safepoint region
[8867.487s][info ][safepoint      ] Total time for which application threads were stopped: 0.0045556 seconds, Stopping threads took: 0.0044580 seconds
[8868.487s][info ][safepoint      ] Application time: 1.0001855 seconds
[8868.487s][info ][safepoint      ] Entering safepoint region: Cleanup
[8868.487s][info ][safepoint      ] Leaving safepoint region
[8868.487s][info ][safepoint      ] Total time for which application threads were stopped: 0.0000818 seconds, Stopping threads took: 0.0000177 seconds
[8869.488s][info ][safepoint      ] Application time: 1.0001219 seconds
[8869.488s][info ][safepoint      ] Entering safepoint region: Cleanup
[8869.488s][info ][safepoint      ] Leaving safepoint region
[8869.488s][info ][safepoint      ] Total time for which application threads were stopped: 0.0000817 seconds, Stopping threads took: 0.0000181 seconds
[8870.488s][info ][safepoint      ] Application time: 1.0000865 seconds
[8870.488s][info ][safepoint      ] Entering safepoint region: Cleanup
[8870.488s][info ][safepoint      ] Leaving safepoint region
[8870.488s][info ][safepoint      ] Total time for which application threads were stopped: 0.0000857 seconds, Stopping threads took: 0.0000175 seconds
[8871.488s][info ][safepoint      ] Application time: 1.0001416 seconds
[8871.488s][info ][safepoint      ] Entering safepoint region: Cleanup
[8871.488s][info ][safepoint      ] Leaving safepoint region
[8871.488s][info ][safepoint      ] Total time for which application threads were stopped: 0.0000916 seconds, Stopping threads took: 0.0000194 seconds
[8872.160s][info ][safepoint      ] Application time: 0.6719322 seconds
[8872.160s][info ][safepoint      ] Entering safepoint region: ParallelGCFailedAllocation
[8872.160s][info ][gc,start       ] GC(408) Pause Young (Allocation Failure)
[8872.180s][debug][gc,phases      ] GC(408) Scavenge 19.797ms
[8872.180s][debug][gc,ref         ] GC(408) Skipped phase1 of Reference Processing due to unavailable references
[8872.180s][debug][gc,ref         ] GC(408) Skipped phase3 of Reference Processing due to unavailable references
[8872.180s][debug][gc,phases      ] GC(408) Reference Processing 0.037ms
[8872.180s][debug][gc,phases      ] GC(408) Weak Processing 0.121ms
[8872.181s][debug][gc,phases      ] GC(408) Scrub String Table 0.524ms
[8872.181s][debug][gc,age         ] GC(408) Desired survivor size 123731968 bytes, new threshold 15 (max threshold 15)
[8872.181s][info ][gc,heap        ] GC(408) PSYoungGen: 1899793K->57969K(1968128K)
[8872.181s][info ][gc,heap        ] GC(408) ParOldGen: 461902K->462962K(637440K)
[8872.181s][info ][gc,metaspace   ] GC(408) Metaspace: 76789K->76789K(1120256K)
[8872.181s][info ][gc             ] GC(408) Pause Young (Allocation Failure) 2306M->508M(2544M) 20.651ms
[8872.181s][info ][gc,cpu         ] GC(408) User=0.07s Sys=0.00s Real=0.03s
[8872.181s][info ][safepoint      ] Leaving safepoint region
[8872.181s][info ][safepoint      ] Total time for which application threads were stopped: 0.0208720 seconds, Stopping threads took: 0.0000620 seconds
[8873.181s][info ][safepoint      ] Application time: 1.0000860 seconds
[8873.181s][info ][safepoint      ] Entering safepoint region: Cleanup
[8873.181s][info ][safepoint      ] Leaving safepoint region
[8873.181s][info ][safepoint      ] Total time for which application threads were stopped: 0.0000959 seconds, Stopping threads took: 0.0000342 seconds
[8874.181s][info ][safepoint      ] Application time: 1.0000899 seconds
[8874.181s][info ][safepoint      ] Entering safepoint region: Cleanup
[8874.181s][info ][safepoint      ] Leaving safepoint region
[8874.181s][info ][safepoint      ] Total time for which application threads were stopped: 0.0000841 seconds, Stopping threads took: 0.0000187 seconds
[8875.182s][info ][safepoint      ] Application time: 1.0001265 seconds
[8875.182s][info ][safepoint      ] Entering safepoint region: Cleanup
[8875.182s][info ][safepoint      ] Leaving safepoint region
[8875.182s][info ][safepoint      ] Total time for which application threads were stopped: 0.0000810 seconds, Stopping threads took: 0.0000182 seconds
[8877.182s][info ][safepoint      ] Application time: 2.0001743 seconds
[8877.182s][info ][safepoint      ] Entering safepoint region: Cleanup
[8877.182s][info ][safepoint      ] Leaving safepoint region
[8877.182s][info ][safepoint      ] Total time for which application threads were stopped: 0.0001587 seconds, Stopping threads took: 0.0000833 seconds
[8886.560s][info ][safepoint      ] Application time: 9.3778271 seconds
[8886.560s][info ][safepoint      ] Entering safepoint region: ParallelGCFailedAllocation
[8886.560s][info ][gc,start       ] GC(409) Pause Young (Allocation Failure)
[8886.580s][debug][gc,phases      ] GC(409) Scavenge 19.604ms
[8886.580s][debug][gc,ref         ] GC(409) Skipped phase1 of Reference Processing due to unavailable references
[8886.580s][debug][gc,ref         ] GC(409) Skipped phase3 of Reference Processing due to unavailable references
[8886.580s][debug][gc,phases      ] GC(409) Reference Processing 0.039ms
[8886.580s][debug][gc,phases      ] GC(409) Weak Processing 0.123ms
[8886.580s][debug][gc,phases      ] GC(409) Scrub String Table 0.411ms
[8886.580s][debug][gc,age         ] GC(409) Desired survivor size 120061952 bytes, new threshold 15 (max threshold 15)
[8886.580s][info ][gc,heap        ] GC(409) PSYoungGen: 1901169K->56329K(1979904K)
[8886.580s][info ][gc,heap        ] GC(409) ParOldGen: 462962K->464939K(637440K)
[8886.580s][info ][gc,metaspace   ] GC(409) Metaspace: 76790K->76790K(1120256K)
[8886.580s][info ][gc             ] GC(409) Pause Young (Allocation Failure) 2308M->509M(2556M) 20.332ms
[8886.580s][info ][gc,cpu         ] GC(409) User=0.07s Sys=0.00s Real=0.02s
[8886.580s][info ][safepoint      ] Leaving safepoint region
[8886.580s][info ][safepoint      ] Total time for which application threads were stopped: 0.0205573 seconds, Stopping threads took: 0.0000386 seconds
[8890.581s][info ][safepoint      ] Application time: 4.0003693 seconds
[8890.581s][info ][safepoint      ] Entering safepoint region: Cleanup
[8890.581s][info ][safepoint      ] Leaving safepoint region
[8890.581s][info ][safepoint      ] Total time for which application threads were stopped: 0.0001078 seconds, Stopping threads took: 0.0000201 seconds
[8898.582s][info ][safepoint      ] Application time: 8.0005967 seconds
[8898.583s][info ][safepoint      ] Entering safepoint region: Cleanup
[8898.583s][info ][safepoint      ] Leaving safepoint region
[8898.583s][info ][safepoint      ] Total time for which application threads were stopped: 0.0011007 seconds, Stopping threads took: 0.0010164 seconds
[8901.106s][info ][safepoint      ] Application time: 2.5234115 seconds
[8901.106s][info ][safepoint      ] Entering safepoint region: ParallelGCFailedAllocation
[8901.106s][info ][gc,start       ] GC(410) Pause Young (Allocation Failure)
[8901.124s][debug][gc,phases      ] GC(410) Scavenge 17.874ms
[8901.124s][debug][gc,ref         ] GC(410) Skipped phase1 of Reference Processing due to unavailable references
[8901.124s][debug][gc,ref         ] GC(410) Skipped phase3 of Reference Processing due to unavailable references
[8901.124s][debug][gc,phases      ] GC(410) Reference Processing 0.041ms
[8901.125s][debug][gc,phases      ] GC(410) Weak Processing 0.288ms
[8901.126s][debug][gc,phases      ] GC(410) Scrub String Table 0.896ms
[8901.126s][debug][gc,age         ] GC(410) Desired survivor size 116916224 bytes, new threshold 15 (max threshold 15)
[8901.126s][info ][gc,heap        ] GC(410) PSYoungGen: 1915401K->53713K(1976320K)
[8901.126s][info ][gc,heap        ] GC(410) ParOldGen: 464939K->467252K(637440K)
[8901.126s][info ][gc,metaspace   ] GC(410) Metaspace: 76793K->76793K(1120256K)
[8901.126s][info ][gc             ] GC(410) Pause Young (Allocation Failure) 2324M->508M(2552M) 19.257ms
[8901.126s][info ][gc,cpu         ] GC(410) User=0.07s Sys=0.00s Real=0.02s
[8901.126s][info ][safepoint      ] Leaving safepoint region
[8901.126s][info ][safepoint      ] Total time for which application threads were stopped: 0.0195219 seconds, Stopping threads took: 0.0000588 seconds
[8904.126s][info ][safepoint      ] Application time: 3.0004046 seconds
[8904.126s][info ][safepoint      ] Entering safepoint region: Cleanup
[8904.126s][info ][safepoint      ] Leaving safepoint region
[8904.126s][info ][safepoint      ] Total time for which application threads were stopped: 0.0001445 seconds, Stopping threads took: 0.0000641 seconds
[8915.455s][info ][safepoint      ] Application time: 11.3284228 seconds
[8915.455s][info ][safepoint      ] Entering safepoint region: ParallelGCFailedAllocation
[8915.455s][info ][gc,start       ] GC(411) Pause Young (Allocation Failure)
[8915.473s][debug][gc,phases      ] GC(411) Scavenge 18.105ms
[8915.473s][debug][gc,ref         ] GC(411) Skipped phase1 of Reference Processing due to unavailable references
[8915.473s][debug][gc,ref         ] GC(411) Skipped phase3 of Reference Processing due to unavailable references
[8915.473s][debug][gc,phases      ] GC(411) Reference Processing 0.110ms
[8915.474s][debug][gc,phases      ] GC(411) Weak Processing 0.408ms
[8915.475s][debug][gc,phases      ] GC(411) Scrub String Table 0.908ms
[8915.475s][debug][gc,age         ] GC(411) Desired survivor size 113770496 bytes, new threshold 15 (max threshold 15)
[8915.475s][info ][gc,heap        ] GC(411) PSYoungGen: 1912785K->53145K(1986048K)
[8915.475s][info ][gc,heap        ] GC(411) ParOldGen: 467252K->468565K(637440K)
[8915.475s][info ][gc,metaspace   ] GC(411) Metaspace: 76794K->76794K(1120256K)
[8915.475s][info ][gc             ] GC(411) Pause Young (Allocation Failure) 2324M->509M(2562M) 19.854ms
[8915.475s][info ][gc,cpu         ] GC(411) User=0.07s Sys=0.00s Real=0.02s
[8915.475s][info ][safepoint      ] Leaving safepoint region
[8915.475s][info ][safepoint      ] Total time for which application threads were stopped: 0.0201543 seconds, Stopping threads took: 0.0000641 seconds
[8916.475s][info ][safepoint      ] Application time: 1.0000903 seconds
[8916.475s][info ][safepoint      ] Entering safepoint region: Cleanup
[8916.475s][info ][safepoint      ] Leaving safepoint region
[8916.475s][info ][safepoint      ] Total time for which application threads were stopped: 0.0001049 seconds, Stopping threads took: 0.0000321 seconds
[8923.989s][info ][safepoint      ] Application time: 7.5133671 seconds
[8923.989s][info ][safepoint      ] Entering safepoint region: RevokeBias
[8923.989s][info ][safepoint      ] Leaving safepoint region
[8923.989s][info ][safepoint      ] Total time for which application threads were stopped: 0.0002524 seconds, Stopping threads took: 0.0000555 seconds
[8923.989s][info ][safepoint      ] Application time: 0.0000636 seconds
[8923.989s][info ][safepoint      ] Entering safepoint region: RevokeBias
[8923.989s][info ][safepoint      ] Leaving safepoint region
[8923.989s][info ][safepoint      ] Total time for which application threads were stopped: 0.0000990 seconds, Stopping threads took: 0.0000584 seconds
[8923.990s][info ][safepoint      ] Application time: 0.0004753 seconds
[8923.990s][info ][safepoint      ] Entering safepoint region: RevokeBias
[8923.990s][info ][safepoint      ] Leaving safepoint region
[8923.990s][info ][safepoint      ] Total time for which application threads were stopped: 0.0001179 seconds, Stopping threads took: 0.0000612 seconds
[8923.999s][info ][safepoint      ] Application time: 0.0094908 seconds
[8923.999s][info ][safepoint      ] Entering safepoint region: RevokeBias
[8923.999s][info ][safepoint      ] Leaving safepoint region
[8923.999s][info ][safepoint      ] Total time for which application threads were stopped: 0.0000562 seconds, Stopping threads took: 0.0000107 seconds
[8923.999s][info ][safepoint      ] Application time: 0.0000575 seconds
[8923.999s][info ][safepoint      ] Entering safepoint region: RevokeBias
[8923.999s][info ][safepoint      ] Leaving safepoint region
[8923.999s][info ][safepoint      ] Total time for which application threads were stopped: 0.0000550 seconds, Stopping threads took: 0.0000099 seconds
[8924.000s][info ][safepoint      ] Application time: 0.0003919 seconds
[8924.000s][info ][safepoint      ] Entering safepoint region: RevokeBias
[8924.000s][info ][safepoint      ] Leaving safepoint region
[8924.000s][info ][safepoint      ] Total time for which application threads were stopped: 0.0000548 seconds, Stopping threads took: 0.0000097 seconds
[8926.000s][info ][safepoint      ] Application time: 2.0002198 seconds
[8926.000s][info ][safepoint      ] Entering safepoint region: Cleanup
[8926.000s][info ][safepoint      ] Leaving safepoint region
[8926.000s][info ][safepoint      ] Total time for which application threads were stopped: 0.0001034 seconds, Stopping threads took: 0.0000186 seconds
[8928.713s][info ][safepoint      ] Application time: 2.7125393 seconds
[8928.713s][info ][safepoint      ] Entering safepoint region: ParallelGCFailedAllocation
[8928.713s][info ][gc,start       ] GC(412) Pause Young (Allocation Failure)
[8928.731s][debug][gc,phases      ] GC(412) Scavenge 18.028ms
[8928.731s][debug][gc,ref         ] GC(412) Skipped phase1 of Reference Processing due to unavailable references
[8928.731s][debug][gc,ref         ] GC(412) Skipped phase3 of Reference Processing due to unavailable references
[8928.731s][debug][gc,phases      ] GC(412) Reference Processing 0.056ms
[8928.731s][debug][gc,phases      ] GC(412) Weak Processing 0.124ms
[8928.732s][debug][gc,phases      ] GC(412) Scrub String Table 0.427ms
[8928.732s][debug][gc,age         ] GC(412) Desired survivor size 110624768 bytes, new threshold 15 (max threshold 15)
[8928.732s][info ][gc,heap        ] GC(412) PSYoungGen: 1925017K->51616K(1982976K)
[8928.732s][info ][gc,heap        ] GC(412) ParOldGen: 468565K->471186K(637440K)
[8928.732s][info ][gc,metaspace   ] GC(412) Metaspace: 76796K->76796K(1120256K)
[8928.732s][info ][gc             ] GC(412) Pause Young (Allocation Failure) 2337M->510M(2559M) 18.789ms
[8928.732s][info ][gc,cpu         ] GC(412) User=0.07s Sys=0.00s Real=0.01s
[8928.732s][info ][safepoint      ] Leaving safepoint region
[8928.732s][info ][safepoint      ] Total time for which application threads were stopped: 0.0190213 seconds, Stopping threads took: 0.0000174 seconds
[8929.732s][info ][safepoint      ] Application time: 1.0001204 seconds
[8929.732s][info ][safepoint      ] Entering safepoint region: Cleanup
[8929.732s][info ][safepoint      ] Leaving safepoint region
[8929.732s][info ][safepoint      ] Total time for which application threads were stopped: 0.0000937 seconds, Stopping threads took: 0.0000180 seconds
[8930.732s][info ][safepoint      ] Application time: 1.0000793 seconds
[8930.732s][info ][safepoint      ] Entering safepoint region: Cleanup
[8930.732s][info ][safepoint      ] Leaving safepoint region
[8930.732s][info ][safepoint      ] Total time for which application threads were stopped: 0.0001590 seconds, Stopping threads took: 0.0000350 seconds
[8932.733s][info ][safepoint      ] Application time: 2.0002474 seconds
[8932.733s][info ][safepoint      ] Entering safepoint region: Cleanup
[8932.733s][info ][safepoint      ] Leaving safepoint region
[8932.733s][info ][safepoint      ] Total time for which application threads were stopped: 0.0000988 seconds, Stopping threads took: 0.0000189 seconds
[8933.733s][info ][safepoint      ] Application time: 1.0001242 seconds
[8933.733s][info ][safepoint      ] Entering safepoint region: Cleanup
[8933.733s][info ][safepoint      ] Leaving safepoint region
[8933.733s][info ][safepoint      ] Total time for which application threads were stopped: 0.0001112 seconds, Stopping threads took: 0.0000332 seconds
[8934.733s][info ][safepoint      ] Application time: 1.0000830 seconds
[8934.733s][info ][safepoint      ] Entering safepoint region: Cleanup
